Archive member included to satisfy reference by file (symbol)

c:/program files (x86)/microchip/xc32/v2.30/bin/bin/../../lib/gcc/pic32c/6.2.1/../../../../pic32c/lib\libpic32c.a(data_init.o)
                              build/default/production/_ext/1171490990/startup_xc32.o (__pic32c_data_initialization)
c:/program files (x86)/microchip/xc32/v2.30/bin/bin/../../lib/gcc/pic32c/6.2.1\libgcc.a(_thumb1_case_uqi.o)
                              build/default/production/_ext/318156199/PSFSourceLite_App.o (__gnu_thumb1_case_uqi)
c:/program files (x86)/microchip/xc32/v2.30/bin/bin/../../lib/gcc/pic32c/6.2.1\libgcc.a(_thumb1_case_shi.o)
                              build/default/production/_ext/840851172/policy_engine.o (__gnu_thumb1_case_shi)
c:/program files (x86)/microchip/xc32/v2.30/bin/bin/../../lib/gcc/pic32c/6.2.1\libgcc.a(_thumb1_case_uhi.o)
                              build/default/production/_ext/840851172/policy_engine.o (__gnu_thumb1_case_uhi)
c:/program files (x86)/microchip/xc32/v2.30/bin/bin/../../lib/gcc/pic32c/6.2.1\libgcc.a(_udivsi3.o)
                              build/default/production/_ext/1955867357/plib_sercom0_spi.o (__aeabi_uidiv)
c:/program files (x86)/microchip/xc32/v2.30/bin/bin/../../lib/gcc/pic32c/6.2.1\libgcc.a(_divsi3.o)
                              build/default/production/_ext/840851172/policy_manager.o (__aeabi_idiv)
c:/program files (x86)/microchip/xc32/v2.30/bin/bin/../../lib/gcc/pic32c/6.2.1\libgcc.a(_dvmd_tls.o)
                              c:/program files (x86)/microchip/xc32/v2.30/bin/bin/../../lib/gcc/pic32c/6.2.1\libgcc.a(_udivsi3.o) (__aeabi_idiv0)
c:/program files (x86)/microchip/xc32/v2.30/bin/bin/../../lib/gcc/pic32c/6.2.1\libgcc.a(_fixunssfsi.o)
                              build/default/production/_ext/840851172/policy_manager.o (__aeabi_f2uiz)
c:/program files (x86)/microchip/xc32/v2.30/bin/bin/../../lib/gcc/pic32c/6.2.1\libgcc.a(_fixunsdfsi.o)
                              build/default/production/_ext/840851172/typeC_control.o (__aeabi_d2uiz)
c:/program files (x86)/microchip/xc32/v2.30/bin/bin/../../lib/gcc/pic32c/6.2.1\libgcc.a(divsf3.o)
                              build/default/production/_ext/840851172/policy_manager.o (__aeabi_fdiv)
c:/program files (x86)/microchip/xc32/v2.30/bin/bin/../../lib/gcc/pic32c/6.2.1\libgcc.a(mulsf3.o)
                              build/default/production/_ext/840851172/policy_manager.o (__aeabi_fmul)
c:/program files (x86)/microchip/xc32/v2.30/bin/bin/../../lib/gcc/pic32c/6.2.1\libgcc.a(subsf3.o)
                              c:/program files (x86)/microchip/xc32/v2.30/bin/bin/../../lib/gcc/pic32c/6.2.1\libgcc.a(_fixunssfsi.o) (__aeabi_fsub)
c:/program files (x86)/microchip/xc32/v2.30/bin/bin/../../lib/gcc/pic32c/6.2.1\libgcc.a(fixsfsi.o)
                              c:/program files (x86)/microchip/xc32/v2.30/bin/bin/../../lib/gcc/pic32c/6.2.1\libgcc.a(_fixunssfsi.o) (__aeabi_f2iz)
c:/program files (x86)/microchip/xc32/v2.30/bin/bin/../../lib/gcc/pic32c/6.2.1\libgcc.a(floatsisf.o)
                              build/default/production/_ext/840851172/typeC_control.o (__aeabi_i2f)
c:/program files (x86)/microchip/xc32/v2.30/bin/bin/../../lib/gcc/pic32c/6.2.1\libgcc.a(floatunsisf.o)
                              build/default/production/_ext/840851172/policy_manager.o (__aeabi_ui2f)
c:/program files (x86)/microchip/xc32/v2.30/bin/bin/../../lib/gcc/pic32c/6.2.1\libgcc.a(divdf3.o)
                              build/default/production/_ext/840851172/typeC_control.o (__aeabi_ddiv)
c:/program files (x86)/microchip/xc32/v2.30/bin/bin/../../lib/gcc/pic32c/6.2.1\libgcc.a(muldf3.o)
                              build/default/production/_ext/840851172/typeC_control.o (__aeabi_dmul)
c:/program files (x86)/microchip/xc32/v2.30/bin/bin/../../lib/gcc/pic32c/6.2.1\libgcc.a(subdf3.o)
                              c:/program files (x86)/microchip/xc32/v2.30/bin/bin/../../lib/gcc/pic32c/6.2.1\libgcc.a(_fixunsdfsi.o) (__aeabi_dsub)
c:/program files (x86)/microchip/xc32/v2.30/bin/bin/../../lib/gcc/pic32c/6.2.1\libgcc.a(fixdfsi.o)
                              c:/program files (x86)/microchip/xc32/v2.30/bin/bin/../../lib/gcc/pic32c/6.2.1\libgcc.a(_fixunsdfsi.o) (__aeabi_d2iz)
c:/program files (x86)/microchip/xc32/v2.30/bin/bin/../../lib/gcc/pic32c/6.2.1\libgcc.a(floatsidf.o)
                              build/default/production/_ext/840851172/typeC_control.o (__aeabi_i2d)
c:/program files (x86)/microchip/xc32/v2.30/bin/bin/../../lib/gcc/pic32c/6.2.1\libgcc.a(extendsfdf2.o)
                              build/default/production/_ext/840851172/typeC_control.o (__aeabi_f2d)
c:/program files (x86)/microchip/xc32/v2.30/bin/bin/../../lib/gcc/pic32c/6.2.1\libgcc.a(truncdfsf2.o)
                              build/default/production/_ext/840851172/typeC_control.o (__aeabi_d2f)
c:/program files (x86)/microchip/xc32/v2.30/bin/bin/../../lib/gcc/pic32c/6.2.1\libgcc.a(_arm_cmpdf2.o)
[...]
Memory Configuration

Name             Origin             Length             Attributes
rom              0x00000000         0x00010000         xrl
ram              0x20000000         0x00002000         xw !r
config_00804000  0x00804000         0x00000004
config_00804004  0x00804004         0x00000004
*default*        0x00000000         0xffffffff

Linker script and memory map

LOAD c:/program files (x86)/microchip/xc32/v2.30/bin/bin/../../lib/gcc/pic32c/6.2.1/crti.o
LOAD c:/program files (x86)/microchip/xc32/v2.30/bin/bin/../../lib/gcc/pic32c/6.2.1/crtbegin.o
LOAD build/default/production/_ext/1984496892/plib_clock.o
LOAD build/default/production/_ext/60167341/plib_eic.o
LOAD build/default/production/_ext/1865468468/plib_nvic.o
LOAD build/default/production/_ext/1593096446/plib_nvmctrl.o
LOAD build/default/production/_ext/1865521619/plib_port.o
LOAD build/default/production/_ext/1955867357/plib_sercom0_spi.o
LOAD build/default/production/_ext/504274921/plib_sercom3_usart.o
LOAD build/default/production/_ext/829342655/plib_tc0.o
LOAD build/default/production/_ext/163028504/xc32_monitor.o
LOAD build/default/production/_ext/1171490990/initialization.o
LOAD build/default/production/_ext/1171490990/interrupts.o
LOAD build/default/production/_ext/1171490990/exceptions.o
LOAD build/default/production/_ext/1171490990/startup_xc32.o
LOAD build/default/production/_ext/1171490990/libc_syscalls.o
LOAD build/default/production/_ext/318156199/PSFSourceLite_App.o
LOAD build/default/production/_ext/318156199/PSFSourceLite_BootCfg.o
LOAD build/default/production/_ext/1671623073/Drivers.o
LOAD build/default/production/_ext/1936174342/pb_helper.o
LOAD build/default/production/_ext/1936174342/pb_mngr.o
LOAD build/default/production/_ext/840851172/debug.o
LOAD build/default/production/_ext/840851172/int_globals.o
LOAD build/default/production/_ext/840851172/pd_main.o
LOAD build/default/production/_ext/840851172/pd_timer.o
LOAD build/default/production/_ext/840851172/policy_engine.o
LOAD build/default/production/_ext/840851172/policy_engine_fwup.o
LOAD build/default/production/_ext/840851172/policy_engine_snk.o
LOAD build/default/production/_ext/840851172/policy_engine_src.o
LOAD build/default/production/_ext/840851172/policy_manager.o
LOAD build/default/production/_ext/840851172/portpower_control.o
LOAD build/default/production/_ext/840851172/protocol_layer.o
LOAD build/default/production/_ext/840851172/typeC_control.o
LOAD build/default/production/_ext/840851172/upd_hw.o
LOAD build/default/production/_ext/840851172/upd_interrupts.o
LOAD build/default/production/_ext/1360937237/main.o
                0x00000001                __MPLAB_BUILD = 0x1
                0x00000200                _min_heap_size = 0x200
START GROUP
LOAD c:/program files (x86)/microchip/xc32/v2.30/bin/bin/../../lib/gcc/pic32c/6.2.1/../../../../pic32c/lib\libpic32c.a
LOAD c:/program files (x86)/microchip/xc32/v2.30/bin/bin/../../lib/gcc/pic32c/6.2.1\libgcc.a
LOAD c:/program files (x86)/microchip/xc32/v2.30/bin/bin/../../lib/gcc/pic32c/6.2.1/../../../../pic32c/lib\libc.a
LOAD c:/program files (x86)/microchip/xc32/v2.30/bin/bin/../../lib/gcc/pic32c/6.2.1/../../../../pic32c/lib\libm.a
END GROUP
LOAD c:/program files (x86)/microchip/xc32/v2.30/bin/bin/../../lib/gcc/pic32c/6.2.1/crtend.o
LOAD c:/program files (x86)/microchip/xc32/v2.30/bin/bin/../../lib/gcc/pic32c/6.2.1/crtn.o
                0x00010000                __rom_end = (ORIGIN (rom) + LENGTH (rom))
                0x20002000                __ram_end = (ORIGIN (ram) + LENGTH (ram))

.config_00804000
                0x00804000        0x4
 *(.config_00804000)
 .config_00804000
                0x00804000        0x4 build/default/production/_ext/1171490990/initialization.o

.config_00804004
                0x00804004        0x4
 *(.config_00804004)
 .config_00804004
                0x00804004        0x4 build/default/production/_ext/1171490990/initialization.o

.vectors        0x00000000       0xa4
                0x00000000                . = ALIGN (0x4)
                0x00000000                _sfixed = .
 *(.vectors .vectors.* .vectors_default .vectors_default.*)
 .vectors       0x00000000       0xa4 build/default/production/_ext/1171490990/interrupts.o
                0x00000000                exception_table
 *(.isr_vector)
 *(.reset*)
 *(.after_vectors)

.text           0x000000a4       0x20
                0x000000a4                . = ALIGN (0x4)
 *(.glue_7t)
 .glue_7t       0x000000a4        0x0 linker stubs
 *(.glue_7)
 .glue_7        0x000000a4        0x0 linker stubs
 *(.gnu.linkonce.r.*)
 *(.ARM.extab* .gnu.linkonce.armextab.*)
                0x000000a4                . = ALIGN (0x4)
 *(.init)
 .init          0x000000a4        0x4 c:/program files (x86)/microchip/xc32/v2.30/bin/bin/../../lib/gcc/pic32c/6.2.1/crti.o
                0x000000a4                _init
 .init          0x000000a8        0x8 c:/program files (x86)/microchip/xc32/v2.30/bin/bin/../../lib/gcc/pic32c/6.2.1/crtn.o
                0x000000b0                . = ALIGN (0x4)
                0x000000b0                __preinit_array_start = .
 *(.preinit_array)
                0x000000b0                __preinit_array_end = .
                0x000000b0                . = ALIGN (0x4)
                0x000000b0                __init_array_start = .
 *(SORT(.init_array.*))
 *(.init_array)
 .init_array    0x000000b0        0x4 c:/program files (x86)/microchip/xc32/v2.30/bin/bin/../../lib/gcc/pic32c/6.2.1/crtbegin.o
                0x000000b4                __init_array_end = .
                0x000000b4                . = ALIGN (0x4)
 *crtbegin.o(.ctors)
 *(EXCLUDE_FILE(*crtend.o) .ctors)
 *(SORT(.ctors.*))
 *crtend.o(.ctors)
                0x000000b4                . = ALIGN (0x4)
 *(.fini)
 .fini          0x000000b4        0x4 c:/program files (x86)/microchip/xc32/v2.30/bin/bin/../../lib/gcc/pic32c/6.2.1/crti.o
                0x000000b4                _fini
 .fini          0x000000b8        0x8 c:/program files (x86)/microchip/xc32/v2.30/bin/bin/../../lib/gcc/pic32c/6.2.1/crtn.o
                0x000000c0                . = ALIGN (0x4)
                0x000000c0                __fini_array_start = .
 *(.fini_array)
 .fini_array    0x000000c0        0x4 c:/program files (x86)/microchip/xc32/v2.30/bin/bin/../../lib/gcc/pic32c/6.2.1/crtbegin.o
 *(SORT(.fini_array.*))
                0x000000c4                __fini_array_end = .
 *crtbegin.o(.dtors)
 *(EXCLUDE_FILE(*crtend.o) .dtors)
 *(SORT(.dtors.*))
 *crtend.o(.dtors)
                0x000000c4                . = ALIGN (0x4)
                0x000000c4                _efixed = .
                [!provide]                PROVIDE (__exidx_start, .)

.ARM.exidx
 *(.ARM.exidx* .gnu.linkonce.armexidx.*)
                [!provide]                PROVIDE (__exidx_end, .)
                0x000000c4                . = ALIGN (0x4)
                0x000000c4                _etext = .

.bss            0x20000000      0x62c
                0x20000000                . = ALIGN (0x4)
                0x20000000                __bss_start__ = .
                0x20000000                _sbss = .
                0x20000000                _szero = .
 *(COMMON)
 COMMON         0x20000000       0xc0 build/default/production/_ext/60167341/plib_eic.o
                0x20000000                eicCallbackObject
 COMMON         0x200000c0        0x8 build/default/production/_ext/829342655/plib_tc0.o
                0x200000c0                TC0_CallbackObject
 COMMON         0x200000c8      0x1f4 build/default/production/_ext/318156199/PSFSourceLite_BootCfg.o
                0x200000c8                gasCfgStatusData
 COMMON         0x200002bc      0x370 build/default/production/_ext/840851172/int_globals.o
                0x200002bc                gasPRLRecvBuff
                0x20000304                gu8SetMCUidle
                0x20000305                gau8PortIdleTimerID
                0x20000308                gasChunkSM
                0x20000320                gasTypeCcontrol
                0x20000340                gasPolicy_Engine
                0x20000368                gasPRL
                0x20000380                gasDPM
                0x200003b0                gau8ISRPortState
                0x200003b4                gasExtendedMsgBuff
                0x200005cc                gasPDTimers
                0x2000062c                . = ALIGN (0x4)
                0x2000062c                __bss_end__ = .
                0x2000062c                _ebss = .
                0x2000062c                _ezero = .
                0x2000062c                . = ALIGN (0x4)
                0x2000062c                _end = .
                0x20001fff                _ram_end_ = ((ORIGIN (ram) + LENGTH (ram)) - 0x1)
OUTPUT(dist/default/production/PSF_EVB_Source_Lite.X.production.elf elf32-littlearm)
LOAD stack
LOAD data_init

.ARM.attributes
                0x00000000       0x2a
 .ARM.attributes
                0x00000000       0x1e c:/program files (x86)/microchip/xc32/v2.30/bin/bin/../../lib/gcc/pic32c/6.2.1/crti.o
 .ARM.attributes
                0x0000001e       0x2c c:/program files (x86)/microchip/xc32/v2.30/bin/bin/../../lib/gcc/pic32c/6.2.1/crtbegin.o
 .ARM.attributes
                0x0000004a       0x32 build/default/production/_ext/1984496892/plib_clock.o
 .ARM.attributes
                0x0000007c       0x32 build/default/production/_ext/60167341/plib_eic.o
 .ARM.attributes
                0x000000ae       0x32 build/default/production/_ext/1865468468/plib_nvic.o
 .ARM.attributes
                0x000000e0       0x32 build/default/production/_ext/1593096446/plib_nvmctrl.o
 .ARM.attributes
                0x00000112       0x32 build/default/production/_ext/1865521619/plib_port.o
 .ARM.attributes
                0x00000144       0x32 build/default/production/_ext/1955867357/plib_sercom0_spi.o
 .ARM.attributes
                0x00000176       0x32 build/default/production/_ext/829342655/plib_tc0.o
 .ARM.attributes
                0x000001a8       0x32 build/default/production/_ext/1171490990/initialization.o
 .ARM.attributes
                0x000001da       0x32 build/default/production/_ext/1171490990/interrupts.o
 .ARM.attributes
                0x0000020c       0x32 build/default/production/_ext/1171490990/exceptions.o
 .ARM.attributes
                0x0000023e       0x32 build/default/production/_ext/1171490990/startup_xc32.o
 .ARM.attributes
                0x00000270       0x32 build/default/production/_ext/318156199/PSFSourceLite_App.o
 .ARM.attributes
                0x000002a2       0x32 build/default/production/_ext/318156199/PSFSourceLite_BootCfg.o
 .ARM.attributes
                0x000002d4       0x32 build/default/production/_ext/1671623073/Drivers.o
 .ARM.attributes
                0x00000306       0x32 build/default/production/_ext/840851172/int_globals.o
 .ARM.attributes
                0x00000338       0x32 build/default/production/_ext/840851172/pd_main.o
 .ARM.attributes
                0x0000036a       0x32 build/default/production/_ext/840851172/pd_timer.o
 .ARM.attributes
                0x0000039c       0x32 build/default/production/_ext/840851172/policy_engine.o
 .ARM.attributes
                0x000003ce       0x32 build/default/production/_ext/840851172/policy_engine_snk.o
 .ARM.attributes
                0x00000400       0x32 build/default/production/_ext/840851172/policy_engine_src.o
 .ARM.attributes
                0x00000432       0x32 build/default/production/_ext/840851172/policy_manager.o
 .ARM.attributes
                0x00000464       0x32 build/default/production/_ext/840851172/portpower_control.o
 .ARM.attributes
                0x00000496       0x32 build/default/production/_ext/840851172/protocol_layer.o
 .ARM.attributes
                0x000004c8       0x32 build/default/production/_ext/840851172/typeC_control.o
 .ARM.attributes
                0x000004fa       0x32 build/default/production/_ext/840851172/upd_hw.o
 .ARM.attributes
                0x0000052c       0x32 build/default/production/_ext/840851172/upd_interrupts.o
 .ARM.attributes
                0x0000055e       0x32 build/default/production/_ext/1360937237/main.o
 .ARM.attributes
                0x00000590       0x2c c:/program files (x86)/microchip/xc32/v2.30/bin/bin/../../lib/gcc/pic32c/6.2.1/../../../../pic32c/lib\libpic32c.a(data_init.o)
 .ARM.attributes
                0x000005bc       0x1e c:/program files (x86)/microchip/xc32/v2.30/bin/bin/../../lib/gcc/pic32c/6.2.1\libgcc.a(_thumb1_case_uqi.o)
 .ARM.attributes
                0x000005da       0x1e c:/program files (x86)/microchip/xc32/v2.30/bin/bin/../../lib/gcc/pic32c/6.2.1\libgcc.a(_thumb1_case_shi.o)
 .ARM.attributes
                0x000005f8       0x1e c:/program files (x86)/microchip/xc32/v2.30/bin/bin/../../lib/gcc/pic32c/6.2.1\libgcc.a(_thumb1_case_uhi.o)
 .ARM.attributes
                0x00000616       0x1e c:/program files (x86)/microchip/xc32/v2.30/bin/bin/../../lib/gcc/pic32c/6.2.1\libgcc.a(_udivsi3.o)
 .ARM.attributes
                0x00000634       0x1e c:/program files (x86)/microchip/xc32/v2.30/bin/bin/../../lib/gcc/pic32c/6.2.1\libgcc.a(_divsi3.o)
 .ARM.attributes
                0x00000652       0x1e c:/program files (x86)/microchip/xc32/v2.30/bin/bin/../../lib/gcc/pic32c/6.2.1\libgcc.a(_dvmd_tls.o)
 .ARM.attributes
                0x00000670       0x2c c:/program files (x86)/microchip/xc32/v2.30/bin/bin/../../lib/gcc/pic32c/6.2.1\libgcc.a(_fixunssfsi.o)
 .ARM.attributes
                0x0000069c       0x2c c:/program files (x86)/microchip/xc32/v2.30/bin/bin/../../lib/gcc/pic32c/6.2.1\libgcc.a(_fixunsdfsi.o)
 .ARM.attributes
                0x000006c8       0x2c c:/program files (x86)/microchip/xc32/v2.30/bin/bin/../../lib/gcc/pic32c/6.2.1\libgcc.a(divsf3.o)
 .ARM.attributes
                0x000006f4       0x2c c:/program files (x86)/microchip/xc32/v2.30/bin/bin/../../lib/gcc/pic32c/6.2.1\libgcc.a(mulsf3.o)
 .ARM.attributes
                0x00000720       0x2c c:/program files (x86)/microchip/xc32/v2.30/bin/bin/../../lib/gcc/pic32c/6.2.1\libgcc.a(subsf3.o)
 .ARM.attributes
                0x0000074c       0x2c c:/program files (x86)/microchip/xc32/v2.30/bin/bin/../../lib/gcc/pic32c/6.2.1\libgcc.a(fixsfsi.o)
 .ARM.attributes
                0x00000778       0x2c c:/program files (x86)/microchip/xc32/v2.30/bin/bin/../../lib/gcc/pic32c/6.2.1\libgcc.a(floatsisf.o)
 .ARM.attributes
                0x000007a4       0x2c c:/program files (x86)/microchip/xc32/v2.30/bin/bin/../../lib/gcc/pic32c/6.2.1\libgcc.a(floatunsisf.o)
 .ARM.attributes
                0x000007d0       0x2c c:/program files (x86)/microchip/xc32/v2.30/bin/bin/../../lib/gcc/pic32c/6.2.1\libgcc.a(divdf3.o)
 .ARM.attributes
                0x000007fc       0x2c c:/program files (x86)/microchip/xc32/v2.30/bin/bin/../../lib/gcc/pic32c/6.2.1\libgcc.a(muldf3.o)
 .ARM.attributes
                0x00000828       0x2c c:/program files (x86)/microchip/xc32/v2.30/bin/bin/../../lib/gcc/pic32c/6.2.1\libgcc.a(subdf3.o)
 .ARM.attributes
                0x00000854       0x2c c:/program files (x86)/microchip/xc32/v2.30/bin/bin/../../lib/gcc/pic32c/6.2.1\libgcc.a(fixdfsi.o)
 .ARM.attributes
                0x00000880       0x2c c:/program files (x86)/microchip/xc32/v2.30/bin/bin/../../lib/gcc/pic32c/6.2.1\libgcc.a(floatsidf.o)
 .ARM.attributes
                0x000008ac       0x2c c:/program files (x86)/microchip/xc32/v2.30/bin/bin/../../lib/gcc/pic32c/6.2.1\libgcc.a(extendsfdf2.o)
 .ARM.attributes
                0x000008d8       0x2c c:/program files (x86)/microchip/xc32/v2.30/bin/bin/../../lib/gcc/pic32c/6.2.1\libgcc.a(truncdfsf2.o)
 .ARM.attributes
                0x00000904       0x1e c:/program files (x86)/microchip/xc32/v2.30/bin/bin/../../lib/gcc/pic32c/6.2.1\libgcc.a(_arm_cmpdf2.o)
 .ARM.attributes
                0x00000922       0x1e c:/program files (x86)/microchip/xc32/v2.30/bin/bin/../../lib/gcc/pic32c/6.2.1\libgcc.a(_arm_cmpsf2.o)
 .ARM.attributes
                0x00000940       0x1e c:/program files (x86)/microchip/xc32/v2.30/bin/bin/../../lib/gcc/pic32c/6.2.1\libgcc.a(_clzsi2.o)
 .ARM.attributes
                0x0000095e       0x2c c:/program files (x86)/microchip/xc32/v2.30/bin/bin/../../lib/gcc/pic32c/6.2.1\libgcc.a(eqsf2.o)
 .ARM.attributes
                0x0000098a       0x2c c:/program files (x86)/microchip/xc32/v2.30/bin/bin/../../lib/gcc/pic32c/6.2.1\libgcc.a(gesf2.o)
 .ARM.attributes
                0x000009b6       0x2c c:/program files (x86)/microchip/xc32/v2.30/bin/bin/../../lib/gcc/pic32c/6.2.1\libgcc.a(lesf2.o)
 .ARM.attributes
                0x000009e2       0x2c c:/program files (x86)/microchip/xc32/v2.30/bin/bin/../../lib/gcc/pic32c/6.2.1\libgcc.a(eqdf2.o)
 .ARM.attributes
                0x00000a0e       0x2c c:/program files (x86)/microchip/xc32/v2.30/bin/bin/../../lib/gcc/pic32c/6.2.1\libgcc.a(gedf2.o)
 .ARM.attributes
                0x00000a3a       0x2c c:/program files (x86)/microchip/xc32/v2.30/bin/bin/../../lib/gcc/pic32c/6.2.1\libgcc.a(ledf2.o)
 .ARM.attributes
                0x00000a66       0x2c c:/program files (x86)/microchip/xc32/v2.30/bin/bin/../../lib/gcc/pic32c/6.2.1/../../../../pic32c/lib\libc.a(lib_a-init.o)
 .ARM.attributes
                0x00000a92       0x2c c:/program files (x86)/microchip/xc32/v2.30/bin/bin/../../lib/gcc/pic32c/6.2.1/../../../../pic32c/lib\libc.a(lib_a-memset.o)
 .ARM.attributes
                0x00000abe       0x1e c:/program files (x86)/microchip/xc32/v2.30/bin/bin/../../lib/gcc/pic32c/6.2.1/crtn.o

.comment        0x00000000       0x3c
 .comment       0x00000000       0x3c c:/program files (x86)/microchip/xc32/v2.30/bin/bin/../../lib/gcc/pic32c/6.2.1/crtbegin.o
                                 0x3d (size before relaxing)
 .comment       0x0000003c       0x3d build/default/production/_ext/1984496892/plib_clock.o
 .comment       0x0000003c       0x3d build/default/production/_ext/60167341/plib_eic.o
 .comment       0x0000003c       0x3d build/default/production/_ext/1865468468/plib_nvic.o
 .comment       0x0000003c       0x3d build/default/production/_ext/1593096446/plib_nvmctrl.o
 .comment       0x0000003c       0x3d build/default/production/_ext/1865521619/plib_port.o
 .comment       0x0000003c       0x3d build/default/production/_ext/1955867357/plib_sercom0_spi.o
 .comment       0x0000003c       0x3d build/default/production/_ext/829342655/plib_tc0.o
 .comment       0x0000003c       0x3d build/default/production/_ext/1171490990/initialization.o
 .comment       0x0000003c       0x3d build/default/production/_ext/1171490990/interrupts.o
 .comment       0x0000003c       0x3d build/default/production/_ext/1171490990/exceptions.o
 .comment       0x0000003c       0x3d build/default/production/_ext/1171490990/startup_xc32.o
 .comment       0x0000003c       0x3d build/default/production/_ext/318156199/PSFSourceLite_App.o
 .comment       0x0000003c       0x3d build/default/production/_ext/318156199/PSFSourceLite_BootCfg.o
 .comment       0x0000003c       0x3d build/default/production/_ext/1671623073/Drivers.o
 .comment       0x0000003c       0x3d build/default/production/_ext/840851172/int_globals.o
 .comment       0x0000003c       0x3d build/default/production/_ext/840851172/pd_main.o
 .comment       0x0000003c       0x3d build/default/production/_ext/840851172/pd_timer.o
 .comment       0x0000003c       0x3d build/default/production/_ext/840851172/policy_engine.o
 .comment       0x0000003c       0x3d build/default/production/_ext/840851172/policy_engine_snk.o
 .comment       0x0000003c       0x3d build/default/production/_ext/840851172/policy_engine_src.o
 .comment       0x0000003c       0x3d build/default/production/_ext/840851172/policy_manager.o
 .comment       0x0000003c       0x3d build/default/production/_ext/840851172/portpower_control.o
 .comment       0x0000003c       0x3d build/default/production/_ext/840851172/protocol_layer.o
 .comment       0x0000003c       0x3d build/default/production/_ext/840851172/typeC_control.o
 .comment       0x0000003c       0x3d build/default/production/_ext/840851172/upd_hw.o
 .comment       0x0000003c       0x3d build/default/production/_ext/840851172/upd_interrupts.o
 .comment       0x0000003c       0x3d build/default/production/_ext/1360937237/main.o
 .comment       0x0000003c       0x3d c:/program files (x86)/microchip/xc32/v2.30/bin/bin/../../lib/gcc/pic32c/6.2.1/../../../../pic32c/lib\libpic32c.a(data_init.o)
 .comment       0x0000003c       0x3d c:/program files (x86)/microchip/xc32/v2.30/bin/bin/../../lib/gcc/pic32c/6.2.1\libgcc.a(_fixunssfsi.o)
 .comment       0x0000003c       0x3d c:/program files (x86)/microchip/xc32/v2.30/bin/bin/../../lib/gcc/pic32c/6.2.1\libgcc.a(_fixunsdfsi.o)
 .comment       0x0000003c       0x3d c:/program files (x86)/microchip/xc32/v2.30/bin/bin/../../lib/gcc/pic32c/6.2.1\libgcc.a(divsf3.o)
 .comment       0x0000003c       0x3d c:/program files (x86)/microchip/xc32/v2.30/bin/bin/../../lib/gcc/pic32c/6.2.1\libgcc.a(mulsf3.o)
 .comment       0x0000003c       0x3d c:/program files (x86)/microchip/xc32/v2.30/bin/bin/../../lib/gcc/pic32c/6.2.1\libgcc.a(subsf3.o)
 .comment       0x0000003c       0x3d c:/program files (x86)/microchip/xc32/v2.30/bin/bin/../../lib/gcc/pic32c/6.2.1\libgcc.a(fixsfsi.o)
 .comment       0x0000003c       0x3d c:/program files (x86)/microchip/xc32/v2.30/bin/bin/../../lib/gcc/pic32c/6.2.1\libgcc.a(floatsisf.o)
 .comment       0x0000003c       0x3d c:/program files (x86)/microchip/xc32/v2.30/bin/bin/../../lib/gcc/pic32c/6.2.1\libgcc.a(floatunsisf.o)
 .comment       0x0000003c       0x3d c:/program files (x86)/microchip/xc32/v2.30/bin/bin/../../lib/gcc/pic32c/6.2.1\libgcc.a(divdf3.o)
 .comment       0x0000003c       0x3d c:/program files (x86)/microchip/xc32/v2.30/bin/bin/../../lib/gcc/pic32c/6.2.1\libgcc.a(muldf3.o)
 .comment       0x0000003c       0x3d c:/program files (x86)/microchip/xc32/v2.30/bin/bin/../../lib/gcc/pic32c/6.2.1\libgcc.a(subdf3.o)
 .comment       0x0000003c       0x3d c:/program files (x86)/microchip/xc32/v2.30/bin/bin/../../lib/gcc/pic32c/6.2.1\libgcc.a(fixdfsi.o)
 .comment       0x0000003c       0x3d c:/program files (x86)/microchip/xc32/v2.30/bin/bin/../../lib/gcc/pic32c/6.2.1\libgcc.a(floatsidf.o)
 .comment       0x0000003c       0x3d c:/program files (x86)/microchip/xc32/v2.30/bin/bin/../../lib/gcc/pic32c/6.2.1\libgcc.a(extendsfdf2.o)
 .comment       0x0000003c       0x3d c:/program files (x86)/microchip/xc32/v2.30/bin/bin/../../lib/gcc/pic32c/6.2.1\libgcc.a(truncdfsf2.o)
 .comment       0x0000003c       0x3d c:/program files (x86)/microchip/xc32/v2.30/bin/bin/../../lib/gcc/pic32c/6.2.1\libgcc.a(eqsf2.o)
 .comment       0x0000003c       0x3d c:/program files (x86)/microchip/xc32/v2.30/bin/bin/../../lib/gcc/pic32c/6.2.1\libgcc.a(gesf2.o)
 .comment       0x0000003c       0x3d c:/program files (x86)/microchip/xc32/v2.30/bin/bin/../../lib/gcc/pic32c/6.2.1\libgcc.a(lesf2.o)
 .comment       0x0000003c       0x3d c:/program files (x86)/microchip/xc32/v2.30/bin/bin/../../lib/gcc/pic32c/6.2.1\libgcc.a(eqdf2.o)
 .comment       0x0000003c       0x3d c:/program files (x86)/microchip/xc32/v2.30/bin/bin/../../lib/gcc/pic32c/6.2.1\libgcc.a(gedf2.o)
 .comment       0x0000003c       0x3d c:/program files (x86)/microchip/xc32/v2.30/bin/bin/../../lib/gcc/pic32c/6.2.1\libgcc.a(ledf2.o)
 .comment       0x0000003c       0x3d c:/program files (x86)/microchip/xc32/v2.30/bin/bin/../../lib/gcc/pic32c/6.2.1/../../../../pic32c/lib\libc.a(lib_a-init.o)
 .comment       0x0000003c       0x3d c:/program files (x86)/microchip/xc32/v2.30/bin/bin/../../lib/gcc/pic32c/6.2.1/../../../../pic32c/lib\libc.a(lib_a-memset.o)

.debug_info     0x00000000    0x50c7f
 .debug_info    0x00000000      0x95b build/default/production/_ext/1984496892/plib_clock.o
 .debug_info    0x0000095b      0x680 build/default/production/_ext/60167341/plib_eic.o
 .debug_info    0x00000fdb      0x833 build/default/production/_ext/1865468468/plib_nvic.o
 .debug_info    0x0000180e     0x12bf build/default/production/_ext/1593096446/plib_nvmctrl.o
 .debug_info    0x00002acd      0x76c build/default/production/_ext/1865521619/plib_port.o
 .debug_info    0x00003239      0xe85 build/default/production/_ext/1955867357/plib_sercom0_spi.o
 .debug_info    0x000040be      0xaf7 build/default/production/_ext/829342655/plib_tc0.o
 .debug_info    0x00004bb5     0x2a93 build/default/production/_ext/1171490990/initialization.o
 .debug_info    0x00007648     0x2eac build/default/production/_ext/1171490990/interrupts.o
 .debug_info    0x0000a4f4     0x2a33 build/default/production/_ext/1171490990/exceptions.o
 .debug_info    0x0000cf27     0x2bc2 build/default/production/_ext/1171490990/startup_xc32.o
 .debug_info    0x0000fae9     0x2f94 build/default/production/_ext/318156199/PSFSourceLite_App.o
 .debug_info    0x00012a7d     0x37e6 build/default/production/_ext/318156199/PSFSourceLite_BootCfg.o
 .debug_info    0x00016263     0x37fa build/default/production/_ext/1671623073/Drivers.o
 .debug_info    0x00019a5d     0x2b65 build/default/production/_ext/840851172/int_globals.o
 .debug_info    0x0001c5c2     0x2cad build/default/production/_ext/840851172/pd_main.o
 .debug_info    0x0001f26f     0x2c13 build/default/production/_ext/840851172/pd_timer.o
 .debug_info    0x00021e82     0x37f5 build/default/production/_ext/840851172/policy_engine.o
 .debug_info    0x00025677     0x30b4 build/default/production/_ext/840851172/policy_engine_snk.o
 .debug_info    0x0002872b     0x3563 build/default/production/_ext/840851172/policy_engine_src.o
 .debug_info    0x0002bc8e     0x4182 build/default/production/_ext/840851172/policy_manager.o
 .debug_info    0x0002fe10     0x2f63 build/default/production/_ext/840851172/portpower_control.o
 .debug_info    0x00032d73     0x470f build/default/production/_ext/840851172/protocol_layer.o
 .debug_info    0x00037482     0x4bd6 build/default/production/_ext/840851172/typeC_control.o
 .debug_info    0x0003c058     0x400f build/default/production/_ext/840851172/upd_hw.o
 .debug_info    0x00040067     0x2bb6 build/default/production/_ext/840851172/upd_interrupts.o
 .debug_info    0x00042c1d     0x3559 build/default/production/_ext/1360937237/main.o
 .debug_info    0x00046176      0x1f0 c:/program files (x86)/microchip/xc32/v2.30/bin/bin/../../lib/gcc/pic32c/6.2.1/../../../../pic32c/lib\libpic32c.a(data_init.o)
 .debug_info    0x00046366       0xee c:/program files (x86)/microchip/xc32/v2.30/bin/bin/../../lib/gcc/pic32c/6.2.1\libgcc.a(_thumb1_case_uqi.o)
 .debug_info    0x00046454       0xee c:/program files (x86)/microchip/xc32/v2.30/bin/bin/../../lib/gcc/pic32c/6.2.1\libgcc.a(_thumb1_case_shi.o)
 .debug_info    0x00046542       0xee c:/program files (x86)/microchip/xc32/v2.30/bin/bin/../../lib/gcc/pic32c/6.2.1\libgcc.a(_thumb1_case_uhi.o)
 .debug_info    0x00046630       0xee c:/program files (x86)/microchip/xc32/v2.30/bin/bin/../../lib/gcc/pic32c/6.2.1\libgcc.a(_udivsi3.o)
 .debug_info    0x0004671e       0xee c:/program files (x86)/microchip/xc32/v2.30/bin/bin/../../lib/gcc/pic32c/6.2.1\libgcc.a(_divsi3.o)
 .debug_info    0x0004680c       0xee c:/program files (x86)/microchip/xc32/v2.30/bin/bin/../../lib/gcc/pic32c/6.2.1\libgcc.a(_dvmd_tls.o)
 .debug_info    0x000468fa     0x12a0 c:/program files (x86)/microchip/xc32/v2.30/bin/bin/../../lib/gcc/pic32c/6.2.1\libgcc.a(_fixunssfsi.o)
 .debug_info    0x00047b9a     0x12a0 c:/program files (x86)/microchip/xc32/v2.30/bin/bin/../../lib/gcc/pic32c/6.2.1\libgcc.a(_fixunsdfsi.o)
 .debug_info    0x00048e3a      0x58b c:/program files (x86)/microchip/xc32/v2.30/bin/bin/../../lib/gcc/pic32c/6.2.1\libgcc.a(divsf3.o)
 .debug_info    0x000493c5      0x5d5 c:/program files (x86)/microchip/xc32/v2.30/bin/bin/../../lib/gcc/pic32c/6.2.1\libgcc.a(mulsf3.o)
 .debug_info    0x0004999a      0x556 c:/program files (x86)/microchip/xc32/v2.30/bin/bin/../../lib/gcc/pic32c/6.2.1\libgcc.a(subsf3.o)
 .debug_info    0x00049ef0      0x39d c:/program files (x86)/microchip/xc32/v2.30/bin/bin/../../lib/gcc/pic32c/6.2.1\libgcc.a(fixsfsi.o)
 .debug_info    0x0004a28d      0x477 c:/program files (x86)/microchip/xc32/v2.30/bin/bin/../../lib/gcc/pic32c/6.2.1\libgcc.a(floatsisf.o)
 .debug_info    0x0004a704      0x465 c:/program files (x86)/microchip/xc32/v2.30/bin/bin/../../lib/gcc/pic32c/6.2.1\libgcc.a(floatunsisf.o)
 .debug_info    0x0004ab69      0x9c6 c:/program files (x86)/microchip/xc32/v2.30/bin/bin/../../lib/gcc/pic32c/6.2.1\libgcc.a(divdf3.o)
 .debug_info    0x0004b52f      0xa41 c:/program files (x86)/microchip/xc32/v2.30/bin/bin/../../lib/gcc/pic32c/6.2.1\libgcc.a(muldf3.o)
 .debug_info    0x0004bf70      0x7b0 c:/program files (x86)/microchip/xc32/v2.30/bin/bin/../../lib/gcc/pic32c/6.2.1\libgcc.a(subdf3.o)
 .debug_info    0x0004c720      0x3bc c:/program files (x86)/microchip/xc32/v2.30/bin/bin/../../lib/gcc/pic32c/6.2.1\libgcc.a(fixdfsi.o)
 .debug_info    0x0004cadc      0x4fc c:/program files (x86)/microchip/xc32/v2.30/bin/bin/../../lib/gcc/pic32c/6.2.1\libgcc.a(floatsidf.o)
 .debug_info    0x0004cfd8      0x47d c:/program files (x86)/microchip/xc32/v2.30/bin/bin/../../lib/gcc/pic32c/6.2.1\libgcc.a(extendsfdf2.o)
 .debug_info    0x0004d455      0x4ee c:/program files (x86)/microchip/xc32/v2.30/bin/bin/../../lib/gcc/pic32c/6.2.1\libgcc.a(truncdfsf2.o)
 .debug_info    0x0004d943       0xee c:/program files (x86)/microchip/xc32/v2.30/bin/bin/../../lib/gcc/pic32c/6.2.1\libgcc.a(_arm_cmpdf2.o)
 .debug_info    0x0004da31       0xee c:/program files (x86)/microchip/xc32/v2.30/bin/bin/../../lib/gcc/pic32c/6.2.1\libgcc.a(_arm_cmpsf2.o)
 .debug_info    0x0004db1f       0xee c:/program files (x86)/microchip/xc32/v2.30/bin/bin/../../lib/gcc/pic32c/6.2.1\libgcc.a(_clzsi2.o)
 .debug_info    0x0004dc0d      0x3e0 c:/program files (x86)/microchip/xc32/v2.30/bin/bin/../../lib/gcc/pic32c/6.2.1\libgcc.a(eqsf2.o)
 .debug_info    0x0004dfed      0x404 c:/program files (x86)/microchip/xc32/v2.30/bin/bin/../../lib/gcc/pic32c/6.2.1\libgcc.a(gesf2.o)
 .debug_info    0x0004e3f1      0x408 c:/program files (x86)/microchip/xc32/v2.30/bin/bin/../../lib/gcc/pic32c/6.2.1\libgcc.a(lesf2.o)
 .debug_info    0x0004e7f9      0x413 c:/program files (x86)/microchip/xc32/v2.30/bin/bin/../../lib/gcc/pic32c/6.2.1\libgcc.a(eqdf2.o)
 .debug_info    0x0004ec0c      0x43f c:/program files (x86)/microchip/xc32/v2.30/bin/bin/../../lib/gcc/pic32c/6.2.1\libgcc.a(gedf2.o)
 .debug_info    0x0004f04b      0x437 c:/program files (x86)/microchip/xc32/v2.30/bin/bin/../../lib/gcc/pic32c/6.2.1\libgcc.a(ledf2.o)
 .debug_info    0x0004f482      0x354 c:/program files (x86)/microchip/xc32/v2.30/bin/bin/../../lib/gcc/pic32c/6.2.1/../../../../pic32c/lib\libc.a(lib_a-init.o)
 .debug_info    0x0004f7d6     0x14a9 c:/program files (x86)/microchip/xc32/v2.30/bin/bin/../../lib/gcc/pic32c/6.2.1/../../../../pic32c/lib\libc.a(lib_a-memset.o)

.debug_abbrev   0x00000000     0x5afa
 .debug_abbrev  0x00000000      0x12a build/default/production/_ext/1984496892/plib_clock.o
 .debug_abbrev  0x0000012a      0x177 build/default/production/_ext/60167341/plib_eic.o
 .debug_abbrev  0x000002a1      0x155 build/default/production/_ext/1865468468/plib_nvic.o
 .debug_abbrev  0x000003f6      0x26a build/default/production/_ext/1593096446/plib_nvmctrl.o
 .debug_abbrev  0x00000660      0x14f build/default/production/_ext/1865521619/plib_port.o
 .debug_abbrev  0x000007af      0x1d9 build/default/production/_ext/1955867357/plib_sercom0_spi.o
 .debug_abbrev  0x00000988      0x1a9 build/default/production/_ext/829342655/plib_tc0.o
 .debug_abbrev  0x00000b31      0x1bc build/default/production/_ext/1171490990/initialization.o
 .debug_abbrev  0x00000ced      0x194 build/default/production/_ext/1171490990/interrupts.o
 .debug_abbrev  0x00000e81      0x175 build/default/production/_ext/1171490990/exceptions.o
 .debug_abbrev  0x00000ff6      0x1ba build/default/production/_ext/1171490990/startup_xc32.o
 .debug_abbrev  0x000011b0      0x27c build/default/production/_ext/318156199/PSFSourceLite_App.o
 .debug_abbrev  0x0000142c      0x297 build/default/production/_ext/318156199/PSFSourceLite_BootCfg.o
 .debug_abbrev  0x000016c3      0x3d6 build/default/production/_ext/1671623073/Drivers.o
 .debug_abbrev  0x00001a99      0x1d2 build/default/production/_ext/840851172/int_globals.o
 .debug_abbrev  0x00001c6b      0x227 build/default/production/_ext/840851172/pd_main.o
 .debug_abbrev  0x00001e92      0x21d build/default/production/_ext/840851172/pd_timer.o
 .debug_abbrev  0x000020af      0x3a3 build/default/production/_ext/840851172/policy_engine.o
 .debug_abbrev  0x00002452      0x261 build/default/production/_ext/840851172/policy_engine_snk.o
 .debug_abbrev  0x000026b3      0x243 build/default/production/_ext/840851172/policy_engine_src.o
 .debug_abbrev  0x000028f6      0x466 build/default/production/_ext/840851172/policy_manager.o
 .debug_abbrev  0x00002d5c      0x28f build/default/production/_ext/840851172/portpower_control.o
 .debug_abbrev  0x00002feb      0x3d8 build/default/production/_ext/840851172/protocol_layer.o
 .debug_abbrev  0x000033c3      0x3aa build/default/production/_ext/840851172/typeC_control.o
 .debug_abbrev  0x0000376d      0x366 build/default/production/_ext/840851172/upd_hw.o
 .debug_abbrev  0x00003ad3      0x1dd build/default/production/_ext/840851172/upd_interrupts.o
 .debug_abbrev  0x00003cb0      0x24b build/default/production/_ext/1360937237/main.o
 .debug_abbrev  0x00003efb       0x2a c:/program files (x86)/microchip/xc32/v2.30/bin/bin/../../lib/gcc/pic32c/6.2.1/../../../../pic32c/lib\libpic32c.a(data_init.o)
 .debug_abbrev  0x00003f25       0x14 c:/program files (x86)/microchip/xc32/v2.30/bin/bin/../../lib/gcc/pic32c/6.2.1\libgcc.a(_thumb1_case_uqi.o)
 .debug_abbrev  0x00003f39       0x14 c:/program files (x86)/microchip/xc32/v2.30/bin/bin/../../lib/gcc/pic32c/6.2.1\libgcc.a(_thumb1_case_shi.o)
 .debug_abbrev  0x00003f4d       0x14 c:/program files (x86)/microchip/xc32/v2.30/bin/bin/../../lib/gcc/pic32c/6.2.1\libgcc.a(_thumb1_case_uhi.o)
 .debug_abbrev  0x00003f61       0x14 c:/program files (x86)/microchip/xc32/v2.30/bin/bin/../../lib/gcc/pic32c/6.2.1\libgcc.a(_udivsi3.o)
 .debug_abbrev  0x00003f75       0x14 c:/program files (x86)/microchip/xc32/v2.30/bin/bin/../../lib/gcc/pic32c/6.2.1\libgcc.a(_divsi3.o)
 .debug_abbrev  0x00003f89       0x14 c:/program files (x86)/microchip/xc32/v2.30/bin/bin/../../lib/gcc/pic32c/6.2.1\libgcc.a(_dvmd_tls.o)
 .debug_abbrev  0x00003f9d      0x11b c:/program files (x86)/microchip/xc32/v2.30/bin/bin/../../lib/gcc/pic32c/6.2.1\libgcc.a(_fixunssfsi.o)
 .debug_abbrev  0x000040b8      0x11b c:/program files (x86)/microchip/xc32/v2.30/bin/bin/../../lib/gcc/pic32c/6.2.1\libgcc.a(_fixunsdfsi.o)
 .debug_abbrev  0x000041d3      0x135 c:/program files (x86)/microchip/xc32/v2.30/bin/bin/../../lib/gcc/pic32c/6.2.1\libgcc.a(divsf3.o)
 .debug_abbrev  0x00004308      0x13c c:/program files (x86)/microchip/xc32/v2.30/bin/bin/../../lib/gcc/pic32c/6.2.1\libgcc.a(mulsf3.o)
 .debug_abbrev  0x00004444      0x149 c:/program files (x86)/microchip/xc32/v2.30/bin/bin/../../lib/gcc/pic32c/6.2.1\libgcc.a(subsf3.o)
 .debug_abbrev  0x0000458d      0x12e c:/program files (x86)/microchip/xc32/v2.30/bin/bin/../../lib/gcc/pic32c/6.2.1\libgcc.a(fixsfsi.o)
 .debug_abbrev  0x000046bb      0x12d c:/program files (x86)/microchip/xc32/v2.30/bin/bin/../../lib/gcc/pic32c/6.2.1\libgcc.a(floatsisf.o)
 .debug_abbrev  0x000047e8      0x12d c:/program files (x86)/microchip/xc32/v2.30/bin/bin/../../lib/gcc/pic32c/6.2.1\libgcc.a(floatunsisf.o)
 .debug_abbrev  0x00004915      0x143 c:/program files (x86)/microchip/xc32/v2.30/bin/bin/../../lib/gcc/pic32c/6.2.1\libgcc.a(divdf3.o)
 .debug_abbrev  0x00004a58      0x14a c:/program files (x86)/microchip/xc32/v2.30/bin/bin/../../lib/gcc/pic32c/6.2.1\libgcc.a(muldf3.o)
 .debug_abbrev  0x00004ba2      0x150 c:/program files (x86)/microchip/xc32/v2.30/bin/bin/../../lib/gcc/pic32c/6.2.1\libgcc.a(subdf3.o)
 .debug_abbrev  0x00004cf2      0x12c c:/program files (x86)/microchip/xc32/v2.30/bin/bin/../../lib/gcc/pic32c/6.2.1\libgcc.a(fixdfsi.o)
 .debug_abbrev  0x00004e1e      0x118 c:/program files (x86)/microchip/xc32/v2.30/bin/bin/../../lib/gcc/pic32c/6.2.1\libgcc.a(floatsidf.o)
 .debug_abbrev  0x00004f36      0x114 c:/program files (x86)/microchip/xc32/v2.30/bin/bin/../../lib/gcc/pic32c/6.2.1\libgcc.a(extendsfdf2.o)
 .debug_abbrev  0x0000504a      0x10e c:/program files (x86)/microchip/xc32/v2.30/bin/bin/../../lib/gcc/pic32c/6.2.1\libgcc.a(truncdfsf2.o)
 .debug_abbrev  0x00005158       0x14 c:/program files (x86)/microchip/xc32/v2.30/bin/bin/../../lib/gcc/pic32c/6.2.1\libgcc.a(_arm_cmpdf2.o)
 .debug_abbrev  0x0000516c       0x14 c:/program files (x86)/microchip/xc32/v2.30/bin/bin/../../lib/gcc/pic32c/6.2.1\libgcc.a(_arm_cmpsf2.o)
 .debug_abbrev  0x00005180       0x14 c:/program files (x86)/microchip/xc32/v2.30/bin/bin/../../lib/gcc/pic32c/6.2.1\libgcc.a(_clzsi2.o)
 .debug_abbrev  0x00005194      0x128 c:/program files (x86)/microchip/xc32/v2.30/bin/bin/../../lib/gcc/pic32c/6.2.1\libgcc.a(eqsf2.o)
 .debug_abbrev  0x000052bc      0x12a c:/program files (x86)/microchip/xc32/v2.30/bin/bin/../../lib/gcc/pic32c/6.2.1\libgcc.a(gesf2.o)
 .debug_abbrev  0x000053e6      0x135 c:/program files (x86)/microchip/xc32/v2.30/bin/bin/../../lib/gcc/pic32c/6.2.1\libgcc.a(lesf2.o)
 .debug_abbrev  0x0000551b      0x128 c:/program files (x86)/microchip/xc32/v2.30/bin/bin/../../lib/gcc/pic32c/6.2.1\libgcc.a(eqdf2.o)
 .debug_abbrev  0x00005643      0x135 c:/program files (x86)/microchip/xc32/v2.30/bin/bin/../../lib/gcc/pic32c/6.2.1\libgcc.a(gedf2.o)
 .debug_abbrev  0x00005778      0x12a c:/program files (x86)/microchip/xc32/v2.30/bin/bin/../../lib/gcc/pic32c/6.2.1\libgcc.a(ledf2.o)
 .debug_abbrev  0x000058a2       0xa3 c:/program files (x86)/microchip/xc32/v2.30/bin/bin/../../lib/gcc/pic32c/6.2.1/../../../../pic32c/lib\libc.a(lib_a-init.o)
 .debug_abbrev  0x00005945      0x1b5 c:/program files (x86)/microchip/xc32/v2.30/bin/bin/../../lib/gcc/pic32c/6.2.1/../../../../pic32c/lib\libc.a(lib_a-memset.o)

.debug_loc      0x00000000     0xe11e
 .debug_loc     0x00000000       0x5a build/default/production/_ext/1984496892/plib_clock.o
 .debug_loc     0x0000005a       0xb0 build/default/production/_ext/60167341/plib_eic.o
 .debug_loc     0x0000010a       0xf0 build/default/production/_ext/1865468468/plib_nvic.o
 .debug_loc     0x000001fa      0x19d build/default/production/_ext/1593096446/plib_nvmctrl.o
 .debug_loc     0x00000397       0xa4 build/default/production/_ext/1865521619/plib_port.o
 .debug_loc     0x0000043b      0x46d build/default/production/_ext/1955867357/plib_sercom0_spi.o
 .debug_loc     0x000008a8       0x33 build/default/production/_ext/829342655/plib_tc0.o
 .debug_loc     0x000008db       0x41 build/default/production/_ext/1171490990/initialization.o
 .debug_loc     0x0000091c       0x20 build/default/production/_ext/1171490990/startup_xc32.o
 .debug_loc     0x0000093c      0x20c build/default/production/_ext/318156199/PSFSourceLite_App.o
 .debug_loc     0x00000b48       0x34 build/default/production/_ext/318156199/PSFSourceLite_BootCfg.o
 .debug_loc     0x00000b7c      0x4c8 build/default/production/_ext/1671623073/Drivers.o
 .debug_loc     0x00001044       0x4c build/default/production/_ext/840851172/int_globals.o
 .debug_loc     0x00001090      0x152 build/default/production/_ext/840851172/pd_main.o
 .debug_loc     0x000011e2      0x2c4 build/default/production/_ext/840851172/pd_timer.o
 .debug_loc     0x000014a6      0xd60 build/default/production/_ext/840851172/policy_engine.o
 .debug_loc     0x00002206      0x29c build/default/production/_ext/840851172/policy_engine_snk.o
 .debug_loc     0x000024a2      0x5c7 build/default/production/_ext/840851172/policy_engine_src.o
 .debug_loc     0x00002a69     0x1313 build/default/production/_ext/840851172/policy_manager.o
 .debug_loc     0x00003d7c      0x3ef build/default/production/_ext/840851172/portpower_control.o
 .debug_loc     0x0000416b     0x16a5 build/default/production/_ext/840851172/protocol_layer.o
 .debug_loc     0x00005810     0x102d build/default/production/_ext/840851172/typeC_control.o
 .debug_loc     0x0000683d     0x100b build/default/production/_ext/840851172/upd_hw.o
 .debug_loc     0x00007848       0x41 build/default/production/_ext/840851172/upd_interrupts.o
 .debug_loc     0x00007889       0x20 build/default/production/_ext/1360937237/main.o
 .debug_loc     0x000078a9       0x14 c:/program files (x86)/microchip/xc32/v2.30/bin/bin/../../lib/gcc/pic32c/6.2.1/../../../../pic32c/lib\libpic32c.a(data_init.o)
 .debug_loc     0x000078bd       0x5a c:/program files (x86)/microchip/xc32/v2.30/bin/bin/../../lib/gcc/pic32c/6.2.1\libgcc.a(_fixunssfsi.o)
 .debug_loc     0x00007917       0x49 c:/program files (x86)/microchip/xc32/v2.30/bin/bin/../../lib/gcc/pic32c/6.2.1\libgcc.a(_fixunsdfsi.o)
 .debug_loc     0x00007960      0x6a6 c:/program files (x86)/microchip/xc32/v2.30/bin/bin/../../lib/gcc/pic32c/6.2.1\libgcc.a(divsf3.o)
 .debug_loc     0x00008006      0x791 c:/program files (x86)/microchip/xc32/v2.30/bin/bin/../../lib/gcc/pic32c/6.2.1\libgcc.a(mulsf3.o)
 .debug_loc     0x00008797      0xb1b c:/program files (x86)/microchip/xc32/v2.30/bin/bin/../../lib/gcc/pic32c/6.2.1\libgcc.a(subsf3.o)
 .debug_loc     0x000092b2       0xe7 c:/program files (x86)/microchip/xc32/v2.30/bin/bin/../../lib/gcc/pic32c/6.2.1\libgcc.a(fixsfsi.o)
 .debug_loc     0x00009399      0x180 c:/program files (x86)/microchip/xc32/v2.30/bin/bin/../../lib/gcc/pic32c/6.2.1\libgcc.a(floatsisf.o)
 .debug_loc     0x00009519      0x150 c:/program files (x86)/microchip/xc32/v2.30/bin/bin/../../lib/gcc/pic32c/6.2.1\libgcc.a(floatunsisf.o)
 .debug_loc     0x00009669     0x1513 c:/program files (x86)/microchip/xc32/v2.30/bin/bin/../../lib/gcc/pic32c/6.2.1\libgcc.a(divdf3.o)
 .debug_loc     0x0000ab7c      0xfde c:/program files (x86)/microchip/xc32/v2.30/bin/bin/../../lib/gcc/pic32c/6.2.1\libgcc.a(muldf3.o)
 .debug_loc     0x0000bb5a     0x1362 c:/program files (x86)/microchip/xc32/v2.30/bin/bin/../../lib/gcc/pic32c/6.2.1\libgcc.a(subdf3.o)
 .debug_loc     0x0000cebc      0x131 c:/program files (x86)/microchip/xc32/v2.30/bin/bin/../../lib/gcc/pic32c/6.2.1\libgcc.a(fixdfsi.o)
 .debug_loc     0x0000cfed      0x1c1 c:/program files (x86)/microchip/xc32/v2.30/bin/bin/../../lib/gcc/pic32c/6.2.1\libgcc.a(floatsidf.o)
 .debug_loc     0x0000d1ae      0x260 c:/program files (x86)/microchip/xc32/v2.30/bin/bin/../../lib/gcc/pic32c/6.2.1\libgcc.a(extendsfdf2.o)
 .debug_loc     0x0000d40e      0x2e6 c:/program files (x86)/microchip/xc32/v2.30/bin/bin/../../lib/gcc/pic32c/6.2.1\libgcc.a(truncdfsf2.o)
 .debug_loc     0x0000d6f4       0xb8 c:/program files (x86)/microchip/xc32/v2.30/bin/bin/../../lib/gcc/pic32c/6.2.1\libgcc.a(eqsf2.o)
 .debug_loc     0x0000d7ac      0x1ca c:/program files (x86)/microchip/xc32/v2.30/bin/bin/../../lib/gcc/pic32c/6.2.1\libgcc.a(gesf2.o)
 .debug_loc     0x0000d976      0x163 c:/program files (x86)/microchip/xc32/v2.30/bin/bin/../../lib/gcc/pic32c/6.2.1\libgcc.a(lesf2.o)
 .debug_loc     0x0000dad9      0x120 c:/program files (x86)/microchip/xc32/v2.30/bin/bin/../../lib/gcc/pic32c/6.2.1\libgcc.a(eqdf2.o)
 .debug_loc     0x0000dbf9      0x26c c:/program files (x86)/microchip/xc32/v2.30/bin/bin/../../lib/gcc/pic32c/6.2.1\libgcc.a(gedf2.o)
 .debug_loc     0x0000de65      0x1d5 c:/program files (x86)/microchip/xc32/v2.30/bin/bin/../../lib/gcc/pic32c/6.2.1\libgcc.a(ledf2.o)
 .debug_loc     0x0000e03a       0x72 c:/program files (x86)/microchip/xc32/v2.30/bin/bin/../../lib/gcc/pic32c/6.2.1/../../../../pic32c/lib\libc.a(lib_a-init.o)
 .debug_loc     0x0000e0ac       0x72 c:/program files (x86)/microchip/xc32/v2.30/bin/bin/../../lib/gcc/pic32c/6.2.1/../../../../pic32c/lib\libc.a(lib_a-memset.o)

.debug_aranges  0x00000000      0xdd0
 .debug_aranges
                0x00000000       0x20 build/default/production/_ext/1984496892/plib_clock.o
 .debug_aranges
                0x00000020       0x40 build/default/production/_ext/60167341/plib_eic.o
 .debug_aranges
                0x00000060       0x20 build/default/production/_ext/1865468468/plib_nvic.o
 .debug_aranges
                0x00000080       0x60 build/default/production/_ext/1593096446/plib_nvmctrl.o
 .debug_aranges
                0x000000e0       0x60 build/default/production/_ext/1865521619/plib_port.o
 .debug_aranges
                0x00000140       0x40 build/default/production/_ext/1955867357/plib_sercom0_spi.o
 .debug_aranges
                0x00000180       0x68 build/default/production/_ext/829342655/plib_tc0.o
 .debug_aranges
                0x000001e8       0x20 build/default/production/_ext/1171490990/initialization.o
 .debug_aranges
                0x00000208       0x20 build/default/production/_ext/1171490990/interrupts.o
 .debug_aranges
                0x00000228       0x28 build/default/production/_ext/1171490990/exceptions.o
 .debug_aranges
                0x00000250       0x20 build/default/production/_ext/1171490990/startup_xc32.o
 .debug_aranges
                0x00000270       0x30 build/default/production/_ext/318156199/PSFSourceLite_App.o
 .debug_aranges
                0x000002a0       0x20 build/default/production/_ext/318156199/PSFSourceLite_BootCfg.o
 .debug_aranges
                0x000002c0       0x88 build/default/production/_ext/1671623073/Drivers.o
 .debug_aranges
                0x00000348       0x20 build/default/production/_ext/840851172/int_globals.o
 .debug_aranges
                0x00000368       0x38 build/default/production/_ext/840851172/pd_main.o
 .debug_aranges
                0x000003a0       0x48 build/default/production/_ext/840851172/pd_timer.o
 .debug_aranges
                0x000003e8       0xb8 build/default/production/_ext/840851172/policy_engine.o
 .debug_aranges
                0x000004a0       0x20 build/default/production/_ext/840851172/policy_engine_snk.o
 .debug_aranges
                0x000004c0       0x20 build/default/production/_ext/840851172/policy_engine_src.o
 .debug_aranges
                0x000004e0      0x130 build/default/production/_ext/840851172/policy_manager.o
 .debug_aranges
                0x00000610       0x40 build/default/production/_ext/840851172/portpower_control.o
 .debug_aranges
                0x00000650      0x130 build/default/production/_ext/840851172/protocol_layer.o
 .debug_aranges
                0x00000780       0xe8 build/default/production/_ext/840851172/typeC_control.o
 .debug_aranges
                0x00000868      0x108 build/default/production/_ext/840851172/upd_hw.o
 .debug_aranges
                0x00000970       0x20 build/default/production/_ext/840851172/upd_interrupts.o
 .debug_aranges
                0x00000990       0x20 build/default/production/_ext/1360937237/main.o
 .debug_aranges
                0x000009b0       0x20 c:/program files (x86)/microchip/xc32/v2.30/bin/bin/../../lib/gcc/pic32c/6.2.1/../../../../pic32c/lib\libpic32c.a(data_init.o)
 .debug_aranges
                0x000009d0       0x20 c:/program files (x86)/microchip/xc32/v2.30/bin/bin/../../lib/gcc/pic32c/6.2.1\libgcc.a(_thumb1_case_uqi.o)
 .debug_aranges
                0x000009f0       0x20 c:/program files (x86)/microchip/xc32/v2.30/bin/bin/../../lib/gcc/pic32c/6.2.1\libgcc.a(_thumb1_case_shi.o)
 .debug_aranges
                0x00000a10       0x20 c:/program files (x86)/microchip/xc32/v2.30/bin/bin/../../lib/gcc/pic32c/6.2.1\libgcc.a(_thumb1_case_uhi.o)
 .debug_aranges
                0x00000a30       0x20 c:/program files (x86)/microchip/xc32/v2.30/bin/bin/../../lib/gcc/pic32c/6.2.1\libgcc.a(_udivsi3.o)
 .debug_aranges
                0x00000a50       0x20 c:/program files (x86)/microchip/xc32/v2.30/bin/bin/../../lib/gcc/pic32c/6.2.1\libgcc.a(_divsi3.o)
 .debug_aranges
                0x00000a70       0x20 c:/program files (x86)/microchip/xc32/v2.30/bin/bin/../../lib/gcc/pic32c/6.2.1\libgcc.a(_dvmd_tls.o)
 .debug_aranges
                0x00000a90       0x20 c:/program files (x86)/microchip/xc32/v2.30/bin/bin/../../lib/gcc/pic32c/6.2.1\libgcc.a(_fixunssfsi.o)
 .debug_aranges
                0x00000ab0       0x20 c:/program files (x86)/microchip/xc32/v2.30/bin/bin/../../lib/gcc/pic32c/6.2.1\libgcc.a(_fixunsdfsi.o)
 .debug_aranges
                0x00000ad0       0x20 c:/program files (x86)/microchip/xc32/v2.30/bin/bin/../../lib/gcc/pic32c/6.2.1\libgcc.a(divsf3.o)
 .debug_aranges
                0x00000af0       0x20 c:/program files (x86)/microchip/xc32/v2.30/bin/bin/../../lib/gcc/pic32c/6.2.1\libgcc.a(mulsf3.o)
 .debug_aranges
                0x00000b10       0x20 c:/program files (x86)/microchip/xc32/v2.30/bin/bin/../../lib/gcc/pic32c/6.2.1\libgcc.a(subsf3.o)
 .debug_aranges
                0x00000b30       0x20 c:/program files (x86)/microchip/xc32/v2.30/bin/bin/../../lib/gcc/pic32c/6.2.1\libgcc.a(fixsfsi.o)
 .debug_aranges
                0x00000b50       0x20 c:/program files (x86)/microchip/xc32/v2.30/bin/bin/../../lib/gcc/pic32c/6.2.1\libgcc.a(floatsisf.o)
 .debug_aranges
                0x00000b70       0x20 c:/program files (x86)/microchip/xc32/v2.30/bin/bin/../../lib/gcc/pic32c/6.2.1\libgcc.a(floatunsisf.o)
 .debug_aranges
                0x00000b90       0x20 c:/program files (x86)/microchip/xc32/v2.30/bin/bin/../../lib/gcc/pic32c/6.2.1\libgcc.a(divdf3.o)
 .debug_aranges
                0x00000bb0       0x20 c:/program files (x86)/microchip/xc32/v2.30/bin/bin/../../lib/gcc/pic32c/6.2.1\libgcc.a(muldf3.o)
 .debug_aranges
                0x00000bd0       0x20 c:/program files (x86)/microchip/xc32/v2.30/bin/bin/../../lib/gcc/pic32c/6.2.1\libgcc.a(subdf3.o)
 .debug_aranges
                0x00000bf0       0x20 c:/program files (x86)/microchip/xc32/v2.30/bin/bin/../../lib/gcc/pic32c/6.2.1\libgcc.a(fixdfsi.o)
 .debug_aranges
                0x00000c10       0x20 c:/program files (x86)/microchip/xc32/v2.30/bin/bin/../../lib/gcc/pic32c/6.2.1\libgcc.a(floatsidf.o)
 .debug_aranges
                0x00000c30       0x20 c:/program files (x86)/microchip/xc32/v2.30/bin/bin/../../lib/gcc/pic32c/6.2.1\libgcc.a(extendsfdf2.o)
 .debug_aranges
                0x00000c50       0x20 c:/program files (x86)/microchip/xc32/v2.30/bin/bin/../../lib/gcc/pic32c/6.2.1\libgcc.a(truncdfsf2.o)
 .debug_aranges
                0x00000c70       0x20 c:/program files (x86)/microchip/xc32/v2.30/bin/bin/../../lib/gcc/pic32c/6.2.1\libgcc.a(_arm_cmpdf2.o)
 .debug_aranges
                0x00000c90       0x20 c:/program files (x86)/microchip/xc32/v2.30/bin/bin/../../lib/gcc/pic32c/6.2.1\libgcc.a(_arm_cmpsf2.o)
 .debug_aranges
                0x00000cb0       0x20 c:/program files (x86)/microchip/xc32/v2.30/bin/bin/../../lib/gcc/pic32c/6.2.1\libgcc.a(_clzsi2.o)
 .debug_aranges
                0x00000cd0       0x20 c:/program files (x86)/microchip/xc32/v2.30/bin/bin/../../lib/gcc/pic32c/6.2.1\libgcc.a(eqsf2.o)
 .debug_aranges
                0x00000cf0       0x20 c:/program files (x86)/microchip/xc32/v2.30/bin/bin/../../lib/gcc/pic32c/6.2.1\libgcc.a(gesf2.o)
 .debug_aranges
                0x00000d10       0x20 c:/program files (x86)/microchip/xc32/v2.30/bin/bin/../../lib/gcc/pic32c/6.2.1\libgcc.a(lesf2.o)
 .debug_aranges
                0x00000d30       0x20 c:/program files (x86)/microchip/xc32/v2.30/bin/bin/../../lib/gcc/pic32c/6.2.1\libgcc.a(eqdf2.o)
 .debug_aranges
                0x00000d50       0x20 c:/program files (x86)/microchip/xc32/v2.30/bin/bin/../../lib/gcc/pic32c/6.2.1\libgcc.a(gedf2.o)
 .debug_aranges
                0x00000d70       0x20 c:/program files (x86)/microchip/xc32/v2.30/bin/bin/../../lib/gcc/pic32c/6.2.1\libgcc.a(ledf2.o)
 .debug_aranges
                0x00000d90       0x20 c:/program files (x86)/microchip/xc32/v2.30/bin/bin/../../lib/gcc/pic32c/6.2.1/../../../../pic32c/lib\libc.a(lib_a-init.o)
 .debug_aranges
                0x00000db0       0x20 c:/program files (x86)/microchip/xc32/v2.30/bin/bin/../../lib/gcc/pic32c/6.2.1/../../../../pic32c/lib\libc.a(lib_a-memset.o)

.debug_ranges   0x00000000     0x1470
 .debug_ranges  0x00000000       0x40 build/default/production/_ext/1984496892/plib_clock.o
 .debug_ranges  0x00000040       0x30 build/default/production/_ext/60167341/plib_eic.o
 .debug_ranges  0x00000070       0x90 build/default/production/_ext/1865468468/plib_nvic.o
 .debug_ranges  0x00000100       0x50 build/default/production/_ext/1593096446/plib_nvmctrl.o
 .debug_ranges  0x00000150       0x50 build/default/production/_ext/1865521619/plib_port.o
 .debug_ranges  0x000001a0       0x30 build/default/production/_ext/1955867357/plib_sercom0_spi.o
 .debug_ranges  0x000001d0       0x58 build/default/production/_ext/829342655/plib_tc0.o
 .debug_ranges  0x00000228       0x10 build/default/production/_ext/1171490990/initialization.o
 .debug_ranges  0x00000238       0x10 build/default/production/_ext/1171490990/interrupts.o
 .debug_ranges  0x00000248       0x18 build/default/production/_ext/1171490990/exceptions.o
 .debug_ranges  0x00000260       0x10 build/default/production/_ext/1171490990/startup_xc32.o
 .debug_ranges  0x00000270       0x38 build/default/production/_ext/318156199/PSFSourceLite_App.o
 .debug_ranges  0x000002a8       0x10 build/default/production/_ext/318156199/PSFSourceLite_BootCfg.o
 .debug_ranges  0x000002b8       0xb0 build/default/production/_ext/1671623073/Drivers.o
 .debug_ranges  0x00000368       0x10 build/default/production/_ext/840851172/int_globals.o
 .debug_ranges  0x00000378       0x28 build/default/production/_ext/840851172/pd_main.o
 .debug_ranges  0x000003a0       0x70 build/default/production/_ext/840851172/pd_timer.o
 .debug_ranges  0x00000410      0x118 build/default/production/_ext/840851172/policy_engine.o
 .debug_ranges  0x00000528       0x10 build/default/production/_ext/840851172/policy_engine_snk.o
 .debug_ranges  0x00000538       0x10 build/default/production/_ext/840851172/policy_engine_src.o
 .debug_ranges  0x00000548      0x170 build/default/production/_ext/840851172/policy_manager.o
 .debug_ranges  0x000006b8       0x90 build/default/production/_ext/840851172/portpower_control.o
 .debug_ranges  0x00000748      0x158 build/default/production/_ext/840851172/protocol_layer.o
 .debug_ranges  0x000008a0       0xf0 build/default/production/_ext/840851172/typeC_control.o
 .debug_ranges  0x00000990      0x130 build/default/production/_ext/840851172/upd_hw.o
 .debug_ranges  0x00000ac0       0x30 build/default/production/_ext/840851172/upd_interrupts.o
 .debug_ranges  0x00000af0       0x10 build/default/production/_ext/1360937237/main.o
 .debug_ranges  0x00000b00       0x10 c:/program files (x86)/microchip/xc32/v2.30/bin/bin/../../lib/gcc/pic32c/6.2.1/../../../../pic32c/lib\libpic32c.a(data_init.o)
 .debug_ranges  0x00000b10       0x50 c:/program files (x86)/microchip/xc32/v2.30/bin/bin/../../lib/gcc/pic32c/6.2.1\libgcc.a(divsf3.o)
 .debug_ranges  0x00000b60       0x50 c:/program files (x86)/microchip/xc32/v2.30/bin/bin/../../lib/gcc/pic32c/6.2.1\libgcc.a(mulsf3.o)
 .debug_ranges  0x00000bb0       0xf0 c:/program files (x86)/microchip/xc32/v2.30/bin/bin/../../lib/gcc/pic32c/6.2.1\libgcc.a(subsf3.o)
 .debug_ranges  0x00000ca0       0x38 c:/program files (x86)/microchip/xc32/v2.30/bin/bin/../../lib/gcc/pic32c/6.2.1\libgcc.a(floatsisf.o)
 .debug_ranges  0x00000cd8       0x38 c:/program files (x86)/microchip/xc32/v2.30/bin/bin/../../lib/gcc/pic32c/6.2.1\libgcc.a(floatunsisf.o)
 .debug_ranges  0x00000d10      0x178 c:/program files (x86)/microchip/xc32/v2.30/bin/bin/../../lib/gcc/pic32c/6.2.1\libgcc.a(divdf3.o)
 .debug_ranges  0x00000e88      0x1d0 c:/program files (x86)/microchip/xc32/v2.30/bin/bin/../../lib/gcc/pic32c/6.2.1\libgcc.a(muldf3.o)
 .debug_ranges  0x00001058      0x1b8 c:/program files (x86)/microchip/xc32/v2.30/bin/bin/../../lib/gcc/pic32c/6.2.1\libgcc.a(subdf3.o)
 .debug_ranges  0x00001210       0x18 c:/program files (x86)/microchip/xc32/v2.30/bin/bin/../../lib/gcc/pic32c/6.2.1\libgcc.a(fixdfsi.o)
 .debug_ranges  0x00001228       0x50 c:/program files (x86)/microchip/xc32/v2.30/bin/bin/../../lib/gcc/pic32c/6.2.1\libgcc.a(floatsidf.o)
 .debug_ranges  0x00001278       0x20 c:/program files (x86)/microchip/xc32/v2.30/bin/bin/../../lib/gcc/pic32c/6.2.1\libgcc.a(extendsfdf2.o)
 .debug_ranges  0x00001298       0x38 c:/program files (x86)/microchip/xc32/v2.30/bin/bin/../../lib/gcc/pic32c/6.2.1\libgcc.a(truncdfsf2.o)
 .debug_ranges  0x000012d0       0x30 c:/program files (x86)/microchip/xc32/v2.30/bin/bin/../../lib/gcc/pic32c/6.2.1\libgcc.a(eqsf2.o)
 .debug_ranges  0x00001300       0x58 c:/program files (x86)/microchip/xc32/v2.30/bin/bin/../../lib/gcc/pic32c/6.2.1\libgcc.a(gesf2.o)
 .debug_ranges  0x00001358       0x30 c:/program files (x86)/microchip/xc32/v2.30/bin/bin/../../lib/gcc/pic32c/6.2.1\libgcc.a(lesf2.o)
 .debug_ranges  0x00001388       0x50 c:/program files (x86)/microchip/xc32/v2.30/bin/bin/../../lib/gcc/pic32c/6.2.1\libgcc.a(eqdf2.o)
 .debug_ranges  0x000013d8       0x30 c:/program files (x86)/microchip/xc32/v2.30/bin/bin/../../lib/gcc/pic32c/6.2.1\libgcc.a(gedf2.o)
 .debug_ranges  0x00001408       0x48 c:/program files (x86)/microchip/xc32/v2.30/bin/bin/../../lib/gcc/pic32c/6.2.1\libgcc.a(ledf2.o)
 .debug_ranges  0x00001450       0x10 c:/program files (x86)/microchip/xc32/v2.30/bin/bin/../../lib/gcc/pic32c/6.2.1/../../../../pic32c/lib\libc.a(lib_a-init.o)
 .debug_ranges  0x00001460       0x10 c:/program files (x86)/microchip/xc32/v2.30/bin/bin/../../lib/gcc/pic32c/6.2.1/../../../../pic32c/lib\libc.a(lib_a-memset.o)

.debug_line     0x00000000     0x77f4
 .debug_line    0x00000000      0x181 build/default/production/_ext/1984496892/plib_clock.o
 .debug_line    0x00000181      0x1cd build/default/production/_ext/60167341/plib_eic.o
 .debug_line    0x0000034e      0x1c7 build/default/production/_ext/1865468468/plib_nvic.o
 .debug_line    0x00000515      0x282 build/default/production/_ext/1593096446/plib_nvmctrl.o
 .debug_line    0x00000797      0x1f7 build/default/production/_ext/1865521619/plib_port.o
 .debug_line    0x0000098e      0x279 build/default/production/_ext/1955867357/plib_sercom0_spi.o
 .debug_line    0x00000c07      0x209 build/default/production/_ext/829342655/plib_tc0.o
 .debug_line    0x00000e10      0x268 build/default/production/_ext/1171490990/initialization.o
 .debug_line    0x00001078      0x1f4 build/default/production/_ext/1171490990/interrupts.o
 .debug_line    0x0000126c      0x133 build/default/production/_ext/1171490990/exceptions.o
 .debug_line    0x0000139f      0x257 build/default/production/_ext/1171490990/startup_xc32.o
 .debug_line    0x000015f6      0x2d2 build/default/production/_ext/318156199/PSFSourceLite_App.o
 .debug_line    0x000018c8      0x2a3 build/default/production/_ext/318156199/PSFSourceLite_BootCfg.o
 .debug_line    0x00001b6b      0x4d1 build/default/production/_ext/1671623073/Drivers.o
 .debug_line    0x0000203c      0x13d build/default/production/_ext/840851172/int_globals.o
 .debug_line    0x00002179      0x1be build/default/production/_ext/840851172/pd_main.o
 .debug_line    0x00002337      0x1f3 build/default/production/_ext/840851172/pd_timer.o
 .debug_line    0x0000252a      0x4f9 build/default/production/_ext/840851172/policy_engine.o
 .debug_line    0x00002a23      0x20b build/default/production/_ext/840851172/policy_engine_snk.o
 .debug_line    0x00002c2e      0x346 build/default/production/_ext/840851172/policy_engine_src.o
 .debug_line    0x00002f74      0x663 build/default/production/_ext/840851172/policy_manager.o
 .debug_line    0x000035d7      0x1e3 build/default/production/_ext/840851172/portpower_control.o
 .debug_line    0x000037ba      0x717 build/default/production/_ext/840851172/protocol_layer.o
 .debug_line    0x00003ed1      0x7b4 build/default/production/_ext/840851172/typeC_control.o
 .debug_line    0x00004685      0x478 build/default/production/_ext/840851172/upd_hw.o
 .debug_line    0x00004afd      0x167 build/default/production/_ext/840851172/upd_interrupts.o
 .debug_line    0x00004c64      0x234 build/default/production/_ext/1360937237/main.o
 .debug_line    0x00004e98       0xe3 c:/program files (x86)/microchip/xc32/v2.30/bin/bin/../../lib/gcc/pic32c/6.2.1/../../../../pic32c/lib\libpic32c.a(data_init.o)
 .debug_line    0x00004f7b       0xa4 c:/program files (x86)/microchip/xc32/v2.30/bin/bin/../../lib/gcc/pic32c/6.2.1\libgcc.a(_thumb1_case_uqi.o)
 .debug_line    0x0000501f       0xa5 c:/program files (x86)/microchip/xc32/v2.30/bin/bin/../../lib/gcc/pic32c/6.2.1\libgcc.a(_thumb1_case_shi.o)
 .debug_line    0x000050c4       0xa5 c:/program files (x86)/microchip/xc32/v2.30/bin/bin/../../lib/gcc/pic32c/6.2.1\libgcc.a(_thumb1_case_uhi.o)
 .debug_line    0x00005169       0xb3 c:/program files (x86)/microchip/xc32/v2.30/bin/bin/../../lib/gcc/pic32c/6.2.1\libgcc.a(_udivsi3.o)
 .debug_line    0x0000521c       0xc1 c:/program files (x86)/microchip/xc32/v2.30/bin/bin/../../lib/gcc/pic32c/6.2.1\libgcc.a(_divsi3.o)
 .debug_line    0x000052dd       0x9c c:/program files (x86)/microchip/xc32/v2.30/bin/bin/../../lib/gcc/pic32c/6.2.1\libgcc.a(_dvmd_tls.o)
 .debug_line    0x00005379      0x28e c:/program files (x86)/microchip/xc32/v2.30/bin/bin/../../lib/gcc/pic32c/6.2.1\libgcc.a(_fixunssfsi.o)
 .debug_line    0x00005607      0x28c c:/program files (x86)/microchip/xc32/v2.30/bin/bin/../../lib/gcc/pic32c/6.2.1\libgcc.a(_fixunsdfsi.o)
 .debug_line    0x00005893      0x161 c:/program files (x86)/microchip/xc32/v2.30/bin/bin/../../lib/gcc/pic32c/6.2.1\libgcc.a(divsf3.o)
 .debug_line    0x000059f4      0x15f c:/program files (x86)/microchip/xc32/v2.30/bin/bin/../../lib/gcc/pic32c/6.2.1\libgcc.a(mulsf3.o)
 .debug_line    0x00005b53      0x19a c:/program files (x86)/microchip/xc32/v2.30/bin/bin/../../lib/gcc/pic32c/6.2.1\libgcc.a(subsf3.o)
 .debug_line    0x00005ced      0x12a c:/program files (x86)/microchip/xc32/v2.30/bin/bin/../../lib/gcc/pic32c/6.2.1\libgcc.a(fixsfsi.o)
 .debug_line    0x00005e17      0x132 c:/program files (x86)/microchip/xc32/v2.30/bin/bin/../../lib/gcc/pic32c/6.2.1\libgcc.a(floatsisf.o)
 .debug_line    0x00005f49      0x137 c:/program files (x86)/microchip/xc32/v2.30/bin/bin/../../lib/gcc/pic32c/6.2.1\libgcc.a(floatunsisf.o)
 .debug_line    0x00006080      0x1a4 c:/program files (x86)/microchip/xc32/v2.30/bin/bin/../../lib/gcc/pic32c/6.2.1\libgcc.a(divdf3.o)
 .debug_line    0x00006224      0x182 c:/program files (x86)/microchip/xc32/v2.30/bin/bin/../../lib/gcc/pic32c/6.2.1\libgcc.a(muldf3.o)
 .debug_line    0x000063a6      0x1cd c:/program files (x86)/microchip/xc32/v2.30/bin/bin/../../lib/gcc/pic32c/6.2.1\libgcc.a(subdf3.o)
 .debug_line    0x00006573      0x12f c:/program files (x86)/microchip/xc32/v2.30/bin/bin/../../lib/gcc/pic32c/6.2.1\libgcc.a(fixdfsi.o)
 .debug_line    0x000066a2      0x12a c:/program files (x86)/microchip/xc32/v2.30/bin/bin/../../lib/gcc/pic32c/6.2.1\libgcc.a(floatsidf.o)
 .debug_line    0x000067cc      0x145 c:/program files (x86)/microchip/xc32/v2.30/bin/bin/../../lib/gcc/pic32c/6.2.1\libgcc.a(extendsfdf2.o)
 .debug_line    0x00006911      0x154 c:/program files (x86)/microchip/xc32/v2.30/bin/bin/../../lib/gcc/pic32c/6.2.1\libgcc.a(truncdfsf2.o)
 .debug_line    0x00006a65       0xb4 c:/program files (x86)/microchip/xc32/v2.30/bin/bin/../../lib/gcc/pic32c/6.2.1\libgcc.a(_arm_cmpdf2.o)
 .debug_line    0x00006b19       0xb1 c:/program files (x86)/microchip/xc32/v2.30/bin/bin/../../lib/gcc/pic32c/6.2.1\libgcc.a(_arm_cmpsf2.o)
 .debug_line    0x00006bca       0xb0 c:/program files (x86)/microchip/xc32/v2.30/bin/bin/../../lib/gcc/pic32c/6.2.1\libgcc.a(_clzsi2.o)
 .debug_line    0x00006c7a      0x13e c:/program files (x86)/microchip/xc32/v2.30/bin/bin/../../lib/gcc/pic32c/6.2.1\libgcc.a(eqsf2.o)
 .debug_line    0x00006db8      0x149 c:/program files (x86)/microchip/xc32/v2.30/bin/bin/../../lib/gcc/pic32c/6.2.1\libgcc.a(gesf2.o)
 .debug_line    0x00006f01      0x147 c:/program files (x86)/microchip/xc32/v2.30/bin/bin/../../lib/gcc/pic32c/6.2.1\libgcc.a(lesf2.o)
 .debug_line    0x00007048      0x14c c:/program files (x86)/microchip/xc32/v2.30/bin/bin/../../lib/gcc/pic32c/6.2.1\libgcc.a(eqdf2.o)
 .debug_line    0x00007194      0x14c c:/program files (x86)/microchip/xc32/v2.30/bin/bin/../../lib/gcc/pic32c/6.2.1\libgcc.a(gedf2.o)
 .debug_line    0x000072e0      0x14f c:/program files (x86)/microchip/xc32/v2.30/bin/bin/../../lib/gcc/pic32c/6.2.1\libgcc.a(ledf2.o)
 .debug_line    0x0000742f      0x118 c:/program files (x86)/microchip/xc32/v2.30/bin/bin/../../lib/gcc/pic32c/6.2.1/../../../../pic32c/lib\libc.a(lib_a-init.o)
 .debug_line    0x00007547      0x2ad c:/program files (x86)/microchip/xc32/v2.30/bin/bin/../../lib/gcc/pic32c/6.2.1/../../../../pic32c/lib\libc.a(lib_a-memset.o)

.debug_str      0x00000000     0x1ca3
 .debug_str     0x00000000       0x28 build/default/production/_ext/1984496892/plib_clock.o
 .debug_str     0x00000028        0x9 build/default/production/_ext/60167341/plib_eic.o
 .debug_str     0x00000031        0xa build/default/production/_ext/1865468468/plib_nvic.o
 .debug_str     0x0000003b       0x16 build/default/production/_ext/1593096446/plib_nvmctrl.o
 .debug_str     0x00000051        0xb build/default/production/_ext/1865521619/plib_port.o
 .debug_str     0x0000005c       0xd6 build/default/production/_ext/1955867357/plib_sercom0_spi.o
 .debug_str     0x00000132       0xa7 build/default/production/_ext/829342655/plib_tc0.o
 .debug_str     0x000001d9       0x75 build/default/production/_ext/1171490990/initialization.o
 .debug_str     0x0000024e       0x22 build/default/production/_ext/1171490990/interrupts.o
 .debug_str     0x00000270       0x22 build/default/production/_ext/1171490990/exceptions.o
 .debug_str     0x00000292       0x8d build/default/production/_ext/1171490990/startup_xc32.o
 .debug_str     0x0000031f       0xe2 build/default/production/_ext/318156199/PSFSourceLite_App.o
 .debug_str     0x00000401       0x48 build/default/production/_ext/318156199/PSFSourceLite_BootCfg.o
 .debug_str     0x00000449      0x12f build/default/production/_ext/1671623073/Drivers.o
 .debug_str     0x00000578       0x4d build/default/production/_ext/840851172/int_globals.o
 .debug_str     0x000005c5      0x17b build/default/production/_ext/840851172/pd_main.o
 .debug_str     0x00000740       0xac build/default/production/_ext/840851172/pd_timer.o
 .debug_str     0x000007ec      0x1c9 build/default/production/_ext/840851172/policy_engine.o
 .debug_str     0x000009b5      0x1e8 build/default/production/_ext/840851172/policy_engine_snk.o
 .debug_str     0x00000b9d      0x311 build/default/production/_ext/840851172/policy_engine_src.o
 .debug_str     0x00000eae      0x2c1 build/default/production/_ext/840851172/policy_manager.o
 .debug_str     0x0000116f       0x5e build/default/production/_ext/840851172/portpower_control.o
 .debug_str     0x000011cd      0x25c build/default/production/_ext/840851172/protocol_layer.o
 .debug_str     0x00001429      0x2b1 build/default/production/_ext/840851172/typeC_control.o
 .debug_str     0x000016da      0x15f build/default/production/_ext/840851172/upd_hw.o
 .debug_str     0x00001839       0xb1 build/default/production/_ext/840851172/upd_interrupts.o
 .debug_str     0x000018ea       0x58 build/default/production/_ext/1360937237/main.o
 .debug_str     0x00001942        0x0 c:/program files (x86)/microchip/xc32/v2.30/bin/bin/../../lib/gcc/pic32c/6.2.1/../../../../pic32c/lib\libpic32c.a(data_init.o)
 .debug_str     0x00001942        0x0 c:/program files (x86)/microchip/xc32/v2.30/bin/bin/../../lib/gcc/pic32c/6.2.1\libgcc.a(_fixunssfsi.o)
 .debug_str     0x00001942        0x0 c:/program files (x86)/microchip/xc32/v2.30/bin/bin/../../lib/gcc/pic32c/6.2.1\libgcc.a(_fixunsdfsi.o)
 .debug_str     0x00001942       0x30 c:/program files (x86)/microchip/xc32/v2.30/bin/bin/../../lib/gcc/pic32c/6.2.1\libgcc.a(divsf3.o)
 .debug_str     0x00001972       0x30 c:/program files (x86)/microchip/xc32/v2.30/bin/bin/../../lib/gcc/pic32c/6.2.1\libgcc.a(mulsf3.o)
 .debug_str     0x000019a2       0x2c c:/program files (x86)/microchip/xc32/v2.30/bin/bin/../../lib/gcc/pic32c/6.2.1\libgcc.a(subsf3.o)
 .debug_str     0x000019ce       0x13 c:/program files (x86)/microchip/xc32/v2.30/bin/bin/../../lib/gcc/pic32c/6.2.1\libgcc.a(fixsfsi.o)
 .debug_str     0x000019e1        0x0 c:/program files (x86)/microchip/xc32/v2.30/bin/bin/../../lib/gcc/pic32c/6.2.1\libgcc.a(floatsisf.o)
 .debug_str     0x000019e1        0x0 c:/program files (x86)/microchip/xc32/v2.30/bin/bin/../../lib/gcc/pic32c/6.2.1\libgcc.a(floatunsisf.o)
 .debug_str     0x000019e1       0x30 c:/program files (x86)/microchip/xc32/v2.30/bin/bin/../../lib/gcc/pic32c/6.2.1\libgcc.a(divdf3.o)
 .debug_str     0x00001a11       0x56 c:/program files (x86)/microchip/xc32/v2.30/bin/bin/../../lib/gcc/pic32c/6.2.1\libgcc.a(muldf3.o)
 .debug_str     0x00001a67       0x2c c:/program files (x86)/microchip/xc32/v2.30/bin/bin/../../lib/gcc/pic32c/6.2.1\libgcc.a(subdf3.o)
 .debug_str     0x00001a93       0x13 c:/program files (x86)/microchip/xc32/v2.30/bin/bin/../../lib/gcc/pic32c/6.2.1\libgcc.a(fixdfsi.o)
 .debug_str     0x00001aa6        0x0 c:/program files (x86)/microchip/xc32/v2.30/bin/bin/../../lib/gcc/pic32c/6.2.1\libgcc.a(floatsidf.o)
 .debug_str     0x00001aa6        0x0 c:/program files (x86)/microchip/xc32/v2.30/bin/bin/../../lib/gcc/pic32c/6.2.1\libgcc.a(extendsfdf2.o)
 .debug_str     0x00001aa6        0x0 c:/program files (x86)/microchip/xc32/v2.30/bin/bin/../../lib/gcc/pic32c/6.2.1\libgcc.a(truncdfsf2.o)
 .debug_str     0x00001aa6       0x26 c:/program files (x86)/microchip/xc32/v2.30/bin/bin/../../lib/gcc/pic32c/6.2.1\libgcc.a(eqsf2.o)
 .debug_str     0x00001acc       0x26 c:/program files (x86)/microchip/xc32/v2.30/bin/bin/../../lib/gcc/pic32c/6.2.1\libgcc.a(gesf2.o)
 .debug_str     0x00001af2       0x26 c:/program files (x86)/microchip/xc32/v2.30/bin/bin/../../lib/gcc/pic32c/6.2.1\libgcc.a(lesf2.o)
 .debug_str     0x00001b18       0x26 c:/program files (x86)/microchip/xc32/v2.30/bin/bin/../../lib/gcc/pic32c/6.2.1\libgcc.a(eqdf2.o)
 .debug_str     0x00001b3e       0x26 c:/program files (x86)/microchip/xc32/v2.30/bin/bin/../../lib/gcc/pic32c/6.2.1\libgcc.a(gedf2.o)
 .debug_str     0x00001b64       0x26 c:/program files (x86)/microchip/xc32/v2.30/bin/bin/../../lib/gcc/pic32c/6.2.1\libgcc.a(ledf2.o)
 .debug_str     0x00001b8a        0x0 c:/program files (x86)/microchip/xc32/v2.30/bin/bin/../../lib/gcc/pic32c/6.2.1/../../../../pic32c/lib\libc.a(lib_a-init.o)
 .debug_str     0x00001b8a      0x119 c:/program files (x86)/microchip/xc32/v2.30/bin/bin/../../lib/gcc/pic32c/6.2.1/../../../../pic32c/lib\libc.a(lib_a-memset.o)

.debug_frame    0x00000000     0x1cb0
 .debug_frame   0x00000000       0x20 build/default/production/_ext/1984496892/plib_clock.o
 .debug_frame   0x00000020       0x84 build/default/production/_ext/60167341/plib_eic.o
 .debug_frame   0x000000a4       0x20 build/default/production/_ext/1865468468/plib_nvic.o
 .debug_frame   0x000000c4       0xb0 build/default/production/_ext/1593096446/plib_nvmctrl.o
 .debug_frame   0x00000174       0xac build/default/production/_ext/1865521619/plib_port.o
 .debug_frame   0x00000220       0x8c build/default/production/_ext/1955867357/plib_sercom0_spi.o
 .debug_frame   0x000002ac       0xb8 build/default/production/_ext/829342655/plib_tc0.o
 .debug_frame   0x00000364       0x28 build/default/production/_ext/1171490990/initialization.o
 .debug_frame   0x0000038c       0x20 build/default/production/_ext/1171490990/interrupts.o
 .debug_frame   0x000003ac       0x30 build/default/production/_ext/1171490990/exceptions.o
 .debug_frame   0x000003dc       0x28 build/default/production/_ext/1171490990/startup_xc32.o
 .debug_frame   0x00000404       0x5c build/default/production/_ext/318156199/PSFSourceLite_App.o
 .debug_frame   0x00000460       0x30 build/default/production/_ext/318156199/PSFSourceLite_BootCfg.o
 .debug_frame   0x00000490      0x144 build/default/production/_ext/1671623073/Drivers.o
 .debug_frame   0x000005d4       0x28 build/default/production/_ext/840851172/int_globals.o
 .debug_frame   0x000005fc       0x74 build/default/production/_ext/840851172/pd_main.o
 .debug_frame   0x00000670       0xb8 build/default/production/_ext/840851172/pd_timer.o
 .debug_frame   0x00000728      0x1f4 build/default/production/_ext/840851172/policy_engine.o
 .debug_frame   0x0000091c       0x30 build/default/production/_ext/840851172/policy_engine_snk.o
 .debug_frame   0x0000094c       0x30 build/default/production/_ext/840851172/policy_engine_src.o
 .debug_frame   0x0000097c      0x360 build/default/production/_ext/840851172/policy_manager.o
 .debug_frame   0x00000cdc       0x9c build/default/production/_ext/840851172/portpower_control.o
 .debug_frame   0x00000d78      0x3e4 build/default/production/_ext/840851172/protocol_layer.o
 .debug_frame   0x0000115c      0x304 build/default/production/_ext/840851172/typeC_control.o
 .debug_frame   0x00001460      0x370 build/default/production/_ext/840851172/upd_hw.o
 .debug_frame   0x000017d0       0x34 build/default/production/_ext/840851172/upd_interrupts.o
 .debug_frame   0x00001804       0x28 build/default/production/_ext/1360937237/main.o
 .debug_frame   0x0000182c       0x2c c:/program files (x86)/microchip/xc32/v2.30/bin/bin/../../lib/gcc/pic32c/6.2.1/../../../../pic32c/lib\libpic32c.a(data_init.o)
 .debug_frame   0x00001858       0x20 c:/program files (x86)/microchip/xc32/v2.30/bin/bin/../../lib/gcc/pic32c/6.2.1\libgcc.a(_udivsi3.o)
 .debug_frame   0x00001878       0x20 c:/program files (x86)/microchip/xc32/v2.30/bin/bin/../../lib/gcc/pic32c/6.2.1\libgcc.a(_divsi3.o)
 .debug_frame   0x00001898       0x28 c:/program files (x86)/microchip/xc32/v2.30/bin/bin/../../lib/gcc/pic32c/6.2.1\libgcc.a(_fixunssfsi.o)
 .debug_frame   0x000018c0       0x2c c:/program files (x86)/microchip/xc32/v2.30/bin/bin/../../lib/gcc/pic32c/6.2.1\libgcc.a(_fixunsdfsi.o)
 .debug_frame   0x000018ec       0x30 c:/program files (x86)/microchip/xc32/v2.30/bin/bin/../../lib/gcc/pic32c/6.2.1\libgcc.a(divsf3.o)
 .debug_frame   0x0000191c       0x30 c:/program files (x86)/microchip/xc32/v2.30/bin/bin/../../lib/gcc/pic32c/6.2.1\libgcc.a(mulsf3.o)
 .debug_frame   0x0000194c       0x34 c:/program files (x86)/microchip/xc32/v2.30/bin/bin/../../lib/gcc/pic32c/6.2.1\libgcc.a(subsf3.o)
 .debug_frame   0x00001980       0x20 c:/program files (x86)/microchip/xc32/v2.30/bin/bin/../../lib/gcc/pic32c/6.2.1\libgcc.a(fixsfsi.o)
 .debug_frame   0x000019a0       0x2c c:/program files (x86)/microchip/xc32/v2.30/bin/bin/../../lib/gcc/pic32c/6.2.1\libgcc.a(floatsisf.o)
 .debug_frame   0x000019cc       0x2c c:/program files (x86)/microchip/xc32/v2.30/bin/bin/../../lib/gcc/pic32c/6.2.1\libgcc.a(floatunsisf.o)
 .debug_frame   0x000019f8       0x30 c:/program files (x86)/microchip/xc32/v2.30/bin/bin/../../lib/gcc/pic32c/6.2.1\libgcc.a(divdf3.o)
 .debug_frame   0x00001a28       0x30 c:/program files (x86)/microchip/xc32/v2.30/bin/bin/../../lib/gcc/pic32c/6.2.1\libgcc.a(muldf3.o)
 .debug_frame   0x00001a58       0x34 c:/program files (x86)/microchip/xc32/v2.30/bin/bin/../../lib/gcc/pic32c/6.2.1\libgcc.a(subdf3.o)
 .debug_frame   0x00001a8c       0x2c c:/program files (x86)/microchip/xc32/v2.30/bin/bin/../../lib/gcc/pic32c/6.2.1\libgcc.a(fixdfsi.o)
 .debug_frame   0x00001ab8       0x30 c:/program files (x86)/microchip/xc32/v2.30/bin/bin/../../lib/gcc/pic32c/6.2.1\libgcc.a(floatsidf.o)
 .debug_frame   0x00001ae8       0x2c c:/program files (x86)/microchip/xc32/v2.30/bin/bin/../../lib/gcc/pic32c/6.2.1\libgcc.a(extendsfdf2.o)
 .debug_frame   0x00001b14       0x30 c:/program files (x86)/microchip/xc32/v2.30/bin/bin/../../lib/gcc/pic32c/6.2.1\libgcc.a(truncdfsf2.o)
 .debug_frame   0x00001b44       0x2c c:/program files (x86)/microchip/xc32/v2.30/bin/bin/../../lib/gcc/pic32c/6.2.1\libgcc.a(eqsf2.o)
 .debug_frame   0x00001b70       0x30 c:/program files (x86)/microchip/xc32/v2.30/bin/bin/../../lib/gcc/pic32c/6.2.1\libgcc.a(gesf2.o)
 .debug_frame   0x00001ba0       0x30 c:/program files (x86)/microchip/xc32/v2.30/bin/bin/../../lib/gcc/pic32c/6.2.1\libgcc.a(lesf2.o)
 .debug_frame   0x00001bd0       0x30 c:/program files (x86)/microchip/xc32/v2.30/bin/bin/../../lib/gcc/pic32c/6.2.1\libgcc.a(eqdf2.o)
 .debug_frame   0x00001c00       0x34 c:/program files (x86)/microchip/xc32/v2.30/bin/bin/../../lib/gcc/pic32c/6.2.1\libgcc.a(gedf2.o)
 .debug_frame   0x00001c34       0x30 c:/program files (x86)/microchip/xc32/v2.30/bin/bin/../../lib/gcc/pic32c/6.2.1\libgcc.a(ledf2.o)
 .debug_frame   0x00001c64       0x2c c:/program files (x86)/microchip/xc32/v2.30/bin/bin/../../lib/gcc/pic32c/6.2.1/../../../../pic32c/lib\libc.a(lib_a-init.o)
 .debug_frame   0x00001c90       0x20 c:/program files (x86)/microchip/xc32/v2.30/bin/bin/../../lib/gcc/pic32c/6.2.1/../../../../pic32c/lib\libc.a(lib_a-memset.o)

.stack          0x20000868      0x100
 .stack         0x20000868      0x100 stack

.bss%1          0x2000062c       0x1c
 .bss           0x2000062c       0x1c c:/program files (x86)/microchip/xc32/v2.30/bin/bin/../../lib/gcc/pic32c/6.2.1/crtbegin.o

.bss.gu32CriticalSectionCnt%2
                0x20000648        0x4
 .bss.gu32CriticalSectionCnt
                0x20000648        0x4 build/default/production/_ext/1671623073/Drivers.o

.eh_frame%z1    0x00000000        0x0
 .eh_frame      0x00000000        0x0 c:/program files (x86)/microchip/xc32/v2.30/bin/bin/../../lib/gcc/pic32c/6.2.1/crtbegin.o

.text.PE_SrcRunStateMachine%3
                0x000000c4      0x900
 .text.PE_SrcRunStateMachine
                0x000000c4      0x900 build/default/production/_ext/840851172/policy_engine_src.o
                0x000000c4                PE_SrcRunStateMachine

.text.TypeC_RunStateMachine%4
                0x000009c4      0x5f4
 .text.TypeC_RunStateMachine
                0x000009c4      0x5f4 build/default/production/_ext/840851172/typeC_control.o
                0x000009c4                TypeC_RunStateMachine

.text%5         0x00000fb8      0xf18
 .text          0x00000fb8      0x5b0 c:/program files (x86)/microchip/xc32/v2.30/bin/bin/../../lib/gcc/pic32c/6.2.1\libgcc.a(subdf3.o)
                0x00000fb8                __aeabi_dsub
 .text          0x00001568      0x544 c:/program files (x86)/microchip/xc32/v2.30/bin/bin/../../lib/gcc/pic32c/6.2.1\libgcc.a(divdf3.o)
                0x00001568                __aeabi_ddiv
 .text          0x00001aac      0x424 c:/program files (x86)/microchip/xc32/v2.30/bin/bin/../../lib/gcc/pic32c/6.2.1\libgcc.a(muldf3.o)
                0x00001aac                __aeabi_dmul

.text.PE_SnkRunStateMachine%8
                0x00001ed0      0x3a8
 .text.PE_SnkRunStateMachine
                0x00001ed0      0x3a8 build/default/production/_ext/840851172/policy_engine_snk.o
                0x00001ed0                PE_SnkRunStateMachine

.text.TypeC_HandleISR%9
                0x00002278      0x31c
 .text.TypeC_HandleISR
                0x00002278      0x31c build/default/production/_ext/840851172/typeC_control.o
                0x00002278                TypeC_HandleISR

.text.PE_RunCommonStateMachine%10
                0x00002594      0x310
 .text.PE_RunCommonStateMachine
                0x00002594      0x310 build/default/production/_ext/840851172/policy_engine.o
                0x00002594                PE_RunCommonStateMachine

.text%11        0x000028a4      0x2f4
 .text          0x000028a4      0x2f4 c:/program files (x86)/microchip/xc32/v2.30/bin/bin/../../lib/gcc/pic32c/6.2.1\libgcc.a(subsf3.o)
                0x000028a4                __aeabi_fsub

.text.TypeC_ConfigureVBUSThr%12
                0x00002b98      0x2d0
 .text.TypeC_ConfigureVBUSThr
                0x00002b98      0x2d0 build/default/production/_ext/840851172/typeC_control.o
                0x00002b98                TypeC_ConfigureVBUSThr

.text.PE_ReceiveMsgHandler%13
                0x00002e68      0x294
 .text.PE_ReceiveMsgHandler
                0x00002e68      0x294 build/default/production/_ext/840851172/policy_engine.o
                0x00002e68                PE_ReceiveMsgHandler

.text.TypeC_InitPort%14
                0x000030fc      0x26c
 .text.TypeC_InitPort
                0x000030fc      0x26c build/default/production/_ext/840851172/typeC_control.o
                0x000030fc                TypeC_InitPort

.text.PRL_ProcessRecvdMsg%15
                0x00003368      0x24c
 .text.PRL_ProcessRecvdMsg
                0x00003368      0x24c build/default/production/_ext/840851172/protocol_layer.o
                0x00003368                PRL_ProcessRecvdMsg

.text.DPM_PowerFaultHandler%16
                0x000035b4      0x240
 .text.DPM_PowerFaultHandler
                0x000035b4      0x240 build/default/production/_ext/840851172/policy_manager.o
                0x000035b4                DPM_PowerFaultHandler

.text.PRL_TransmitMsg%17
                0x000037f4      0x1e4
 .text.PRL_TransmitMsg
                0x000037f4      0x1e4 build/default/production/_ext/840851172/protocol_layer.o
                0x000037f4                PRL_TransmitMsg

.text%18        0x000039d8      0x1d8
 .text          0x000039d8      0x1d8 c:/program files (x86)/microchip/xc32/v2.30/bin/bin/../../lib/gcc/pic32c/6.2.1\libgcc.a(mulsf3.o)
                0x000039d8                __aeabi_fmul

.text.PRL_Init%19
                0x00003bb0      0x1c0
 .text.PRL_Init
                0x00003bb0      0x1c0 build/default/production/_ext/840851172/protocol_layer.o
                0x00003bb0                PRL_Init

.text%20        0x00003d70      0x1c0
 .text          0x00003d70      0x1c0 c:/program files (x86)/microchip/xc32/v2.30/bin/bin/../../lib/gcc/pic32c/6.2.1\libgcc.a(divsf3.o)
                0x00003d70                __aeabi_fdiv

.text.TypeC_EnabDisVCONN%21
                0x00003f30      0x1b0
 .text.TypeC_EnabDisVCONN
                0x00003f30      0x1b0 build/default/production/_ext/840851172/typeC_control.o
                0x00003f30                TypeC_EnabDisVCONN

.text.DPM_Evaluate_Received_Src_caps%22
                0x000040e0      0x180
 .text.DPM_Evaluate_Received_Src_caps
                0x000040e0      0x180 build/default/production/_ext/840851172/policy_manager.o
                0x000040e0                DPM_Evaluate_Received_Src_caps

.text.PRL_RunChunkStateMachine%23
                0x00004260      0x168
 .text.PRL_RunChunkStateMachine
                0x00004260      0x168 build/default/production/_ext/840851172/protocol_layer.o
                0x00004260                PRL_RunChunkStateMachine

.text.PRL_HandleISR%24
                0x000043c8      0x15c
 .text.PRL_HandleISR
                0x000043c8      0x15c build/default/production/_ext/840851172/protocol_layer.o
                0x000043c8                PRL_HandleISR

.text.PE_RunStateMachine%25
                0x00004524      0x120
 .text.PE_RunStateMachine
                0x00004524      0x120 build/default/production/_ext/840851172/policy_engine.o
                0x00004524                PE_RunStateMachine

.text.SERCOM0_SPI_WriteRead%26
                0x00004644      0x108
 .text.SERCOM0_SPI_WriteRead
                0x00004644      0x108 build/default/production/_ext/1955867357/plib_sercom0_spi.o
                0x00004644                SERCOM0_SPI_WriteRead

.text%27        0x0000474c      0x100
 .text          0x0000474c      0x100 c:/program files (x86)/microchip/xc32/v2.30/bin/bin/../../lib/gcc/pic32c/6.2.1\libgcc.a(truncdfsf2.o)
                0x0000474c                __aeabi_d2f

.text.DPM_ValidateRequest%28
                0x0000484c       0xf8
 .text.DPM_ValidateRequest
                0x0000484c       0xf8 build/default/production/_ext/840851172/policy_manager.o
                0x0000484c                DPM_ValidateRequest

.text.PRL_BuildTxPacket%29
                0x00004944       0xd4
 .text.PRL_BuildTxPacket
                0x00004944       0xd4 build/default/production/_ext/840851172/protocol_layer.o
                0x00004944                PRL_BuildTxPacket

.text.PRL_ReceiveMsg%30
                0x00004a18       0xd4
 .text.PRL_ReceiveMsg
                0x00004a18       0xd4 build/default/production/_ext/840851172/protocol_layer.o
                0x00004a18                PRL_ReceiveMsg

.text.CLOCK_Initialize%31
                0x00004aec       0xd0
 .text.CLOCK_Initialize
                0x00004aec       0xd0 build/default/production/_ext/1984496892/plib_clock.o
                0x00004aec                CLOCK_Initialize

.text.UPD_CheckAndDisablePorts%32
                0x00004bbc       0xc4
 .text.UPD_CheckAndDisablePorts
                0x00004bbc       0xc4 build/default/production/_ext/840851172/upd_hw.o
                0x00004bbc                UPD_CheckAndDisablePorts

.text.UPDIntr_AlertHandler%33
                0x00004c80       0xb8
 .text.UPDIntr_AlertHandler
                0x00004c80       0xb8 build/default/production/_ext/840851172/upd_interrupts.o
                0x00004c80                UPDIntr_AlertHandler

.text.TypeC_SrcIntrHandler%34
                0x00004d38       0xb4
 .text.TypeC_SrcIntrHandler
                0x00004d38       0xb4 build/default/production/_ext/840851172/typeC_control.o
                0x00004d38                TypeC_SrcIntrHandler

.text%35        0x00004dec      0x158
 .text          0x00004dec       0xb0 c:/program files (x86)/microchip/xc32/v2.30/bin/bin/../../lib/gcc/pic32c/6.2.1\libgcc.a(ledf2.o)
                0x00004dec                __ledf2
                0x00004dec                __ltdf2
 .text          0x00004e9c       0xa8 c:/program files (x86)/microchip/xc32/v2.30/bin/bin/../../lib/gcc/pic32c/6.2.1\libgcc.a(_divsi3.o)
                0x00004e9c                __divsi3
                0x00004e9c                __aeabi_idiv
                0x00004f30                __aeabi_idivmod

.text.EIC_Initialize%37
                0x00004f44       0xa4
 .text.EIC_Initialize
                0x00004f44       0xa4 build/default/production/_ext/60167341/plib_eic.o
                0x00004f44                EIC_Initialize

.text.PWRCTRL_SetPortPower%38
                0x00004fe8       0xa4
 .text.PWRCTRL_SetPortPower
                0x00004fe8       0xa4 build/default/production/_ext/840851172/portpower_control.o
                0x00004fe8                PWRCTRL_SetPortPower

.text%39        0x0000508c       0xa0
 .text          0x0000508c       0xa0 c:/program files (x86)/microchip/xc32/v2.30/bin/bin/../../lib/gcc/pic32c/6.2.1\libgcc.a(gedf2.o)
                0x0000508c                __gedf2
                0x0000508c                __gtdf2

.text.TypeC_CCVBUSIntrHandler%40
                0x0000512c       0x9c
 .text.TypeC_CCVBUSIntrHandler
                0x0000512c       0x9c build/default/production/_ext/840851172/typeC_control.o
                0x0000512c                TypeC_CCVBUSIntrHandler

.text.DPM_CalculateAndSortPower%41
                0x000051c8       0x98
 .text.DPM_CalculateAndSortPower
                0x000051c8       0x98 build/default/production/_ext/840851172/policy_manager.o
                0x000051c8                DPM_CalculateAndSortPower

.text%42        0x00005260       0x98
 .text          0x00005260       0x98 c:/program files (x86)/microchip/xc32/v2.30/bin/bin/../../lib/gcc/pic32c/6.2.1\libgcc.a(extendsfdf2.o)
                0x00005260                __aeabi_f2d

.text.PDTimer_KillPortTimers%43
                0x000052f8       0x94
 .text.PDTimer_KillPortTimers
                0x000052f8       0x94 build/default/production/_ext/840851172/pd_timer.o
                0x000052f8                PDTimer_KillPortTimers

.text.TypeC_VCONN_ON_IntrHandler%44
                0x0000538c       0x94
 .text.TypeC_VCONN_ON_IntrHandler
                0x0000538c       0x94 build/default/production/_ext/840851172/typeC_control.o
                0x0000538c                TypeC_VCONN_ON_IntrHandler

.text.__pic32c_data_initialization%45
                0x00005420       0x90
 .text.__pic32c_data_initialization
                0x00005420       0x90 c:/program files (x86)/microchip/xc32/v2.30/bin/bin/../../lib/gcc/pic32c/6.2.1/../../../../pic32c/lib\libpic32c.a(data_init.o)
                0x00005420                __pic32c_data_initialization

.text.PRL_IncrementMsgID%46
                0x000054b0       0x8c
 .text.PRL_IncrementMsgID
                0x000054b0       0x8c build/default/production/_ext/840851172/protocol_layer.o
                0x000054b0                PRL_IncrementMsgID

.text.TypeC_SetRpCollAvoidance%47
                0x0000553c       0x8c
 .text.TypeC_SetRpCollAvoidance
                0x0000553c       0x8c build/default/production/_ext/840851172/typeC_control.o
                0x0000553c                TypeC_SetRpCollAvoidance

.text%48        0x000055c8       0x8c
 .text          0x000055c8       0x8c c:/program files (x86)/microchip/xc32/v2.30/bin/bin/../../lib/gcc/pic32c/6.2.1\libgcc.a(_udivsi3.o)
                0x000055c8                __aeabi_uidiv
                0x000055c8                __udivsi3
                0x00005640                __aeabi_uidivmod

.text.DPM_VCONNONTimerErrorCB%49
                0x00005654       0x88
 .text.DPM_VCONNONTimerErrorCB
                0x00005654       0x88 build/default/production/_ext/840851172/policy_manager.o
                0x00005654                DPM_VCONNONTimerErrorCB

.text.PRL_TCHChunkSMStateChange_TCHCB%50
                0x000056dc       0x88
 .text.PRL_TCHChunkSMStateChange_TCHCB
                0x000056dc       0x88 build/default/production/_ext/840851172/protocol_layer.o
                0x000056dc                PRL_TCHChunkSMStateChange_TCHCB

.text.PWRCTRL_initialization%51
                0x00005764       0x84
 .text.PWRCTRL_initialization
                0x00005764       0x84 build/default/production/_ext/840851172/portpower_control.o
                0x00005764                PWRCTRL_initialization

.text.TypeC_SetCCSampleEnable%52
                0x000057e8       0x84
 .text.TypeC_SetCCSampleEnable
                0x000057e8       0x84 build/default/production/_ext/840851172/typeC_control.o
                0x000057e8                TypeC_SetCCSampleEnable

.text.UPD_PIOHandleISR%53
                0x0000586c       0x84
 .text.UPD_PIOHandleISR
                0x0000586c       0x84 build/default/production/_ext/840851172/upd_hw.o
                0x0000586c                UPD_PIOHandleISR

.text.UPD_ConfigPwrFaultPIOOvverride%54
                0x000058f0       0x84
 .text.UPD_ConfigPwrFaultPIOOvverride
                0x000058f0       0x84 build/default/production/_ext/840851172/upd_hw.o
                0x000058f0                UPD_ConfigPwrFaultPIOOvverride

.text%55        0x00005974       0x84
 .text          0x00005974       0x84 c:/program files (x86)/microchip/xc32/v2.30/bin/bin/../../lib/gcc/pic32c/6.2.1\libgcc.a(floatsisf.o)
                0x00005974                __aeabi_i2f

.text.MchpPSF_Init%56
                0x000059f8       0x80
 .text.MchpPSF_Init
                0x000059f8       0x80 build/default/production/_ext/840851172/pd_main.o
                0x000059f8                MchpPSF_Init

.text.DPM_Get_Source_Capabilities%57
                0x00005a78       0x80
 .text.DPM_Get_Source_Capabilities
                0x00005a78       0x80 build/default/production/_ext/840851172/policy_manager.o
                0x00005a78                DPM_Get_Source_Capabilities

.text.TypeC_VCONNONErrorTimerCB%58
                0x00005af8       0x80
 .text.TypeC_VCONNONErrorTimerCB
                0x00005af8       0x80 build/default/production/_ext/840851172/typeC_control.o
                0x00005af8                TypeC_VCONNONErrorTimerCB

.text.PE_IsMsgUnsupported%59
                0x00005b78       0x7c
 .text.PE_IsMsgUnsupported
                0x00005b78       0x7c build/default/production/_ext/840851172/policy_engine.o
                0x00005b78                PE_IsMsgUnsupported

.text.TypeC_SnkIntrHandler%60
                0x00005bf4       0x7c
 .text.TypeC_SnkIntrHandler
                0x00005bf4       0x7c build/default/production/_ext/840851172/typeC_control.o
                0x00005bf4                TypeC_SnkIntrHandler

.text%61        0x00005c70      0x16a
 .text          0x00005c70       0x7c c:/program files (x86)/microchip/xc32/v2.30/bin/bin/../../lib/gcc/pic32c/6.2.1\libgcc.a(_arm_cmpdf2.o)
                0x00005c70                __aeabi_cdrcmple
                0x00005c80                __aeabi_cdcmple
                0x00005c80                __aeabi_cdcmpeq
                0x00005c90                __aeabi_dcmpeq
                0x00005c9c                __aeabi_dcmplt
                0x00005cb0                __aeabi_dcmple
                0x00005cc4                __aeabi_dcmpgt
                0x00005cd8                __aeabi_dcmpge
 .text          0x00005cec       0x78 c:/program files (x86)/microchip/xc32/v2.30/bin/bin/../../lib/gcc/pic32c/6.2.1\libgcc.a(gesf2.o)
                0x00005cec                __gesf2
                0x00005cec                __gtsf2
 .text          0x00005d64       0x76 c:/program files (x86)/microchip/xc32/v2.30/bin/bin/../../lib/gcc/pic32c/6.2.1\libgcc.a(lesf2.o)
                0x00005d64                __ltsf2
                0x00005d64                __lesf2

.text.DPM_Init%64
                0x00005ddc       0x74
 .text.DPM_Init
                0x00005ddc       0x74 build/default/production/_ext/840851172/policy_manager.o
                0x00005ddc                DPM_Init

.text.PRL_SendCableorHardReset%65
                0x00005e50       0x74
 .text.PRL_SendCableorHardReset
                0x00005e50       0x74 build/default/production/_ext/840851172/protocol_layer.o
                0x00005e50                PRL_SendCableorHardReset

.text%66        0x00005ec4      0x1cc
 .text          0x00005ec4       0x74 c:/program files (x86)/microchip/xc32/v2.30/bin/bin/../../lib/gcc/pic32c/6.2.1\libgcc.a(floatunsisf.o)
                0x00005ec4                __aeabi_ui2f
 .text          0x00005f38       0x74 c:/program files (x86)/microchip/xc32/v2.30/bin/bin/../../lib/gcc/pic32c/6.2.1\libgcc.a(floatsidf.o)
                0x00005f38                __aeabi_i2d
 .text          0x00005fac       0x74 c:/program files (x86)/microchip/xc32/v2.30/bin/bin/../../lib/gcc/pic32c/6.2.1\libgcc.a(_arm_cmpsf2.o)
                0x00005fac                __aeabi_cfrcmple
                0x00005fb4                __aeabi_cfcmpeq
                0x00005fb4                __aeabi_cfcmple
                0x00005fc4                __aeabi_fcmpeq
                0x00005fd0                __aeabi_fcmplt
                0x00005fe4                __aeabi_fcmple
                0x00005ff8                __aeabi_fcmpgt
                0x0000600c                __aeabi_fcmpge
 .text          0x00006020       0x70 c:/program files (x86)/microchip/xc32/v2.30/bin/bin/../../lib/gcc/pic32c/6.2.1\libgcc.a(eqdf2.o)
                0x00006020                __nedf2