Archive member included to satisfy reference by file (symbol)

c:/program files (x86)/microchip/xc32/v2.30/bin/bin/../../lib/gcc/pic32c/6.2.1/../../../../pic32c/lib\libpic32c.a(data_init.o)
                              build/default/production/_ext/1171490990/startup_xc32.o (__pic32c_data_initialization)
c:/program files (x86)/microchip/xc32/v2.30/bin/bin/../../lib/gcc/pic32c/6.2.1\libgcc.a(_thumb1_case_uqi.o)
                              build/default/production/_ext/318156199/PSFSourcePro_App.o (__gnu_thumb1_case_uqi)
c:/program files (x86)/microchip/xc32/v2.30/bin/bin/../../lib/gcc/pic32c/6.2.1\libgcc.a(_thumb1_case_shi.o)
                              build/default/production/_ext/840851172/policy_engine.o (__gnu_thumb1_case_shi)
c:/program files (x86)/microchip/xc32/v2.30/bin/bin/../../lib/gcc/pic32c/6.2.1\libgcc.a(_thumb1_case_uhi.o)
                              build/default/production/_ext/840851172/policy_engine.o (__gnu_thumb1_case_uhi)
c:/program files (x86)/microchip/xc32/v2.30/bin/bin/../../lib/gcc/pic32c/6.2.1\libgcc.a(_udivsi3.o)
                              build/default/production/_ext/1955867357/plib_sercom0_spi.o (__aeabi_uidiv)
c:/program files (x86)/microchip/xc32/v2.30/bin/bin/../../lib/gcc/pic32c/6.2.1\libgcc.a(_divsi3.o)
                              build/default/production/_ext/840851172/policy_manager.o (__aeabi_idiv)
c:/program files (x86)/microchip/xc32/v2.30/bin/bin/../../lib/gcc/pic32c/6.2.1\libgcc.a(_dvmd_tls.o)
                              c:/program files (x86)/microchip/xc32/v2.30/bin/bin/../../lib/gcc/pic32c/6.2.1\libgcc.a(_udivsi3.o) (__aeabi_idiv0)
c:/program files (x86)/microchip/xc32/v2.30/bin/bin/../../lib/gcc/pic32c/6.2.1\libgcc.a(_fixunssfsi.o)
                              build/default/production/_ext/1936174342/PB_Helper.o (__aeabi_f2uiz)
c:/program files (x86)/microchip/xc32/v2.30/bin/bin/../../lib/gcc/pic32c/6.2.1\libgcc.a(_fixunsdfsi.o)
                              build/default/production/_ext/1955509679/plib_sercom3_i2c.o (__aeabi_d2uiz)
c:/program files (x86)/microchip/xc32/v2.30/bin/bin/../../lib/gcc/pic32c/6.2.1\libgcc.a(divsf3.o)
                              build/default/production/_ext/1955509679/plib_sercom3_i2c.o (__aeabi_fdiv)
c:/program files (x86)/microchip/xc32/v2.30/bin/bin/../../lib/gcc/pic32c/6.2.1\libgcc.a(mulsf3.o)
                              build/default/production/_ext/1936174342/PB_Helper.o (__aeabi_fmul)
c:/program files (x86)/microchip/xc32/v2.30/bin/bin/../../lib/gcc/pic32c/6.2.1\libgcc.a(subsf3.o)
                              c:/program files (x86)/microchip/xc32/v2.30/bin/bin/../../lib/gcc/pic32c/6.2.1\libgcc.a(_fixunssfsi.o) (__aeabi_fsub)
c:/program files (x86)/microchip/xc32/v2.30/bin/bin/../../lib/gcc/pic32c/6.2.1\libgcc.a(fixsfsi.o)
                              c:/program files (x86)/microchip/xc32/v2.30/bin/bin/../../lib/gcc/pic32c/6.2.1\libgcc.a(_fixunssfsi.o) (__aeabi_f2iz)
c:/program files (x86)/microchip/xc32/v2.30/bin/bin/../../lib/gcc/pic32c/6.2.1\libgcc.a(floatsisf.o)
                              build/default/production/_ext/840851172/typeC_control.o (__aeabi_i2f)
c:/program files (x86)/microchip/xc32/v2.30/bin/bin/../../lib/gcc/pic32c/6.2.1\libgcc.a(floatunsisf.o)
                              build/default/production/_ext/1955509679/plib_sercom3_i2c.o (__aeabi_ui2f)
c:/program files (x86)/microchip/xc32/v2.30/bin/bin/../../lib/gcc/pic32c/6.2.1\libgcc.a(adddf3.o)
                              build/default/production/_ext/1955509679/plib_sercom3_i2c.o (__aeabi_dadd)
c:/program files (x86)/microchip/xc32/v2.30/bin/bin/../../lib/gcc/pic32c/6.2.1\libgcc.a(divdf3.o)
                              build/default/production/_ext/840851172/typeC_control.o (__aeabi_ddiv)
c:/program files (x86)/microchip/xc32/v2.30/bin/bin/../../lib/gcc/pic32c/6.2.1\libgcc.a(muldf3.o)
                              build/default/production/_ext/1955509679/plib_sercom3_i2c.o (__aeabi_dmul)
c:/program files (x86)/microchip/xc32/v2.30/bin/bin/../../lib/gcc/pic32c/6.2.1\libgcc.a(subdf3.o)
                              build/default/production/_ext/1955509679/plib_sercom3_i2c.o (__aeabi_dsub)
c:/program files (x86)/microchip/xc32/v2.30/bin/bin/../../lib/gcc/pic32c/6.2.1\libgcc.a(fixdfsi.o)
                              c:/program files (x86)/microchip/xc32/v2.30/bin/bin/../../lib/gcc/pic32c/6.2.1\libgcc.a(_fixunsdfsi.o) (__aeabi_d2iz)
c:/program files (x86)/microchip/xc32/v2.30/bin/bin/../../lib/gcc/pic32c/6.2.1\libgcc.a(floatsidf.o)
                              build/default/production/_ext/840851172/typeC_control.o (__aeabi_i2d)
c:/program files (x86)/microchip/xc32/v2.30/bin/bin/../../lib/gcc/pic32c/6.2.1\libgcc.a(extendsfdf2.o)
                              build/default/production/_ext/1955509679/plib_sercom3_i2c.o (__aeabi_f2d)
c:/program files (x86)/microchip/xc32/v2.30/bin/bin/../../lib/gcc/pic32c/6.2.1\libgcc.a(truncdfsf2.o)
                              build/default/production/_ext/840851172/typeC_control.o (__aeabi_d2f)
[...]
Memory Configuration

Name             Origin             Length             Attributes
rom              0x00000000         0x00010000         xrl
ram              0x20000000         0x00002000         xw !r
config_00804000  0x00804000         0x00000004
config_00804004  0x00804004         0x00000004
*default*        0x00000000         0xffffffff

Linker script and memory map

LOAD c:/program files (x86)/microchip/xc32/v2.30/bin/bin/../../lib/gcc/pic32c/6.2.1/crti.o
LOAD c:/program files (x86)/microchip/xc32/v2.30/bin/bin/../../lib/gcc/pic32c/6.2.1/crtbegin.o
LOAD build/default/production/_ext/1984496892/plib_clock.o
LOAD build/default/production/_ext/60167341/plib_eic.o
LOAD build/default/production/_ext/1865468468/plib_nvic.o
LOAD build/default/production/_ext/1593096446/plib_nvmctrl.o
LOAD build/default/production/_ext/1865521619/plib_port.o
LOAD build/default/production/_ext/1955509679/plib_sercom3_i2c.o
LOAD build/default/production/_ext/1955867357/plib_sercom0_spi.o
LOAD build/default/production/_ext/504274921/plib_sercom3_usart.o
LOAD build/default/production/_ext/829342655/plib_tc0.o
LOAD build/default/production/_ext/163028504/xc32_monitor.o
LOAD build/default/production/_ext/1171490990/initialization.o
LOAD build/default/production/_ext/1171490990/interrupts.o
LOAD build/default/production/_ext/1171490990/exceptions.o
LOAD build/default/production/_ext/1171490990/startup_xc32.o
LOAD build/default/production/_ext/1171490990/libc_syscalls.o
LOAD build/default/production/_ext/318156199/PSFSourcePro_App.o
LOAD build/default/production/_ext/1671623073/Drivers.o
LOAD build/default/production/_ext/1936174342/PB_Mngr.o
LOAD build/default/production/_ext/1936174342/PB_Helper.o
LOAD build/default/production/_ext/840851172/debug.o
LOAD build/default/production/_ext/840851172/int_globals.o
LOAD build/default/production/_ext/840851172/pd_main.o
LOAD build/default/production/_ext/840851172/pd_timer.o
LOAD build/default/production/_ext/840851172/policy_engine.o
LOAD build/default/production/_ext/840851172/policy_engine_fwup.o
LOAD build/default/production/_ext/840851172/policy_engine_snk.o
LOAD build/default/production/_ext/840851172/policy_engine_src.o
LOAD build/default/production/_ext/840851172/policy_manager.o
LOAD build/default/production/_ext/840851172/portpower_control.o
LOAD build/default/production/_ext/840851172/protocol_layer.o
LOAD build/default/production/_ext/840851172/typeC_control.o
LOAD build/default/production/_ext/840851172/upd_hw.o
LOAD build/default/production/_ext/840851172/upd_interrupts.o
LOAD build/default/production/_ext/1360937237/main.o
LOAD build/default/production/_ext/318156199/PSFSourcePro_BootCfg.o
LOAD build/default/production/_ext/939006058/Mpq_dc_dc_control.o
                0x00000001                __MPLAB_BUILD = 0x1
                0x00000200                _min_heap_size = 0x200
START GROUP
LOAD c:/program files (x86)/microchip/xc32/v2.30/bin/bin/../../lib/gcc/pic32c/6.2.1/../../../../pic32c/lib\libpic32c.a
LOAD c:/program files (x86)/microchip/xc32/v2.30/bin/bin/../../lib/gcc/pic32c/6.2.1\libgcc.a
LOAD c:/program files (x86)/microchip/xc32/v2.30/bin/bin/../../lib/gcc/pic32c/6.2.1/../../../../pic32c/lib\libc.a
LOAD c:/program files (x86)/microchip/xc32/v2.30/bin/bin/../../lib/gcc/pic32c/6.2.1/../../../../pic32c/lib\libm.a
END GROUP
LOAD c:/program files (x86)/microchip/xc32/v2.30/bin/bin/../../lib/gcc/pic32c/6.2.1/crtend.o
LOAD c:/program files (x86)/microchip/xc32/v2.30/bin/bin/../../lib/gcc/pic32c/6.2.1/crtn.o
                0x00010000                __rom_end = (ORIGIN (rom) + LENGTH (rom))
                0x20002000                __ram_end = (ORIGIN (ram) + LENGTH (ram))

.config_00804000
                0x00804000        0x4
 *(.config_00804000)
 .config_00804000
                0x00804000        0x4 build/default/production/_ext/1171490990/initialization.o

.config_00804004
                0x00804004        0x4
 *(.config_00804004)
 .config_00804004
                0x00804004        0x4 build/default/production/_ext/1171490990/initialization.o

.vectors        0x00000000       0xa4
                0x00000000                . = ALIGN (0x4)
                0x00000000                _sfixed = .
 *(.vectors .vectors.* .vectors_default .vectors_default.*)
 .vectors       0x00000000       0xa4 build/default/production/_ext/1171490990/interrupts.o
                0x00000000                exception_table
 *(.isr_vector)
 *(.reset*)
 *(.after_vectors)

.text           0x000000a4       0x20
                0x000000a4                . = ALIGN (0x4)
 *(.glue_7t)
 .glue_7t       0x000000a4        0x0 linker stubs
 *(.glue_7)
 .glue_7        0x000000a4        0x0 linker stubs
 *(.gnu.linkonce.r.*)
 *(.ARM.extab* .gnu.linkonce.armextab.*)
                0x000000a4                . = ALIGN (0x4)
 *(.init)
 .init          0x000000a4        0x4 c:/program files (x86)/microchip/xc32/v2.30/bin/bin/../../lib/gcc/pic32c/6.2.1/crti.o
                0x000000a4                _init
 .init          0x000000a8        0x8 c:/program files (x86)/microchip/xc32/v2.30/bin/bin/../../lib/gcc/pic32c/6.2.1/crtn.o
                0x000000b0                . = ALIGN (0x4)
                0x000000b0                __preinit_array_start = .
 *(.preinit_array)
                0x000000b0                __preinit_array_end = .
                0x000000b0                . = ALIGN (0x4)
                0x000000b0                __init_array_start = .
 *(SORT(.init_array.*))
 *(.init_array)
 .init_array    0x000000b0        0x4 c:/program files (x86)/microchip/xc32/v2.30/bin/bin/../../lib/gcc/pic32c/6.2.1/crtbegin.o
                0x000000b4                __init_array_end = .
                0x000000b4                . = ALIGN (0x4)
 *crtbegin.o(.ctors)
 *(EXCLUDE_FILE(*crtend.o) .ctors)
 *(SORT(.ctors.*))
 *crtend.o(.ctors)
                0x000000b4                . = ALIGN (0x4)
 *(.fini)
 .fini          0x000000b4        0x4 c:/program files (x86)/microchip/xc32/v2.30/bin/bin/../../lib/gcc/pic32c/6.2.1/crti.o
                0x000000b4                _fini
 .fini          0x000000b8        0x8 c:/program files (x86)/microchip/xc32/v2.30/bin/bin/../../lib/gcc/pic32c/6.2.1/crtn.o
                0x000000c0                . = ALIGN (0x4)
                0x000000c0                __fini_array_start = .
 *(.fini_array)
 .fini_array    0x000000c0        0x4 c:/program files (x86)/microchip/xc32/v2.30/bin/bin/../../lib/gcc/pic32c/6.2.1/crtbegin.o
 *(SORT(.fini_array.*))
                0x000000c4                __fini_array_end = .
 *crtbegin.o(.dtors)
 *(EXCLUDE_FILE(*crtend.o) .dtors)
 *(SORT(.dtors.*))
 *crtend.o(.dtors)
                0x000000c4                . = ALIGN (0x4)
                0x000000c4                _efixed = .
                [!provide]                PROVIDE (__exidx_start, .)

.ARM.exidx
 *(.ARM.exidx* .gnu.linkonce.armexidx.*)
                [!provide]                PROVIDE (__exidx_end, .)
                0x000000c4                . = ALIGN (0x4)
                0x000000c4                _etext = .

.bss            0x20000000      0x610
                0x20000000                . = ALIGN (0x4)
                0x20000000                __bss_start__ = .
                0x20000000                _sbss = .
                0x20000000                _szero = .
 *(COMMON)
 COMMON         0x20000000       0xc0 build/default/production/_ext/60167341/plib_eic.o
                0x20000000                eicCallbackObject
 COMMON         0x200000c0        0x8 build/default/production/_ext/829342655/plib_tc0.o
                0x200000c0                TC0_CallbackObject
 COMMON         0x200000c8      0x3a4 build/default/production/_ext/840851172/int_globals.o
                0x200000c8                gasPRLRecvBuff
                0x20000110                gasPBIntPortParam
                0x20000130                gu8SetMCUidle
                0x20000131                gau8PortIdleTimerID
                0x20000134                gasChunkSM
                0x2000014c                gasTypeCcontrol
                0x2000016c                gsPBIntSysParam
                0x20000178                gasPolicy_Engine
                0x200001a0                gasPRL
                0x200001b8                gu8PBTimerID
                0x200001bc                gasDPM
                0x200001ec                gau8ISRPortState
                0x200001f0                gasExtendedMsgBuff
                0x20000408                gu8AttachSeq
                0x2000040c                gasPDTimers
 COMMON         0x2000046c      0x1a4 build/default/production/_ext/318156199/PSFSourcePro_BootCfg.o
                0x2000046c                gasCfgStatusData
                0x20000610                . = ALIGN (0x4)
                0x20000610                __bss_end__ = .
                0x20000610                _ebss = .
                0x20000610                _ezero = .
                0x20000610                . = ALIGN (0x4)
                0x20000610                _end = .
                0x20001fff                _ram_end_ = ((ORIGIN (ram) + LENGTH (ram)) - 0x1)
OUTPUT(dist/default/production/PSF_EVB_Source_Pro.X.production.elf elf32-littlearm)
LOAD stack
LOAD data_init

.ARM.attributes
                0x00000000       0x2a
 .ARM.attributes
                0x00000000       0x1e c:/program files (x86)/microchip/xc32/v2.30/bin/bin/../../lib/gcc/pic32c/6.2.1/crti.o
 .ARM.attributes
                0x0000001e       0x2c c:/program files (x86)/microchip/xc32/v2.30/bin/bin/../../lib/gcc/pic32c/6.2.1/crtbegin.o
 .ARM.attributes
                0x0000004a       0x32 build/default/production/_ext/1984496892/plib_clock.o
 .ARM.attributes
                0x0000007c       0x32 build/default/production/_ext/60167341/plib_eic.o
 .ARM.attributes
                0x000000ae       0x32 build/default/production/_ext/1865468468/plib_nvic.o
 .ARM.attributes
                0x000000e0       0x32 build/default/production/_ext/1593096446/plib_nvmctrl.o
 .ARM.attributes
                0x00000112       0x32 build/default/production/_ext/1865521619/plib_port.o
 .ARM.attributes
                0x00000144       0x32 build/default/production/_ext/1955509679/plib_sercom3_i2c.o
 .ARM.attributes
                0x00000176       0x32 build/default/production/_ext/1955867357/plib_sercom0_spi.o
 .ARM.attributes
                0x000001a8       0x32 build/default/production/_ext/829342655/plib_tc0.o
 .ARM.attributes
                0x000001da       0x32 build/default/production/_ext/1171490990/initialization.o
 .ARM.attributes
                0x0000020c       0x32 build/default/production/_ext/1171490990/interrupts.o
 .ARM.attributes
                0x0000023e       0x32 build/default/production/_ext/1171490990/exceptions.o
 .ARM.attributes
                0x00000270       0x32 build/default/production/_ext/1171490990/startup_xc32.o
 .ARM.attributes
                0x000002a2       0x32 build/default/production/_ext/318156199/PSFSourcePro_App.o
 .ARM.attributes
                0x000002d4       0x32 build/default/production/_ext/1671623073/Drivers.o
 .ARM.attributes
                0x00000306       0x32 build/default/production/_ext/1936174342/PB_Mngr.o
 .ARM.attributes
                0x00000338       0x32 build/default/production/_ext/1936174342/PB_Helper.o
 .ARM.attributes
                0x0000036a       0x32 build/default/production/_ext/840851172/int_globals.o
 .ARM.attributes
                0x0000039c       0x32 build/default/production/_ext/840851172/pd_main.o
 .ARM.attributes
                0x000003ce       0x32 build/default/production/_ext/840851172/pd_timer.o
 .ARM.attributes
                0x00000400       0x32 build/default/production/_ext/840851172/policy_engine.o
 .ARM.attributes
                0x00000432       0x32 build/default/production/_ext/840851172/policy_engine_snk.o
 .ARM.attributes
                0x00000464       0x32 build/default/production/_ext/840851172/policy_engine_src.o
 .ARM.attributes
                0x00000496       0x32 build/default/production/_ext/840851172/policy_manager.o
 .ARM.attributes
                0x000004c8       0x32 build/default/production/_ext/840851172/portpower_control.o
 .ARM.attributes
                0x000004fa       0x32 build/default/production/_ext/840851172/protocol_layer.o
 .ARM.attributes
                0x0000052c       0x32 build/default/production/_ext/840851172/typeC_control.o
 .ARM.attributes
                0x0000055e       0x32 build/default/production/_ext/840851172/upd_hw.o
 .ARM.attributes
                0x00000590       0x32 build/default/production/_ext/840851172/upd_interrupts.o
 .ARM.attributes
                0x000005c2       0x32 build/default/production/_ext/1360937237/main.o
 .ARM.attributes
                0x000005f4       0x32 build/default/production/_ext/318156199/PSFSourcePro_BootCfg.o
 .ARM.attributes
                0x00000626       0x2c c:/program files (x86)/microchip/xc32/v2.30/bin/bin/../../lib/gcc/pic32c/6.2.1/../../../../pic32c/lib\libpic32c.a(data_init.o)
 .ARM.attributes
                0x00000652       0x1e c:/program files (x86)/microchip/xc32/v2.30/bin/bin/../../lib/gcc/pic32c/6.2.1\libgcc.a(_thumb1_case_uqi.o)
 .ARM.attributes
                0x00000670       0x1e c:/program files (x86)/microchip/xc32/v2.30/bin/bin/../../lib/gcc/pic32c/6.2.1\libgcc.a(_thumb1_case_shi.o)
 .ARM.attributes
                0x0000068e       0x1e c:/program files (x86)/microchip/xc32/v2.30/bin/bin/../../lib/gcc/pic32c/6.2.1\libgcc.a(_thumb1_case_uhi.o)
 .ARM.attributes
                0x000006ac       0x1e c:/program files (x86)/microchip/xc32/v2.30/bin/bin/../../lib/gcc/pic32c/6.2.1\libgcc.a(_udivsi3.o)
 .ARM.attributes
                0x000006ca       0x1e c:/program files (x86)/microchip/xc32/v2.30/bin/bin/../../lib/gcc/pic32c/6.2.1\libgcc.a(_divsi3.o)
 .ARM.attributes
                0x000006e8       0x1e c:/program files (x86)/microchip/xc32/v2.30/bin/bin/../../lib/gcc/pic32c/6.2.1\libgcc.a(_dvmd_tls.o)
 .ARM.attributes
                0x00000706       0x2c c:/program files (x86)/microchip/xc32/v2.30/bin/bin/../../lib/gcc/pic32c/6.2.1\libgcc.a(_fixunssfsi.o)
 .ARM.attributes
                0x00000732       0x2c c:/program files (x86)/microchip/xc32/v2.30/bin/bin/../../lib/gcc/pic32c/6.2.1\libgcc.a(_fixunsdfsi.o)
 .ARM.attributes
                0x0000075e       0x2c c:/program files (x86)/microchip/xc32/v2.30/bin/bin/../../lib/gcc/pic32c/6.2.1\libgcc.a(divsf3.o)
 .ARM.attributes
                0x0000078a       0x2c c:/program files (x86)/microchip/xc32/v2.30/bin/bin/../../lib/gcc/pic32c/6.2.1\libgcc.a(mulsf3.o)
 .ARM.attributes
                0x000007b6       0x2c c:/program files (x86)/microchip/xc32/v2.30/bin/bin/../../lib/gcc/pic32c/6.2.1\libgcc.a(subsf3.o)
 .ARM.attributes
                0x000007e2       0x2c c:/program files (x86)/microchip/xc32/v2.30/bin/bin/../../lib/gcc/pic32c/6.2.1\libgcc.a(fixsfsi.o)
 .ARM.attributes
                0x0000080e       0x2c c:/program files (x86)/microchip/xc32/v2.30/bin/bin/../../lib/gcc/pic32c/6.2.1\libgcc.a(floatsisf.o)
 .ARM.attributes
                0x0000083a       0x2c c:/program files (x86)/microchip/xc32/v2.30/bin/bin/../../lib/gcc/pic32c/6.2.1\libgcc.a(floatunsisf.o)
 .ARM.attributes
                0x00000866       0x2c c:/program files (x86)/microchip/xc32/v2.30/bin/bin/../../lib/gcc/pic32c/6.2.1\libgcc.a(divdf3.o)
 .ARM.attributes
                0x00000892       0x2c c:/program files (x86)/microchip/xc32/v2.30/bin/bin/../../lib/gcc/pic32c/6.2.1\libgcc.a(muldf3.o)
 .ARM.attributes
                0x000008be       0x2c c:/program files (x86)/microchip/xc32/v2.30/bin/bin/../../lib/gcc/pic32c/6.2.1\libgcc.a(subdf3.o)
 .ARM.attributes
                0x000008ea       0x2c c:/program files (x86)/microchip/xc32/v2.30/bin/bin/../../lib/gcc/pic32c/6.2.1\libgcc.a(fixdfsi.o)
 .ARM.attributes
                0x00000916       0x2c c:/program files (x86)/microchip/xc32/v2.30/bin/bin/../../lib/gcc/pic32c/6.2.1\libgcc.a(floatsidf.o)
 .ARM.attributes
                0x00000942       0x2c c:/program files (x86)/microchip/xc32/v2.30/bin/bin/../../lib/gcc/pic32c/6.2.1\libgcc.a(extendsfdf2.o)
 .ARM.attributes
                0x0000096e       0x2c c:/program files (x86)/microchip/xc32/v2.30/bin/bin/../../lib/gcc/pic32c/6.2.1\libgcc.a(truncdfsf2.o)
 .ARM.attributes
                0x0000099a       0x1e c:/program files (x86)/microchip/xc32/v2.30/bin/bin/../../lib/gcc/pic32c/6.2.1\libgcc.a(_arm_cmpdf2.o)
 .ARM.attributes
                0x000009b8       0x1e c:/program files (x86)/microchip/xc32/v2.30/bin/bin/../../lib/gcc/pic32c/6.2.1\libgcc.a(_arm_cmpsf2.o)
 .ARM.attributes
                0x000009d6       0x1e c:/program files (x86)/microchip/xc32/v2.30/bin/bin/../../lib/gcc/pic32c/6.2.1\libgcc.a(_clzsi2.o)
 .ARM.attributes
                0x000009f4       0x2c c:/program files (x86)/microchip/xc32/v2.30/bin/bin/../../lib/gcc/pic32c/6.2.1\libgcc.a(eqsf2.o)
 .ARM.attributes
                0x00000a20       0x2c c:/program files (x86)/microchip/xc32/v2.30/bin/bin/../../lib/gcc/pic32c/6.2.1\libgcc.a(gesf2.o)
 .ARM.attributes
                0x00000a4c       0x2c c:/program files (x86)/microchip/xc32/v2.30/bin/bin/../../lib/gcc/pic32c/6.2.1\libgcc.a(lesf2.o)
 .ARM.attributes
                0x00000a78       0x2c c:/program files (x86)/microchip/xc32/v2.30/bin/bin/../../lib/gcc/pic32c/6.2.1\libgcc.a(eqdf2.o)
 .ARM.attributes
                0x00000aa4       0x2c c:/program files (x86)/microchip/xc32/v2.30/bin/bin/../../lib/gcc/pic32c/6.2.1\libgcc.a(gedf2.o)
 .ARM.attributes
                0x00000ad0       0x2c c:/program files (x86)/microchip/xc32/v2.30/bin/bin/../../lib/gcc/pic32c/6.2.1\libgcc.a(ledf2.o)
 .ARM.attributes
                0x00000afc       0x2c c:/program files (x86)/microchip/xc32/v2.30/bin/bin/../../lib/gcc/pic32c/6.2.1/../../../../pic32c/lib\libc.a(lib_a-init.o)
 .ARM.attributes
                0x00000b28       0x2c c:/program files (x86)/microchip/xc32/v2.30/bin/bin/../../lib/gcc/pic32c/6.2.1/../../../../pic32c/lib\libc.a(lib_a-memset.o)
 .ARM.attributes
                0x00000b54       0x1e c:/program files (x86)/microchip/xc32/v2.30/bin/bin/../../lib/gcc/pic32c/6.2.1/crtn.o

.comment        0x00000000       0x3c
 .comment       0x00000000       0x3c c:/program files (x86)/microchip/xc32/v2.30/bin/bin/../../lib/gcc/pic32c/6.2.1/crtbegin.o
                                 0x3d (size before relaxing)
 .comment       0x0000003c       0x3d build/default/production/_ext/1984496892/plib_clock.o
 .comment       0x0000003c       0x3d build/default/production/_ext/60167341/plib_eic.o
 .comment       0x0000003c       0x3d build/default/production/_ext/1865468468/plib_nvic.o
 .comment       0x0000003c       0x3d build/default/production/_ext/1593096446/plib_nvmctrl.o
 .comment       0x0000003c       0x3d build/default/production/_ext/1865521619/plib_port.o
 .comment       0x0000003c       0x3d build/default/production/_ext/1955509679/plib_sercom3_i2c.o
 .comment       0x0000003c       0x3d build/default/production/_ext/1955867357/plib_sercom0_spi.o
 .comment       0x0000003c       0x3d build/default/production/_ext/829342655/plib_tc0.o
 .comment       0x0000003c       0x3d build/default/production/_ext/1171490990/initialization.o
 .comment       0x0000003c       0x3d build/default/production/_ext/1171490990/interrupts.o
 .comment       0x0000003c       0x3d build/default/production/_ext/1171490990/exceptions.o
 .comment       0x0000003c       0x3d build/default/production/_ext/1171490990/startup_xc32.o
 .comment       0x0000003c       0x3d build/default/production/_ext/318156199/PSFSourcePro_App.o
 .comment       0x0000003c       0x3d build/default/production/_ext/1671623073/Drivers.o
 .comment       0x0000003c       0x3d build/default/production/_ext/1936174342/PB_Mngr.o
 .comment       0x0000003c       0x3d build/default/production/_ext/1936174342/PB_Helper.o
 .comment       0x0000003c       0x3d build/default/production/_ext/840851172/int_globals.o
 .comment       0x0000003c       0x3d build/default/production/_ext/840851172/pd_main.o
 .comment       0x0000003c       0x3d build/default/production/_ext/840851172/pd_timer.o
 .comment       0x0000003c       0x3d build/default/production/_ext/840851172/policy_engine.o
 .comment       0x0000003c       0x3d build/default/production/_ext/840851172/policy_engine_snk.o
 .comment       0x0000003c       0x3d build/default/production/_ext/840851172/policy_engine_src.o
 .comment       0x0000003c       0x3d build/default/production/_ext/840851172/policy_manager.o
 .comment       0x0000003c       0x3d build/default/production/_ext/840851172/portpower_control.o
 .comment       0x0000003c       0x3d build/default/production/_ext/840851172/protocol_layer.o
 .comment       0x0000003c       0x3d build/default/production/_ext/840851172/typeC_control.o
 .comment       0x0000003c       0x3d build/default/production/_ext/840851172/upd_hw.o
 .comment       0x0000003c       0x3d build/default/production/_ext/840851172/upd_interrupts.o
 .comment       0x0000003c       0x3d build/default/production/_ext/1360937237/main.o
 .comment       0x0000003c       0x3d build/default/production/_ext/318156199/PSFSourcePro_BootCfg.o
 .comment       0x0000003c       0x3d c:/program files (x86)/microchip/xc32/v2.30/bin/bin/../../lib/gcc/pic32c/6.2.1/../../../../pic32c/lib\libpic32c.a(data_init.o)
 .comment       0x0000003c       0x3d c:/program files (x86)/microchip/xc32/v2.30/bin/bin/../../lib/gcc/pic32c/6.2.1\libgcc.a(_fixunssfsi.o)
 .comment       0x0000003c       0x3d c:/program files (x86)/microchip/xc32/v2.30/bin/bin/../../lib/gcc/pic32c/6.2.1\libgcc.a(_fixunsdfsi.o)
 .comment       0x0000003c       0x3d c:/program files (x86)/microchip/xc32/v2.30/bin/bin/../../lib/gcc/pic32c/6.2.1\libgcc.a(divsf3.o)
 .comment       0x0000003c       0x3d c:/program files (x86)/microchip/xc32/v2.30/bin/bin/../../lib/gcc/pic32c/6.2.1\libgcc.a(mulsf3.o)
 .comment       0x0000003c       0x3d c:/program files (x86)/microchip/xc32/v2.30/bin/bin/../../lib/gcc/pic32c/6.2.1\libgcc.a(subsf3.o)
 .comment       0x0000003c       0x3d c:/program files (x86)/microchip/xc32/v2.30/bin/bin/../../lib/gcc/pic32c/6.2.1\libgcc.a(fixsfsi.o)
 .comment       0x0000003c       0x3d c:/program files (x86)/microchip/xc32/v2.30/bin/bin/../../lib/gcc/pic32c/6.2.1\libgcc.a(floatsisf.o)
 .comment       0x0000003c       0x3d c:/program files (x86)/microchip/xc32/v2.30/bin/bin/../../lib/gcc/pic32c/6.2.1\libgcc.a(floatunsisf.o)
 .comment       0x0000003c       0x3d c:/program files (x86)/microchip/xc32/v2.30/bin/bin/../../lib/gcc/pic32c/6.2.1\libgcc.a(divdf3.o)
 .comment       0x0000003c       0x3d c:/program files (x86)/microchip/xc32/v2.30/bin/bin/../../lib/gcc/pic32c/6.2.1\libgcc.a(muldf3.o)
 .comment       0x0000003c       0x3d c:/program files (x86)/microchip/xc32/v2.30/bin/bin/../../lib/gcc/pic32c/6.2.1\libgcc.a(subdf3.o)
 .comment       0x0000003c       0x3d c:/program files (x86)/microchip/xc32/v2.30/bin/bin/../../lib/gcc/pic32c/6.2.1\libgcc.a(fixdfsi.o)
 .comment       0x0000003c       0x3d c:/program files (x86)/microchip/xc32/v2.30/bin/bin/../../lib/gcc/pic32c/6.2.1\libgcc.a(floatsidf.o)
 .comment       0x0000003c       0x3d c:/program files (x86)/microchip/xc32/v2.30/bin/bin/../../lib/gcc/pic32c/6.2.1\libgcc.a(extendsfdf2.o)
 .comment       0x0000003c       0x3d c:/program files (x86)/microchip/xc32/v2.30/bin/bin/../../lib/gcc/pic32c/6.2.1\libgcc.a(truncdfsf2.o)
 .comment       0x0000003c       0x3d c:/program files (x86)/microchip/xc32/v2.30/bin/bin/../../lib/gcc/pic32c/6.2.1\libgcc.a(eqsf2.o)
 .comment       0x0000003c       0x3d c:/program files (x86)/microchip/xc32/v2.30/bin/bin/../../lib/gcc/pic32c/6.2.1\libgcc.a(gesf2.o)
 .comment       0x0000003c       0x3d c:/program files (x86)/microchip/xc32/v2.30/bin/bin/../../lib/gcc/pic32c/6.2.1\libgcc.a(lesf2.o)
 .comment       0x0000003c       0x3d c:/program files (x86)/microchip/xc32/v2.30/bin/bin/../../lib/gcc/pic32c/6.2.1\libgcc.a(eqdf2.o)
 .comment       0x0000003c       0x3d c:/program files (x86)/microchip/xc32/v2.30/bin/bin/../../lib/gcc/pic32c/6.2.1\libgcc.a(gedf2.o)
 .comment       0x0000003c       0x3d c:/program files (x86)/microchip/xc32/v2.30/bin/bin/../../lib/gcc/pic32c/6.2.1\libgcc.a(ledf2.o)
 .comment       0x0000003c       0x3d c:/program files (x86)/microchip/xc32/v2.30/bin/bin/../../lib/gcc/pic32c/6.2.1/../../../../pic32c/lib\libc.a(lib_a-init.o)
 .comment       0x0000003c       0x3d c:/program files (x86)/microchip/xc32/v2.30/bin/bin/../../lib/gcc/pic32c/6.2.1/../../../../pic32c/lib\libc.a(lib_a-memset.o)

.debug_info     0x00000000    0x53547
 .debug_info    0x00000000      0x95c build/default/production/_ext/1984496892/plib_clock.o
 .debug_info    0x0000095c      0x681 build/default/production/_ext/60167341/plib_eic.o
 .debug_info    0x00000fdd      0x834 build/default/production/_ext/1865468468/plib_nvic.o
 .debug_info    0x00001811     0x12c0 build/default/production/_ext/1593096446/plib_nvmctrl.o
 .debug_info    0x00002ad1      0x76d build/default/production/_ext/1865521619/plib_port.o
 .debug_info    0x0000323e     0x1113 build/default/production/_ext/1955509679/plib_sercom3_i2c.o
 .debug_info    0x00004351      0xe86 build/default/production/_ext/1955867357/plib_sercom0_spi.o
 .debug_info    0x000051d7      0xaf8 build/default/production/_ext/829342655/plib_tc0.o
 .debug_info    0x00005ccf      0x34c build/default/production/_ext/1171490990/initialization.o
 .debug_info    0x0000601b      0x765 build/default/production/_ext/1171490990/interrupts.o
 .debug_info    0x00006780      0x2ec build/default/production/_ext/1171490990/exceptions.o
 .debug_info    0x00006a6c      0x47b build/default/production/_ext/1171490990/startup_xc32.o
 .debug_info    0x00006ee7     0x33db build/default/production/_ext/318156199/PSFSourcePro_App.o
 .debug_info    0x0000a2c2     0x3c42 build/default/production/_ext/1671623073/Drivers.o
 .debug_info    0x0000df04     0x3379 build/default/production/_ext/1936174342/PB_Mngr.o
 .debug_info    0x0001127d     0x3be0 build/default/production/_ext/1936174342/PB_Helper.o
 .debug_info    0x00014e5d     0x3004 build/default/production/_ext/840851172/int_globals.o
 .debug_info    0x00017e61     0x310b build/default/production/_ext/840851172/pd_main.o
 .debug_info    0x0001af6c     0x305b build/default/production/_ext/840851172/pd_timer.o
 .debug_info    0x0001dfc7     0x3c3d build/default/production/_ext/840851172/policy_engine.o
 .debug_info    0x00021c04     0x350e build/default/production/_ext/840851172/policy_engine_snk.o
 .debug_info    0x00025112     0x39ab build/default/production/_ext/840851172/policy_engine_src.o
 .debug_info    0x00028abd     0x4615 build/default/production/_ext/840851172/policy_manager.o
 .debug_info    0x0002d0d2     0x33ab build/default/production/_ext/840851172/portpower_control.o
 .debug_info    0x0003047d     0x4b57 build/default/production/_ext/840851172/protocol_layer.o
 .debug_info    0x00034fd4     0x501e build/default/production/_ext/840851172/typeC_control.o
 .debug_info    0x00039ff2     0x4457 build/default/production/_ext/840851172/upd_hw.o
 .debug_info    0x0003e449     0x2ffe build/default/production/_ext/840851172/upd_interrupts.o
 .debug_info    0x00041447     0x39a1 build/default/production/_ext/1360937237/main.o
 .debug_info    0x00044de8     0x3c56 build/default/production/_ext/318156199/PSFSourcePro_BootCfg.o
 .debug_info    0x00048a3e      0x1f0 c:/program files (x86)/microchip/xc32/v2.30/bin/bin/../../lib/gcc/pic32c/6.2.1/../../../../pic32c/lib\libpic32c.a(data_init.o)
 .debug_info    0x00048c2e       0xee c:/program files (x86)/microchip/xc32/v2.30/bin/bin/../../lib/gcc/pic32c/6.2.1\libgcc.a(_thumb1_case_uqi.o)
 .debug_info    0x00048d1c       0xee c:/program files (x86)/microchip/xc32/v2.30/bin/bin/../../lib/gcc/pic32c/6.2.1\libgcc.a(_thumb1_case_shi.o)
 .debug_info    0x00048e0a       0xee c:/program files (x86)/microchip/xc32/v2.30/bin/bin/../../lib/gcc/pic32c/6.2.1\libgcc.a(_thumb1_case_uhi.o)
 .debug_info    0x00048ef8       0xee c:/program files (x86)/microchip/xc32/v2.30/bin/bin/../../lib/gcc/pic32c/6.2.1\libgcc.a(_udivsi3.o)
 .debug_info    0x00048fe6       0xee c:/program files (x86)/microchip/xc32/v2.30/bin/bin/../../lib/gcc/pic32c/6.2.1\libgcc.a(_divsi3.o)
 .debug_info    0x000490d4       0xee c:/program files (x86)/microchip/xc32/v2.30/bin/bin/../../lib/gcc/pic32c/6.2.1\libgcc.a(_dvmd_tls.o)
 .debug_info    0x000491c2     0x12a0 c:/program files (x86)/microchip/xc32/v2.30/bin/bin/../../lib/gcc/pic32c/6.2.1\libgcc.a(_fixunssfsi.o)
 .debug_info    0x0004a462     0x12a0 c:/program files (x86)/microchip/xc32/v2.30/bin/bin/../../lib/gcc/pic32c/6.2.1\libgcc.a(_fixunsdfsi.o)
 .debug_info    0x0004b702      0x58b c:/program files (x86)/microchip/xc32/v2.30/bin/bin/../../lib/gcc/pic32c/6.2.1\libgcc.a(divsf3.o)
 .debug_info    0x0004bc8d      0x5d5 c:/program files (x86)/microchip/xc32/v2.30/bin/bin/../../lib/gcc/pic32c/6.2.1\libgcc.a(mulsf3.o)
 .debug_info    0x0004c262      0x556 c:/program files (x86)/microchip/xc32/v2.30/bin/bin/../../lib/gcc/pic32c/6.2.1\libgcc.a(subsf3.o)
 .debug_info    0x0004c7b8      0x39d c:/program files (x86)/microchip/xc32/v2.30/bin/bin/../../lib/gcc/pic32c/6.2.1\libgcc.a(fixsfsi.o)
 .debug_info    0x0004cb55      0x477 c:/program files (x86)/microchip/xc32/v2.30/bin/bin/../../lib/gcc/pic32c/6.2.1\libgcc.a(floatsisf.o)
 .debug_info    0x0004cfcc      0x465 c:/program files (x86)/microchip/xc32/v2.30/bin/bin/../../lib/gcc/pic32c/6.2.1\libgcc.a(floatunsisf.o)
 .debug_info    0x0004d431      0x9c6 c:/program files (x86)/microchip/xc32/v2.30/bin/bin/../../lib/gcc/pic32c/6.2.1\libgcc.a(divdf3.o)
 .debug_info    0x0004ddf7      0xa41 c:/program files (x86)/microchip/xc32/v2.30/bin/bin/../../lib/gcc/pic32c/6.2.1\libgcc.a(muldf3.o)
 .debug_info    0x0004e838      0x7b0 c:/program files (x86)/microchip/xc32/v2.30/bin/bin/../../lib/gcc/pic32c/6.2.1\libgcc.a(subdf3.o)
 .debug_info    0x0004efe8      0x3bc c:/program files (x86)/microchip/xc32/v2.30/bin/bin/../../lib/gcc/pic32c/6.2.1\libgcc.a(fixdfsi.o)
 .debug_info    0x0004f3a4      0x4fc c:/program files (x86)/microchip/xc32/v2.30/bin/bin/../../lib/gcc/pic32c/6.2.1\libgcc.a(floatsidf.o)
 .debug_info    0x0004f8a0      0x47d c:/program files (x86)/microchip/xc32/v2.30/bin/bin/../../lib/gcc/pic32c/6.2.1\libgcc.a(extendsfdf2.o)
 .debug_info    0x0004fd1d      0x4ee c:/program files (x86)/microchip/xc32/v2.30/bin/bin/../../lib/gcc/pic32c/6.2.1\libgcc.a(truncdfsf2.o)
 .debug_info    0x0005020b       0xee c:/program files (x86)/microchip/xc32/v2.30/bin/bin/../../lib/gcc/pic32c/6.2.1\libgcc.a(_arm_cmpdf2.o)
 .debug_info    0x000502f9       0xee c:/program files (x86)/microchip/xc32/v2.30/bin/bin/../../lib/gcc/pic32c/6.2.1\libgcc.a(_arm_cmpsf2.o)
 .debug_info    0x000503e7       0xee c:/program files (x86)/microchip/xc32/v2.30/bin/bin/../../lib/gcc/pic32c/6.2.1\libgcc.a(_clzsi2.o)
 .debug_info    0x000504d5      0x3e0 c:/program files (x86)/microchip/xc32/v2.30/bin/bin/../../lib/gcc/pic32c/6.2.1\libgcc.a(eqsf2.o)
 .debug_info    0x000508b5      0x404 c:/program files (x86)/microchip/xc32/v2.30/bin/bin/../../lib/gcc/pic32c/6.2.1\libgcc.a(gesf2.o)
 .debug_info    0x00050cb9      0x408 c:/program files (x86)/microchip/xc32/v2.30/bin/bin/../../lib/gcc/pic32c/6.2.1\libgcc.a(lesf2.o)
 .debug_info    0x000510c1      0x413 c:/program files (x86)/microchip/xc32/v2.30/bin/bin/../../lib/gcc/pic32c/6.2.1\libgcc.a(eqdf2.o)
 .debug_info    0x000514d4      0x43f c:/program files (x86)/microchip/xc32/v2.30/bin/bin/../../lib/gcc/pic32c/6.2.1\libgcc.a(gedf2.o)
 .debug_info    0x00051913      0x437 c:/program files (x86)/microchip/xc32/v2.30/bin/bin/../../lib/gcc/pic32c/6.2.1\libgcc.a(ledf2.o)
 .debug_info    0x00051d4a      0x354 c:/program files (x86)/microchip/xc32/v2.30/bin/bin/../../lib/gcc/pic32c/6.2.1/../../../../pic32c/lib\libc.a(lib_a-init.o)
 .debug_info    0x0005209e     0x14a9 c:/program files (x86)/microchip/xc32/v2.30/bin/bin/../../lib/gcc/pic32c/6.2.1/../../../../pic32c/lib\libc.a(lib_a-memset.o)

.debug_abbrev   0x00000000     0x5fd3
 .debug_abbrev  0x00000000      0x12a build/default/production/_ext/1984496892/plib_clock.o
 .debug_abbrev  0x0000012a      0x177 build/default/production/_ext/60167341/plib_eic.o
 .debug_abbrev  0x000002a1      0x155 build/default/production/_ext/1865468468/plib_nvic.o
 .debug_abbrev  0x000003f6      0x26a build/default/production/_ext/1593096446/plib_nvmctrl.o
 .debug_abbrev  0x00000660      0x14f build/default/production/_ext/1865521619/plib_port.o
 .debug_abbrev  0x000007af      0x28d build/default/production/_ext/1955509679/plib_sercom3_i2c.o
 .debug_abbrev  0x00000a3c      0x1d9 build/default/production/_ext/1955867357/plib_sercom0_spi.o
 .debug_abbrev  0x00000c15      0x1a9 build/default/production/_ext/829342655/plib_tc0.o
 .debug_abbrev  0x00000dbe       0x80 build/default/production/_ext/1171490990/initialization.o
 .debug_abbrev  0x00000e3e       0x94 build/default/production/_ext/1171490990/interrupts.o
 .debug_abbrev  0x00000ed2       0x39 build/default/production/_ext/1171490990/exceptions.o
 .debug_abbrev  0x00000f0b       0xe7 build/default/production/_ext/1171490990/startup_xc32.o
 .debug_abbrev  0x00000ff2      0x28d build/default/production/_ext/318156199/PSFSourcePro_App.o
 .debug_abbrev  0x0000127f      0x3e7 build/default/production/_ext/1671623073/Drivers.o
 .debug_abbrev  0x00001666      0x20c build/default/production/_ext/1936174342/PB_Mngr.o
 .debug_abbrev  0x00001872      0x37c build/default/production/_ext/1936174342/PB_Helper.o
 .debug_abbrev  0x00001bee      0x202 build/default/production/_ext/840851172/int_globals.o
 .debug_abbrev  0x00001df0      0x238 build/default/production/_ext/840851172/pd_main.o
 .debug_abbrev  0x00002028      0x22e build/default/production/_ext/840851172/pd_timer.o
 .debug_abbrev  0x00002256      0x3b4 build/default/production/_ext/840851172/policy_engine.o
 .debug_abbrev  0x0000260a      0x272 build/default/production/_ext/840851172/policy_engine_snk.o
 .debug_abbrev  0x0000287c      0x254 build/default/production/_ext/840851172/policy_engine_src.o
 .debug_abbrev  0x00002ad0      0x466 build/default/production/_ext/840851172/policy_manager.o
 .debug_abbrev  0x00002f36      0x2a0 build/default/production/_ext/840851172/portpower_control.o
 .debug_abbrev  0x000031d6      0x3e9 build/default/production/_ext/840851172/protocol_layer.o
 .debug_abbrev  0x000035bf      0x3bb build/default/production/_ext/840851172/typeC_control.o
 .debug_abbrev  0x0000397a      0x377 build/default/production/_ext/840851172/upd_hw.o
 .debug_abbrev  0x00003cf1      0x1ee build/default/production/_ext/840851172/upd_interrupts.o
 .debug_abbrev  0x00003edf      0x25c build/default/production/_ext/1360937237/main.o
 .debug_abbrev  0x0000413b      0x299 build/default/production/_ext/318156199/PSFSourcePro_BootCfg.o
 .debug_abbrev  0x000043d4       0x2a c:/program files (x86)/microchip/xc32/v2.30/bin/bin/../../lib/gcc/pic32c/6.2.1/../../../../pic32c/lib\libpic32c.a(data_init.o)
 .debug_abbrev  0x000043fe       0x14 c:/program files (x86)/microchip/xc32/v2.30/bin/bin/../../lib/gcc/pic32c/6.2.1\libgcc.a(_thumb1_case_uqi.o)
 .debug_abbrev  0x00004412       0x14 c:/program files (x86)/microchip/xc32/v2.30/bin/bin/../../lib/gcc/pic32c/6.2.1\libgcc.a(_thumb1_case_shi.o)
 .debug_abbrev  0x00004426       0x14 c:/program files (x86)/microchip/xc32/v2.30/bin/bin/../../lib/gcc/pic32c/6.2.1\libgcc.a(_thumb1_case_uhi.o)
 .debug_abbrev  0x0000443a       0x14 c:/program files (x86)/microchip/xc32/v2.30/bin/bin/../../lib/gcc/pic32c/6.2.1\libgcc.a(_udivsi3.o)
 .debug_abbrev  0x0000444e       0x14 c:/program files (x86)/microchip/xc32/v2.30/bin/bin/../../lib/gcc/pic32c/6.2.1\libgcc.a(_divsi3.o)
 .debug_abbrev  0x00004462       0x14 c:/program files (x86)/microchip/xc32/v2.30/bin/bin/../../lib/gcc/pic32c/6.2.1\libgcc.a(_dvmd_tls.o)
 .debug_abbrev  0x00004476      0x11b c:/program files (x86)/microchip/xc32/v2.30/bin/bin/../../lib/gcc/pic32c/6.2.1\libgcc.a(_fixunssfsi.o)
 .debug_abbrev  0x00004591      0x11b c:/program files (x86)/microchip/xc32/v2.30/bin/bin/../../lib/gcc/pic32c/6.2.1\libgcc.a(_fixunsdfsi.o)
 .debug_abbrev  0x000046ac      0x135 c:/program files (x86)/microchip/xc32/v2.30/bin/bin/../../lib/gcc/pic32c/6.2.1\libgcc.a(divsf3.o)
 .debug_abbrev  0x000047e1      0x13c c:/program files (x86)/microchip/xc32/v2.30/bin/bin/../../lib/gcc/pic32c/6.2.1\libgcc.a(mulsf3.o)
 .debug_abbrev  0x0000491d      0x149 c:/program files (x86)/microchip/xc32/v2.30/bin/bin/../../lib/gcc/pic32c/6.2.1\libgcc.a(subsf3.o)
 .debug_abbrev  0x00004a66      0x12e c:/program files (x86)/microchip/xc32/v2.30/bin/bin/../../lib/gcc/pic32c/6.2.1\libgcc.a(fixsfsi.o)
 .debug_abbrev  0x00004b94      0x12d c:/program files (x86)/microchip/xc32/v2.30/bin/bin/../../lib/gcc/pic32c/6.2.1\libgcc.a(floatsisf.o)
 .debug_abbrev  0x00004cc1      0x12d c:/program files (x86)/microchip/xc32/v2.30/bin/bin/../../lib/gcc/pic32c/6.2.1\libgcc.a(floatunsisf.o)
 .debug_abbrev  0x00004dee      0x143 c:/program files (x86)/microchip/xc32/v2.30/bin/bin/../../lib/gcc/pic32c/6.2.1\libgcc.a(divdf3.o)
 .debug_abbrev  0x00004f31      0x14a c:/program files (x86)/microchip/xc32/v2.30/bin/bin/../../lib/gcc/pic32c/6.2.1\libgcc.a(muldf3.o)
 .debug_abbrev  0x0000507b      0x150 c:/program files (x86)/microchip/xc32/v2.30/bin/bin/../../lib/gcc/pic32c/6.2.1\libgcc.a(subdf3.o)
 .debug_abbrev  0x000051cb      0x12c c:/program files (x86)/microchip/xc32/v2.30/bin/bin/../../lib/gcc/pic32c/6.2.1\libgcc.a(fixdfsi.o)
 .debug_abbrev  0x000052f7      0x118 c:/program files (x86)/microchip/xc32/v2.30/bin/bin/../../lib/gcc/pic32c/6.2.1\libgcc.a(floatsidf.o)
 .debug_abbrev  0x0000540f      0x114 c:/program files (x86)/microchip/xc32/v2.30/bin/bin/../../lib/gcc/pic32c/6.2.1\libgcc.a(extendsfdf2.o)
 .debug_abbrev  0x00005523      0x10e c:/program files (x86)/microchip/xc32/v2.30/bin/bin/../../lib/gcc/pic32c/6.2.1\libgcc.a(truncdfsf2.o)
 .debug_abbrev  0x00005631       0x14 c:/program files (x86)/microchip/xc32/v2.30/bin/bin/../../lib/gcc/pic32c/6.2.1\libgcc.a(_arm_cmpdf2.o)
 .debug_abbrev  0x00005645       0x14 c:/program files (x86)/microchip/xc32/v2.30/bin/bin/../../lib/gcc/pic32c/6.2.1\libgcc.a(_arm_cmpsf2.o)
 .debug_abbrev  0x00005659       0x14 c:/program files (x86)/microchip/xc32/v2.30/bin/bin/../../lib/gcc/pic32c/6.2.1\libgcc.a(_clzsi2.o)
 .debug_abbrev  0x0000566d      0x128 c:/program files (x86)/microchip/xc32/v2.30/bin/bin/../../lib/gcc/pic32c/6.2.1\libgcc.a(eqsf2.o)
 .debug_abbrev  0x00005795      0x12a c:/program files (x86)/microchip/xc32/v2.30/bin/bin/../../lib/gcc/pic32c/6.2.1\libgcc.a(gesf2.o)
 .debug_abbrev  0x000058bf      0x135 c:/program files (x86)/microchip/xc32/v2.30/bin/bin/../../lib/gcc/pic32c/6.2.1\libgcc.a(lesf2.o)
 .debug_abbrev  0x000059f4      0x128 c:/program files (x86)/microchip/xc32/v2.30/bin/bin/../../lib/gcc/pic32c/6.2.1\libgcc.a(eqdf2.o)
 .debug_abbrev  0x00005b1c      0x135 c:/program files (x86)/microchip/xc32/v2.30/bin/bin/../../lib/gcc/pic32c/6.2.1\libgcc.a(gedf2.o)
 .debug_abbrev  0x00005c51      0x12a c:/program files (x86)/microchip/xc32/v2.30/bin/bin/../../lib/gcc/pic32c/6.2.1\libgcc.a(ledf2.o)
 .debug_abbrev  0x00005d7b       0xa3 c:/program files (x86)/microchip/xc32/v2.30/bin/bin/../../lib/gcc/pic32c/6.2.1/../../../../pic32c/lib\libc.a(lib_a-init.o)
 .debug_abbrev  0x00005e1e      0x1b5 c:/program files (x86)/microchip/xc32/v2.30/bin/bin/../../lib/gcc/pic32c/6.2.1/../../../../pic32c/lib\libc.a(lib_a-memset.o)

.debug_loc      0x00000000     0xf67d
 .debug_loc     0x00000000       0x5a build/default/production/_ext/1984496892/plib_clock.o
 .debug_loc     0x0000005a       0xb0 build/default/production/_ext/60167341/plib_eic.o
 .debug_loc     0x0000010a       0xf0 build/default/production/_ext/1865468468/plib_nvic.o
 .debug_loc     0x000001fa      0x19d build/default/production/_ext/1593096446/plib_nvmctrl.o
 .debug_loc     0x00000397       0xa4 build/default/production/_ext/1865521619/plib_port.o
 .debug_loc     0x0000043b      0x320 build/default/production/_ext/1955509679/plib_sercom3_i2c.o
 .debug_loc     0x0000075b      0x46d build/default/production/_ext/1955867357/plib_sercom0_spi.o
 .debug_loc     0x00000bc8       0x33 build/default/production/_ext/829342655/plib_tc0.o
 .debug_loc     0x00000bfb       0x41 build/default/production/_ext/1171490990/initialization.o
 .debug_loc     0x00000c3c       0x20 build/default/production/_ext/1171490990/startup_xc32.o
 .debug_loc     0x00000c5c      0x20c build/default/production/_ext/318156199/PSFSourcePro_App.o
 .debug_loc     0x00000e68      0x4c8 build/default/production/_ext/1671623073/Drivers.o
 .debug_loc     0x00001330      0x3f4 build/default/production/_ext/1936174342/PB_Mngr.o
 .debug_loc     0x00001724      0xe2b build/default/production/_ext/1936174342/PB_Helper.o
 .debug_loc     0x0000254f       0x4c build/default/production/_ext/840851172/int_globals.o
 .debug_loc     0x0000259b      0x152 build/default/production/_ext/840851172/pd_main.o
 .debug_loc     0x000026ed      0x2c4 build/default/production/_ext/840851172/pd_timer.o
 .debug_loc     0x000029b1      0xd60 build/default/production/_ext/840851172/policy_engine.o
 .debug_loc     0x00003711      0x29c build/default/production/_ext/840851172/policy_engine_snk.o
 .debug_loc     0x000039ad      0x5c7 build/default/production/_ext/840851172/policy_engine_src.o
 .debug_loc     0x00003f74     0x1333 build/default/production/_ext/840851172/policy_manager.o
 .debug_loc     0x000052a7      0x3ef build/default/production/_ext/840851172/portpower_control.o
 .debug_loc     0x00005696     0x16a5 build/default/production/_ext/840851172/protocol_layer.o
 .debug_loc     0x00006d3b     0x102d build/default/production/_ext/840851172/typeC_control.o
 .debug_loc     0x00007d68     0x100b build/default/production/_ext/840851172/upd_hw.o
 .debug_loc     0x00008d73       0x41 build/default/production/_ext/840851172/upd_interrupts.o
 .debug_loc     0x00008db4       0x20 build/default/production/_ext/1360937237/main.o
 .debug_loc     0x00008dd4       0x34 build/default/production/_ext/318156199/PSFSourcePro_BootCfg.o
 .debug_loc     0x00008e08       0x14 c:/program files (x86)/microchip/xc32/v2.30/bin/bin/../../lib/gcc/pic32c/6.2.1/../../../../pic32c/lib\libpic32c.a(data_init.o)
 .debug_loc     0x00008e1c       0x5a c:/program files (x86)/microchip/xc32/v2.30/bin/bin/../../lib/gcc/pic32c/6.2.1\libgcc.a(_fixunssfsi.o)
 .debug_loc     0x00008e76       0x49 c:/program files (x86)/microchip/xc32/v2.30/bin/bin/../../lib/gcc/pic32c/6.2.1\libgcc.a(_fixunsdfsi.o)
 .debug_loc     0x00008ebf      0x6a6 c:/program files (x86)/microchip/xc32/v2.30/bin/bin/../../lib/gcc/pic32c/6.2.1\libgcc.a(divsf3.o)
 .debug_loc     0x00009565      0x791 c:/program files (x86)/microchip/xc32/v2.30/bin/bin/../../lib/gcc/pic32c/6.2.1\libgcc.a(mulsf3.o)
 .debug_loc     0x00009cf6      0xb1b c:/program files (x86)/microchip/xc32/v2.30/bin/bin/../../lib/gcc/pic32c/6.2.1\libgcc.a(subsf3.o)
 .debug_loc     0x0000a811       0xe7 c:/program files (x86)/microchip/xc32/v2.30/bin/bin/../../lib/gcc/pic32c/6.2.1\libgcc.a(fixsfsi.o)
 .debug_loc     0x0000a8f8      0x180 c:/program files (x86)/microchip/xc32/v2.30/bin/bin/../../lib/gcc/pic32c/6.2.1\libgcc.a(floatsisf.o)
 .debug_loc     0x0000aa78      0x150 c:/program files (x86)/microchip/xc32/v2.30/bin/bin/../../lib/gcc/pic32c/6.2.1\libgcc.a(floatunsisf.o)
 .debug_loc     0x0000abc8     0x1513 c:/program files (x86)/microchip/xc32/v2.30/bin/bin/../../lib/gcc/pic32c/6.2.1\libgcc.a(divdf3.o)
 .debug_loc     0x0000c0db      0xfde c:/program files (x86)/microchip/xc32/v2.30/bin/bin/../../lib/gcc/pic32c/6.2.1\libgcc.a(muldf3.o)
 .debug_loc     0x0000d0b9     0x1362 c:/program files (x86)/microchip/xc32/v2.30/bin/bin/../../lib/gcc/pic32c/6.2.1\libgcc.a(subdf3.o)
 .debug_loc     0x0000e41b      0x131 c:/program files (x86)/microchip/xc32/v2.30/bin/bin/../../lib/gcc/pic32c/6.2.1\libgcc.a(fixdfsi.o)
 .debug_loc     0x0000e54c      0x1c1 c:/program files (x86)/microchip/xc32/v2.30/bin/bin/../../lib/gcc/pic32c/6.2.1\libgcc.a(floatsidf.o)
 .debug_loc     0x0000e70d      0x260 c:/program files (x86)/microchip/xc32/v2.30/bin/bin/../../lib/gcc/pic32c/6.2.1\libgcc.a(extendsfdf2.o)
 .debug_loc     0x0000e96d      0x2e6 c:/program files (x86)/microchip/xc32/v2.30/bin/bin/../../lib/gcc/pic32c/6.2.1\libgcc.a(truncdfsf2.o)
 .debug_loc     0x0000ec53       0xb8 c:/program files (x86)/microchip/xc32/v2.30/bin/bin/../../lib/gcc/pic32c/6.2.1\libgcc.a(eqsf2.o)
 .debug_loc     0x0000ed0b      0x1ca c:/program files (x86)/microchip/xc32/v2.30/bin/bin/../../lib/gcc/pic32c/6.2.1\libgcc.a(gesf2.o)
 .debug_loc     0x0000eed5      0x163 c:/program files (x86)/microchip/xc32/v2.30/bin/bin/../../lib/gcc/pic32c/6.2.1\libgcc.a(lesf2.o)
 .debug_loc     0x0000f038      0x120 c:/program files (x86)/microchip/xc32/v2.30/bin/bin/../../lib/gcc/pic32c/6.2.1\libgcc.a(eqdf2.o)
 .debug_loc     0x0000f158      0x26c c:/program files (x86)/microchip/xc32/v2.30/bin/bin/../../lib/gcc/pic32c/6.2.1\libgcc.a(gedf2.o)
 .debug_loc     0x0000f3c4      0x1d5 c:/program files (x86)/microchip/xc32/v2.30/bin/bin/../../lib/gcc/pic32c/6.2.1\libgcc.a(ledf2.o)
 .debug_loc     0x0000f599       0x72 c:/program files (x86)/microchip/xc32/v2.30/bin/bin/../../lib/gcc/pic32c/6.2.1/../../../../pic32c/lib\libc.a(lib_a-init.o)
 .debug_loc     0x0000f60b       0x72 c:/program files (x86)/microchip/xc32/v2.30/bin/bin/../../lib/gcc/pic32c/6.2.1/../../../../pic32c/lib\libc.a(lib_a-memset.o)

.debug_aranges  0x00000000      0xf20
 .debug_aranges
                0x00000000       0x20 build/default/production/_ext/1984496892/plib_clock.o
 .debug_aranges
                0x00000020       0x40 build/default/production/_ext/60167341/plib_eic.o
 .debug_aranges
                0x00000060       0x20 build/default/production/_ext/1865468468/plib_nvic.o
 .debug_aranges
                0x00000080       0x60 build/default/production/_ext/1593096446/plib_nvmctrl.o
 .debug_aranges
                0x000000e0       0x60 build/default/production/_ext/1865521619/plib_port.o
 .debug_aranges
                0x00000140       0x68 build/default/production/_ext/1955509679/plib_sercom3_i2c.o
 .debug_aranges
                0x000001a8       0x40 build/default/production/_ext/1955867357/plib_sercom0_spi.o
 .debug_aranges
                0x000001e8       0x68 build/default/production/_ext/829342655/plib_tc0.o
 .debug_aranges
                0x00000250       0x20 build/default/production/_ext/1171490990/initialization.o
 .debug_aranges
                0x00000270       0x20 build/default/production/_ext/1171490990/interrupts.o
 .debug_aranges
                0x00000290       0x28 build/default/production/_ext/1171490990/exceptions.o
 .debug_aranges
                0x000002b8       0x20 build/default/production/_ext/1171490990/startup_xc32.o
 .debug_aranges
                0x000002d8       0x30 build/default/production/_ext/318156199/PSFSourcePro_App.o
 .debug_aranges
                0x00000308       0x88 build/default/production/_ext/1671623073/Drivers.o
 .debug_aranges
                0x00000390       0x20 build/default/production/_ext/1936174342/PB_Mngr.o
 .debug_aranges
                0x000003b0       0xc8 build/default/production/_ext/1936174342/PB_Helper.o
 .debug_aranges
                0x00000478       0x20 build/default/production/_ext/840851172/int_globals.o
 .debug_aranges
                0x00000498       0x38 build/default/production/_ext/840851172/pd_main.o
 .debug_aranges
                0x000004d0       0x48 build/default/production/_ext/840851172/pd_timer.o
 .debug_aranges
                0x00000518       0xb8 build/default/production/_ext/840851172/policy_engine.o
 .debug_aranges
                0x000005d0       0x20 build/default/production/_ext/840851172/policy_engine_snk.o
 .debug_aranges
                0x000005f0       0x20 build/default/production/_ext/840851172/policy_engine_src.o
 .debug_aranges
                0x00000610      0x130 build/default/production/_ext/840851172/policy_manager.o
 .debug_aranges
                0x00000740       0x40 build/default/production/_ext/840851172/portpower_control.o
 .debug_aranges
                0x00000780      0x130 build/default/production/_ext/840851172/protocol_layer.o
 .debug_aranges
                0x000008b0       0xe8 build/default/production/_ext/840851172/typeC_control.o
 .debug_aranges
                0x00000998      0x108 build/default/production/_ext/840851172/upd_hw.o
 .debug_aranges
                0x00000aa0       0x20 build/default/production/_ext/840851172/upd_interrupts.o
 .debug_aranges
                0x00000ac0       0x20 build/default/production/_ext/1360937237/main.o
 .debug_aranges
                0x00000ae0       0x20 build/default/production/_ext/318156199/PSFSourcePro_BootCfg.o
 .debug_aranges
                0x00000b00       0x20 c:/program files (x86)/microchip/xc32/v2.30/bin/bin/../../lib/gcc/pic32c/6.2.1/../../../../pic32c/lib\libpic32c.a(data_init.o)
 .debug_aranges
                0x00000b20       0x20 c:/program files (x86)/microchip/xc32/v2.30/bin/bin/../../lib/gcc/pic32c/6.2.1\libgcc.a(_thumb1_case_uqi.o)
 .debug_aranges
                0x00000b40       0x20 c:/program files (x86)/microchip/xc32/v2.30/bin/bin/../../lib/gcc/pic32c/6.2.1\libgcc.a(_thumb1_case_shi.o)
 .debug_aranges
                0x00000b60       0x20 c:/program files (x86)/microchip/xc32/v2.30/bin/bin/../../lib/gcc/pic32c/6.2.1\libgcc.a(_thumb1_case_uhi.o)
 .debug_aranges
                0x00000b80       0x20 c:/program files (x86)/microchip/xc32/v2.30/bin/bin/../../lib/gcc/pic32c/6.2.1\libgcc.a(_udivsi3.o)
 .debug_aranges
                0x00000ba0       0x20 c:/program files (x86)/microchip/xc32/v2.30/bin/bin/../../lib/gcc/pic32c/6.2.1\libgcc.a(_divsi3.o)
 .debug_aranges
                0x00000bc0       0x20 c:/program files (x86)/microchip/xc32/v2.30/bin/bin/../../lib/gcc/pic32c/6.2.1\libgcc.a(_dvmd_tls.o)
 .debug_aranges
                0x00000be0       0x20 c:/program files (x86)/microchip/xc32/v2.30/bin/bin/../../lib/gcc/pic32c/6.2.1\libgcc.a(_fixunssfsi.o)
 .debug_aranges
                0x00000c00       0x20 c:/program files (x86)/microchip/xc32/v2.30/bin/bin/../../lib/gcc/pic32c/6.2.1\libgcc.a(_fixunsdfsi.o)
 .debug_aranges
                0x00000c20       0x20 c:/program files (x86)/microchip/xc32/v2.30/bin/bin/../../lib/gcc/pic32c/6.2.1\libgcc.a(divsf3.o)
 .debug_aranges
                0x00000c40       0x20 c:/program files (x86)/microchip/xc32/v2.30/bin/bin/../../lib/gcc/pic32c/6.2.1\libgcc.a(mulsf3.o)
 .debug_aranges
                0x00000c60       0x20 c:/program files (x86)/microchip/xc32/v2.30/bin/bin/../../lib/gcc/pic32c/6.2.1\libgcc.a(subsf3.o)
 .debug_aranges
                0x00000c80       0x20 c:/program files (x86)/microchip/xc32/v2.30/bin/bin/../../lib/gcc/pic32c/6.2.1\libgcc.a(fixsfsi.o)
 .debug_aranges
                0x00000ca0       0x20 c:/program files (x86)/microchip/xc32/v2.30/bin/bin/../../lib/gcc/pic32c/6.2.1\libgcc.a(floatsisf.o)
 .debug_aranges
                0x00000cc0       0x20 c:/program files (x86)/microchip/xc32/v2.30/bin/bin/../../lib/gcc/pic32c/6.2.1\libgcc.a(floatunsisf.o)
 .debug_aranges
                0x00000ce0       0x20 c:/program files (x86)/microchip/xc32/v2.30/bin/bin/../../lib/gcc/pic32c/6.2.1\libgcc.a(divdf3.o)
 .debug_aranges
                0x00000d00       0x20 c:/program files (x86)/microchip/xc32/v2.30/bin/bin/../../lib/gcc/pic32c/6.2.1\libgcc.a(muldf3.o)
 .debug_aranges
                0x00000d20       0x20 c:/program files (x86)/microchip/xc32/v2.30/bin/bin/../../lib/gcc/pic32c/6.2.1\libgcc.a(subdf3.o)
 .debug_aranges
                0x00000d40       0x20 c:/program files (x86)/microchip/xc32/v2.30/bin/bin/../../lib/gcc/pic32c/6.2.1\libgcc.a(fixdfsi.o)
 .debug_aranges
                0x00000d60       0x20 c:/program files (x86)/microchip/xc32/v2.30/bin/bin/../../lib/gcc/pic32c/6.2.1\libgcc.a(floatsidf.o)
 .debug_aranges
                0x00000d80       0x20 c:/program files (x86)/microchip/xc32/v2.30/bin/bin/../../lib/gcc/pic32c/6.2.1\libgcc.a(extendsfdf2.o)
 .debug_aranges
                0x00000da0       0x20 c:/program files (x86)/microchip/xc32/v2.30/bin/bin/../../lib/gcc/pic32c/6.2.1\libgcc.a(truncdfsf2.o)
 .debug_aranges
                0x00000dc0       0x20 c:/program files (x86)/microchip/xc32/v2.30/bin/bin/../../lib/gcc/pic32c/6.2.1\libgcc.a(_arm_cmpdf2.o)
 .debug_aranges
                0x00000de0       0x20 c:/program files (x86)/microchip/xc32/v2.30/bin/bin/../../lib/gcc/pic32c/6.2.1\libgcc.a(_arm_cmpsf2.o)
 .debug_aranges
                0x00000e00       0x20 c:/program files (x86)/microchip/xc32/v2.30/bin/bin/../../lib/gcc/pic32c/6.2.1\libgcc.a(_clzsi2.o)
 .debug_aranges
                0x00000e20       0x20 c:/program files (x86)/microchip/xc32/v2.30/bin/bin/../../lib/gcc/pic32c/6.2.1\libgcc.a(eqsf2.o)
 .debug_aranges
                0x00000e40       0x20 c:/program files (x86)/microchip/xc32/v2.30/bin/bin/../../lib/gcc/pic32c/6.2.1\libgcc.a(gesf2.o)
 .debug_aranges
                0x00000e60       0x20 c:/program files (x86)/microchip/xc32/v2.30/bin/bin/../../lib/gcc/pic32c/6.2.1\libgcc.a(lesf2.o)
 .debug_aranges
                0x00000e80       0x20 c:/program files (x86)/microchip/xc32/v2.30/bin/bin/../../lib/gcc/pic32c/6.2.1\libgcc.a(eqdf2.o)
 .debug_aranges
                0x00000ea0       0x20 c:/program files (x86)/microchip/xc32/v2.30/bin/bin/../../lib/gcc/pic32c/6.2.1\libgcc.a(gedf2.o)
 .debug_aranges
                0x00000ec0       0x20 c:/program files (x86)/microchip/xc32/v2.30/bin/bin/../../lib/gcc/pic32c/6.2.1\libgcc.a(ledf2.o)
 .debug_aranges
                0x00000ee0       0x20 c:/program files (x86)/microchip/xc32/v2.30/bin/bin/../../lib/gcc/pic32c/6.2.1/../../../../pic32c/lib\libc.a(lib_a-init.o)
 .debug_aranges
                0x00000f00       0x20 c:/program files (x86)/microchip/xc32/v2.30/bin/bin/../../lib/gcc/pic32c/6.2.1/../../../../pic32c/lib\libc.a(lib_a-memset.o)

.debug_ranges   0x00000000     0x15d8
 .debug_ranges  0x00000000       0x40 build/default/production/_ext/1984496892/plib_clock.o
 .debug_ranges  0x00000040       0x30 build/default/production/_ext/60167341/plib_eic.o
 .debug_ranges  0x00000070       0x90 build/default/production/_ext/1865468468/plib_nvic.o
 .debug_ranges  0x00000100       0x50 build/default/production/_ext/1593096446/plib_nvmctrl.o
 .debug_ranges  0x00000150       0x50 build/default/production/_ext/1865521619/plib_port.o
 .debug_ranges  0x000001a0       0x70 build/default/production/_ext/1955509679/plib_sercom3_i2c.o
 .debug_ranges  0x00000210       0x30 build/default/production/_ext/1955867357/plib_sercom0_spi.o
 .debug_ranges  0x00000240       0x58 build/default/production/_ext/829342655/plib_tc0.o
 .debug_ranges  0x00000298       0x10 build/default/production/_ext/1171490990/initialization.o
 .debug_ranges  0x000002a8       0x10 build/default/production/_ext/1171490990/interrupts.o
 .debug_ranges  0x000002b8       0x18 build/default/production/_ext/1171490990/exceptions.o
 .debug_ranges  0x000002d0       0x10 build/default/production/_ext/1171490990/startup_xc32.o
 .debug_ranges  0x000002e0       0x38 build/default/production/_ext/318156199/PSFSourcePro_App.o
 .debug_ranges  0x00000318       0xb0 build/default/production/_ext/1671623073/Drivers.o
 .debug_ranges  0x000003c8       0x10 build/default/production/_ext/1936174342/PB_Mngr.o
 .debug_ranges  0x000003d8       0xe8 build/default/production/_ext/1936174342/PB_Helper.o
 .debug_ranges  0x000004c0       0x10 build/default/production/_ext/840851172/int_globals.o
 .debug_ranges  0x000004d0       0x28 build/default/production/_ext/840851172/pd_main.o
 .debug_ranges  0x000004f8       0x70 build/default/production/_ext/840851172/pd_timer.o
 .debug_ranges  0x00000568      0x118 build/default/production/_ext/840851172/policy_engine.o
 .debug_ranges  0x00000680       0x10 build/default/production/_ext/840851172/policy_engine_snk.o
 .debug_ranges  0x00000690       0x10 build/default/production/_ext/840851172/policy_engine_src.o
 .debug_ranges  0x000006a0      0x170 build/default/production/_ext/840851172/policy_manager.o
 .debug_ranges  0x00000810       0x90 build/default/production/_ext/840851172/portpower_control.o
 .debug_ranges  0x000008a0      0x158 build/default/production/_ext/840851172/protocol_layer.o
 .debug_ranges  0x000009f8       0xf0 build/default/production/_ext/840851172/typeC_control.o
 .debug_ranges  0x00000ae8      0x130 build/default/production/_ext/840851172/upd_hw.o
 .debug_ranges  0x00000c18       0x30 build/default/production/_ext/840851172/upd_interrupts.o
 .debug_ranges  0x00000c48       0x10 build/default/production/_ext/1360937237/main.o
 .debug_ranges  0x00000c58       0x10 build/default/production/_ext/318156199/PSFSourcePro_BootCfg.o
 .debug_ranges  0x00000c68       0x10 c:/program files (x86)/microchip/xc32/v2.30/bin/bin/../../lib/gcc/pic32c/6.2.1/../../../../pic32c/lib\libpic32c.a(data_init.o)
 .debug_ranges  0x00000c78       0x50 c:/program files (x86)/microchip/xc32/v2.30/bin/bin/../../lib/gcc/pic32c/6.2.1\libgcc.a(divsf3.o)
 .debug_ranges  0x00000cc8       0x50 c:/program files (x86)/microchip/xc32/v2.30/bin/bin/../../lib/gcc/pic32c/6.2.1\libgcc.a(mulsf3.o)
 .debug_ranges  0x00000d18       0xf0 c:/program files (x86)/microchip/xc32/v2.30/bin/bin/../../lib/gcc/pic32c/6.2.1\libgcc.a(subsf3.o)
 .debug_ranges  0x00000e08       0x38 c:/program files (x86)/microchip/xc32/v2.30/bin/bin/../../lib/gcc/pic32c/6.2.1\libgcc.a(floatsisf.o)
 .debug_ranges  0x00000e40       0x38 c:/program files (x86)/microchip/xc32/v2.30/bin/bin/../../lib/gcc/pic32c/6.2.1\libgcc.a(floatunsisf.o)
 .debug_ranges  0x00000e78      0x178 c:/program files (x86)/microchip/xc32/v2.30/bin/bin/../../lib/gcc/pic32c/6.2.1\libgcc.a(divdf3.o)
 .debug_ranges  0x00000ff0      0x1d0 c:/program files (x86)/microchip/xc32/v2.30/bin/bin/../../lib/gcc/pic32c/6.2.1\libgcc.a(muldf3.o)
 .debug_ranges  0x000011c0      0x1b8 c:/program files (x86)/microchip/xc32/v2.30/bin/bin/../../lib/gcc/pic32c/6.2.1\libgcc.a(subdf3.o)
 .debug_ranges  0x00001378       0x18 c:/program files (x86)/microchip/xc32/v2.30/bin/bin/../../lib/gcc/pic32c/6.2.1\libgcc.a(fixdfsi.o)
 .debug_ranges  0x00001390       0x50 c:/program files (x86)/microchip/xc32/v2.30/bin/bin/../../lib/gcc/pic32c/6.2.1\libgcc.a(floatsidf.o)
 .debug_ranges  0x000013e0       0x20 c:/program files (x86)/microchip/xc32/v2.30/bin/bin/../../lib/gcc/pic32c/6.2.1\libgcc.a(extendsfdf2.o)
 .debug_ranges  0x00001400       0x38 c:/program files (x86)/microchip/xc32/v2.30/bin/bin/../../lib/gcc/pic32c/6.2.1\libgcc.a(truncdfsf2.o)
 .debug_ranges  0x00001438       0x30 c:/program files (x86)/microchip/xc32/v2.30/bin/bin/../../lib/gcc/pic32c/6.2.1\libgcc.a(eqsf2.o)
 .debug_ranges  0x00001468       0x58 c:/program files (x86)/microchip/xc32/v2.30/bin/bin/../../lib/gcc/pic32c/6.2.1\libgcc.a(gesf2.o)
 .debug_ranges  0x000014c0       0x30 c:/program files (x86)/microchip/xc32/v2.30/bin/bin/../../lib/gcc/pic32c/6.2.1\libgcc.a(lesf2.o)
 .debug_ranges  0x000014f0       0x50 c:/program files (x86)/microchip/xc32/v2.30/bin/bin/../../lib/gcc/pic32c/6.2.1\libgcc.a(eqdf2.o)
 .debug_ranges  0x00001540       0x30 c:/program files (x86)/microchip/xc32/v2.30/bin/bin/../../lib/gcc/pic32c/6.2.1\libgcc.a(gedf2.o)
 .debug_ranges  0x00001570       0x48 c:/program files (x86)/microchip/xc32/v2.30/bin/bin/../../lib/gcc/pic32c/6.2.1\libgcc.a(ledf2.o)
 .debug_ranges  0x000015b8       0x10 c:/program files (x86)/microchip/xc32/v2.30/bin/bin/../../lib/gcc/pic32c/6.2.1/../../../../pic32c/lib\libc.a(lib_a-init.o)
 .debug_ranges  0x000015c8       0x10 c:/program files (x86)/microchip/xc32/v2.30/bin/bin/../../lib/gcc/pic32c/6.2.1/../../../../pic32c/lib\libc.a(lib_a-memset.o)

.debug_line     0x00000000     0x8491
 .debug_line    0x00000000      0x181 build/default/production/_ext/1984496892/plib_clock.o
 .debug_line    0x00000181      0x1cd build/default/production/_ext/60167341/plib_eic.o
 .debug_line    0x0000034e      0x1c7 build/default/production/_ext/1865468468/plib_nvic.o
 .debug_line    0x00000515      0x282 build/default/production/_ext/1593096446/plib_nvmctrl.o
 .debug_line    0x00000797      0x1f7 build/default/production/_ext/1865521619/plib_port.o
 .debug_line    0x0000098e      0x2ff build/default/production/_ext/1955509679/plib_sercom3_i2c.o
 .debug_line    0x00000c8d      0x279 build/default/production/_ext/1955867357/plib_sercom0_spi.o
 .debug_line    0x00000f06      0x209 build/default/production/_ext/829342655/plib_tc0.o
 .debug_line    0x0000110f      0x171 build/default/production/_ext/1171490990/initialization.o
 .debug_line    0x00001280      0x123 build/default/production/_ext/1171490990/interrupts.o
 .debug_line    0x000013a3       0x62 build/default/production/_ext/1171490990/exceptions.o
 .debug_line    0x00001405      0x186 build/default/production/_ext/1171490990/startup_xc32.o
 .debug_line    0x0000158b      0x335 build/default/production/_ext/318156199/PSFSourcePro_App.o
 .debug_line    0x000018c0      0x535 build/default/production/_ext/1671623073/Drivers.o
 .debug_line    0x00001df5      0x228 build/default/production/_ext/1936174342/PB_Mngr.o
 .debug_line    0x0000201d      0x488 build/default/production/_ext/1936174342/PB_Helper.o
 .debug_line    0x000024a5      0x1a3 build/default/production/_ext/840851172/int_globals.o
 .debug_line    0x00002648      0x251 build/default/production/_ext/840851172/pd_main.o
 .debug_line    0x00002899      0x257 build/default/production/_ext/840851172/pd_timer.o
 .debug_line    0x00002af0      0x55d build/default/production/_ext/840851172/policy_engine.o
 .debug_line    0x0000304d      0x26f build/default/production/_ext/840851172/policy_engine_snk.o
 .debug_line    0x000032bc      0x3aa build/default/production/_ext/840851172/policy_engine_src.o
 .debug_line    0x00003666      0x6cc build/default/production/_ext/840851172/policy_manager.o
 .debug_line    0x00003d32      0x243 build/default/production/_ext/840851172/portpower_control.o
 .debug_line    0x00003f75      0x77b build/default/production/_ext/840851172/protocol_layer.o
 .debug_line    0x000046f0      0x813 build/default/production/_ext/840851172/typeC_control.o
 .debug_line    0x00004f03      0x4dc build/default/production/_ext/840851172/upd_hw.o
 .debug_line    0x000053df      0x1cb build/default/production/_ext/840851172/upd_interrupts.o
 .debug_line    0x000055aa      0x298 build/default/production/_ext/1360937237/main.o
 .debug_line    0x00005842      0x2f3 build/default/production/_ext/318156199/PSFSourcePro_BootCfg.o
 .debug_line    0x00005b35       0xe3 c:/program files (x86)/microchip/xc32/v2.30/bin/bin/../../lib/gcc/pic32c/6.2.1/../../../../pic32c/lib\libpic32c.a(data_init.o)
 .debug_line    0x00005c18       0xa4 c:/program files (x86)/microchip/xc32/v2.30/bin/bin/../../lib/gcc/pic32c/6.2.1\libgcc.a(_thumb1_case_uqi.o)
 .debug_line    0x00005cbc       0xa5 c:/program files (x86)/microchip/xc32/v2.30/bin/bin/../../lib/gcc/pic32c/6.2.1\libgcc.a(_thumb1_case_shi.o)
 .debug_line    0x00005d61       0xa5 c:/program files (x86)/microchip/xc32/v2.30/bin/bin/../../lib/gcc/pic32c/6.2.1\libgcc.a(_thumb1_case_uhi.o)
 .debug_line    0x00005e06       0xb3 c:/program files (x86)/microchip/xc32/v2.30/bin/bin/../../lib/gcc/pic32c/6.2.1\libgcc.a(_udivsi3.o)
 .debug_line    0x00005eb9       0xc1 c:/program files (x86)/microchip/xc32/v2.30/bin/bin/../../lib/gcc/pic32c/6.2.1\libgcc.a(_divsi3.o)
 .debug_line    0x00005f7a       0x9c c:/program files (x86)/microchip/xc32/v2.30/bin/bin/../../lib/gcc/pic32c/6.2.1\libgcc.a(_dvmd_tls.o)
 .debug_line    0x00006016      0x28e c:/program files (x86)/microchip/xc32/v2.30/bin/bin/../../lib/gcc/pic32c/6.2.1\libgcc.a(_fixunssfsi.o)
 .debug_line    0x000062a4      0x28c c:/program files (x86)/microchip/xc32/v2.30/bin/bin/../../lib/gcc/pic32c/6.2.1\libgcc.a(_fixunsdfsi.o)
 .debug_line    0x00006530      0x161 c:/program files (x86)/microchip/xc32/v2.30/bin/bin/../../lib/gcc/pic32c/6.2.1\libgcc.a(divsf3.o)
 .debug_line    0x00006691      0x15f c:/program files (x86)/microchip/xc32/v2.30/bin/bin/../../lib/gcc/pic32c/6.2.1\libgcc.a(mulsf3.o)
 .debug_line    0x000067f0      0x19a c:/program files (x86)/microchip/xc32/v2.30/bin/bin/../../lib/gcc/pic32c/6.2.1\libgcc.a(subsf3.o)
 .debug_line    0x0000698a      0x12a c:/program files (x86)/microchip/xc32/v2.30/bin/bin/../../lib/gcc/pic32c/6.2.1\libgcc.a(fixsfsi.o)
 .debug_line    0x00006ab4      0x132 c:/program files (x86)/microchip/xc32/v2.30/bin/bin/../../lib/gcc/pic32c/6.2.1\libgcc.a(floatsisf.o)
 .debug_line    0x00006be6      0x137 c:/program files (x86)/microchip/xc32/v2.30/bin/bin/../../lib/gcc/pic32c/6.2.1\libgcc.a(floatunsisf.o)
 .debug_line    0x00006d1d      0x1a4 c:/program files (x86)/microchip/xc32/v2.30/bin/bin/../../lib/gcc/pic32c/6.2.1\libgcc.a(divdf3.o)
 .debug_line    0x00006ec1      0x182 c:/program files (x86)/microchip/xc32/v2.30/bin/bin/../../lib/gcc/pic32c/6.2.1\libgcc.a(muldf3.o)
 .debug_line    0x00007043      0x1cd c:/program files (x86)/microchip/xc32/v2.30/bin/bin/../../lib/gcc/pic32c/6.2.1\libgcc.a(subdf3.o)
 .debug_line    0x00007210      0x12f c:/program files (x86)/microchip/xc32/v2.30/bin/bin/../../lib/gcc/pic32c/6.2.1\libgcc.a(fixdfsi.o)
 .debug_line    0x0000733f      0x12a c:/program files (x86)/microchip/xc32/v2.30/bin/bin/../../lib/gcc/pic32c/6.2.1\libgcc.a(floatsidf.o)
 .debug_line    0x00007469      0x145 c:/program files (x86)/microchip/xc32/v2.30/bin/bin/../../lib/gcc/pic32c/6.2.1\libgcc.a(extendsfdf2.o)
 .debug_line    0x000075ae      0x154 c:/program files (x86)/microchip/xc32/v2.30/bin/bin/../../lib/gcc/pic32c/6.2.1\libgcc.a(truncdfsf2.o)
 .debug_line    0x00007702       0xb4 c:/program files (x86)/microchip/xc32/v2.30/bin/bin/../../lib/gcc/pic32c/6.2.1\libgcc.a(_arm_cmpdf2.o)
 .debug_line    0x000077b6       0xb1 c:/program files (x86)/microchip/xc32/v2.30/bin/bin/../../lib/gcc/pic32c/6.2.1\libgcc.a(_arm_cmpsf2.o)
 .debug_line    0x00007867       0xb0 c:/program files (x86)/microchip/xc32/v2.30/bin/bin/../../lib/gcc/pic32c/6.2.1\libgcc.a(_clzsi2.o)
 .debug_line    0x00007917      0x13e c:/program files (x86)/microchip/xc32/v2.30/bin/bin/../../lib/gcc/pic32c/6.2.1\libgcc.a(eqsf2.o)
 .debug_line    0x00007a55      0x149 c:/program files (x86)/microchip/xc32/v2.30/bin/bin/../../lib/gcc/pic32c/6.2.1\libgcc.a(gesf2.o)
 .debug_line    0x00007b9e      0x147 c:/program files (x86)/microchip/xc32/v2.30/bin/bin/../../lib/gcc/pic32c/6.2.1\libgcc.a(lesf2.o)
 .debug_line    0x00007ce5      0x14c c:/program files (x86)/microchip/xc32/v2.30/bin/bin/../../lib/gcc/pic32c/6.2.1\libgcc.a(eqdf2.o)
 .debug_line    0x00007e31      0x14c c:/program files (x86)/microchip/xc32/v2.30/bin/bin/../../lib/gcc/pic32c/6.2.1\libgcc.a(gedf2.o)
 .debug_line    0x00007f7d      0x14f c:/program files (x86)/microchip/xc32/v2.30/bin/bin/../../lib/gcc/pic32c/6.2.1\libgcc.a(ledf2.o)
 .debug_line    0x000080cc      0x118 c:/program files (x86)/microchip/xc32/v2.30/bin/bin/../../lib/gcc/pic32c/6.2.1/../../../../pic32c/lib\libc.a(lib_a-init.o)
 .debug_line    0x000081e4      0x2ad c:/program files (x86)/microchip/xc32/v2.30/bin/bin/../../lib/gcc/pic32c/6.2.1/../../../../pic32c/lib\libc.a(lib_a-memset.o)

.debug_str      0x00000000     0x1f89
 .debug_str     0x00000000       0x28 build/default/production/_ext/1984496892/plib_clock.o
 .debug_str     0x00000028        0x9 build/default/production/_ext/60167341/plib_eic.o
 .debug_str     0x00000031        0xa build/default/production/_ext/1865468468/plib_nvic.o
 .debug_str     0x0000003b       0x16 build/default/production/_ext/1593096446/plib_nvmctrl.o
 .debug_str     0x00000051        0xb build/default/production/_ext/1865521619/plib_port.o
 .debug_str     0x0000005c       0xc3 build/default/production/_ext/1955509679/plib_sercom3_i2c.o
 .debug_str     0x0000011f       0xd6 build/default/production/_ext/1955867357/plib_sercom0_spi.o
 .debug_str     0x000001f5       0xa7 build/default/production/_ext/829342655/plib_tc0.o
 .debug_str     0x0000029c       0x53 build/default/production/_ext/1171490990/initialization.o
 .debug_str     0x000002ef        0x0 build/default/production/_ext/1171490990/interrupts.o
 .debug_str     0x000002ef        0x0 build/default/production/_ext/1171490990/exceptions.o
 .debug_str     0x000002ef       0x6b build/default/production/_ext/1171490990/startup_xc32.o
 .debug_str     0x0000035a       0xe2 build/default/production/_ext/318156199/PSFSourcePro_App.o
 .debug_str     0x0000043c      0x12f build/default/production/_ext/1671623073/Drivers.o
 .debug_str     0x0000056b      0x198 build/default/production/_ext/1936174342/PB_Mngr.o
 .debug_str     0x00000703      0x10b build/default/production/_ext/1936174342/PB_Helper.o
 .debug_str     0x0000080e       0x4d build/default/production/_ext/840851172/int_globals.o
 .debug_str     0x0000085b      0x18a build/default/production/_ext/840851172/pd_main.o
 .debug_str     0x000009e5       0xac build/default/production/_ext/840851172/pd_timer.o
 .debug_str     0x00000a91      0x1c9 build/default/production/_ext/840851172/policy_engine.o
 .debug_str     0x00000c5a      0x1db build/default/production/_ext/840851172/policy_engine_snk.o
 .debug_str     0x00000e35      0x311 build/default/production/_ext/840851172/policy_engine_src.o
 .debug_str     0x00001146      0x2c7 build/default/production/_ext/840851172/policy_manager.o
 .debug_str     0x0000140d       0x5e build/default/production/_ext/840851172/portpower_control.o
 .debug_str     0x0000146b      0x25c build/default/production/_ext/840851172/protocol_layer.o
 .debug_str     0x000016c7      0x2b1 build/default/production/_ext/840851172/typeC_control.o
 .debug_str     0x00001978      0x15f build/default/production/_ext/840851172/upd_hw.o
 .debug_str     0x00001ad7       0xb1 build/default/production/_ext/840851172/upd_interrupts.o
 .debug_str     0x00001b88       0x58 build/default/production/_ext/1360937237/main.o
 .debug_str     0x00001be0       0x48 build/default/production/_ext/318156199/PSFSourcePro_BootCfg.o
 .debug_str     0x00001c28        0x0 c:/program files (x86)/microchip/xc32/v2.30/bin/bin/../../lib/gcc/pic32c/6.2.1/../../../../pic32c/lib\libpic32c.a(data_init.o)
 .debug_str     0x00001c28        0x0 c:/program files (x86)/microchip/xc32/v2.30/bin/bin/../../lib/gcc/pic32c/6.2.1\libgcc.a(_fixunssfsi.o)
 .debug_str     0x00001c28        0x0 c:/program files (x86)/microchip/xc32/v2.30/bin/bin/../../lib/gcc/pic32c/6.2.1\libgcc.a(_fixunsdfsi.o)
 .debug_str     0x00001c28       0x30 c:/program files (x86)/microchip/xc32/v2.30/bin/bin/../../lib/gcc/pic32c/6.2.1\libgcc.a(divsf3.o)
 .debug_str     0x00001c58       0x30 c:/program files (x86)/microchip/xc32/v2.30/bin/bin/../../lib/gcc/pic32c/6.2.1\libgcc.a(mulsf3.o)
 .debug_str     0x00001c88       0x2c c:/program files (x86)/microchip/xc32/v2.30/bin/bin/../../lib/gcc/pic32c/6.2.1\libgcc.a(subsf3.o)
 .debug_str     0x00001cb4       0x13 c:/program files (x86)/microchip/xc32/v2.30/bin/bin/../../lib/gcc/pic32c/6.2.1\libgcc.a(fixsfsi.o)
 .debug_str     0x00001cc7        0x0 c:/program files (x86)/microchip/xc32/v2.30/bin/bin/../../lib/gcc/pic32c/6.2.1\libgcc.a(floatsisf.o)
 .debug_str     0x00001cc7        0x0 c:/program files (x86)/microchip/xc32/v2.30/bin/bin/../../lib/gcc/pic32c/6.2.1\libgcc.a(floatunsisf.o)
 .debug_str     0x00001cc7       0x30 c:/program files (x86)/microchip/xc32/v2.30/bin/bin/../../lib/gcc/pic32c/6.2.1\libgcc.a(divdf3.o)
 .debug_str     0x00001cf7       0x56 c:/program files (x86)/microchip/xc32/v2.30/bin/bin/../../lib/gcc/pic32c/6.2.1\libgcc.a(muldf3.o)
 .debug_str     0x00001d4d       0x2c c:/program files (x86)/microchip/xc32/v2.30/bin/bin/../../lib/gcc/pic32c/6.2.1\libgcc.a(subdf3.o)
 .debug_str     0x00001d79       0x13 c:/program files (x86)/microchip/xc32/v2.30/bin/bin/../../lib/gcc/pic32c/6.2.1\libgcc.a(fixdfsi.o)
 .debug_str     0x00001d8c        0x0 c:/program files (x86)/microchip/xc32/v2.30/bin/bin/../../lib/gcc/pic32c/6.2.1\libgcc.a(floatsidf.o)
 .debug_str     0x00001d8c        0x0 c:/program files (x86)/microchip/xc32/v2.30/bin/bin/../../lib/gcc/pic32c/6.2.1\libgcc.a(extendsfdf2.o)
 .debug_str     0x00001d8c        0x0 c:/program files (x86)/microchip/xc32/v2.30/bin/bin/../../lib/gcc/pic32c/6.2.1\libgcc.a(truncdfsf2.o)
 .debug_str     0x00001d8c       0x26 c:/program files (x86)/microchip/xc32/v2.30/bin/bin/../../lib/gcc/pic32c/6.2.1\libgcc.a(eqsf2.o)
 .debug_str     0x00001db2       0x26 c:/program files (x86)/microchip/xc32/v2.30/bin/bin/../../lib/gcc/pic32c/6.2.1\libgcc.a(gesf2.o)
 .debug_str     0x00001dd8       0x26 c:/program files (x86)/microchip/xc32/v2.30/bin/bin/../../lib/gcc/pic32c/6.2.1\libgcc.a(lesf2.o)
 .debug_str     0x00001dfe       0x26 c:/program files (x86)/microchip/xc32/v2.30/bin/bin/../../lib/gcc/pic32c/6.2.1\libgcc.a(eqdf2.o)
 .debug_str     0x00001e24       0x26 c:/program files (x86)/microchip/xc32/v2.30/bin/bin/../../lib/gcc/pic32c/6.2.1\libgcc.a(gedf2.o)
 .debug_str     0x00001e4a       0x26 c:/program files (x86)/microchip/xc32/v2.30/bin/bin/../../lib/gcc/pic32c/6.2.1\libgcc.a(ledf2.o)
 .debug_str     0x00001e70        0x0 c:/program files (x86)/microchip/xc32/v2.30/bin/bin/../../lib/gcc/pic32c/6.2.1/../../../../pic32c/lib\libc.a(lib_a-init.o)
 .debug_str     0x00001e70      0x119 c:/program files (x86)/microchip/xc32/v2.30/bin/bin/../../lib/gcc/pic32c/6.2.1/../../../../pic32c/lib\libc.a(lib_a-memset.o)

.debug_frame    0x00000000     0x2060
 .debug_frame   0x00000000       0x20 build/default/production/_ext/1984496892/plib_clock.o
 .debug_frame   0x00000020       0x84 build/default/production/_ext/60167341/plib_eic.o
 .debug_frame   0x000000a4       0x20 build/default/production/_ext/1865468468/plib_nvic.o
 .debug_frame   0x000000c4       0xb0 build/default/production/_ext/1593096446/plib_nvmctrl.o
 .debug_frame   0x00000174       0xac build/default/production/_ext/1865521619/plib_port.o
 .debug_frame   0x00000220       0xfc build/default/production/_ext/1955509679/plib_sercom3_i2c.o
 .debug_frame   0x0000031c       0x8c build/default/production/_ext/1955867357/plib_sercom0_spi.o
 .debug_frame   0x000003a8       0xb8 build/default/production/_ext/829342655/plib_tc0.o
 .debug_frame   0x00000460       0x28 build/default/production/_ext/1171490990/initialization.o
 .debug_frame   0x00000488       0x20 build/default/production/_ext/1171490990/interrupts.o
 .debug_frame   0x000004a8       0x30 build/default/production/_ext/1171490990/exceptions.o
 .debug_frame   0x000004d8       0x28 build/default/production/_ext/1171490990/startup_xc32.o
 .debug_frame   0x00000500       0x5c build/default/production/_ext/318156199/PSFSourcePro_App.o
 .debug_frame   0x0000055c      0x144 build/default/production/_ext/1671623073/Drivers.o
 .debug_frame   0x000006a0       0x34 build/default/production/_ext/1936174342/PB_Mngr.o
 .debug_frame   0x000006d4      0x278 build/default/production/_ext/1936174342/PB_Helper.o
 .debug_frame   0x0000094c       0x28 build/default/production/_ext/840851172/int_globals.o
 .debug_frame   0x00000974       0x74 build/default/production/_ext/840851172/pd_main.o
 .debug_frame   0x000009e8       0xb8 build/default/production/_ext/840851172/pd_timer.o
 .debug_frame   0x00000aa0      0x1f4 build/default/production/_ext/840851172/policy_engine.o
 .debug_frame   0x00000c94       0x30 build/default/production/_ext/840851172/policy_engine_snk.o
 .debug_frame   0x00000cc4       0x30 build/default/production/_ext/840851172/policy_engine_src.o
 .debug_frame   0x00000cf4      0x364 build/default/production/_ext/840851172/policy_manager.o
 .debug_frame   0x00001058       0x9c build/default/production/_ext/840851172/portpower_control.o
 .debug_frame   0x000010f4      0x3e4 build/default/production/_ext/840851172/protocol_layer.o
 .debug_frame   0x000014d8      0x304 build/default/production/_ext/840851172/typeC_control.o
 .debug_frame   0x000017dc      0x370 build/default/production/_ext/840851172/upd_hw.o
 .debug_frame   0x00001b4c       0x34 build/default/production/_ext/840851172/upd_interrupts.o
 .debug_frame   0x00001b80       0x28 build/default/production/_ext/1360937237/main.o
 .debug_frame   0x00001ba8       0x34 build/default/production/_ext/318156199/PSFSourcePro_BootCfg.o
 .debug_frame   0x00001bdc       0x2c c:/program files (x86)/microchip/xc32/v2.30/bin/bin/../../lib/gcc/pic32c/6.2.1/../../../../pic32c/lib\libpic32c.a(data_init.o)
 .debug_frame   0x00001c08       0x20 c:/program files (x86)/microchip/xc32/v2.30/bin/bin/../../lib/gcc/pic32c/6.2.1\libgcc.a(_udivsi3.o)
 .debug_frame   0x00001c28       0x20 c:/program files (x86)/microchip/xc32/v2.30/bin/bin/../../lib/gcc/pic32c/6.2.1\libgcc.a(_divsi3.o)
 .debug_frame   0x00001c48       0x28 c:/program files (x86)/microchip/xc32/v2.30/bin/bin/../../lib/gcc/pic32c/6.2.1\libgcc.a(_fixunssfsi.o)
 .debug_frame   0x00001c70       0x2c c:/program files (x86)/microchip/xc32/v2.30/bin/bin/../../lib/gcc/pic32c/6.2.1\libgcc.a(_fixunsdfsi.o)
 .debug_frame   0x00001c9c       0x30 c:/program files (x86)/microchip/xc32/v2.30/bin/bin/../../lib/gcc/pic32c/6.2.1\libgcc.a(divsf3.o)
 .debug_frame   0x00001ccc       0x30 c:/program files (x86)/microchip/xc32/v2.30/bin/bin/../../lib/gcc/pic32c/6.2.1\libgcc.a(mulsf3.o)
 .debug_frame   0x00001cfc       0x34 c:/program files (x86)/microchip/xc32/v2.30/bin/bin/../../lib/gcc/pic32c/6.2.1\libgcc.a(subsf3.o)
 .debug_frame   0x00001d30       0x20 c:/program files (x86)/microchip/xc32/v2.30/bin/bin/../../lib/gcc/pic32c/6.2.1\libgcc.a(fixsfsi.o)
 .debug_frame   0x00001d50       0x2c c:/program files (x86)/microchip/xc32/v2.30/bin/bin/../../lib/gcc/pic32c/6.2.1\libgcc.a(floatsisf.o)
 .debug_frame   0x00001d7c       0x2c c:/program files (x86)/microchip/xc32/v2.30/bin/bin/../../lib/gcc/pic32c/6.2.1\libgcc.a(floatunsisf.o)
 .debug_frame   0x00001da8       0x30 c:/program files (x86)/microchip/xc32/v2.30/bin/bin/../../lib/gcc/pic32c/6.2.1\libgcc.a(divdf3.o)
 .debug_frame   0x00001dd8       0x30 c:/program files (x86)/microchip/xc32/v2.30/bin/bin/../../lib/gcc/pic32c/6.2.1\libgcc.a(muldf3.o)
 .debug_frame   0x00001e08       0x34 c:/program files (x86)/microchip/xc32/v2.30/bin/bin/../../lib/gcc/pic32c/6.2.1\libgcc.a(subdf3.o)
 .debug_frame   0x00001e3c       0x2c c:/program files (x86)/microchip/xc32/v2.30/bin/bin/../../lib/gcc/pic32c/6.2.1\libgcc.a(fixdfsi.o)
 .debug_frame   0x00001e68       0x30 c:/program files (x86)/microchip/xc32/v2.30/bin/bin/../../lib/gcc/pic32c/6.2.1\libgcc.a(floatsidf.o)
 .debug_frame   0x00001e98       0x2c c:/program files (x86)/microchip/xc32/v2.30/bin/bin/../../lib/gcc/pic32c/6.2.1\libgcc.a(extendsfdf2.o)
 .debug_frame   0x00001ec4       0x30 c:/program files (x86)/microchip/xc32/v2.30/bin/bin/../../lib/gcc/pic32c/6.2.1\libgcc.a(truncdfsf2.o)
 .debug_frame   0x00001ef4       0x2c c:/program files (x86)/microchip/xc32/v2.30/bin/bin/../../lib/gcc/pic32c/6.2.1\libgcc.a(eqsf2.o)
 .debug_frame   0x00001f20       0x30 c:/program files (x86)/microchip/xc32/v2.30/bin/bin/../../lib/gcc/pic32c/6.2.1\libgcc.a(gesf2.o)
 .debug_frame   0x00001f50       0x30 c:/program files (x86)/microchip/xc32/v2.30/bin/bin/../../lib/gcc/pic32c/6.2.1\libgcc.a(lesf2.o)
 .debug_frame   0x00001f80       0x30 c:/program files (x86)/microchip/xc32/v2.30/bin/bin/../../lib/gcc/pic32c/6.2.1\libgcc.a(eqdf2.o)
 .debug_frame   0x00001fb0       0x34 c:/program files (x86)/microchip/xc32/v2.30/bin/bin/../../lib/gcc/pic32c/6.2.1\libgcc.a(gedf2.o)
 .debug_frame   0x00001fe4       0x30 c:/program files (x86)/microchip/xc32/v2.30/bin/bin/../../lib/gcc/pic32c/6.2.1\libgcc.a(ledf2.o)
 .debug_frame   0x00002014       0x2c c:/program files (x86)/microchip/xc32/v2.30/bin/bin/../../lib/gcc/pic32c/6.2.1/../../../../pic32c/lib\libc.a(lib_a-init.o)
 .debug_frame   0x00002040       0x20 c:/program files (x86)/microchip/xc32/v2.30/bin/bin/../../lib/gcc/pic32c/6.2.1/../../../../pic32c/lib\libc.a(lib_a-memset.o)

.stack          0x20000878      0x100
 .stack         0x20000878      0x100 stack

.bss.sercom3I2CObj%1
                0x20000610       0x28
 .bss.sercom3I2CObj
                0x20000610       0x28 build/default/production/_ext/1955509679/plib_sercom3_i2c.o

.bss%2          0x20000638       0x1c
 .bss           0x20000638       0x1c c:/program files (x86)/microchip/xc32/v2.30/bin/bin/../../lib/gcc/pic32c/6.2.1/crtbegin.o

.bss.gu32CriticalSectionCnt%3
                0x20000654        0x4
 .bss.gu32CriticalSectionCnt
                0x20000654        0x4 build/default/production/_ext/1671623073/Drivers.o

.eh_frame%z1    0x00000000        0x0
 .eh_frame      0x00000000        0x0 c:/program files (x86)/microchip/xc32/v2.30/bin/bin/../../lib/gcc/pic32c/6.2.1/crtbegin.o

.text.PE_SrcRunStateMachine%4
                0x000000c4      0x8e4
 .text.PE_SrcRunStateMachine
                0x000000c4      0x8e4 build/default/production/_ext/840851172/policy_engine_src.o
                0x000000c4                PE_SrcRunStateMachine

.text.TypeC_RunStateMachine%5
                0x000009a8      0x5ec
 .text.TypeC_RunStateMachine
                0x000009a8      0x5ec build/default/production/_ext/840851172/typeC_control.o
                0x000009a8                TypeC_RunStateMachine

.text%6         0x00000f94      0xf18
 .text          0x00000f94      0x5b0 c:/program files (x86)/microchip/xc32/v2.30/bin/bin/../../lib/gcc/pic32c/6.2.1\libgcc.a(subdf3.o)
                0x00000f94                __aeabi_dsub
 .text          0x00001544      0x544 c:/program files (x86)/microchip/xc32/v2.30/bin/bin/../../lib/gcc/pic32c/6.2.1\libgcc.a(divdf3.o)
                0x00001544                __aeabi_ddiv
 .text          0x00001a88      0x424 c:/program files (x86)/microchip/xc32/v2.30/bin/bin/../../lib/gcc/pic32c/6.2.1\libgcc.a(muldf3.o)
                0x00001a88                __aeabi_dmul

.text.PE_SnkRunStateMachine%9
                0x00001eac      0x3a8
 .text.PE_SnkRunStateMachine
                0x00001eac      0x3a8 build/default/production/_ext/840851172/policy_engine_snk.o
                0x00001eac                PE_SnkRunStateMachine

.text.PB_HandleDPMEvents%10
                0x00002254      0x320
 .text.PB_HandleDPMEvents
                0x00002254      0x320 build/default/production/_ext/1936174342/PB_Mngr.o
                0x00002254                PB_HandleDPMEvents

.text.TypeC_HandleISR%11
                0x00002574      0x31c
 .text.TypeC_HandleISR
                0x00002574      0x31c build/default/production/_ext/840851172/typeC_control.o
                0x00002574                TypeC_HandleISR

.text.PE_RunCommonStateMachine%12
                0x00002890      0x310
 .text.PE_RunCommonStateMachine
                0x00002890      0x310 build/default/production/_ext/840851172/policy_engine.o
                0x00002890                PE_RunCommonStateMachine

.text%13        0x00002ba0      0x2f4
 .text          0x00002ba0      0x2f4 c:/program files (x86)/microchip/xc32/v2.30/bin/bin/../../lib/gcc/pic32c/6.2.1\libgcc.a(subsf3.o)
                0x00002ba0                __aeabi_fsub

.text.TypeC_ConfigureVBUSThr%14
                0x00002e94      0x2d0
 .text.TypeC_ConfigureVBUSThr
                0x00002e94      0x2d0 build/default/production/_ext/840851172/typeC_control.o
                0x00002e94                TypeC_ConfigureVBUSThr

.text.PE_ReceiveMsgHandler%15
                0x00003164      0x294
 .text.PE_ReceiveMsgHandler
                0x00003164      0x294 build/default/production/_ext/840851172/policy_engine.o
                0x00003164                PE_ReceiveMsgHandler

.text.TypeC_InitPort%16
                0x000033f8      0x26c
 .text.TypeC_InitPort
                0x000033f8      0x26c build/default/production/_ext/840851172/typeC_control.o
                0x000033f8                TypeC_InitPort

.text.PRL_ProcessRecvdMsg%17
                0x00003664      0x24c
 .text.PRL_ProcessRecvdMsg
                0x00003664      0x24c build/default/production/_ext/840851172/protocol_layer.o
                0x00003664                PRL_ProcessRecvdMsg

.text.DPM_PowerFaultHandler%18
                0x000038b0      0x240
 .text.DPM_PowerFaultHandler
                0x000038b0      0x240 build/default/production/_ext/840851172/policy_manager.o
                0x000038b0                DPM_PowerFaultHandler

.text.PRL_TransmitMsg%19
                0x00003af0      0x1e4
 .text.PRL_TransmitMsg
                0x00003af0      0x1e4 build/default/production/_ext/840851172/protocol_layer.o
                0x00003af0                PRL_TransmitMsg

.text%20        0x00003cd4      0x1d8
 .text          0x00003cd4      0x1d8 c:/program files (x86)/microchip/xc32/v2.30/bin/bin/../../lib/gcc/pic32c/6.2.1\libgcc.a(mulsf3.o)
                0x00003cd4                __aeabi_fmul

.text.PRL_Init%21
                0x00003eac      0x1c0
 .text.PRL_Init
                0x00003eac      0x1c0 build/default/production/_ext/840851172/protocol_layer.o
                0x00003eac                PRL_Init

.text%22        0x0000406c      0x1c0
 .text          0x0000406c      0x1c0 c:/program files (x86)/microchip/xc32/v2.30/bin/bin/../../lib/gcc/pic32c/6.2.1\libgcc.a(divsf3.o)
                0x0000406c                __aeabi_fdiv

.text.TypeC_EnabDisVCONN%23
                0x0000422c      0x1b8
 .text.TypeC_EnabDisVCONN
                0x0000422c      0x1b8 build/default/production/_ext/840851172/typeC_control.o
                0x0000422c                TypeC_EnabDisVCONN

.text.DPM_Evaluate_Received_Src_caps%24
                0x000043e4      0x180
 .text.DPM_Evaluate_Received_Src_caps
                0x000043e4      0x180 build/default/production/_ext/840851172/policy_manager.o
                0x000043e4                DPM_Evaluate_Received_Src_caps

.text.PRL_RunChunkStateMachine%25
                0x00004564      0x168
 .text.PRL_RunChunkStateMachine
                0x00004564      0x168 build/default/production/_ext/840851172/protocol_layer.o
                0x00004564                PRL_RunChunkStateMachine

.text.PRL_HandleISR%26
                0x000046cc      0x15c
 .text.PRL_HandleISR
                0x000046cc      0x15c build/default/production/_ext/840851172/protocol_layer.o
                0x000046cc                PRL_HandleISR

.text.PSF_LoadConfig%27
                0x00004828      0x148
 .text.PSF_LoadConfig
                0x00004828      0x148 build/default/production/_ext/318156199/PSFSourcePro_BootCfg.o
                0x00004828                PSF_LoadConfig

.text.SERCOM3_I2C_InterruptHandler%28
                0x00004970      0x124
 .text.SERCOM3_I2C_InterruptHandler
                0x00004970      0x124 build/default/production/_ext/1955509679/plib_sercom3_i2c.o
                0x00004970                SERCOM3_I2C_InterruptHandler

.text.PE_RunStateMachine%29
                0x00004a94      0x120
 .text.PE_RunStateMachine
                0x00004a94      0x120 build/default/production/_ext/840851172/policy_engine.o
                0x00004a94                PE_RunStateMachine

.text.SERCOM0_SPI_WriteRead%30
                0x00004bb4      0x108
 .text.SERCOM0_SPI_WriteRead
                0x00004bb4      0x108 build/default/production/_ext/1955867357/plib_sercom0_spi.o
                0x00004bb4                SERCOM0_SPI_WriteRead

.text%31        0x00004cbc      0x100
 .text          0x00004cbc      0x100 c:/program files (x86)/microchip/xc32/v2.30/bin/bin/../../lib/gcc/pic32c/6.2.1\libgcc.a(truncdfsf2.o)
                0x00004cbc                __aeabi_d2f

.text.DPM_ValidateRequest%32
                0x00004dbc       0xf8
 .text.DPM_ValidateRequest
                0x00004dbc       0xf8 build/default/production/_ext/840851172/policy_manager.o
                0x00004dbc                DPM_ValidateRequest

.text.PRL_BuildTxPacket%33
                0x00004eb4       0xd4
 .text.PRL_BuildTxPacket
                0x00004eb4       0xd4 build/default/production/_ext/840851172/protocol_layer.o
                0x00004eb4                PRL_BuildTxPacket

.text.PRL_ReceiveMsg%34
                0x00004f88       0xd4
 .text.PRL_ReceiveMsg
                0x00004f88       0xd4 build/default/production/_ext/840851172/protocol_layer.o
                0x00004f88                PRL_ReceiveMsg

.text.CLOCK_Initialize%35
                0x0000505c       0xd0
 .text.CLOCK_Initialize
                0x0000505c       0xd0 build/default/production/_ext/1984496892/plib_clock.o
                0x0000505c                CLOCK_Initialize

.text.UPD_CheckAndDisablePorts%36
                0x0000512c       0xc4
 .text.UPD_CheckAndDisablePorts
                0x0000512c       0xc4 build/default/production/_ext/840851172/upd_hw.o
                0x0000512c                UPD_CheckAndDisablePorts

.text.UPDIntr_AlertHandler%37
                0x000051f0       0xb8
 .text.UPDIntr_AlertHandler
                0x000051f0       0xb8 build/default/production/_ext/840851172/upd_interrupts.o
                0x000051f0                UPDIntr_AlertHandler

.text.TypeC_SrcIntrHandler%38
                0x000052a8       0xb4
 .text.TypeC_SrcIntrHandler
                0x000052a8       0xb4 build/default/production/_ext/840851172/typeC_control.o
                0x000052a8                TypeC_SrcIntrHandler

.text%39        0x0000535c      0x158
 .text          0x0000535c       0xb0 c:/program files (x86)/microchip/xc32/v2.30/bin/bin/../../lib/gcc/pic32c/6.2.1\libgcc.a(ledf2.o)
                0x0000535c                __ledf2
                0x0000535c                __ltdf2
 .text          0x0000540c       0xa8 c:/program files (x86)/microchip/xc32/v2.30/bin/bin/../../lib/gcc/pic32c/6.2.1\libgcc.a(_divsi3.o)
                0x0000540c                __divsi3
                0x0000540c                __aeabi_idiv
                0x000054a0                __aeabi_idivmod

.text.EIC_Initialize%41
                0x000054b4       0xa4
 .text.EIC_Initialize
                0x000054b4       0xa4 build/default/production/_ext/60167341/plib_eic.o
                0x000054b4                EIC_Initialize

.text.PWRCTRL_SetPortPower%42
                0x00005558       0xa4
 .text.PWRCTRL_SetPortPower
                0x00005558       0xa4 build/default/production/_ext/840851172/portpower_control.o
                0x00005558                PWRCTRL_SetPortPower

.text%43        0x000055fc       0xa0
 .text          0x000055fc       0xa0 c:/program files (x86)/microchip/xc32/v2.30/bin/bin/../../lib/gcc/pic32c/6.2.1\libgcc.a(gedf2.o)
                0x000055fc                __gedf2
                0x000055fc                __gtdf2

.text.PB_CalculateNegotiatedPower%44
                0x0000569c       0x9c
 .text.PB_CalculateNegotiatedPower
                0x0000569c       0x9c build/default/production/_ext/1936174342/PB_Helper.o
                0x0000569c                PB_CalculateNegotiatedPower

.text.TypeC_CCVBUSIntrHandler%45
                0x00005738       0x9c
 .text.TypeC_CCVBUSIntrHandler
                0x00005738       0x9c build/default/production/_ext/840851172/typeC_control.o
                0x00005738                TypeC_CCVBUSIntrHandler

.text.DPM_CalculateAndSortPower%46
                0x000057d4       0x98
 .text.DPM_CalculateAndSortPower
                0x000057d4       0x98 build/default/production/_ext/840851172/policy_manager.o
                0x000057d4                DPM_CalculateAndSortPower

.text%47        0x0000586c       0x98
 .text          0x0000586c       0x98 c:/program files (x86)/microchip/xc32/v2.30/bin/bin/../../lib/gcc/pic32c/6.2.1\libgcc.a(extendsfdf2.o)
                0x0000586c                __aeabi_f2d

.text.PDTimer_KillPortTimers%48
                0x00005904       0x94
 .text.PDTimer_KillPortTimers
                0x00005904       0x94 build/default/production/_ext/840851172/pd_timer.o
                0x00005904                PDTimer_KillPortTimers

.text.TypeC_VCONN_ON_IntrHandler%49
                0x00005998       0x94
 .text.TypeC_VCONN_ON_IntrHandler
                0x00005998       0x94 build/default/production/_ext/840851172/typeC_control.o
                0x00005998                TypeC_VCONN_ON_IntrHandler

.text.PB_Init%50
                0x00005a2c       0x90
 .text.PB_Init  0x00005a2c       0x90 build/default/production/_ext/1936174342/PB_Helper.o
                0x00005a2c                PB_Init

.text.PB_ReturnHigherPriorityPort%51
                0x00005abc       0x90
 .text.PB_ReturnHigherPriorityPort
                0x00005abc       0x90 build/default/production/_ext/1936174342/PB_Helper.o
                0x00005abc                PB_ReturnHigherPriorityPort

.text.__pic32c_data_initialization%52
                0x00005b4c       0x90
 .text.__pic32c_data_initialization
                0x00005b4c       0x90 c:/program files (x86)/microchip/xc32/v2.30/bin/bin/../../lib/gcc/pic32c/6.2.1/../../../../pic32c/lib\libpic32c.a(data_init.o)
                0x00005b4c                __pic32c_data_initialization

.text.PRL_IncrementMsgID%53
                0x00005bdc       0x8c
 .text.PRL_IncrementMsgID
                0x00005bdc       0x8c build/default/production/_ext/840851172/protocol_layer.o
                0x00005bdc                PRL_IncrementMsgID

.text.TypeC_SetRpCollAvoidance%54
                0x00005c68       0x8c
 .text.TypeC_SetRpCollAvoidance
                0x00005c68       0x8c build/default/production/_ext/840851172/typeC_control.o
                0x00005c68                TypeC_SetRpCollAvoidance

.text%55        0x00005cf4       0x8c
 .text          0x00005cf4       0x8c c:/program files (x86)/microchip/xc32/v2.30/bin/bin/../../lib/gcc/pic32c/6.2.1\libgcc.a(_udivsi3.o)
                0x00005cf4                __aeabi_uidiv
                0x00005cf4                __udivsi3
                0x00005d6c                __aeabi_uidivmod

.text.PB_UpdatePDO%56
                0x00005d80       0x88
 .text.PB_UpdatePDO
                0x00005d80       0x88 build/default/production/_ext/1936174342/PB_Helper.o
                0x00005d80                PB_UpdatePDO

.text.DPM_VCONNONTimerErrorCB%57
                0x00005e08       0x88
 .text.DPM_VCONNONTimerErrorCB
                0x00005e08       0x88 build/default/production/_ext/840851172/policy_manager.o
                0x00005e08                DPM_VCONNONTimerErrorCB

.text.DPM_HandleClientRequest%58
                0x00005e90       0x88
 .text.DPM_HandleClientRequest
                0x00005e90       0x88 build/default/production/_ext/840851172/policy_manager.o
                0x00005e90                DPM_HandleClientRequest

.text.PRL_TCHChunkSMStateChange_TCHCB%59
                0x00005f18       0x88
 .text.PRL_TCHChunkSMStateChange_TCHCB
                0x00005f18       0x88 build/default/production/_ext/840851172/protocol_layer.o