Archive member included to satisfy reference by file (symbol)

c:/program files (x86)/microchip/xc32/v2.30/bin/bin/../../lib/gcc/pic32c/6.2.1/../../../../pic32c/lib\libpic32c.a(data_init.o)
                              build/default/production/_ext/1171490990/startup_xc32.o (__pic32c_data_initialization)
c:/program files (x86)/microchip/xc32/v2.30/bin/bin/../../lib/gcc/pic32c/6.2.1\libgcc.a(_thumb1_case_uqi.o)
                              build/default/production/_ext/840851172/policy_engine.o (__gnu_thumb1_case_uqi)
c:/program files (x86)/microchip/xc32/v2.30/bin/bin/../../lib/gcc/pic32c/6.2.1\libgcc.a(_thumb1_case_shi.o)
                              build/default/production/_ext/840851172/policy_engine.o (__gnu_thumb1_case_shi)
c:/program files (x86)/microchip/xc32/v2.30/bin/bin/../../lib/gcc/pic32c/6.2.1\libgcc.a(_thumb1_case_uhi.o)
                              build/default/production/_ext/1936174342/pb_mngr.o (__gnu_thumb1_case_uhi)
c:/program files (x86)/microchip/xc32/v2.30/bin/bin/../../lib/gcc/pic32c/6.2.1\libgcc.a(_udivsi3.o)
                              build/default/production/_ext/1955867357/plib_sercom0_spi.o (__aeabi_uidiv)
c:/program files (x86)/microchip/xc32/v2.30/bin/bin/../../lib/gcc/pic32c/6.2.1\libgcc.a(_divsi3.o)
                              build/default/production/_ext/840851172/policy_manager.o (__aeabi_idiv)
c:/program files (x86)/microchip/xc32/v2.30/bin/bin/../../lib/gcc/pic32c/6.2.1\libgcc.a(_dvmd_tls.o)
                              c:/program files (x86)/microchip/xc32/v2.30/bin/bin/../../lib/gcc/pic32c/6.2.1\libgcc.a(_udivsi3.o) (__aeabi_idiv0)
c:/program files (x86)/microchip/xc32/v2.30/bin/bin/../../lib/gcc/pic32c/6.2.1\libgcc.a(_aeabi_uldivmod.o)
                              build/default/production/_ext/504274921/plib_sercom1_usart.o (__aeabi_uldivmod)
c:/program files (x86)/microchip/xc32/v2.30/bin/bin/../../lib/gcc/pic32c/6.2.1\libgcc.a(_fixunssfsi.o)
                              build/default/production/_ext/1936174342/pb_helper.o (__aeabi_f2uiz)
c:/program files (x86)/microchip/xc32/v2.30/bin/bin/../../lib/gcc/pic32c/6.2.1\libgcc.a(_fixunsdfsi.o)
                              build/default/production/_ext/1955509679/plib_sercom3_i2c.o (__aeabi_d2uiz)
c:/program files (x86)/microchip/xc32/v2.30/bin/bin/../../lib/gcc/pic32c/6.2.1\libgcc.a(_udivmoddi4.o)
                              c:/program files (x86)/microchip/xc32/v2.30/bin/bin/../../lib/gcc/pic32c/6.2.1\libgcc.a(_aeabi_uldivmod.o) (__udivmoddi4)
c:/program files (x86)/microchip/xc32/v2.30/bin/bin/../../lib/gcc/pic32c/6.2.1\libgcc.a(divsf3.o)
                              build/default/production/_ext/1955509679/plib_sercom3_i2c.o (__aeabi_fdiv)
c:/program files (x86)/microchip/xc32/v2.30/bin/bin/../../lib/gcc/pic32c/6.2.1\libgcc.a(mulsf3.o)
                              build/default/production/_ext/1936174342/pb_helper.o (__aeabi_fmul)
c:/program files (x86)/microchip/xc32/v2.30/bin/bin/../../lib/gcc/pic32c/6.2.1\libgcc.a(subsf3.o)
                              c:/program files (x86)/microchip/xc32/v2.30/bin/bin/../../lib/gcc/pic32c/6.2.1\libgcc.a(_fixunssfsi.o) (__aeabi_fsub)
c:/program files (x86)/microchip/xc32/v2.30/bin/bin/../../lib/gcc/pic32c/6.2.1\libgcc.a(fixsfsi.o)
                              c:/program files (x86)/microchip/xc32/v2.30/bin/bin/../../lib/gcc/pic32c/6.2.1\libgcc.a(_fixunssfsi.o) (__aeabi_f2iz)
c:/program files (x86)/microchip/xc32/v2.30/bin/bin/../../lib/gcc/pic32c/6.2.1\libgcc.a(floatsisf.o)
                              build/default/production/_ext/1936174342/pb_helper.o (__aeabi_i2f)
c:/program files (x86)/microchip/xc32/v2.30/bin/bin/../../lib/gcc/pic32c/6.2.1\libgcc.a(floatunsisf.o)
                              build/default/production/_ext/1955509679/plib_sercom3_i2c.o (__aeabi_ui2f)
c:/program files (x86)/microchip/xc32/v2.30/bin/bin/../../lib/gcc/pic32c/6.2.1\libgcc.a(adddf3.o)
                              build/default/production/_ext/1955509679/plib_sercom3_i2c.o (__aeabi_dadd)
c:/program files (x86)/microchip/xc32/v2.30/bin/bin/../../lib/gcc/pic32c/6.2.1\libgcc.a(divdf3.o)
                              build/default/production/_ext/840851172/typeC_control.o (__aeabi_ddiv)
c:/program files (x86)/microchip/xc32/v2.30/bin/bin/../../lib/gcc/pic32c/6.2.1\libgcc.a(muldf3.o)
                              build/default/production/_ext/1955509679/plib_sercom3_i2c.o (__aeabi_dmul)
c:/program files (x86)/microchip/xc32/v2.30/bin/bin/../../lib/gcc/pic32c/6.2.1\libgcc.a(subdf3.o)
                              build/default/production/_ext/1955509679/plib_sercom3_i2c.o (__aeabi_dsub)
c:/program files (x86)/microchip/xc32/v2.30/bin/bin/../../lib/gcc/pic32c/6.2.1\libgcc.a(fixdfsi.o)
                              c:/program files (x86)/microchip/xc32/v2.30/bin/bin/../../lib/gcc/pic32c/6.2.1\libgcc.a(_fixunsdfsi.o) (__aeabi_d2iz)
c:/program files (x86)/microchip/xc32/v2.30/bin/bin/../../lib/gcc/pic32c/6.2.1\libgcc.a(floatsidf.o)
[...]
Memory Configuration

Name             Origin             Length             Attributes
rom              0x00000000         0x00010000         xrl
ram              0x20000000         0x00002000         xw !r
config_00804000  0x00804000         0x00000004
config_00804004  0x00804004         0x00000004
*default*        0x00000000         0xffffffff

Linker script and memory map

LOAD c:/program files (x86)/microchip/xc32/v2.30/bin/bin/../../lib/gcc/pic32c/6.2.1/crti.o
LOAD c:/program files (x86)/microchip/xc32/v2.30/bin/bin/../../lib/gcc/pic32c/6.2.1/crtbegin.o
LOAD build/default/production/_ext/1984496892/plib_clock.o
LOAD build/default/production/_ext/60166132/plib_dac.o
LOAD build/default/production/_ext/60167341/plib_eic.o
LOAD build/default/production/_ext/1865468468/plib_nvic.o
LOAD build/default/production/_ext/1593096446/plib_nvmctrl.o
LOAD build/default/production/_ext/1865521619/plib_port.o
LOAD build/default/production/_ext/1955509679/plib_sercom3_i2c.o
LOAD build/default/production/_ext/1955867357/plib_sercom0_spi.o
LOAD build/default/production/_ext/504274921/plib_sercom1_usart.o
LOAD build/default/production/_ext/829342655/plib_tc0.o
LOAD build/default/production/_ext/163028504/xc32_monitor.o
LOAD build/default/production/_ext/1171490990/initialization.o
LOAD build/default/production/_ext/1171490990/interrupts.o
LOAD build/default/production/_ext/1171490990/exceptions.o
LOAD build/default/production/_ext/1171490990/startup_xc32.o
LOAD build/default/production/_ext/1171490990/libc_syscalls.o
LOAD build/default/production/_ext/939006058/Mpq_dc_dc_control.o
LOAD build/default/production/_ext/1671623073/Drivers.o
LOAD build/default/production/_ext/1936174342/pb_helper.o
LOAD build/default/production/_ext/1936174342/pb_mngr.o
LOAD build/default/production/_ext/840851172/int_globals.o
LOAD build/default/production/_ext/840851172/pd_main.o
LOAD build/default/production/_ext/840851172/pd_timer.o
LOAD build/default/production/_ext/840851172/policy_engine.o
LOAD build/default/production/_ext/840851172/policy_engine_fwup.o
LOAD build/default/production/_ext/840851172/policy_engine_snk.o
LOAD build/default/production/_ext/840851172/policy_engine_src.o
LOAD build/default/production/_ext/840851172/policy_manager.o
LOAD build/default/production/_ext/840851172/portpower_control.o
LOAD build/default/production/_ext/840851172/protocol_layer.o
LOAD build/default/production/_ext/840851172/typeC_control.o
LOAD build/default/production/_ext/840851172/upd_hw.o
LOAD build/default/production/_ext/840851172/upd_interrupts.o
LOAD build/default/production/_ext/1360937237/main.o
LOAD build/default/production/_ext/318156199/PSFDRP_App.o
LOAD build/default/production/_ext/318156199/PSFDRP_BootCfg.o
                0x00000001                __MPLAB_BUILD = 0x1
                0x00000200                _min_heap_size = 0x200
START GROUP
LOAD c:/program files (x86)/microchip/xc32/v2.30/bin/bin/../../lib/gcc/pic32c/6.2.1/../../../../pic32c/lib\libpic32c.a
LOAD c:/program files (x86)/microchip/xc32/v2.30/bin/bin/../../lib/gcc/pic32c/6.2.1\libgcc.a
LOAD c:/program files (x86)/microchip/xc32/v2.30/bin/bin/../../lib/gcc/pic32c/6.2.1/../../../../pic32c/lib\libc.a
LOAD c:/program files (x86)/microchip/xc32/v2.30/bin/bin/../../lib/gcc/pic32c/6.2.1/../../../../pic32c/lib\libm.a
END GROUP
LOAD c:/program files (x86)/microchip/xc32/v2.30/bin/bin/../../lib/gcc/pic32c/6.2.1/crtend.o
LOAD c:/program files (x86)/microchip/xc32/v2.30/bin/bin/../../lib/gcc/pic32c/6.2.1/crtn.o
                0x00010000                __rom_end = (ORIGIN (rom) + LENGTH (rom))
                0x20002000                __ram_end = (ORIGIN (ram) + LENGTH (ram))

.config_00804000
                0x00804000        0x4
 *(.config_00804000)
 .config_00804000
                0x00804000        0x4 build/default/production/_ext/1171490990/initialization.o

.config_00804004
                0x00804004        0x4
 *(.config_00804004)
 .config_00804004
                0x00804004        0x4 build/default/production/_ext/1171490990/initialization.o

.vectors        0x00000000       0xa4
                0x00000000                . = ALIGN (0x4)
                0x00000000                _sfixed = .
 *(.vectors .vectors.* .vectors_default .vectors_default.*)
 .vectors       0x00000000       0xa4 build/default/production/_ext/1171490990/interrupts.o
                0x00000000                exception_table
 *(.isr_vector)
 *(.reset*)
 *(.after_vectors)

.text           0x000000a4       0x20
                0x000000a4                . = ALIGN (0x4)
 *(.glue_7t)
 .glue_7t       0x000000a4        0x0 linker stubs
 *(.glue_7)
 .glue_7        0x000000a4        0x0 linker stubs
 *(.gnu.linkonce.r.*)
 *(.ARM.extab* .gnu.linkonce.armextab.*)
                0x000000a4                . = ALIGN (0x4)
 *(.init)
 .init          0x000000a4        0x4 c:/program files (x86)/microchip/xc32/v2.30/bin/bin/../../lib/gcc/pic32c/6.2.1/crti.o
                0x000000a4                _init
 .init          0x000000a8        0x8 c:/program files (x86)/microchip/xc32/v2.30/bin/bin/../../lib/gcc/pic32c/6.2.1/crtn.o
                0x000000b0                . = ALIGN (0x4)
                0x000000b0                __preinit_array_start = .
 *(.preinit_array)
                0x000000b0                __preinit_array_end = .
                0x000000b0                . = ALIGN (0x4)
                0x000000b0                __init_array_start = .
 *(SORT(.init_array.*))
 *(.init_array)
 .init_array    0x000000b0        0x4 c:/program files (x86)/microchip/xc32/v2.30/bin/bin/../../lib/gcc/pic32c/6.2.1/crtbegin.o
                0x000000b4                __init_array_end = .
                0x000000b4                . = ALIGN (0x4)
 *crtbegin.o(.ctors)
 *(EXCLUDE_FILE(*crtend.o) .ctors)
 *(SORT(.ctors.*))
 *crtend.o(.ctors)
                0x000000b4                . = ALIGN (0x4)
 *(.fini)
 .fini          0x000000b4        0x4 c:/program files (x86)/microchip/xc32/v2.30/bin/bin/../../lib/gcc/pic32c/6.2.1/crti.o
                0x000000b4                _fini
 .fini          0x000000b8        0x8 c:/program files (x86)/microchip/xc32/v2.30/bin/bin/../../lib/gcc/pic32c/6.2.1/crtn.o
                0x000000c0                . = ALIGN (0x4)
                0x000000c0                __fini_array_start = .
 *(.fini_array)
 .fini_array    0x000000c0        0x4 c:/program files (x86)/microchip/xc32/v2.30/bin/bin/../../lib/gcc/pic32c/6.2.1/crtbegin.o
 *(SORT(.fini_array.*))
                0x000000c4                __fini_array_end = .
 *crtbegin.o(.dtors)
 *(EXCLUDE_FILE(*crtend.o) .dtors)
 *(SORT(.dtors.*))
 *crtend.o(.dtors)
                0x000000c4                . = ALIGN (0x4)
                0x000000c4                _efixed = .
                [!provide]                PROVIDE (__exidx_start, .)

.ARM.exidx
 *(.ARM.exidx* .gnu.linkonce.armexidx.*)
                [!provide]                PROVIDE (__exidx_end, .)
                0x000000c4                . = ALIGN (0x4)
                0x000000c4                _etext = .

.bss            0x20000000      0x658
                0x20000000                . = ALIGN (0x4)
                0x20000000                __bss_start__ = .
                0x20000000                _sbss = .
                0x20000000                _szero = .
 *(COMMON)
 COMMON         0x20000000       0xc0 build/default/production/_ext/60167341/plib_eic.o
                0x20000000                eicCallbackObject
 COMMON         0x200000c0        0x8 build/default/production/_ext/829342655/plib_tc0.o
                0x200000c0                TC0_CallbackObject
 COMMON         0x200000c8      0x590 build/default/production/_ext/840851172/int_globals.o
                0x200000c8                gasPRLRecvBuff
                0x20000110                gasPBIntPortParam
                0x20000130                gasChunkSM
                0x20000148                gasTypeCcontrol
                0x20000168                gsPBIntSysParam
                0x20000174                gasPolicy_Engine
                0x2000019c                gasPRL
                0x200001b4                gu8PBTimerID
                0x200001b8                gasDPM
                0x200001e0                gasExtendedMsgBuff
                0x200003f8                gasCfgStatusData
                0x20000604                gu8AttachSeq
                0x20000608                gasPDTimers
                0x20000658                . = ALIGN (0x4)
                0x20000658                __bss_end__ = .
                0x20000658                _ebss = .
                0x20000658                _ezero = .
                0x20000658                . = ALIGN (0x4)
                0x20000658                _end = .
                0x20001fff                _ram_end_ = ((ORIGIN (ram) + LENGTH (ram)) - 0x1)
OUTPUT(dist/default/production/PSF_EVB_DRP.X.production.elf elf32-littlearm)
LOAD stack
LOAD data_init

.ARM.attributes
                0x00000000       0x28
 .ARM.attributes
                0x00000000       0x1e c:/program files (x86)/microchip/xc32/v2.30/bin/bin/../../lib/gcc/pic32c/6.2.1/crti.o
 .ARM.attributes
                0x0000001e       0x2c c:/program files (x86)/microchip/xc32/v2.30/bin/bin/../../lib/gcc/pic32c/6.2.1/crtbegin.o
 .ARM.attributes
                0x0000004a       0x32 build/default/production/_ext/1984496892/plib_clock.o
 .ARM.attributes
                0x0000007c       0x32 build/default/production/_ext/60167341/plib_eic.o
 .ARM.attributes
                0x000000ae       0x32 build/default/production/_ext/1865468468/plib_nvic.o
 .ARM.attributes
                0x000000e0       0x32 build/default/production/_ext/1593096446/plib_nvmctrl.o
 .ARM.attributes
                0x00000112       0x32 build/default/production/_ext/1865521619/plib_port.o
 .ARM.attributes
                0x00000144       0x32 build/default/production/_ext/1955509679/plib_sercom3_i2c.o
 .ARM.attributes
                0x00000176       0x32 build/default/production/_ext/1955867357/plib_sercom0_spi.o
 .ARM.attributes
                0x000001a8       0x32 build/default/production/_ext/829342655/plib_tc0.o
 .ARM.attributes
                0x000001da       0x32 build/default/production/_ext/1171490990/initialization.o
 .ARM.attributes
                0x0000020c       0x32 build/default/production/_ext/1171490990/interrupts.o
 .ARM.attributes
                0x0000023e       0x32 build/default/production/_ext/1171490990/exceptions.o
 .ARM.attributes
                0x00000270       0x32 build/default/production/_ext/1171490990/startup_xc32.o
 .ARM.attributes
                0x000002a2       0x32 build/default/production/_ext/1671623073/Drivers.o
 .ARM.attributes
                0x000002d4       0x32 build/default/production/_ext/1936174342/pb_helper.o
 .ARM.attributes
                0x00000306       0x32 build/default/production/_ext/1936174342/pb_mngr.o
 .ARM.attributes
                0x00000338       0x32 build/default/production/_ext/840851172/int_globals.o
 .ARM.attributes
                0x0000036a       0x32 build/default/production/_ext/840851172/pd_main.o
 .ARM.attributes
                0x0000039c       0x32 build/default/production/_ext/840851172/pd_timer.o
 .ARM.attributes
                0x000003ce       0x32 build/default/production/_ext/840851172/policy_engine.o
 .ARM.attributes
                0x00000400       0x32 build/default/production/_ext/840851172/policy_engine_src.o
 .ARM.attributes
                0x00000432       0x32 build/default/production/_ext/840851172/policy_manager.o
 .ARM.attributes
                0x00000464       0x32 build/default/production/_ext/840851172/portpower_control.o
 .ARM.attributes
                0x00000496       0x32 build/default/production/_ext/840851172/protocol_layer.o
 .ARM.attributes
                0x000004c8       0x32 build/default/production/_ext/840851172/typeC_control.o
 .ARM.attributes
                0x000004fa       0x32 build/default/production/_ext/840851172/upd_hw.o
 .ARM.attributes
                0x0000052c       0x32 build/default/production/_ext/840851172/upd_interrupts.o
 .ARM.attributes
                0x0000055e       0x32 build/default/production/_ext/1360937237/main.o
 .ARM.attributes
                0x00000590       0x32 build/default/production/_ext/318156199/PSFDRP_App.o
 .ARM.attributes
                0x000005c2       0x32 build/default/production/_ext/318156199/PSFDRP_BootCfg.o
 .ARM.attributes
                0x000005f4       0x2c c:/program files (x86)/microchip/xc32/v2.30/bin/bin/../../lib/gcc/pic32c/6.2.1/../../../../pic32c/lib\libpic32c.a(data_init.o)
 .ARM.attributes
                0x00000620       0x1e c:/program files (x86)/microchip/xc32/v2.30/bin/bin/../../lib/gcc/pic32c/6.2.1\libgcc.a(_thumb1_case_uqi.o)
 .ARM.attributes
                0x0000063e       0x1e c:/program files (x86)/microchip/xc32/v2.30/bin/bin/../../lib/gcc/pic32c/6.2.1\libgcc.a(_thumb1_case_shi.o)
 .ARM.attributes
                0x0000065c       0x1e c:/program files (x86)/microchip/xc32/v2.30/bin/bin/../../lib/gcc/pic32c/6.2.1\libgcc.a(_thumb1_case_uhi.o)
 .ARM.attributes
                0x0000067a       0x1e c:/program files (x86)/microchip/xc32/v2.30/bin/bin/../../lib/gcc/pic32c/6.2.1\libgcc.a(_udivsi3.o)
 .ARM.attributes
                0x00000698       0x1e c:/program files (x86)/microchip/xc32/v2.30/bin/bin/../../lib/gcc/pic32c/6.2.1\libgcc.a(_divsi3.o)
 .ARM.attributes
                0x000006b6       0x1e c:/program files (x86)/microchip/xc32/v2.30/bin/bin/../../lib/gcc/pic32c/6.2.1\libgcc.a(_dvmd_tls.o)
 .ARM.attributes
                0x000006d4       0x2c c:/program files (x86)/microchip/xc32/v2.30/bin/bin/../../lib/gcc/pic32c/6.2.1\libgcc.a(_fixunssfsi.o)
 .ARM.attributes
                0x00000700       0x2c c:/program files (x86)/microchip/xc32/v2.30/bin/bin/../../lib/gcc/pic32c/6.2.1\libgcc.a(_fixunsdfsi.o)
 .ARM.attributes
                0x0000072c       0x2c c:/program files (x86)/microchip/xc32/v2.30/bin/bin/../../lib/gcc/pic32c/6.2.1\libgcc.a(divsf3.o)
 .ARM.attributes
                0x00000758       0x2c c:/program files (x86)/microchip/xc32/v2.30/bin/bin/../../lib/gcc/pic32c/6.2.1\libgcc.a(mulsf3.o)
 .ARM.attributes
                0x00000784       0x2c c:/program files (x86)/microchip/xc32/v2.30/bin/bin/../../lib/gcc/pic32c/6.2.1\libgcc.a(subsf3.o)
 .ARM.attributes
                0x000007b0       0x2c c:/program files (x86)/microchip/xc32/v2.30/bin/bin/../../lib/gcc/pic32c/6.2.1\libgcc.a(fixsfsi.o)
 .ARM.attributes
                0x000007dc       0x2c c:/program files (x86)/microchip/xc32/v2.30/bin/bin/../../lib/gcc/pic32c/6.2.1\libgcc.a(floatsisf.o)
 .ARM.attributes
                0x00000808       0x2c c:/program files (x86)/microchip/xc32/v2.30/bin/bin/../../lib/gcc/pic32c/6.2.1\libgcc.a(floatunsisf.o)
 .ARM.attributes
                0x00000834       0x2c c:/program files (x86)/microchip/xc32/v2.30/bin/bin/../../lib/gcc/pic32c/6.2.1\libgcc.a(divdf3.o)
 .ARM.attributes
                0x00000860       0x2c c:/program files (x86)/microchip/xc32/v2.30/bin/bin/../../lib/gcc/pic32c/6.2.1\libgcc.a(muldf3.o)
 .ARM.attributes
                0x0000088c       0x2c c:/program files (x86)/microchip/xc32/v2.30/bin/bin/../../lib/gcc/pic32c/6.2.1\libgcc.a(subdf3.o)
 .ARM.attributes
                0x000008b8       0x2c c:/program files (x86)/microchip/xc32/v2.30/bin/bin/../../lib/gcc/pic32c/6.2.1\libgcc.a(fixdfsi.o)
 .ARM.attributes
                0x000008e4       0x2c c:/program files (x86)/microchip/xc32/v2.30/bin/bin/../../lib/gcc/pic32c/6.2.1\libgcc.a(floatsidf.o)
 .ARM.attributes
                0x00000910       0x2c c:/program files (x86)/microchip/xc32/v2.30/bin/bin/../../lib/gcc/pic32c/6.2.1\libgcc.a(extendsfdf2.o)
 .ARM.attributes
                0x0000093c       0x2c c:/program files (x86)/microchip/xc32/v2.30/bin/bin/../../lib/gcc/pic32c/6.2.1\libgcc.a(truncdfsf2.o)
 .ARM.attributes
                0x00000968       0x1e c:/program files (x86)/microchip/xc32/v2.30/bin/bin/../../lib/gcc/pic32c/6.2.1\libgcc.a(_arm_cmpdf2.o)
 .ARM.attributes
                0x00000986       0x1e c:/program files (x86)/microchip/xc32/v2.30/bin/bin/../../lib/gcc/pic32c/6.2.1\libgcc.a(_arm_cmpsf2.o)
 .ARM.attributes
                0x000009a4       0x1e c:/program files (x86)/microchip/xc32/v2.30/bin/bin/../../lib/gcc/pic32c/6.2.1\libgcc.a(_clzsi2.o)
 .ARM.attributes
                0x000009c2       0x2c c:/program files (x86)/microchip/xc32/v2.30/bin/bin/../../lib/gcc/pic32c/6.2.1\libgcc.a(eqsf2.o)
 .ARM.attributes
                0x000009ee       0x2c c:/program files (x86)/microchip/xc32/v2.30/bin/bin/../../lib/gcc/pic32c/6.2.1\libgcc.a(gesf2.o)
 .ARM.attributes
                0x00000a1a       0x2c c:/program files (x86)/microchip/xc32/v2.30/bin/bin/../../lib/gcc/pic32c/6.2.1\libgcc.a(lesf2.o)
 .ARM.attributes
                0x00000a46       0x2c c:/program files (x86)/microchip/xc32/v2.30/bin/bin/../../lib/gcc/pic32c/6.2.1\libgcc.a(eqdf2.o)
 .ARM.attributes
                0x00000a72       0x2c c:/program files (x86)/microchip/xc32/v2.30/bin/bin/../../lib/gcc/pic32c/6.2.1\libgcc.a(gedf2.o)
 .ARM.attributes
                0x00000a9e       0x2c c:/program files (x86)/microchip/xc32/v2.30/bin/bin/../../lib/gcc/pic32c/6.2.1\libgcc.a(ledf2.o)
 .ARM.attributes
                0x00000aca       0x2c c:/program files (x86)/microchip/xc32/v2.30/bin/bin/../../lib/gcc/pic32c/6.2.1/../../../../pic32c/lib\libc.a(lib_a-init.o)
 .ARM.attributes
                0x00000af6       0x2c c:/program files (x86)/microchip/xc32/v2.30/bin/bin/../../lib/gcc/pic32c/6.2.1/../../../../pic32c/lib\libc.a(lib_a-memset.o)
 .ARM.attributes
                0x00000b22       0x1e c:/program files (x86)/microchip/xc32/v2.30/bin/bin/../../lib/gcc/pic32c/6.2.1/crtn.o

.comment        0x00000000       0x3c
 .comment       0x00000000       0x3c c:/program files (x86)/microchip/xc32/v2.30/bin/bin/../../lib/gcc/pic32c/6.2.1/crtbegin.o
                                 0x3d (size before relaxing)
 .comment       0x0000003c       0x3d build/default/production/_ext/1984496892/plib_clock.o
 .comment       0x0000003c       0x3d build/default/production/_ext/60167341/plib_eic.o
 .comment       0x0000003c       0x3d build/default/production/_ext/1865468468/plib_nvic.o
 .comment       0x0000003c       0x3d build/default/production/_ext/1593096446/plib_nvmctrl.o
 .comment       0x0000003c       0x3d build/default/production/_ext/1865521619/plib_port.o
 .comment       0x0000003c       0x3d build/default/production/_ext/1955509679/plib_sercom3_i2c.o
 .comment       0x0000003c       0x3d build/default/production/_ext/1955867357/plib_sercom0_spi.o
 .comment       0x0000003c       0x3d build/default/production/_ext/829342655/plib_tc0.o
 .comment       0x0000003c       0x3d build/default/production/_ext/1171490990/initialization.o
 .comment       0x0000003c       0x3d build/default/production/_ext/1171490990/interrupts.o
 .comment       0x0000003c       0x3d build/default/production/_ext/1171490990/exceptions.o
 .comment       0x0000003c       0x3d build/default/production/_ext/1171490990/startup_xc32.o
 .comment       0x0000003c       0x3d build/default/production/_ext/1671623073/Drivers.o
 .comment       0x0000003c       0x3d build/default/production/_ext/1936174342/pb_helper.o
 .comment       0x0000003c       0x3d build/default/production/_ext/1936174342/pb_mngr.o
 .comment       0x0000003c       0x3d build/default/production/_ext/840851172/int_globals.o
 .comment       0x0000003c       0x3d build/default/production/_ext/840851172/pd_main.o
 .comment       0x0000003c       0x3d build/default/production/_ext/840851172/pd_timer.o
 .comment       0x0000003c       0x3d build/default/production/_ext/840851172/policy_engine.o
 .comment       0x0000003c       0x3d build/default/production/_ext/840851172/policy_engine_src.o
 .comment       0x0000003c       0x3d build/default/production/_ext/840851172/policy_manager.o
 .comment       0x0000003c       0x3d build/default/production/_ext/840851172/portpower_control.o
 .comment       0x0000003c       0x3d build/default/production/_ext/840851172/protocol_layer.o
 .comment       0x0000003c       0x3d build/default/production/_ext/840851172/typeC_control.o
 .comment       0x0000003c       0x3d build/default/production/_ext/840851172/upd_hw.o
 .comment       0x0000003c       0x3d build/default/production/_ext/840851172/upd_interrupts.o
 .comment       0x0000003c       0x3d build/default/production/_ext/1360937237/main.o
 .comment       0x0000003c       0x3d build/default/production/_ext/318156199/PSFDRP_App.o
 .comment       0x0000003c       0x3d build/default/production/_ext/318156199/PSFDRP_BootCfg.o
 .comment       0x0000003c       0x3d c:/program files (x86)/microchip/xc32/v2.30/bin/bin/../../lib/gcc/pic32c/6.2.1/../../../../pic32c/lib\libpic32c.a(data_init.o)
 .comment       0x0000003c       0x3d c:/program files (x86)/microchip/xc32/v2.30/bin/bin/../../lib/gcc/pic32c/6.2.1\libgcc.a(_fixunssfsi.o)
 .comment       0x0000003c       0x3d c:/program files (x86)/microchip/xc32/v2.30/bin/bin/../../lib/gcc/pic32c/6.2.1\libgcc.a(_fixunsdfsi.o)
 .comment       0x0000003c       0x3d c:/program files (x86)/microchip/xc32/v2.30/bin/bin/../../lib/gcc/pic32c/6.2.1\libgcc.a(divsf3.o)
 .comment       0x0000003c       0x3d c:/program files (x86)/microchip/xc32/v2.30/bin/bin/../../lib/gcc/pic32c/6.2.1\libgcc.a(mulsf3.o)
 .comment       0x0000003c       0x3d c:/program files (x86)/microchip/xc32/v2.30/bin/bin/../../lib/gcc/pic32c/6.2.1\libgcc.a(subsf3.o)
 .comment       0x0000003c       0x3d c:/program files (x86)/microchip/xc32/v2.30/bin/bin/../../lib/gcc/pic32c/6.2.1\libgcc.a(fixsfsi.o)
 .comment       0x0000003c       0x3d c:/program files (x86)/microchip/xc32/v2.30/bin/bin/../../lib/gcc/pic32c/6.2.1\libgcc.a(floatsisf.o)
 .comment       0x0000003c       0x3d c:/program files (x86)/microchip/xc32/v2.30/bin/bin/../../lib/gcc/pic32c/6.2.1\libgcc.a(floatunsisf.o)
 .comment       0x0000003c       0x3d c:/program files (x86)/microchip/xc32/v2.30/bin/bin/../../lib/gcc/pic32c/6.2.1\libgcc.a(divdf3.o)
 .comment       0x0000003c       0x3d c:/program files (x86)/microchip/xc32/v2.30/bin/bin/../../lib/gcc/pic32c/6.2.1\libgcc.a(muldf3.o)
 .comment       0x0000003c       0x3d c:/program files (x86)/microchip/xc32/v2.30/bin/bin/../../lib/gcc/pic32c/6.2.1\libgcc.a(subdf3.o)
 .comment       0x0000003c       0x3d c:/program files (x86)/microchip/xc32/v2.30/bin/bin/../../lib/gcc/pic32c/6.2.1\libgcc.a(fixdfsi.o)
 .comment       0x0000003c       0x3d c:/program files (x86)/microchip/xc32/v2.30/bin/bin/../../lib/gcc/pic32c/6.2.1\libgcc.a(floatsidf.o)
 .comment       0x0000003c       0x3d c:/program files (x86)/microchip/xc32/v2.30/bin/bin/../../lib/gcc/pic32c/6.2.1\libgcc.a(extendsfdf2.o)
 .comment       0x0000003c       0x3d c:/program files (x86)/microchip/xc32/v2.30/bin/bin/../../lib/gcc/pic32c/6.2.1\libgcc.a(truncdfsf2.o)
 .comment       0x0000003c       0x3d c:/program files (x86)/microchip/xc32/v2.30/bin/bin/../../lib/gcc/pic32c/6.2.1\libgcc.a(eqsf2.o)
 .comment       0x0000003c       0x3d c:/program files (x86)/microchip/xc32/v2.30/bin/bin/../../lib/gcc/pic32c/6.2.1\libgcc.a(gesf2.o)
 .comment       0x0000003c       0x3d c:/program files (x86)/microchip/xc32/v2.30/bin/bin/../../lib/gcc/pic32c/6.2.1\libgcc.a(lesf2.o)
 .comment       0x0000003c       0x3d c:/program files (x86)/microchip/xc32/v2.30/bin/bin/../../lib/gcc/pic32c/6.2.1\libgcc.a(eqdf2.o)
 .comment       0x0000003c       0x3d c:/program files (x86)/microchip/xc32/v2.30/bin/bin/../../lib/gcc/pic32c/6.2.1\libgcc.a(gedf2.o)
 .comment       0x0000003c       0x3d c:/program files (x86)/microchip/xc32/v2.30/bin/bin/../../lib/gcc/pic32c/6.2.1\libgcc.a(ledf2.o)
 .comment       0x0000003c       0x3d c:/program files (x86)/microchip/xc32/v2.30/bin/bin/../../lib/gcc/pic32c/6.2.1/../../../../pic32c/lib\libc.a(lib_a-init.o)
 .comment       0x0000003c       0x3d c:/program files (x86)/microchip/xc32/v2.30/bin/bin/../../lib/gcc/pic32c/6.2.1/../../../../pic32c/lib\libc.a(lib_a-memset.o)

.debug_info     0x00000000    0x5c925
 .debug_info    0x00000000      0x93d build/default/production/_ext/1984496892/plib_clock.o
 .debug_info    0x0000093d      0x63d build/default/production/_ext/60167341/plib_eic.o
 .debug_info    0x00000f7a      0x815 build/default/production/_ext/1865468468/plib_nvic.o
 .debug_info    0x0000178f     0x12a1 build/default/production/_ext/1593096446/plib_nvmctrl.o
 .debug_info    0x00002a30      0x74d build/default/production/_ext/1865521619/plib_port.o
 .debug_info    0x0000317d     0x10f4 build/default/production/_ext/1955509679/plib_sercom3_i2c.o
 .debug_info    0x00004271      0xe67 build/default/production/_ext/1955867357/plib_sercom0_spi.o
 .debug_info    0x000050d8      0xad9 build/default/production/_ext/829342655/plib_tc0.o
 .debug_info    0x00005bb1     0x305f build/default/production/_ext/1171490990/initialization.o
 .debug_info    0x00008c10     0x3478 build/default/production/_ext/1171490990/interrupts.o
 .debug_info    0x0000c088     0x2fff build/default/production/_ext/1171490990/exceptions.o
 .debug_info    0x0000f087     0x318e build/default/production/_ext/1171490990/startup_xc32.o
 .debug_info    0x00012215     0x3d09 build/default/production/_ext/1671623073/Drivers.o
 .debug_info    0x00015f1e     0x3e2b build/default/production/_ext/1936174342/pb_helper.o
 .debug_info    0x00019d49     0x351e build/default/production/_ext/1936174342/pb_mngr.o
 .debug_info    0x0001d267     0x313a build/default/production/_ext/840851172/int_globals.o
 .debug_info    0x000203a1     0x32b1 build/default/production/_ext/840851172/pd_main.o
 .debug_info    0x00023652     0x31df build/default/production/_ext/840851172/pd_timer.o
 .debug_info    0x00026831     0x3d98 build/default/production/_ext/840851172/policy_engine.o
 .debug_info    0x0002a5c9     0x3bc3 build/default/production/_ext/840851172/policy_engine_src.o
 .debug_info    0x0002e18c     0x469f build/default/production/_ext/840851172/policy_manager.o
 .debug_info    0x0003282b     0x3611 build/default/production/_ext/840851172/portpower_control.o
 .debug_info    0x00035e3c     0x4cdb build/default/production/_ext/840851172/protocol_layer.o
 .debug_info    0x0003ab17     0x4fec build/default/production/_ext/840851172/typeC_control.o
 .debug_info    0x0003fb03     0x426c build/default/production/_ext/840851172/upd_hw.o
 .debug_info    0x00043d6f     0x314d build/default/production/_ext/840851172/upd_interrupts.o
 .debug_info    0x00046ebc     0x3b25 build/default/production/_ext/1360937237/main.o
 .debug_info    0x0004a9e1     0x35ba build/default/production/_ext/318156199/PSFDRP_App.o
 .debug_info    0x0004df9b     0x3e81 build/default/production/_ext/318156199/PSFDRP_BootCfg.o
 .debug_info    0x00051e1c      0x1f0 c:/program files (x86)/microchip/xc32/v2.30/bin/bin/../../lib/gcc/pic32c/6.2.1/../../../../pic32c/lib\libpic32c.a(data_init.o)
 .debug_info    0x0005200c       0xee c:/program files (x86)/microchip/xc32/v2.30/bin/bin/../../lib/gcc/pic32c/6.2.1\libgcc.a(_thumb1_case_uqi.o)
 .debug_info    0x000520fa       0xee c:/program files (x86)/microchip/xc32/v2.30/bin/bin/../../lib/gcc/pic32c/6.2.1\libgcc.a(_thumb1_case_shi.o)
 .debug_info    0x000521e8       0xee c:/program files (x86)/microchip/xc32/v2.30/bin/bin/../../lib/gcc/pic32c/6.2.1\libgcc.a(_thumb1_case_uhi.o)
 .debug_info    0x000522d6       0xee c:/program files (x86)/microchip/xc32/v2.30/bin/bin/../../lib/gcc/pic32c/6.2.1\libgcc.a(_udivsi3.o)
 .debug_info    0x000523c4       0xee c:/program files (x86)/microchip/xc32/v2.30/bin/bin/../../lib/gcc/pic32c/6.2.1\libgcc.a(_divsi3.o)
 .debug_info    0x000524b2       0xee c:/program files (x86)/microchip/xc32/v2.30/bin/bin/../../lib/gcc/pic32c/6.2.1\libgcc.a(_dvmd_tls.o)
 .debug_info    0x000525a0     0x12a0 c:/program files (x86)/microchip/xc32/v2.30/bin/bin/../../lib/gcc/pic32c/6.2.1\libgcc.a(_fixunssfsi.o)
 .debug_info    0x00053840     0x12a0 c:/program files (x86)/microchip/xc32/v2.30/bin/bin/../../lib/gcc/pic32c/6.2.1\libgcc.a(_fixunsdfsi.o)
 .debug_info    0x00054ae0      0x58b c:/program files (x86)/microchip/xc32/v2.30/bin/bin/../../lib/gcc/pic32c/6.2.1\libgcc.a(divsf3.o)
 .debug_info    0x0005506b      0x5d5 c:/program files (x86)/microchip/xc32/v2.30/bin/bin/../../lib/gcc/pic32c/6.2.1\libgcc.a(mulsf3.o)
 .debug_info    0x00055640      0x556 c:/program files (x86)/microchip/xc32/v2.30/bin/bin/../../lib/gcc/pic32c/6.2.1\libgcc.a(subsf3.o)
 .debug_info    0x00055b96      0x39d c:/program files (x86)/microchip/xc32/v2.30/bin/bin/../../lib/gcc/pic32c/6.2.1\libgcc.a(fixsfsi.o)
 .debug_info    0x00055f33      0x477 c:/program files (x86)/microchip/xc32/v2.30/bin/bin/../../lib/gcc/pic32c/6.2.1\libgcc.a(floatsisf.o)
 .debug_info    0x000563aa      0x465 c:/program files (x86)/microchip/xc32/v2.30/bin/bin/../../lib/gcc/pic32c/6.2.1\libgcc.a(floatunsisf.o)
 .debug_info    0x0005680f      0x9c6 c:/program files (x86)/microchip/xc32/v2.30/bin/bin/../../lib/gcc/pic32c/6.2.1\libgcc.a(divdf3.o)
 .debug_info    0x000571d5      0xa41 c:/program files (x86)/microchip/xc32/v2.30/bin/bin/../../lib/gcc/pic32c/6.2.1\libgcc.a(muldf3.o)
 .debug_info    0x00057c16      0x7b0 c:/program files (x86)/microchip/xc32/v2.30/bin/bin/../../lib/gcc/pic32c/6.2.1\libgcc.a(subdf3.o)
 .debug_info    0x000583c6      0x3bc c:/program files (x86)/microchip/xc32/v2.30/bin/bin/../../lib/gcc/pic32c/6.2.1\libgcc.a(fixdfsi.o)
 .debug_info    0x00058782      0x4fc c:/program files (x86)/microchip/xc32/v2.30/bin/bin/../../lib/gcc/pic32c/6.2.1\libgcc.a(floatsidf.o)
 .debug_info    0x00058c7e      0x47d c:/program files (x86)/microchip/xc32/v2.30/bin/bin/../../lib/gcc/pic32c/6.2.1\libgcc.a(extendsfdf2.o)
 .debug_info    0x000590fb      0x4ee c:/program files (x86)/microchip/xc32/v2.30/bin/bin/../../lib/gcc/pic32c/6.2.1\libgcc.a(truncdfsf2.o)
 .debug_info    0x000595e9       0xee c:/program files (x86)/microchip/xc32/v2.30/bin/bin/../../lib/gcc/pic32c/6.2.1\libgcc.a(_arm_cmpdf2.o)
 .debug_info    0x000596d7       0xee c:/program files (x86)/microchip/xc32/v2.30/bin/bin/../../lib/gcc/pic32c/6.2.1\libgcc.a(_arm_cmpsf2.o)
 .debug_info    0x000597c5       0xee c:/program files (x86)/microchip/xc32/v2.30/bin/bin/../../lib/gcc/pic32c/6.2.1\libgcc.a(_clzsi2.o)
 .debug_info    0x000598b3      0x3e0 c:/program files (x86)/microchip/xc32/v2.30/bin/bin/../../lib/gcc/pic32c/6.2.1\libgcc.a(eqsf2.o)
 .debug_info    0x00059c93      0x404 c:/program files (x86)/microchip/xc32/v2.30/bin/bin/../../lib/gcc/pic32c/6.2.1\libgcc.a(gesf2.o)
 .debug_info    0x0005a097      0x408 c:/program files (x86)/microchip/xc32/v2.30/bin/bin/../../lib/gcc/pic32c/6.2.1\libgcc.a(lesf2.o)
 .debug_info    0x0005a49f      0x413 c:/program files (x86)/microchip/xc32/v2.30/bin/bin/../../lib/gcc/pic32c/6.2.1\libgcc.a(eqdf2.o)
 .debug_info    0x0005a8b2      0x43f c:/program files (x86)/microchip/xc32/v2.30/bin/bin/../../lib/gcc/pic32c/6.2.1\libgcc.a(gedf2.o)
 .debug_info    0x0005acf1      0x437 c:/program files (x86)/microchip/xc32/v2.30/bin/bin/../../lib/gcc/pic32c/6.2.1\libgcc.a(ledf2.o)
 .debug_info    0x0005b128      0x354 c:/program files (x86)/microchip/xc32/v2.30/bin/bin/../../lib/gcc/pic32c/6.2.1/../../../../pic32c/lib\libc.a(lib_a-init.o)
 .debug_info    0x0005b47c     0x14a9 c:/program files (x86)/microchip/xc32/v2.30/bin/bin/../../lib/gcc/pic32c/6.2.1/../../../../pic32c/lib\libc.a(lib_a-memset.o)

.debug_abbrev   0x00000000     0x6082
 .debug_abbrev  0x00000000      0x12a build/default/production/_ext/1984496892/plib_clock.o
 .debug_abbrev  0x0000012a      0x177 build/default/production/_ext/60167341/plib_eic.o
 .debug_abbrev  0x000002a1      0x155 build/default/production/_ext/1865468468/plib_nvic.o
 .debug_abbrev  0x000003f6      0x26a build/default/production/_ext/1593096446/plib_nvmctrl.o
 .debug_abbrev  0x00000660      0x14f build/default/production/_ext/1865521619/plib_port.o
 .debug_abbrev  0x000007af      0x28d build/default/production/_ext/1955509679/plib_sercom3_i2c.o
 .debug_abbrev  0x00000a3c      0x1d9 build/default/production/_ext/1955867357/plib_sercom0_spi.o
 .debug_abbrev  0x00000c15      0x1a9 build/default/production/_ext/829342655/plib_tc0.o
 .debug_abbrev  0x00000dbe      0x1b1 build/default/production/_ext/1171490990/initialization.o
 .debug_abbrev  0x00000f6f      0x189 build/default/production/_ext/1171490990/interrupts.o
 .debug_abbrev  0x000010f8      0x16a build/default/production/_ext/1171490990/exceptions.o
 .debug_abbrev  0x00001262      0x1af build/default/production/_ext/1171490990/startup_xc32.o
 .debug_abbrev  0x00001411      0x3d8 build/default/production/_ext/1671623073/Drivers.o
 .debug_abbrev  0x000017e9      0x375 build/default/production/_ext/1936174342/pb_helper.o
 .debug_abbrev  0x00001b5e      0x1f0 build/default/production/_ext/1936174342/pb_mngr.o
 .debug_abbrev  0x00001d4e      0x1e6 build/default/production/_ext/840851172/int_globals.o
 .debug_abbrev  0x00001f34      0x21c build/default/production/_ext/840851172/pd_main.o
 .debug_abbrev  0x00002150      0x212 build/default/production/_ext/840851172/pd_timer.o
 .debug_abbrev  0x00002362      0x398 build/default/production/_ext/840851172/policy_engine.o
 .debug_abbrev  0x000026fa      0x238 build/default/production/_ext/840851172/policy_engine_src.o
 .debug_abbrev  0x00002932      0x444 build/default/production/_ext/840851172/policy_manager.o
 .debug_abbrev  0x00002d76      0x305 build/default/production/_ext/840851172/portpower_control.o
 .debug_abbrev  0x0000307b      0x3cd build/default/production/_ext/840851172/protocol_layer.o
 .debug_abbrev  0x00003448      0x3bb build/default/production/_ext/840851172/typeC_control.o
 .debug_abbrev  0x00003803      0x329 build/default/production/_ext/840851172/upd_hw.o
 .debug_abbrev  0x00003b2c      0x1c7 build/default/production/_ext/840851172/upd_interrupts.o
 .debug_abbrev  0x00003cf3      0x24d build/default/production/_ext/1360937237/main.o
 .debug_abbrev  0x00003f40      0x271 build/default/production/_ext/318156199/PSFDRP_App.o
 .debug_abbrev  0x000041b1      0x2d2 build/default/production/_ext/318156199/PSFDRP_BootCfg.o
 .debug_abbrev  0x00004483       0x2a c:/program files (x86)/microchip/xc32/v2.30/bin/bin/../../lib/gcc/pic32c/6.2.1/../../../../pic32c/lib\libpic32c.a(data_init.o)
 .debug_abbrev  0x000044ad       0x14 c:/program files (x86)/microchip/xc32/v2.30/bin/bin/../../lib/gcc/pic32c/6.2.1\libgcc.a(_thumb1_case_uqi.o)
 .debug_abbrev  0x000044c1       0x14 c:/program files (x86)/microchip/xc32/v2.30/bin/bin/../../lib/gcc/pic32c/6.2.1\libgcc.a(_thumb1_case_shi.o)
 .debug_abbrev  0x000044d5       0x14 c:/program files (x86)/microchip/xc32/v2.30/bin/bin/../../lib/gcc/pic32c/6.2.1\libgcc.a(_thumb1_case_uhi.o)
 .debug_abbrev  0x000044e9       0x14 c:/program files (x86)/microchip/xc32/v2.30/bin/bin/../../lib/gcc/pic32c/6.2.1\libgcc.a(_udivsi3.o)
 .debug_abbrev  0x000044fd       0x14 c:/program files (x86)/microchip/xc32/v2.30/bin/bin/../../lib/gcc/pic32c/6.2.1\libgcc.a(_divsi3.o)
 .debug_abbrev  0x00004511       0x14 c:/program files (x86)/microchip/xc32/v2.30/bin/bin/../../lib/gcc/pic32c/6.2.1\libgcc.a(_dvmd_tls.o)
 .debug_abbrev  0x00004525      0x11b c:/program files (x86)/microchip/xc32/v2.30/bin/bin/../../lib/gcc/pic32c/6.2.1\libgcc.a(_fixunssfsi.o)
 .debug_abbrev  0x00004640      0x11b c:/program files (x86)/microchip/xc32/v2.30/bin/bin/../../lib/gcc/pic32c/6.2.1\libgcc.a(_fixunsdfsi.o)
 .debug_abbrev  0x0000475b      0x135 c:/program files (x86)/microchip/xc32/v2.30/bin/bin/../../lib/gcc/pic32c/6.2.1\libgcc.a(divsf3.o)
 .debug_abbrev  0x00004890      0x13c c:/program files (x86)/microchip/xc32/v2.30/bin/bin/../../lib/gcc/pic32c/6.2.1\libgcc.a(mulsf3.o)
 .debug_abbrev  0x000049cc      0x149 c:/program files (x86)/microchip/xc32/v2.30/bin/bin/../../lib/gcc/pic32c/6.2.1\libgcc.a(subsf3.o)
 .debug_abbrev  0x00004b15      0x12e c:/program files (x86)/microchip/xc32/v2.30/bin/bin/../../lib/gcc/pic32c/6.2.1\libgcc.a(fixsfsi.o)
 .debug_abbrev  0x00004c43      0x12d c:/program files (x86)/microchip/xc32/v2.30/bin/bin/../../lib/gcc/pic32c/6.2.1\libgcc.a(floatsisf.o)
 .debug_abbrev  0x00004d70      0x12d c:/program files (x86)/microchip/xc32/v2.30/bin/bin/../../lib/gcc/pic32c/6.2.1\libgcc.a(floatunsisf.o)
 .debug_abbrev  0x00004e9d      0x143 c:/program files (x86)/microchip/xc32/v2.30/bin/bin/../../lib/gcc/pic32c/6.2.1\libgcc.a(divdf3.o)
 .debug_abbrev  0x00004fe0      0x14a c:/program files (x86)/microchip/xc32/v2.30/bin/bin/../../lib/gcc/pic32c/6.2.1\libgcc.a(muldf3.o)
 .debug_abbrev  0x0000512a      0x150 c:/program files (x86)/microchip/xc32/v2.30/bin/bin/../../lib/gcc/pic32c/6.2.1\libgcc.a(subdf3.o)
 .debug_abbrev  0x0000527a      0x12c c:/program files (x86)/microchip/xc32/v2.30/bin/bin/../../lib/gcc/pic32c/6.2.1\libgcc.a(fixdfsi.o)
 .debug_abbrev  0x000053a6      0x118 c:/program files (x86)/microchip/xc32/v2.30/bin/bin/../../lib/gcc/pic32c/6.2.1\libgcc.a(floatsidf.o)
 .debug_abbrev  0x000054be      0x114 c:/program files (x86)/microchip/xc32/v2.30/bin/bin/../../lib/gcc/pic32c/6.2.1\libgcc.a(extendsfdf2.o)
 .debug_abbrev  0x000055d2      0x10e c:/program files (x86)/microchip/xc32/v2.30/bin/bin/../../lib/gcc/pic32c/6.2.1\libgcc.a(truncdfsf2.o)
 .debug_abbrev  0x000056e0       0x14 c:/program files (x86)/microchip/xc32/v2.30/bin/bin/../../lib/gcc/pic32c/6.2.1\libgcc.a(_arm_cmpdf2.o)
 .debug_abbrev  0x000056f4       0x14 c:/program files (x86)/microchip/xc32/v2.30/bin/bin/../../lib/gcc/pic32c/6.2.1\libgcc.a(_arm_cmpsf2.o)
 .debug_abbrev  0x00005708       0x14 c:/program files (x86)/microchip/xc32/v2.30/bin/bin/../../lib/gcc/pic32c/6.2.1\libgcc.a(_clzsi2.o)
 .debug_abbrev  0x0000571c      0x128 c:/program files (x86)/microchip/xc32/v2.30/bin/bin/../../lib/gcc/pic32c/6.2.1\libgcc.a(eqsf2.o)
 .debug_abbrev  0x00005844      0x12a c:/program files (x86)/microchip/xc32/v2.30/bin/bin/../../lib/gcc/pic32c/6.2.1\libgcc.a(gesf2.o)
 .debug_abbrev  0x0000596e      0x135 c:/program files (x86)/microchip/xc32/v2.30/bin/bin/../../lib/gcc/pic32c/6.2.1\libgcc.a(lesf2.o)
 .debug_abbrev  0x00005aa3      0x128 c:/program files (x86)/microchip/xc32/v2.30/bin/bin/../../lib/gcc/pic32c/6.2.1\libgcc.a(eqdf2.o)
 .debug_abbrev  0x00005bcb      0x135 c:/program files (x86)/microchip/xc32/v2.30/bin/bin/../../lib/gcc/pic32c/6.2.1\libgcc.a(gedf2.o)
 .debug_abbrev  0x00005d00      0x12a c:/program files (x86)/microchip/xc32/v2.30/bin/bin/../../lib/gcc/pic32c/6.2.1\libgcc.a(ledf2.o)
 .debug_abbrev  0x00005e2a       0xa3 c:/program files (x86)/microchip/xc32/v2.30/bin/bin/../../lib/gcc/pic32c/6.2.1/../../../../pic32c/lib\libc.a(lib_a-init.o)
 .debug_abbrev  0x00005ecd      0x1b5 c:/program files (x86)/microchip/xc32/v2.30/bin/bin/../../lib/gcc/pic32c/6.2.1/../../../../pic32c/lib\libc.a(lib_a-memset.o)

.debug_loc      0x00000000     0xeeed
 .debug_loc     0x00000000       0x5a build/default/production/_ext/1984496892/plib_clock.o
 .debug_loc     0x0000005a       0xb0 build/default/production/_ext/60167341/plib_eic.o
 .debug_loc     0x0000010a       0xf0 build/default/production/_ext/1865468468/plib_nvic.o
 .debug_loc     0x000001fa      0x19d build/default/production/_ext/1593096446/plib_nvmctrl.o
 .debug_loc     0x00000397       0x84 build/default/production/_ext/1865521619/plib_port.o
 .debug_loc     0x0000041b      0x320 build/default/production/_ext/1955509679/plib_sercom3_i2c.o
 .debug_loc     0x0000073b      0x46d build/default/production/_ext/1955867357/plib_sercom0_spi.o
 .debug_loc     0x00000ba8       0x33 build/default/production/_ext/829342655/plib_tc0.o
 .debug_loc     0x00000bdb       0x41 build/default/production/_ext/1171490990/initialization.o
 .debug_loc     0x00000c1c       0x20 build/default/production/_ext/1171490990/startup_xc32.o
 .debug_loc     0x00000c3c      0x473 build/default/production/_ext/1671623073/Drivers.o
 .debug_loc     0x000010af      0xf4d build/default/production/_ext/1936174342/pb_helper.o
 .debug_loc     0x00001ffc      0x2be build/default/production/_ext/1936174342/pb_mngr.o
 .debug_loc     0x000022ba       0x4c build/default/production/_ext/840851172/int_globals.o
 .debug_loc     0x00002306      0x17e build/default/production/_ext/840851172/pd_main.o
 .debug_loc     0x00002484      0x2d5 build/default/production/_ext/840851172/pd_timer.o
 .debug_loc     0x00002759      0xe58 build/default/production/_ext/840851172/policy_engine.o
 .debug_loc     0x000035b1      0x628 build/default/production/_ext/840851172/policy_engine_src.o
 .debug_loc     0x00003bd9      0xfd2 build/default/production/_ext/840851172/policy_manager.o
 .debug_loc     0x00004bab      0x3d6 build/default/production/_ext/840851172/portpower_control.o
 .debug_loc     0x00004f81     0x16a5 build/default/production/_ext/840851172/protocol_layer.o
 .debug_loc     0x00006626      0xf01 build/default/production/_ext/840851172/typeC_control.o
 .debug_loc     0x00007527      0xe4c build/default/production/_ext/840851172/upd_hw.o
 .debug_loc     0x00008373       0x41 build/default/production/_ext/840851172/upd_interrupts.o
 .debug_loc     0x000083b4       0x20 build/default/production/_ext/1360937237/main.o
 .debug_loc     0x000083d4      0x1f3 build/default/production/_ext/318156199/PSFDRP_App.o
 .debug_loc     0x000085c7       0xb1 build/default/production/_ext/318156199/PSFDRP_BootCfg.o
 .debug_loc     0x00008678       0x14 c:/program files (x86)/microchip/xc32/v2.30/bin/bin/../../lib/gcc/pic32c/6.2.1/../../../../pic32c/lib\libpic32c.a(data_init.o)
 .debug_loc     0x0000868c       0x5a c:/program files (x86)/microchip/xc32/v2.30/bin/bin/../../lib/gcc/pic32c/6.2.1\libgcc.a(_fixunssfsi.o)
 .debug_loc     0x000086e6       0x49 c:/program files (x86)/microchip/xc32/v2.30/bin/bin/../../lib/gcc/pic32c/6.2.1\libgcc.a(_fixunsdfsi.o)
 .debug_loc     0x0000872f      0x6a6 c:/program files (x86)/microchip/xc32/v2.30/bin/bin/../../lib/gcc/pic32c/6.2.1\libgcc.a(divsf3.o)
 .debug_loc     0x00008dd5      0x791 c:/program files (x86)/microchip/xc32/v2.30/bin/bin/../../lib/gcc/pic32c/6.2.1\libgcc.a(mulsf3.o)
 .debug_loc     0x00009566      0xb1b c:/program files (x86)/microchip/xc32/v2.30/bin/bin/../../lib/gcc/pic32c/6.2.1\libgcc.a(subsf3.o)
 .debug_loc     0x0000a081       0xe7 c:/program files (x86)/microchip/xc32/v2.30/bin/bin/../../lib/gcc/pic32c/6.2.1\libgcc.a(fixsfsi.o)
 .debug_loc     0x0000a168      0x180 c:/program files (x86)/microchip/xc32/v2.30/bin/bin/../../lib/gcc/pic32c/6.2.1\libgcc.a(floatsisf.o)
 .debug_loc     0x0000a2e8      0x150 c:/program files (x86)/microchip/xc32/v2.30/bin/bin/../../lib/gcc/pic32c/6.2.1\libgcc.a(floatunsisf.o)
 .debug_loc     0x0000a438     0x1513 c:/program files (x86)/microchip/xc32/v2.30/bin/bin/../../lib/gcc/pic32c/6.2.1\libgcc.a(divdf3.o)
 .debug_loc     0x0000b94b      0xfde c:/program files (x86)/microchip/xc32/v2.30/bin/bin/../../lib/gcc/pic32c/6.2.1\libgcc.a(muldf3.o)
 .debug_loc     0x0000c929     0x1362 c:/program files (x86)/microchip/xc32/v2.30/bin/bin/../../lib/gcc/pic32c/6.2.1\libgcc.a(subdf3.o)
 .debug_loc     0x0000dc8b      0x131 c:/program files (x86)/microchip/xc32/v2.30/bin/bin/../../lib/gcc/pic32c/6.2.1\libgcc.a(fixdfsi.o)
 .debug_loc     0x0000ddbc      0x1c1 c:/program files (x86)/microchip/xc32/v2.30/bin/bin/../../lib/gcc/pic32c/6.2.1\libgcc.a(floatsidf.o)
 .debug_loc     0x0000df7d      0x260 c:/program files (x86)/microchip/xc32/v2.30/bin/bin/../../lib/gcc/pic32c/6.2.1\libgcc.a(extendsfdf2.o)
 .debug_loc     0x0000e1dd      0x2e6 c:/program files (x86)/microchip/xc32/v2.30/bin/bin/../../lib/gcc/pic32c/6.2.1\libgcc.a(truncdfsf2.o)
 .debug_loc     0x0000e4c3       0xb8 c:/program files (x86)/microchip/xc32/v2.30/bin/bin/../../lib/gcc/pic32c/6.2.1\libgcc.a(eqsf2.o)
 .debug_loc     0x0000e57b      0x1ca c:/program files (x86)/microchip/xc32/v2.30/bin/bin/../../lib/gcc/pic32c/6.2.1\libgcc.a(gesf2.o)
 .debug_loc     0x0000e745      0x163 c:/program files (x86)/microchip/xc32/v2.30/bin/bin/../../lib/gcc/pic32c/6.2.1\libgcc.a(lesf2.o)
 .debug_loc     0x0000e8a8      0x120 c:/program files (x86)/microchip/xc32/v2.30/bin/bin/../../lib/gcc/pic32c/6.2.1\libgcc.a(eqdf2.o)
 .debug_loc     0x0000e9c8      0x26c c:/program files (x86)/microchip/xc32/v2.30/bin/bin/../../lib/gcc/pic32c/6.2.1\libgcc.a(gedf2.o)
 .debug_loc     0x0000ec34      0x1d5 c:/program files (x86)/microchip/xc32/v2.30/bin/bin/../../lib/gcc/pic32c/6.2.1\libgcc.a(ledf2.o)
 .debug_loc     0x0000ee09       0x72 c:/program files (x86)/microchip/xc32/v2.30/bin/bin/../../lib/gcc/pic32c/6.2.1/../../../../pic32c/lib\libc.a(lib_a-init.o)
 .debug_loc     0x0000ee7b       0x72 c:/program files (x86)/microchip/xc32/v2.30/bin/bin/../../lib/gcc/pic32c/6.2.1/../../../../pic32c/lib\libc.a(lib_a-memset.o)

.debug_aranges  0x00000000      0xf08
 .debug_aranges
                0x00000000       0x20 build/default/production/_ext/1984496892/plib_clock.o
 .debug_aranges
                0x00000020       0x40 build/default/production/_ext/60167341/plib_eic.o
 .debug_aranges
                0x00000060       0x20 build/default/production/_ext/1865468468/plib_nvic.o
 .debug_aranges
                0x00000080       0x60 build/default/production/_ext/1593096446/plib_nvmctrl.o
 .debug_aranges
                0x000000e0       0x60 build/default/production/_ext/1865521619/plib_port.o
 .debug_aranges
                0x00000140       0x68 build/default/production/_ext/1955509679/plib_sercom3_i2c.o
 .debug_aranges
                0x000001a8       0x40 build/default/production/_ext/1955867357/plib_sercom0_spi.o
 .debug_aranges
                0x000001e8       0x68 build/default/production/_ext/829342655/plib_tc0.o
 .debug_aranges
                0x00000250       0x20 build/default/production/_ext/1171490990/initialization.o
 .debug_aranges
                0x00000270       0x20 build/default/production/_ext/1171490990/interrupts.o
 .debug_aranges
                0x00000290       0x28 build/default/production/_ext/1171490990/exceptions.o
 .debug_aranges
                0x000002b8       0x20 build/default/production/_ext/1171490990/startup_xc32.o
 .debug_aranges
                0x000002d8       0x88 build/default/production/_ext/1671623073/Drivers.o
 .debug_aranges
                0x00000360       0xd8 build/default/production/_ext/1936174342/pb_helper.o
 .debug_aranges
                0x00000438       0x20 build/default/production/_ext/1936174342/pb_mngr.o
 .debug_aranges
                0x00000458       0x20 build/default/production/_ext/840851172/int_globals.o
 .debug_aranges
                0x00000478       0x38 build/default/production/_ext/840851172/pd_main.o
 .debug_aranges
                0x000004b0       0x48 build/default/production/_ext/840851172/pd_timer.o
 .debug_aranges
                0x000004f8       0xb8 build/default/production/_ext/840851172/policy_engine.o
 .debug_aranges
                0x000005b0       0x20 build/default/production/_ext/840851172/policy_engine_src.o
 .debug_aranges
                0x000005d0      0x138 build/default/production/_ext/840851172/policy_manager.o
 .debug_aranges
                0x00000708       0x58 build/default/production/_ext/840851172/portpower_control.o
 .debug_aranges
                0x00000760      0x130 build/default/production/_ext/840851172/protocol_layer.o
 .debug_aranges
                0x00000890       0xe0 build/default/production/_ext/840851172/typeC_control.o
 .debug_aranges
                0x00000970       0xe0 build/default/production/_ext/840851172/upd_hw.o
 .debug_aranges
                0x00000a50       0x20 build/default/production/_ext/840851172/upd_interrupts.o
 .debug_aranges
                0x00000a70       0x20 build/default/production/_ext/1360937237/main.o
 .debug_aranges
                0x00000a90       0x30 build/default/production/_ext/318156199/PSFDRP_App.o
 .debug_aranges
                0x00000ac0       0x28 build/default/production/_ext/318156199/PSFDRP_BootCfg.o
 .debug_aranges
                0x00000ae8       0x20 c:/program files (x86)/microchip/xc32/v2.30/bin/bin/../../lib/gcc/pic32c/6.2.1/../../../../pic32c/lib\libpic32c.a(data_init.o)
 .debug_aranges
                0x00000b08       0x20 c:/program files (x86)/microchip/xc32/v2.30/bin/bin/../../lib/gcc/pic32c/6.2.1\libgcc.a(_thumb1_case_uqi.o)
 .debug_aranges
                0x00000b28       0x20 c:/program files (x86)/microchip/xc32/v2.30/bin/bin/../../lib/gcc/pic32c/6.2.1\libgcc.a(_thumb1_case_shi.o)
 .debug_aranges
                0x00000b48       0x20 c:/program files (x86)/microchip/xc32/v2.30/bin/bin/../../lib/gcc/pic32c/6.2.1\libgcc.a(_thumb1_case_uhi.o)
 .debug_aranges
                0x00000b68       0x20 c:/program files (x86)/microchip/xc32/v2.30/bin/bin/../../lib/gcc/pic32c/6.2.1\libgcc.a(_udivsi3.o)
 .debug_aranges
                0x00000b88       0x20 c:/program files (x86)/microchip/xc32/v2.30/bin/bin/../../lib/gcc/pic32c/6.2.1\libgcc.a(_divsi3.o)
 .debug_aranges
                0x00000ba8       0x20 c:/program files (x86)/microchip/xc32/v2.30/bin/bin/../../lib/gcc/pic32c/6.2.1\libgcc.a(_dvmd_tls.o)
 .debug_aranges
                0x00000bc8       0x20 c:/program files (x86)/microchip/xc32/v2.30/bin/bin/../../lib/gcc/pic32c/6.2.1\libgcc.a(_fixunssfsi.o)
 .debug_aranges
                0x00000be8       0x20 c:/program files (x86)/microchip/xc32/v2.30/bin/bin/../../lib/gcc/pic32c/6.2.1\libgcc.a(_fixunsdfsi.o)
 .debug_aranges
                0x00000c08       0x20 c:/program files (x86)/microchip/xc32/v2.30/bin/bin/../../lib/gcc/pic32c/6.2.1\libgcc.a(divsf3.o)
 .debug_aranges
                0x00000c28       0x20 c:/program files (x86)/microchip/xc32/v2.30/bin/bin/../../lib/gcc/pic32c/6.2.1\libgcc.a(mulsf3.o)
 .debug_aranges
                0x00000c48       0x20 c:/program files (x86)/microchip/xc32/v2.30/bin/bin/../../lib/gcc/pic32c/6.2.1\libgcc.a(subsf3.o)
 .debug_aranges
                0x00000c68       0x20 c:/program files (x86)/microchip/xc32/v2.30/bin/bin/../../lib/gcc/pic32c/6.2.1\libgcc.a(fixsfsi.o)
 .debug_aranges
                0x00000c88       0x20 c:/program files (x86)/microchip/xc32/v2.30/bin/bin/../../lib/gcc/pic32c/6.2.1\libgcc.a(floatsisf.o)
 .debug_aranges
                0x00000ca8       0x20 c:/program files (x86)/microchip/xc32/v2.30/bin/bin/../../lib/gcc/pic32c/6.2.1\libgcc.a(floatunsisf.o)
 .debug_aranges
                0x00000cc8       0x20 c:/program files (x86)/microchip/xc32/v2.30/bin/bin/../../lib/gcc/pic32c/6.2.1\libgcc.a(divdf3.o)
 .debug_aranges
                0x00000ce8       0x20 c:/program files (x86)/microchip/xc32/v2.30/bin/bin/../../lib/gcc/pic32c/6.2.1\libgcc.a(muldf3.o)
 .debug_aranges
                0x00000d08       0x20 c:/program files (x86)/microchip/xc32/v2.30/bin/bin/../../lib/gcc/pic32c/6.2.1\libgcc.a(subdf3.o)
 .debug_aranges
                0x00000d28       0x20 c:/program files (x86)/microchip/xc32/v2.30/bin/bin/../../lib/gcc/pic32c/6.2.1\libgcc.a(fixdfsi.o)
 .debug_aranges
                0x00000d48       0x20 c:/program files (x86)/microchip/xc32/v2.30/bin/bin/../../lib/gcc/pic32c/6.2.1\libgcc.a(floatsidf.o)
 .debug_aranges
                0x00000d68       0x20 c:/program files (x86)/microchip/xc32/v2.30/bin/bin/../../lib/gcc/pic32c/6.2.1\libgcc.a(extendsfdf2.o)
 .debug_aranges
                0x00000d88       0x20 c:/program files (x86)/microchip/xc32/v2.30/bin/bin/../../lib/gcc/pic32c/6.2.1\libgcc.a(truncdfsf2.o)
 .debug_aranges
                0x00000da8       0x20 c:/program files (x86)/microchip/xc32/v2.30/bin/bin/../../lib/gcc/pic32c/6.2.1\libgcc.a(_arm_cmpdf2.o)
 .debug_aranges
                0x00000dc8       0x20 c:/program files (x86)/microchip/xc32/v2.30/bin/bin/../../lib/gcc/pic32c/6.2.1\libgcc.a(_arm_cmpsf2.o)
 .debug_aranges
                0x00000de8       0x20 c:/program files (x86)/microchip/xc32/v2.30/bin/bin/../../lib/gcc/pic32c/6.2.1\libgcc.a(_clzsi2.o)
 .debug_aranges
                0x00000e08       0x20 c:/program files (x86)/microchip/xc32/v2.30/bin/bin/../../lib/gcc/pic32c/6.2.1\libgcc.a(eqsf2.o)
 .debug_aranges
                0x00000e28       0x20 c:/program files (x86)/microchip/xc32/v2.30/bin/bin/../../lib/gcc/pic32c/6.2.1\libgcc.a(gesf2.o)
 .debug_aranges
                0x00000e48       0x20 c:/program files (x86)/microchip/xc32/v2.30/bin/bin/../../lib/gcc/pic32c/6.2.1\libgcc.a(lesf2.o)
 .debug_aranges
                0x00000e68       0x20 c:/program files (x86)/microchip/xc32/v2.30/bin/bin/../../lib/gcc/pic32c/6.2.1\libgcc.a(eqdf2.o)
 .debug_aranges
                0x00000e88       0x20 c:/program files (x86)/microchip/xc32/v2.30/bin/bin/../../lib/gcc/pic32c/6.2.1\libgcc.a(gedf2.o)
 .debug_aranges
                0x00000ea8       0x20 c:/program files (x86)/microchip/xc32/v2.30/bin/bin/../../lib/gcc/pic32c/6.2.1\libgcc.a(ledf2.o)
 .debug_aranges
                0x00000ec8       0x20 c:/program files (x86)/microchip/xc32/v2.30/bin/bin/../../lib/gcc/pic32c/6.2.1/../../../../pic32c/lib\libc.a(lib_a-init.o)
 .debug_aranges
                0x00000ee8       0x20 c:/program files (x86)/microchip/xc32/v2.30/bin/bin/../../lib/gcc/pic32c/6.2.1/../../../../pic32c/lib\libc.a(lib_a-memset.o)

.debug_ranges   0x00000000     0x1600
 .debug_ranges  0x00000000       0x40 build/default/production/_ext/1984496892/plib_clock.o
 .debug_ranges  0x00000040       0x30 build/default/production/_ext/60167341/plib_eic.o
 .debug_ranges  0x00000070       0x90 build/default/production/_ext/1865468468/plib_nvic.o
 .debug_ranges  0x00000100       0x50 build/default/production/_ext/1593096446/plib_nvmctrl.o
 .debug_ranges  0x00000150       0x50 build/default/production/_ext/1865521619/plib_port.o
 .debug_ranges  0x000001a0       0x70 build/default/production/_ext/1955509679/plib_sercom3_i2c.o
 .debug_ranges  0x00000210       0x30 build/default/production/_ext/1955867357/plib_sercom0_spi.o
 .debug_ranges  0x00000240       0x58 build/default/production/_ext/829342655/plib_tc0.o
 .debug_ranges  0x00000298       0x10 build/default/production/_ext/1171490990/initialization.o
 .debug_ranges  0x000002a8       0x10 build/default/production/_ext/1171490990/interrupts.o
 .debug_ranges  0x000002b8       0x18 build/default/production/_ext/1171490990/exceptions.o
 .debug_ranges  0x000002d0       0x10 build/default/production/_ext/1171490990/startup_xc32.o
 .debug_ranges  0x000002e0       0xb0 build/default/production/_ext/1671623073/Drivers.o
 .debug_ranges  0x00000390      0x130 build/default/production/_ext/1936174342/pb_helper.o
 .debug_ranges  0x000004c0       0x10 build/default/production/_ext/1936174342/pb_mngr.o
 .debug_ranges  0x000004d0       0x10 build/default/production/_ext/840851172/int_globals.o
 .debug_ranges  0x000004e0       0x28 build/default/production/_ext/840851172/pd_main.o
 .debug_ranges  0x00000508       0x68 build/default/production/_ext/840851172/pd_timer.o
 .debug_ranges  0x00000570      0x118 build/default/production/_ext/840851172/policy_engine.o
 .debug_ranges  0x00000688       0x10 build/default/production/_ext/840851172/policy_engine_src.o
 .debug_ranges  0x00000698      0x1a8 build/default/production/_ext/840851172/policy_manager.o
 .debug_ranges  0x00000840       0x78 build/default/production/_ext/840851172/portpower_control.o
 .debug_ranges  0x000008b8      0x158 build/default/production/_ext/840851172/protocol_layer.o
 .debug_ranges  0x00000a10       0xe8 build/default/production/_ext/840851172/typeC_control.o
 .debug_ranges  0x00000af8       0xf0 build/default/production/_ext/840851172/upd_hw.o
 .debug_ranges  0x00000be8       0x30 build/default/production/_ext/840851172/upd_interrupts.o
 .debug_ranges  0x00000c18       0x10 build/default/production/_ext/1360937237/main.o
 .debug_ranges  0x00000c28       0x38 build/default/production/_ext/318156199/PSFDRP_App.o
 .debug_ranges  0x00000c60       0x30 build/default/production/_ext/318156199/PSFDRP_BootCfg.o
 .debug_ranges  0x00000c90       0x10 c:/program files (x86)/microchip/xc32/v2.30/bin/bin/../../lib/gcc/pic32c/6.2.1/../../../../pic32c/lib\libpic32c.a(data_init.o)
 .debug_ranges  0x00000ca0       0x50 c:/program files (x86)/microchip/xc32/v2.30/bin/bin/../../lib/gcc/pic32c/6.2.1\libgcc.a(divsf3.o)
 .debug_ranges  0x00000cf0       0x50 c:/program files (x86)/microchip/xc32/v2.30/bin/bin/../../lib/gcc/pic32c/6.2.1\libgcc.a(mulsf3.o)
 .debug_ranges  0x00000d40       0xf0 c:/program files (x86)/microchip/xc32/v2.30/bin/bin/../../lib/gcc/pic32c/6.2.1\libgcc.a(subsf3.o)
 .debug_ranges  0x00000e30       0x38 c:/program files (x86)/microchip/xc32/v2.30/bin/bin/../../lib/gcc/pic32c/6.2.1\libgcc.a(floatsisf.o)
 .debug_ranges  0x00000e68       0x38 c:/program files (x86)/microchip/xc32/v2.30/bin/bin/../../lib/gcc/pic32c/6.2.1\libgcc.a(floatunsisf.o)
 .debug_ranges  0x00000ea0      0x178 c:/program files (x86)/microchip/xc32/v2.30/bin/bin/../../lib/gcc/pic32c/6.2.1\libgcc.a(divdf3.o)
 .debug_ranges  0x00001018      0x1d0 c:/program files (x86)/microchip/xc32/v2.30/bin/bin/../../lib/gcc/pic32c/6.2.1\libgcc.a(muldf3.o)
 .debug_ranges  0x000011e8      0x1b8 c:/program files (x86)/microchip/xc32/v2.30/bin/bin/../../lib/gcc/pic32c/6.2.1\libgcc.a(subdf3.o)
 .debug_ranges  0x000013a0       0x18 c:/program files (x86)/microchip/xc32/v2.30/bin/bin/../../lib/gcc/pic32c/6.2.1\libgcc.a(fixdfsi.o)
 .debug_ranges  0x000013b8       0x50 c:/program files (x86)/microchip/xc32/v2.30/bin/bin/../../lib/gcc/pic32c/6.2.1\libgcc.a(floatsidf.o)
 .debug_ranges  0x00001408       0x20 c:/program files (x86)/microchip/xc32/v2.30/bin/bin/../../lib/gcc/pic32c/6.2.1\libgcc.a(extendsfdf2.o)
 .debug_ranges  0x00001428       0x38 c:/program files (x86)/microchip/xc32/v2.30/bin/bin/../../lib/gcc/pic32c/6.2.1\libgcc.a(truncdfsf2.o)
 .debug_ranges  0x00001460       0x30 c:/program files (x86)/microchip/xc32/v2.30/bin/bin/../../lib/gcc/pic32c/6.2.1\libgcc.a(eqsf2.o)
 .debug_ranges  0x00001490       0x58 c:/program files (x86)/microchip/xc32/v2.30/bin/bin/../../lib/gcc/pic32c/6.2.1\libgcc.a(gesf2.o)
 .debug_ranges  0x000014e8       0x30 c:/program files (x86)/microchip/xc32/v2.30/bin/bin/../../lib/gcc/pic32c/6.2.1\libgcc.a(lesf2.o)
 .debug_ranges  0x00001518       0x50 c:/program files (x86)/microchip/xc32/v2.30/bin/bin/../../lib/gcc/pic32c/6.2.1\libgcc.a(eqdf2.o)
 .debug_ranges  0x00001568       0x30 c:/program files (x86)/microchip/xc32/v2.30/bin/bin/../../lib/gcc/pic32c/6.2.1\libgcc.a(gedf2.o)
 .debug_ranges  0x00001598       0x48 c:/program files (x86)/microchip/xc32/v2.30/bin/bin/../../lib/gcc/pic32c/6.2.1\libgcc.a(ledf2.o)
 .debug_ranges  0x000015e0       0x10 c:/program files (x86)/microchip/xc32/v2.30/bin/bin/../../lib/gcc/pic32c/6.2.1/../../../../pic32c/lib\libc.a(lib_a-init.o)
 .debug_ranges  0x000015f0       0x10 c:/program files (x86)/microchip/xc32/v2.30/bin/bin/../../lib/gcc/pic32c/6.2.1/../../../../pic32c/lib\libc.a(lib_a-memset.o)

.debug_line     0x00000000     0x8199
 .debug_line    0x00000000      0x182 build/default/production/_ext/1984496892/plib_clock.o
 .debug_line    0x00000182      0x1d3 build/default/production/_ext/60167341/plib_eic.o
 .debug_line    0x00000355      0x1c7 build/default/production/_ext/1865468468/plib_nvic.o
 .debug_line    0x0000051c      0x282 build/default/production/_ext/1593096446/plib_nvmctrl.o
 .debug_line    0x0000079e      0x1ef build/default/production/_ext/1865521619/plib_port.o
 .debug_line    0x0000098d      0x2ff build/default/production/_ext/1955509679/plib_sercom3_i2c.o
 .debug_line    0x00000c8c      0x279 build/default/production/_ext/1955867357/plib_sercom0_spi.o
 .debug_line    0x00000f05      0x209 build/default/production/_ext/829342655/plib_tc0.o
 .debug_line    0x0000110e      0x282 build/default/production/_ext/1171490990/initialization.o
 .debug_line    0x00001390      0x20a build/default/production/_ext/1171490990/interrupts.o
 .debug_line    0x0000159a      0x149 build/default/production/_ext/1171490990/exceptions.o
 .debug_line    0x000016e3      0x26d build/default/production/_ext/1171490990/startup_xc32.o
 .debug_line    0x00001950      0x501 build/default/production/_ext/1671623073/Drivers.o
 .debug_line    0x00001e51      0x4a0 build/default/production/_ext/1936174342/pb_helper.o
 .debug_line    0x000022f1      0x1e5 build/default/production/_ext/1936174342/pb_mngr.o
 .debug_line    0x000024d6      0x147 build/default/production/_ext/840851172/int_globals.o
 .debug_line    0x0000261d      0x20e build/default/production/_ext/840851172/pd_main.o
 .debug_line    0x0000282b      0x236 build/default/production/_ext/840851172/pd_timer.o
 .debug_line    0x00002a61      0x51e build/default/production/_ext/840851172/policy_engine.o
 .debug_line    0x00002f7f      0x377 build/default/production/_ext/840851172/policy_engine_src.o
 .debug_line    0x000032f6      0x688 build/default/production/_ext/840851172/policy_manager.o
 .debug_line    0x0000397e      0x233 build/default/production/_ext/840851172/portpower_control.o
 .debug_line    0x00003bb1      0x751 build/default/production/_ext/840851172/protocol_layer.o
 .debug_line    0x00004302      0x74d build/default/production/_ext/840851172/typeC_control.o
 .debug_line    0x00004a4f      0x407 build/default/production/_ext/840851172/upd_hw.o
 .debug_line    0x00004e56      0x199 build/default/production/_ext/840851172/upd_interrupts.o
 .debug_line    0x00004fef      0x27b build/default/production/_ext/1360937237/main.o
 .debug_line    0x0000526a      0x2f9 build/default/production/_ext/318156199/PSFDRP_App.o
 .debug_line    0x00005563      0x2da build/default/production/_ext/318156199/PSFDRP_BootCfg.o
 .debug_line    0x0000583d       0xe3 c:/program files (x86)/microchip/xc32/v2.30/bin/bin/../../lib/gcc/pic32c/6.2.1/../../../../pic32c/lib\libpic32c.a(data_init.o)
 .debug_line    0x00005920       0xa4 c:/program files (x86)/microchip/xc32/v2.30/bin/bin/../../lib/gcc/pic32c/6.2.1\libgcc.a(_thumb1_case_uqi.o)
 .debug_line    0x000059c4       0xa5 c:/program files (x86)/microchip/xc32/v2.30/bin/bin/../../lib/gcc/pic32c/6.2.1\libgcc.a(_thumb1_case_shi.o)
 .debug_line    0x00005a69       0xa5 c:/program files (x86)/microchip/xc32/v2.30/bin/bin/../../lib/gcc/pic32c/6.2.1\libgcc.a(_thumb1_case_uhi.o)
 .debug_line    0x00005b0e       0xb3 c:/program files (x86)/microchip/xc32/v2.30/bin/bin/../../lib/gcc/pic32c/6.2.1\libgcc.a(_udivsi3.o)
 .debug_line    0x00005bc1       0xc1 c:/program files (x86)/microchip/xc32/v2.30/bin/bin/../../lib/gcc/pic32c/6.2.1\libgcc.a(_divsi3.o)
 .debug_line    0x00005c82       0x9c c:/program files (x86)/microchip/xc32/v2.30/bin/bin/../../lib/gcc/pic32c/6.2.1\libgcc.a(_dvmd_tls.o)
 .debug_line    0x00005d1e      0x28e c:/program files (x86)/microchip/xc32/v2.30/bin/bin/../../lib/gcc/pic32c/6.2.1\libgcc.a(_fixunssfsi.o)
 .debug_line    0x00005fac      0x28c c:/program files (x86)/microchip/xc32/v2.30/bin/bin/../../lib/gcc/pic32c/6.2.1\libgcc.a(_fixunsdfsi.o)
 .debug_line    0x00006238      0x161 c:/program files (x86)/microchip/xc32/v2.30/bin/bin/../../lib/gcc/pic32c/6.2.1\libgcc.a(divsf3.o)
 .debug_line    0x00006399      0x15f c:/program files (x86)/microchip/xc32/v2.30/bin/bin/../../lib/gcc/pic32c/6.2.1\libgcc.a(mulsf3.o)
 .debug_line    0x000064f8      0x19a c:/program files (x86)/microchip/xc32/v2.30/bin/bin/../../lib/gcc/pic32c/6.2.1\libgcc.a(subsf3.o)
 .debug_line    0x00006692      0x12a c:/program files (x86)/microchip/xc32/v2.30/bin/bin/../../lib/gcc/pic32c/6.2.1\libgcc.a(fixsfsi.o)
 .debug_line    0x000067bc      0x132 c:/program files (x86)/microchip/xc32/v2.30/bin/bin/../../lib/gcc/pic32c/6.2.1\libgcc.a(floatsisf.o)
 .debug_line    0x000068ee      0x137 c:/program files (x86)/microchip/xc32/v2.30/bin/bin/../../lib/gcc/pic32c/6.2.1\libgcc.a(floatunsisf.o)
 .debug_line    0x00006a25      0x1a4 c:/program files (x86)/microchip/xc32/v2.30/bin/bin/../../lib/gcc/pic32c/6.2.1\libgcc.a(divdf3.o)
 .debug_line    0x00006bc9      0x182 c:/program files (x86)/microchip/xc32/v2.30/bin/bin/../../lib/gcc/pic32c/6.2.1\libgcc.a(muldf3.o)
 .debug_line    0x00006d4b      0x1cd c:/program files (x86)/microchip/xc32/v2.30/bin/bin/../../lib/gcc/pic32c/6.2.1\libgcc.a(subdf3.o)
 .debug_line    0x00006f18      0x12f c:/program files (x86)/microchip/xc32/v2.30/bin/bin/../../lib/gcc/pic32c/6.2.1\libgcc.a(fixdfsi.o)
 .debug_line    0x00007047      0x12a c:/program files (x86)/microchip/xc32/v2.30/bin/bin/../../lib/gcc/pic32c/6.2.1\libgcc.a(floatsidf.o)
 .debug_line    0x00007171      0x145 c:/program files (x86)/microchip/xc32/v2.30/bin/bin/../../lib/gcc/pic32c/6.2.1\libgcc.a(extendsfdf2.o)
 .debug_line    0x000072b6      0x154 c:/program files (x86)/microchip/xc32/v2.30/bin/bin/../../lib/gcc/pic32c/6.2.1\libgcc.a(truncdfsf2.o)
 .debug_line    0x0000740a       0xb4 c:/program files (x86)/microchip/xc32/v2.30/bin/bin/../../lib/gcc/pic32c/6.2.1\libgcc.a(_arm_cmpdf2.o)
 .debug_line    0x000074be       0xb1 c:/program files (x86)/microchip/xc32/v2.30/bin/bin/../../lib/gcc/pic32c/6.2.1\libgcc.a(_arm_cmpsf2.o)
 .debug_line    0x0000756f       0xb0 c:/program files (x86)/microchip/xc32/v2.30/bin/bin/../../lib/gcc/pic32c/6.2.1\libgcc.a(_clzsi2.o)
 .debug_line    0x0000761f      0x13e c:/program files (x86)/microchip/xc32/v2.30/bin/bin/../../lib/gcc/pic32c/6.2.1\libgcc.a(eqsf2.o)
 .debug_line    0x0000775d      0x149 c:/program files (x86)/microchip/xc32/v2.30/bin/bin/../../lib/gcc/pic32c/6.2.1\libgcc.a(gesf2.o)
 .debug_line    0x000078a6      0x147 c:/program files (x86)/microchip/xc32/v2.30/bin/bin/../../lib/gcc/pic32c/6.2.1\libgcc.a(lesf2.o)
 .debug_line    0x000079ed      0x14c c:/program files (x86)/microchip/xc32/v2.30/bin/bin/../../lib/gcc/pic32c/6.2.1\libgcc.a(eqdf2.o)
 .debug_line    0x00007b39      0x14c c:/program files (x86)/microchip/xc32/v2.30/bin/bin/../../lib/gcc/pic32c/6.2.1\libgcc.a(gedf2.o)
 .debug_line    0x00007c85      0x14f c:/program files (x86)/microchip/xc32/v2.30/bin/bin/../../lib/gcc/pic32c/6.2.1\libgcc.a(ledf2.o)
 .debug_line    0x00007dd4      0x118 c:/program files (x86)/microchip/xc32/v2.30/bin/bin/../../lib/gcc/pic32c/6.2.1/../../../../pic32c/lib\libc.a(lib_a-init.o)
 .debug_line    0x00007eec      0x2ad c:/program files (x86)/microchip/xc32/v2.30/bin/bin/../../lib/gcc/pic32c/6.2.1/../../../../pic32c/lib\libc.a(lib_a-memset.o)

.debug_str      0x00000000     0x1e27
 .debug_str     0x00000000       0x28 build/default/production/_ext/1984496892/plib_clock.o
 .debug_str     0x00000028        0x9 build/default/production/_ext/60167341/plib_eic.o
 .debug_str     0x00000031        0xa build/default/production/_ext/1865468468/plib_nvic.o
 .debug_str     0x0000003b       0x16 build/default/production/_ext/1593096446/plib_nvmctrl.o
 .debug_str     0x00000051        0xb build/default/production/_ext/1865521619/plib_port.o
 .debug_str     0x0000005c       0xc3 build/default/production/_ext/1955509679/plib_sercom3_i2c.o
 .debug_str     0x0000011f       0xd6 build/default/production/_ext/1955867357/plib_sercom0_spi.o
 .debug_str     0x000001f5       0xa7 build/default/production/_ext/829342655/plib_tc0.o
 .debug_str     0x0000029c       0x75 build/default/production/_ext/1171490990/initialization.o
 .debug_str     0x00000311       0x22 build/default/production/_ext/1171490990/interrupts.o
 .debug_str     0x00000333       0x22 build/default/production/_ext/1171490990/exceptions.o
 .debug_str     0x00000355       0x8d build/default/production/_ext/1171490990/startup_xc32.o
 .debug_str     0x000003e2      0x12f build/default/production/_ext/1671623073/Drivers.o
 .debug_str     0x00000511      0x106 build/default/production/_ext/1936174342/pb_helper.o
 .debug_str     0x00000617      0x1c4 build/default/production/_ext/1936174342/pb_mngr.o
 .debug_str     0x000007db       0x37 build/default/production/_ext/840851172/int_globals.o
 .debug_str     0x00000812      0x18a build/default/production/_ext/840851172/pd_main.o
 .debug_str     0x0000099c       0xac build/default/production/_ext/840851172/pd_timer.o
 .debug_str     0x00000a48      0x1b3 build/default/production/_ext/840851172/policy_engine.o
 .debug_str     0x00000bfb      0x314 build/default/production/_ext/840851172/policy_engine_src.o
 .debug_str     0x00000f0f      0x2b1 build/default/production/_ext/840851172/policy_manager.o
 .debug_str     0x000011c0       0x78 build/default/production/_ext/840851172/portpower_control.o
 .debug_str     0x00001238      0x25c build/default/production/_ext/840851172/protocol_layer.o
 .debug_str     0x00001494      0x2bf build/default/production/_ext/840851172/typeC_control.o
 .debug_str     0x00001753      0x14e build/default/production/_ext/840851172/upd_hw.o
 .debug_str     0x000018a1       0xb1 build/default/production/_ext/840851172/upd_interrupts.o
 .debug_str     0x00001952       0x58 build/default/production/_ext/1360937237/main.o
 .debug_str     0x000019aa       0xe2 build/default/production/_ext/318156199/PSFDRP_App.o
 .debug_str     0x00001a8c       0x3a build/default/production/_ext/318156199/PSFDRP_BootCfg.o
 .debug_str     0x00001ac6        0x0 c:/program files (x86)/microchip/xc32/v2.30/bin/bin/../../lib/gcc/pic32c/6.2.1/../../../../pic32c/lib\libpic32c.a(data_init.o)
 .debug_str     0x00001ac6        0x0 c:/program files (x86)/microchip/xc32/v2.30/bin/bin/../../lib/gcc/pic32c/6.2.1\libgcc.a(_fixunssfsi.o)
 .debug_str     0x00001ac6        0x0 c:/program files (x86)/microchip/xc32/v2.30/bin/bin/../../lib/gcc/pic32c/6.2.1\libgcc.a(_fixunsdfsi.o)
 .debug_str     0x00001ac6       0x30 c:/program files (x86)/microchip/xc32/v2.30/bin/bin/../../lib/gcc/pic32c/6.2.1\libgcc.a(divsf3.o)
 .debug_str     0x00001af6       0x30 c:/program files (x86)/microchip/xc32/v2.30/bin/bin/../../lib/gcc/pic32c/6.2.1\libgcc.a(mulsf3.o)
 .debug_str     0x00001b26       0x2c c:/program files (x86)/microchip/xc32/v2.30/bin/bin/../../lib/gcc/pic32c/6.2.1\libgcc.a(subsf3.o)
 .debug_str     0x00001b52       0x13 c:/program files (x86)/microchip/xc32/v2.30/bin/bin/../../lib/gcc/pic32c/6.2.1\libgcc.a(fixsfsi.o)
 .debug_str     0x00001b65        0x0 c:/program files (x86)/microchip/xc32/v2.30/bin/bin/../../lib/gcc/pic32c/6.2.1\libgcc.a(floatsisf.o)
 .debug_str     0x00001b65        0x0 c:/program files (x86)/microchip/xc32/v2.30/bin/bin/../../lib/gcc/pic32c/6.2.1\libgcc.a(floatunsisf.o)
 .debug_str     0x00001b65       0x30 c:/program files (x86)/microchip/xc32/v2.30/bin/bin/../../lib/gcc/pic32c/6.2.1\libgcc.a(divdf3.o)
 .debug_str     0x00001b95       0x56 c:/program files (x86)/microchip/xc32/v2.30/bin/bin/../../lib/gcc/pic32c/6.2.1\libgcc.a(muldf3.o)
 .debug_str     0x00001beb       0x2c c:/program files (x86)/microchip/xc32/v2.30/bin/bin/../../lib/gcc/pic32c/6.2.1\libgcc.a(subdf3.o)
 .debug_str     0x00001c17       0x13 c:/program files (x86)/microchip/xc32/v2.30/bin/bin/../../lib/gcc/pic32c/6.2.1\libgcc.a(fixdfsi.o)
 .debug_str     0x00001c2a        0x0 c:/program files (x86)/microchip/xc32/v2.30/bin/bin/../../lib/gcc/pic32c/6.2.1\libgcc.a(floatsidf.o)
 .debug_str     0x00001c2a        0x0 c:/program files (x86)/microchip/xc32/v2.30/bin/bin/../../lib/gcc/pic32c/6.2.1\libgcc.a(extendsfdf2.o)
 .debug_str     0x00001c2a        0x0 c:/program files (x86)/microchip/xc32/v2.30/bin/bin/../../lib/gcc/pic32c/6.2.1\libgcc.a(truncdfsf2.o)
 .debug_str     0x00001c2a       0x26 c:/program files (x86)/microchip/xc32/v2.30/bin/bin/../../lib/gcc/pic32c/6.2.1\libgcc.a(eqsf2.o)
 .debug_str     0x00001c50       0x26 c:/program files (x86)/microchip/xc32/v2.30/bin/bin/../../lib/gcc/pic32c/6.2.1\libgcc.a(gesf2.o)
 .debug_str     0x00001c76       0x26 c:/program files (x86)/microchip/xc32/v2.30/bin/bin/../../lib/gcc/pic32c/6.2.1\libgcc.a(lesf2.o)
 .debug_str     0x00001c9c       0x26 c:/program files (x86)/microchip/xc32/v2.30/bin/bin/../../lib/gcc/pic32c/6.2.1\libgcc.a(eqdf2.o)
 .debug_str     0x00001cc2       0x26 c:/program files (x86)/microchip/xc32/v2.30/bin/bin/../../lib/gcc/pic32c/6.2.1\libgcc.a(gedf2.o)
 .debug_str     0x00001ce8       0x26 c:/program files (x86)/microchip/xc32/v2.30/bin/bin/../../lib/gcc/pic32c/6.2.1\libgcc.a(ledf2.o)
 .debug_str     0x00001d0e        0x0 c:/program files (x86)/microchip/xc32/v2.30/bin/bin/../../lib/gcc/pic32c/6.2.1/../../../../pic32c/lib\libc.a(lib_a-init.o)
 .debug_str     0x00001d0e      0x119 c:/program files (x86)/microchip/xc32/v2.30/bin/bin/../../lib/gcc/pic32c/6.2.1/../../../../pic32c/lib\libc.a(lib_a-memset.o)

.debug_frame    0x00000000     0x1fe8
 .debug_frame   0x00000000       0x20 build/default/production/_ext/1984496892/plib_clock.o
 .debug_frame   0x00000020       0x80 build/default/production/_ext/60167341/plib_eic.o
 .debug_frame   0x000000a0       0x20 build/default/production/_ext/1865468468/plib_nvic.o
 .debug_frame   0x000000c0       0xb0 build/default/production/_ext/1593096446/plib_nvmctrl.o
 .debug_frame   0x00000170       0xa0 build/default/production/_ext/1865521619/plib_port.o
 .debug_frame   0x00000210       0xfc build/default/production/_ext/1955509679/plib_sercom3_i2c.o
 .debug_frame   0x0000030c       0x8c build/default/production/_ext/1955867357/plib_sercom0_spi.o
 .debug_frame   0x00000398       0xb8 build/default/production/_ext/829342655/plib_tc0.o
 .debug_frame   0x00000450       0x28 build/default/production/_ext/1171490990/initialization.o
 .debug_frame   0x00000478       0x20 build/default/production/_ext/1171490990/interrupts.o
 .debug_frame   0x00000498       0x30 build/default/production/_ext/1171490990/exceptions.o
 .debug_frame   0x000004c8       0x28 build/default/production/_ext/1171490990/startup_xc32.o
 .debug_frame   0x000004f0      0x144 build/default/production/_ext/1671623073/Drivers.o
 .debug_frame   0x00000634      0x2b0 build/default/production/_ext/1936174342/pb_helper.o
 .debug_frame   0x000008e4       0x30 build/default/production/_ext/1936174342/pb_mngr.o
 .debug_frame   0x00000914       0x28 build/default/production/_ext/840851172/int_globals.o
 .debug_frame   0x0000093c       0x74 build/default/production/_ext/840851172/pd_main.o
 .debug_frame   0x000009b0       0xb8 build/default/production/_ext/840851172/pd_timer.o
 .debug_frame   0x00000a68      0x1f4 build/default/production/_ext/840851172/policy_engine.o
 .debug_frame   0x00000c5c       0x30 build/default/production/_ext/840851172/policy_engine_src.o
 .debug_frame   0x00000c8c      0x370 build/default/production/_ext/840851172/policy_manager.o
 .debug_frame   0x00000ffc       0xd0 build/default/production/_ext/840851172/portpower_control.o
 .debug_frame   0x000010cc      0x3dc build/default/production/_ext/840851172/protocol_layer.o
 .debug_frame   0x000014a8      0x2cc build/default/production/_ext/840851172/typeC_control.o
 .debug_frame   0x00001774      0x2f4 build/default/production/_ext/840851172/upd_hw.o
 .debug_frame   0x00001a68       0x30 build/default/production/_ext/840851172/upd_interrupts.o
 .debug_frame   0x00001a98       0x28 build/default/production/_ext/1360937237/main.o
 .debug_frame   0x00001ac0       0x5c build/default/production/_ext/318156199/PSFDRP_App.o
 .debug_frame   0x00001b1c       0x48 build/default/production/_ext/318156199/PSFDRP_BootCfg.o
 .debug_frame   0x00001b64       0x2c c:/program files (x86)/microchip/xc32/v2.30/bin/bin/../../lib/gcc/pic32c/6.2.1/../../../../pic32c/lib\libpic32c.a(data_init.o)
 .debug_frame   0x00001b90       0x20 c:/program files (x86)/microchip/xc32/v2.30/bin/bin/../../lib/gcc/pic32c/6.2.1\libgcc.a(_udivsi3.o)
 .debug_frame   0x00001bb0       0x20 c:/program files (x86)/microchip/xc32/v2.30/bin/bin/../../lib/gcc/pic32c/6.2.1\libgcc.a(_divsi3.o)
 .debug_frame   0x00001bd0       0x28 c:/program files (x86)/microchip/xc32/v2.30/bin/bin/../../lib/gcc/pic32c/6.2.1\libgcc.a(_fixunssfsi.o)
 .debug_frame   0x00001bf8       0x2c c:/program files (x86)/microchip/xc32/v2.30/bin/bin/../../lib/gcc/pic32c/6.2.1\libgcc.a(_fixunsdfsi.o)
 .debug_frame   0x00001c24       0x30 c:/program files (x86)/microchip/xc32/v2.30/bin/bin/../../lib/gcc/pic32c/6.2.1\libgcc.a(divsf3.o)
 .debug_frame   0x00001c54       0x30 c:/program files (x86)/microchip/xc32/v2.30/bin/bin/../../lib/gcc/pic32c/6.2.1\libgcc.a(mulsf3.o)
 .debug_frame   0x00001c84       0x34 c:/program files (x86)/microchip/xc32/v2.30/bin/bin/../../lib/gcc/pic32c/6.2.1\libgcc.a(subsf3.o)
 .debug_frame   0x00001cb8       0x20 c:/program files (x86)/microchip/xc32/v2.30/bin/bin/../../lib/gcc/pic32c/6.2.1\libgcc.a(fixsfsi.o)
 .debug_frame   0x00001cd8       0x2c c:/program files (x86)/microchip/xc32/v2.30/bin/bin/../../lib/gcc/pic32c/6.2.1\libgcc.a(floatsisf.o)
 .debug_frame   0x00001d04       0x2c c:/program files (x86)/microchip/xc32/v2.30/bin/bin/../../lib/gcc/pic32c/6.2.1\libgcc.a(floatunsisf.o)
 .debug_frame   0x00001d30       0x30 c:/program files (x86)/microchip/xc32/v2.30/bin/bin/../../lib/gcc/pic32c/6.2.1\libgcc.a(divdf3.o)
 .debug_frame   0x00001d60       0x30 c:/program files (x86)/microchip/xc32/v2.30/bin/bin/../../lib/gcc/pic32c/6.2.1\libgcc.a(muldf3.o)
 .debug_frame   0x00001d90       0x34 c:/program files (x86)/microchip/xc32/v2.30/bin/bin/../../lib/gcc/pic32c/6.2.1\libgcc.a(subdf3.o)
 .debug_frame   0x00001dc4       0x2c c:/program files (x86)/microchip/xc32/v2.30/bin/bin/../../lib/gcc/pic32c/6.2.1\libgcc.a(fixdfsi.o)
 .debug_frame   0x00001df0       0x30 c:/program files (x86)/microchip/xc32/v2.30/bin/bin/../../lib/gcc/pic32c/6.2.1\libgcc.a(floatsidf.o)
 .debug_frame   0x00001e20       0x2c c:/program files (x86)/microchip/xc32/v2.30/bin/bin/../../lib/gcc/pic32c/6.2.1\libgcc.a(extendsfdf2.o)
 .debug_frame   0x00001e4c       0x30 c:/program files (x86)/microchip/xc32/v2.30/bin/bin/../../lib/gcc/pic32c/6.2.1\libgcc.a(truncdfsf2.o)
 .debug_frame   0x00001e7c       0x2c c:/program files (x86)/microchip/xc32/v2.30/bin/bin/../../lib/gcc/pic32c/6.2.1\libgcc.a(eqsf2.o)
 .debug_frame   0x00001ea8       0x30 c:/program files (x86)/microchip/xc32/v2.30/bin/bin/../../lib/gcc/pic32c/6.2.1\libgcc.a(gesf2.o)
 .debug_frame   0x00001ed8       0x30 c:/program files (x86)/microchip/xc32/v2.30/bin/bin/../../lib/gcc/pic32c/6.2.1\libgcc.a(lesf2.o)
 .debug_frame   0x00001f08       0x30 c:/program files (x86)/microchip/xc32/v2.30/bin/bin/../../lib/gcc/pic32c/6.2.1\libgcc.a(eqdf2.o)
 .debug_frame   0x00001f38       0x34 c:/program files (x86)/microchip/xc32/v2.30/bin/bin/../../lib/gcc/pic32c/6.2.1\libgcc.a(gedf2.o)
 .debug_frame   0x00001f6c       0x30 c:/program files (x86)/microchip/xc32/v2.30/bin/bin/../../lib/gcc/pic32c/6.2.1\libgcc.a(ledf2.o)
 .debug_frame   0x00001f9c       0x2c c:/program files (x86)/microchip/xc32/v2.30/bin/bin/../../lib/gcc/pic32c/6.2.1/../../../../pic32c/lib\libc.a(lib_a-init.o)
 .debug_frame   0x00001fc8       0x20 c:/program files (x86)/microchip/xc32/v2.30/bin/bin/../../lib/gcc/pic32c/6.2.1/../../../../pic32c/lib\libc.a(lib_a-memset.o)

.stack          0x200008c0      0x100
 .stack         0x200008c0      0x100 stack

.bss.sercom3I2CObj%1
                0x20000658       0x28
 .bss.sercom3I2CObj
                0x20000658       0x28 build/default/production/_ext/1955509679/plib_sercom3_i2c.o

.bss%2          0x20000680       0x1c
 .bss           0x20000680       0x1c c:/program files (x86)/microchip/xc32/v2.30/bin/bin/../../lib/gcc/pic32c/6.2.1/crtbegin.o

.bss.gu32CriticalSectionCnt%3
                0x2000069c        0x4
 .bss.gu32CriticalSectionCnt
                0x2000069c        0x4 build/default/production/_ext/1671623073/Drivers.o

.eh_frame%z1    0x00000000        0x0
 .eh_frame      0x00000000        0x0 c:/program files (x86)/microchip/xc32/v2.30/bin/bin/../../lib/gcc/pic32c/6.2.1/crtbegin.o

.text.PE_SrcRunStateMachine%4
                0x000000c4      0x8bc
 .text.PE_SrcRunStateMachine
                0x000000c4      0x8bc build/default/production/_ext/840851172/policy_engine_src.o
                0x000000c4                PE_SrcRunStateMachine

.text%5         0x00000980      0xaf4
 .text          0x00000980      0x5b0 c:/program files (x86)/microchip/xc32/v2.30/bin/bin/../../lib/gcc/pic32c/6.2.1\libgcc.a(subdf3.o)
                0x00000980                __aeabi_dsub
 .text          0x00000f30      0x544 c:/program files (x86)/microchip/xc32/v2.30/bin/bin/../../lib/gcc/pic32c/6.2.1\libgcc.a(divdf3.o)
                0x00000f30                __aeabi_ddiv

.text.TypeC_RunStateMachine%7
                0x00001474      0x448
 .text.TypeC_RunStateMachine
                0x00001474      0x448 build/default/production/_ext/840851172/typeC_control.o
                0x00001474                TypeC_RunStateMachine

.text%8         0x000018bc      0x424
 .text          0x000018bc      0x424 c:/program files (x86)/microchip/xc32/v2.30/bin/bin/../../lib/gcc/pic32c/6.2.1\libgcc.a(muldf3.o)
                0x000018bc                __aeabi_dmul

.text.TypeC_HandleISR%9
                0x00001ce0      0x31c
 .text.TypeC_HandleISR
                0x00001ce0      0x31c build/default/production/_ext/840851172/typeC_control.o
                0x00001ce0                TypeC_HandleISR

.text.PE_RunCommonStateMachine%10
                0x00001ffc      0x2fc
 .text.PE_RunCommonStateMachine
                0x00001ffc      0x2fc build/default/production/_ext/840851172/policy_engine.o
                0x00001ffc                PE_RunCommonStateMachine

.text%11        0x000022f8      0x2f4
 .text          0x000022f8      0x2f4 c:/program files (x86)/microchip/xc32/v2.30/bin/bin/../../lib/gcc/pic32c/6.2.1\libgcc.a(subsf3.o)
                0x000022f8                __aeabi_fsub

.text.TypeC_ConfigureVBUSThr%12
                0x000025ec      0x2d0
 .text.TypeC_ConfigureVBUSThr
                0x000025ec      0x2d0 build/default/production/_ext/840851172/typeC_control.o
                0x000025ec                TypeC_ConfigureVBUSThr

.text.PE_ReceiveMsgHandler%13
                0x000028bc      0x2c0
 .text.PE_ReceiveMsgHandler
                0x000028bc      0x2c0 build/default/production/_ext/840851172/policy_engine.o
                0x000028bc                PE_ReceiveMsgHandler

.text.PB_HandleDPMEvents%14
                0x00002b7c      0x2a8
 .text.PB_HandleDPMEvents
                0x00002b7c      0x2a8 build/default/production/_ext/1936174342/pb_mngr.o
                0x00002b7c                PB_HandleDPMEvents

.text.PRL_ProcessRecvdMsg%15
                0x00002e24      0x24c
 .text.PRL_ProcessRecvdMsg
                0x00002e24      0x24c build/default/production/_ext/840851172/protocol_layer.o
                0x00002e24                PRL_ProcessRecvdMsg

.text.DPM_PowerFaultHandler%16
                0x00003070      0x240
 .text.DPM_PowerFaultHandler
                0x00003070      0x240 build/default/production/_ext/840851172/policy_manager.o
                0x00003070                DPM_PowerFaultHandler

.text.TypeC_InitPort%17
                0x000032b0      0x23c
 .text.TypeC_InitPort
                0x000032b0      0x23c build/default/production/_ext/840851172/typeC_control.o
                0x000032b0                TypeC_InitPort

.text.PRL_TransmitMsg%18
                0x000034ec      0x1e4
 .text.PRL_TransmitMsg
                0x000034ec      0x1e4 build/default/production/_ext/840851172/protocol_layer.o
                0x000034ec                PRL_TransmitMsg

.text%19        0x000036d0      0x1d8
 .text          0x000036d0      0x1d8 c:/program files (x86)/microchip/xc32/v2.30/bin/bin/../../lib/gcc/pic32c/6.2.1\libgcc.a(mulsf3.o)
                0x000036d0                __aeabi_fmul

.text.PRL_Init%20
                0x000038a8      0x1c0
 .text.PRL_Init
                0x000038a8      0x1c0 build/default/production/_ext/840851172/protocol_layer.o
                0x000038a8                PRL_Init

.text%21        0x00003a68      0x1c0
 .text          0x00003a68      0x1c0 c:/program files (x86)/microchip/xc32/v2.30/bin/bin/../../lib/gcc/pic32c/6.2.1\libgcc.a(divsf3.o)
                0x00003a68                __aeabi_fdiv

.text.TypeC_EnabDisVCONN%22
                0x00003c28      0x1b0
 .text.TypeC_EnabDisVCONN
                0x00003c28      0x1b0 build/default/production/_ext/840851172/typeC_control.o
                0x00003c28                TypeC_EnabDisVCONN

.text.PRL_RunChunkStateMachine%23
                0x00003dd8      0x168
 .text.PRL_RunChunkStateMachine
                0x00003dd8      0x168 build/default/production/_ext/840851172/protocol_layer.o
                0x00003dd8                PRL_RunChunkStateMachine

.text.PRL_HandleISR%24
                0x00003f40      0x15c
 .text.PRL_HandleISR
                0x00003f40      0x15c build/default/production/_ext/840851172/protocol_layer.o
                0x00003f40                PRL_HandleISR

.text.PSF_LoadConfig%25
                0x0000409c      0x134
 .text.PSF_LoadConfig
                0x0000409c      0x134 build/default/production/_ext/318156199/PSFDRP_BootCfg.o
                0x0000409c                PSF_LoadConfig

.text.SERCOM3_I2C_InterruptHandler%26
                0x000041d0      0x124
 .text.SERCOM3_I2C_InterruptHandler
                0x000041d0      0x124 build/default/production/_ext/1955509679/plib_sercom3_i2c.o
                0x000041d0                SERCOM3_I2C_InterruptHandler

.text.PE_RunStateMachine%27
                0x000042f4      0x10c
 .text.PE_RunStateMachine
                0x000042f4      0x10c build/default/production/_ext/840851172/policy_engine.o
                0x000042f4                PE_RunStateMachine

.text.SERCOM0_SPI_WriteRead%28
                0x00004400      0x108
 .text.SERCOM0_SPI_WriteRead
                0x00004400      0x108 build/default/production/_ext/1955867357/plib_sercom0_spi.o
                0x00004400                SERCOM0_SPI_WriteRead

.text.DPM_ValidateRequest%29
                0x00004508      0x108
 .text.DPM_ValidateRequest
                0x00004508      0x108 build/default/production/_ext/840851172/policy_manager.o
                0x00004508                DPM_ValidateRequest

.text%30        0x00004610      0x100
 .text          0x00004610      0x100 c:/program files (x86)/microchip/xc32/v2.30/bin/bin/../../lib/gcc/pic32c/6.2.1\libgcc.a(truncdfsf2.o)
                0x00004610                __aeabi_d2f

.text.CLOCK_Initialize%31
                0x00004710       0xd4
 .text.CLOCK_Initialize
                0x00004710       0xd4 build/default/production/_ext/1984496892/plib_clock.o
                0x00004710                CLOCK_Initialize

.text.PRL_BuildTxPacket%32
                0x000047e4       0xd4
 .text.PRL_BuildTxPacket
                0x000047e4       0xd4 build/default/production/_ext/840851172/protocol_layer.o
                0x000047e4                PRL_BuildTxPacket

.text.PRL_ReceiveMsg%33
                0x000048b8       0xd4
 .text.PRL_ReceiveMsg
                0x000048b8       0xd4 build/default/production/_ext/840851172/protocol_layer.o
                0x000048b8                PRL_ReceiveMsg

.text.DPM_Init%34
                0x0000498c       0xc8
 .text.DPM_Init
                0x0000498c       0xc8 build/default/production/_ext/840851172/policy_manager.o
                0x0000498c                DPM_Init

.text.UPD_CheckAndDisablePorts%35
                0x00004a54       0xc4
 .text.UPD_CheckAndDisablePorts
                0x00004a54       0xc4 build/default/production/_ext/840851172/upd_hw.o
                0x00004a54                UPD_CheckAndDisablePorts

.text.PB_UpdatePDO%36
                0x00004b18       0xb4
 .text.PB_UpdatePDO
                0x00004b18       0xb4 build/default/production/_ext/1936174342/pb_helper.o
                0x00004b18                PB_UpdatePDO

.text.TypeC_SrcIntrHandler%37
                0x00004bcc       0xb4
 .text.TypeC_SrcIntrHandler
                0x00004bcc       0xb4 build/default/production/_ext/840851172/typeC_control.o
                0x00004bcc                TypeC_SrcIntrHandler

.text%38        0x00004c80      0x158
 .text          0x00004c80       0xb0 c:/program files (x86)/microchip/xc32/v2.30/bin/bin/../../lib/gcc/pic32c/6.2.1\libgcc.a(ledf2.o)
                0x00004c80                __ledf2
                0x00004c80                __ltdf2
 .text          0x00004d30       0xa8 c:/program files (x86)/microchip/xc32/v2.30/bin/bin/../../lib/gcc/pic32c/6.2.1\libgcc.a(_divsi3.o)
                0x00004d30                __divsi3
                0x00004d30                __aeabi_idiv
                0x00004dc4                __aeabi_idivmod

.text.DPM_Get_Source_Capabilities%40
                0x00004dd8       0xa4
 .text.DPM_Get_Source_Capabilities
                0x00004dd8       0xa4 build/default/production/_ext/840851172/policy_manager.o
                0x00004dd8                DPM_Get_Source_Capabilities

.text.PWRCTRL_SetPortPower%41
                0x00004e7c       0xa4
 .text.PWRCTRL_SetPortPower
                0x00004e7c       0xa4 build/default/production/_ext/840851172/portpower_control.o
                0x00004e7c                PWRCTRL_SetPortPower

.text%42        0x00004f20       0xa0
 .text          0x00004f20       0xa0 c:/program files (x86)/microchip/xc32/v2.30/bin/bin/../../lib/gcc/pic32c/6.2.1\libgcc.a(gedf2.o)
                0x00004f20                __gedf2
                0x00004f20                __gtdf2

.text.PB_CalculateNegotiatedPower%43
                0x00004fc0       0x9c
 .text.PB_CalculateNegotiatedPower
                0x00004fc0       0x9c build/default/production/_ext/1936174342/pb_helper.o
                0x00004fc0                PB_CalculateNegotiatedPower

.text.DPM_ClientRequestHandler%44
                0x0000505c       0x9c
 .text.DPM_ClientRequestHandler
                0x0000505c       0x9c build/default/production/_ext/840851172/policy_manager.o
                0x0000505c                DPM_ClientRequestHandler

.text.EIC_Initialize%45
                0x000050f8       0x98
 .text.EIC_Initialize
                0x000050f8       0x98 build/default/production/_ext/60167341/plib_eic.o
                0x000050f8                EIC_Initialize

.text.MchpPSF_Init%46
                0x00005190       0x98
 .text.MchpPSF_Init
                0x00005190       0x98 build/default/production/_ext/840851172/pd_main.o
                0x00005190                MchpPSF_Init

.text%47        0x00005228       0x98
 .text          0x00005228       0x98 c:/program files (x86)/microchip/xc32/v2.30/bin/bin/../../lib/gcc/pic32c/6.2.1\libgcc.a(extendsfdf2.o)
                0x00005228                __aeabi_f2d

.text.DPM_UpdateAdvertisedPDOParam%48
                0x000052c0       0x94
 .text.DPM_UpdateAdvertisedPDOParam
                0x000052c0       0x94 build/default/production/_ext/840851172/policy_manager.o
                0x000052c0                DPM_UpdateAdvertisedPDOParam

.text.TypeC_VCONN_ON_IntrHandler%49
                0x00005354       0x94
 .text.TypeC_VCONN_ON_IntrHandler
                0x00005354       0x94 build/default/production/_ext/840851172/typeC_control.o
                0x00005354                TypeC_VCONN_ON_IntrHandler

.text.TypeC_CCVBUSIntrHandler%50
                0x000053e8       0x94
 .text.TypeC_CCVBUSIntrHandler
                0x000053e8       0x94 build/default/production/_ext/840851172/typeC_control.o
                0x000053e8                TypeC_CCVBUSIntrHandler

.text.PB_Init%51
                0x0000547c       0x90
 .text.PB_Init  0x0000547c       0x90 build/default/production/_ext/1936174342/pb_helper.o
                0x0000547c                PB_Init

.text.PB_ReturnHigherPriorityPort%52
                0x0000550c       0x90
 .text.PB_ReturnHigherPriorityPort
                0x0000550c       0x90 build/default/production/_ext/1936174342/pb_helper.o
                0x0000550c                PB_ReturnHigherPriorityPort

.text.__pic32c_data_initialization%53
                0x0000559c       0x90
 .text.__pic32c_data_initialization
                0x0000559c       0x90 c:/program files (x86)/microchip/xc32/v2.30/bin/bin/../../lib/gcc/pic32c/6.2.1/../../../../pic32c/lib\libpic32c.a(data_init.o)
                0x0000559c                __pic32c_data_initialization

.text.PRL_IncrementMsgID%54
                0x0000562c       0x8c
 .text.PRL_IncrementMsgID
                0x0000562c       0x8c build/default/production/_ext/840851172/protocol_layer.o
                0x0000562c                PRL_IncrementMsgID

.text.TypeC_SetRpCollAvoidance%55
                0x000056b8       0x8c
 .text.TypeC_SetRpCollAvoidance
                0x000056b8       0x8c build/default/production/_ext/840851172/typeC_control.o
                0x000056b8                TypeC_SetRpCollAvoidance

.text.UPDIntr_AlertHandler%56
                0x00005744       0x8c
 .text.UPDIntr_AlertHandler
                0x00005744       0x8c build/default/production/_ext/840851172/upd_interrupts.o
                0x00005744                UPDIntr_AlertHandler

.text%57        0x000057d0       0x8c
 .text          0x000057d0       0x8c c:/program files (x86)/microchip/xc32/v2.30/bin/bin/../../lib/gcc/pic32c/6.2.1\libgcc.a(_udivsi3.o)
                0x000057d0                __aeabi_uidiv
                0x000057d0                __udivsi3
                0x00005848                __aeabi_uidivmod

.text.PRL_TCHChunkSMStateChange_TCHCB%58
                0x0000585c       0x88
 .text.PRL_TCHChunkSMStateChange_TCHCB
                0x0000585c       0x88 build/default/production/_ext/840851172/protocol_layer.o
                0x0000585c                PRL_TCHChunkSMStateChange_TCHCB

.text.UPD_ConfigPwrFaultPIOOvverride%59
                0x000058e4       0x88
 .text.UPD_ConfigPwrFaultPIOOvverride
                0x000058e4       0x88 build/default/production/_ext/840851172/upd_hw.o
                0x000058e4                UPD_ConfigPwrFaultPIOOvverride

.text.PB_CalculateRequiredPortPower%60
                0x0000596c       0x84
 .text.PB_CalculateRequiredPortPower
                0x0000596c       0x84 build/default/production/_ext/1936174342/pb_helper.o
                0x0000596c                PB_CalculateRequiredPortPower

.text.DPM_VCONNONTimerErrorCB%61
                0x000059f0       0x84
 .text.DPM_VCONNONTimerErrorCB
                0x000059f0       0x84 build/default/production/_ext/840851172/policy_manager.o
                0x000059f0                DPM_VCONNONTimerErrorCB

.text.TypeC_SetCCSampleEnable%62
                0x00005a74       0x84
 .text.TypeC_SetCCSampleEnable
                0x00005a74       0x84 build/default/production/_ext/840851172/typeC_control.o
                0x00005a74                TypeC_SetCCSampleEnable

.text.TypeC_VCONNONErrorTimerCB%63
                0x00005af8       0x84
 .text.TypeC_VCONNONErrorTimerCB
                0x00005af8       0x84 build/default/production/_ext/840851172/typeC_control.o
                0x00005af8                TypeC_VCONNONErrorTimerCB

.text.UPD_PIOHandleISR%64
                0x00005b7c       0x84
 .text.UPD_PIOHandleISR
                0x00005b7c       0x84 build/default/production/_ext/840851172/upd_hw.o
                0x00005b7c                UPD_PIOHandleISR

.text%65        0x00005c00       0x84