Archive member included to satisfy reference by file (symbol)

c:/program files (x86)/microchip/xc32/v2.30/bin/bin/../../lib/gcc/pic32c/6.2.1/../../../../pic32c/lib\libpic32c.a(data_init.o)
                              build/default/production/_ext/1171490990/startup_xc32.o (__pic32c_data_initialization)
c:/program files (x86)/microchip/xc32/v2.30/bin/bin/../../lib/gcc/pic32c/6.2.1\libgcc.a(_thumb1_case_uqi.o)
                              build/default/production/_ext/318156199/PDSource_App.o (__gnu_thumb1_case_uqi)
c:/program files (x86)/microchip/xc32/v2.30/bin/bin/../../lib/gcc/pic32c/6.2.1\libgcc.a(_thumb1_case_shi.o)
                              build/default/production/_ext/840851172/policy_engine.o (__gnu_thumb1_case_shi)
c:/program files (x86)/microchip/xc32/v2.30/bin/bin/../../lib/gcc/pic32c/6.2.1\libgcc.a(_thumb1_case_uhi.o)
                              build/default/production/_ext/840851172/policy_engine.o (__gnu_thumb1_case_uhi)
c:/program files (x86)/microchip/xc32/v2.30/bin/bin/../../lib/gcc/pic32c/6.2.1\libgcc.a(_udivsi3.o)
                              build/default/production/_ext/1955867357/plib_sercom0_spi.o (__aeabi_uidiv)
c:/program files (x86)/microchip/xc32/v2.30/bin/bin/../../lib/gcc/pic32c/6.2.1\libgcc.a(_divsi3.o)
                              build/default/production/_ext/840851172/policy_manager.o (__aeabi_idiv)
c:/program files (x86)/microchip/xc32/v2.30/bin/bin/../../lib/gcc/pic32c/6.2.1\libgcc.a(_dvmd_tls.o)
                              c:/program files (x86)/microchip/xc32/v2.30/bin/bin/../../lib/gcc/pic32c/6.2.1\libgcc.a(_udivsi3.o) (__aeabi_idiv0)
c:/program files (x86)/microchip/xc32/v2.30/bin/bin/../../lib/gcc/pic32c/6.2.1\libgcc.a(_fixunssfsi.o)
                              build/default/production/_ext/1936174342/PB_Helper.o (__aeabi_f2uiz)
c:/program files (x86)/microchip/xc32/v2.30/bin/bin/../../lib/gcc/pic32c/6.2.1\libgcc.a(_fixunsdfsi.o)
                              build/default/production/_ext/1955509679/plib_sercom3_i2c.o (__aeabi_d2uiz)
c:/program files (x86)/microchip/xc32/v2.30/bin/bin/../../lib/gcc/pic32c/6.2.1\libgcc.a(divsf3.o)
                              build/default/production/_ext/1955509679/plib_sercom3_i2c.o (__aeabi_fdiv)
c:/program files (x86)/microchip/xc32/v2.30/bin/bin/../../lib/gcc/pic32c/6.2.1\libgcc.a(mulsf3.o)
                              build/default/production/_ext/1936174342/PB_Helper.o (__aeabi_fmul)
c:/program files (x86)/microchip/xc32/v2.30/bin/bin/../../lib/gcc/pic32c/6.2.1\libgcc.a(subsf3.o)
                              c:/program files (x86)/microchip/xc32/v2.30/bin/bin/../../lib/gcc/pic32c/6.2.1\libgcc.a(_fixunssfsi.o) (__aeabi_fsub)
c:/program files (x86)/microchip/xc32/v2.30/bin/bin/../../lib/gcc/pic32c/6.2.1\libgcc.a(fixsfsi.o)
                              c:/program files (x86)/microchip/xc32/v2.30/bin/bin/../../lib/gcc/pic32c/6.2.1\libgcc.a(_fixunssfsi.o) (__aeabi_f2iz)
c:/program files (x86)/microchip/xc32/v2.30/bin/bin/../../lib/gcc/pic32c/6.2.1\libgcc.a(floatsisf.o)
                              build/default/production/_ext/840851172/typeC_control.o (__aeabi_i2f)
c:/program files (x86)/microchip/xc32/v2.30/bin/bin/../../lib/gcc/pic32c/6.2.1\libgcc.a(floatunsisf.o)
                              build/default/production/_ext/1955509679/plib_sercom3_i2c.o (__aeabi_ui2f)
c:/program files (x86)/microchip/xc32/v2.30/bin/bin/../../lib/gcc/pic32c/6.2.1\libgcc.a(adddf3.o)
                              build/default/production/_ext/1955509679/plib_sercom3_i2c.o (__aeabi_dadd)
c:/program files (x86)/microchip/xc32/v2.30/bin/bin/../../lib/gcc/pic32c/6.2.1\libgcc.a(divdf3.o)
                              build/default/production/_ext/840851172/typeC_control.o (__aeabi_ddiv)
c:/program files (x86)/microchip/xc32/v2.30/bin/bin/../../lib/gcc/pic32c/6.2.1\libgcc.a(muldf3.o)
                              build/default/production/_ext/1955509679/plib_sercom3_i2c.o (__aeabi_dmul)
c:/program files (x86)/microchip/xc32/v2.30/bin/bin/../../lib/gcc/pic32c/6.2.1\libgcc.a(subdf3.o)
                              build/default/production/_ext/1955509679/plib_sercom3_i2c.o (__aeabi_dsub)
c:/program files (x86)/microchip/xc32/v2.30/bin/bin/../../lib/gcc/pic32c/6.2.1\libgcc.a(fixdfsi.o)
                              c:/program files (x86)/microchip/xc32/v2.30/bin/bin/../../lib/gcc/pic32c/6.2.1\libgcc.a(_fixunsdfsi.o) (__aeabi_d2iz)
c:/program files (x86)/microchip/xc32/v2.30/bin/bin/../../lib/gcc/pic32c/6.2.1\libgcc.a(floatsidf.o)
                              build/default/production/_ext/840851172/typeC_control.o (__aeabi_i2d)
c:/program files (x86)/microchip/xc32/v2.30/bin/bin/../../lib/gcc/pic32c/6.2.1\libgcc.a(extendsfdf2.o)
                              build/default/production/_ext/1955509679/plib_sercom3_i2c.o (__aeabi_f2d)
c:/program files (x86)/microchip/xc32/v2.30/bin/bin/../../lib/gcc/pic32c/6.2.1\libgcc.a(truncdfsf2.o)
                              build/default/production/_ext/840851172/typeC_control.o (__aeabi_d2f)
[...]
Memory Configuration

Name             Origin             Length             Attributes
rom              0x00000000         0x00010000         xrl
ram              0x20000000         0x00002000         xw !r
config_00804000  0x00804000         0x00000004
config_00804004  0x00804004         0x00000004
*default*        0x00000000         0xffffffff

Linker script and memory map

LOAD c:/program files (x86)/microchip/xc32/v2.30/bin/bin/../../lib/gcc/pic32c/6.2.1/crti.o
LOAD c:/program files (x86)/microchip/xc32/v2.30/bin/bin/../../lib/gcc/pic32c/6.2.1/crtbegin.o
LOAD build/default/production/_ext/1984496892/plib_clock.o
LOAD build/default/production/_ext/60167341/plib_eic.o
LOAD build/default/production/_ext/1865468468/plib_nvic.o
LOAD build/default/production/_ext/1593096446/plib_nvmctrl.o
LOAD build/default/production/_ext/1865521619/plib_port.o
LOAD build/default/production/_ext/1955509679/plib_sercom3_i2c.o
LOAD build/default/production/_ext/1955867357/plib_sercom0_spi.o
LOAD build/default/production/_ext/504274921/plib_sercom3_usart.o
LOAD build/default/production/_ext/829342655/plib_tc0.o
LOAD build/default/production/_ext/163028504/xc32_monitor.o
LOAD build/default/production/_ext/1171490990/initialization.o
LOAD build/default/production/_ext/1171490990/interrupts.o
LOAD build/default/production/_ext/1171490990/exceptions.o
LOAD build/default/production/_ext/1171490990/startup_xc32.o
LOAD build/default/production/_ext/1171490990/libc_syscalls.o
LOAD build/default/production/_ext/318156199/PDSource_App.o
LOAD build/default/production/_ext/1671623073/Drivers.o
LOAD build/default/production/_ext/1671623073/mpq_dc_dc_control.o
LOAD build/default/production/_ext/1936174342/PB_Mngr.o
LOAD build/default/production/_ext/1936174342/PB_Helper.o
LOAD build/default/production/_ext/840851172/cfg_globals.o
LOAD build/default/production/_ext/840851172/debug.o
LOAD build/default/production/_ext/840851172/int_globals.o
LOAD build/default/production/_ext/840851172/pd_main.o
LOAD build/default/production/_ext/840851172/pd_timer.o
LOAD build/default/production/_ext/840851172/policy_engine.o
LOAD build/default/production/_ext/840851172/policy_engine_fwup.o
LOAD build/default/production/_ext/840851172/policy_engine_snk.o
LOAD build/default/production/_ext/840851172/policy_engine_src.o
LOAD build/default/production/_ext/840851172/policy_manager.o
LOAD build/default/production/_ext/840851172/portpower_control.o
LOAD build/default/production/_ext/840851172/protocol_layer.o
LOAD build/default/production/_ext/840851172/typeC_control.o
LOAD build/default/production/_ext/840851172/upd_hw.o
LOAD build/default/production/_ext/840851172/upd_interrupts.o
LOAD build/default/production/_ext/1360937237/main.o
                0x00000001                __MPLAB_BUILD = 0x1
                0x00000200                _min_heap_size = 0x200
START GROUP
LOAD c:/program files (x86)/microchip/xc32/v2.30/bin/bin/../../lib/gcc/pic32c/6.2.1/../../../../pic32c/lib\libpic32c.a
LOAD c:/program files (x86)/microchip/xc32/v2.30/bin/bin/../../lib/gcc/pic32c/6.2.1\libgcc.a
LOAD c:/program files (x86)/microchip/xc32/v2.30/bin/bin/../../lib/gcc/pic32c/6.2.1/../../../../pic32c/lib\libc.a
LOAD c:/program files (x86)/microchip/xc32/v2.30/bin/bin/../../lib/gcc/pic32c/6.2.1/../../../../pic32c/lib\libm.a
END GROUP
LOAD c:/program files (x86)/microchip/xc32/v2.30/bin/bin/../../lib/gcc/pic32c/6.2.1/crtend.o
LOAD c:/program files (x86)/microchip/xc32/v2.30/bin/bin/../../lib/gcc/pic32c/6.2.1/crtn.o
                0x00010000                __rom_end = (ORIGIN (rom) + LENGTH (rom))
                0x20002000                __ram_end = (ORIGIN (ram) + LENGTH (ram))

.config_00804000
                0x00804000        0x4
 *(.config_00804000)
 .config_00804000
                0x00804000        0x4 build/default/production/_ext/1171490990/initialization.o

.config_00804004
                0x00804004        0x4
 *(.config_00804004)
 .config_00804004
                0x00804004        0x4 build/default/production/_ext/1171490990/initialization.o

.vectors        0x00000000       0xa4
                0x00000000                . = ALIGN (0x4)
                0x00000000                _sfixed = .
 *(.vectors .vectors.* .vectors_default .vectors_default.*)
 .vectors       0x00000000       0xa4 build/default/production/_ext/1171490990/interrupts.o
                0x00000000                exception_table
 *(.isr_vector)
 *(.reset*)
 *(.after_vectors)

.text           0x000000a4       0x20
                0x000000a4                . = ALIGN (0x4)
 *(.glue_7t)
 .glue_7t       0x000000a4        0x0 linker stubs
 *(.glue_7)
 .glue_7        0x000000a4        0x0 linker stubs
 *(.gnu.linkonce.r.*)
 *(.ARM.extab* .gnu.linkonce.armextab.*)
                0x000000a4                . = ALIGN (0x4)
 *(.init)
 .init          0x000000a4        0x4 c:/program files (x86)/microchip/xc32/v2.30/bin/bin/../../lib/gcc/pic32c/6.2.1/crti.o
                0x000000a4                _init
 .init          0x000000a8        0x8 c:/program files (x86)/microchip/xc32/v2.30/bin/bin/../../lib/gcc/pic32c/6.2.1/crtn.o
                0x000000b0                . = ALIGN (0x4)
                0x000000b0                __preinit_array_start = .
 *(.preinit_array)
                0x000000b0                __preinit_array_end = .
                0x000000b0                . = ALIGN (0x4)
                0x000000b0                __init_array_start = .
 *(SORT(.init_array.*))
 *(.init_array)
 .init_array    0x000000b0        0x4 c:/program files (x86)/microchip/xc32/v2.30/bin/bin/../../lib/gcc/pic32c/6.2.1/crtbegin.o
                0x000000b4                __init_array_end = .
                0x000000b4                . = ALIGN (0x4)
 *crtbegin.o(.ctors)
 *(EXCLUDE_FILE(*crtend.o) .ctors)
 *(SORT(.ctors.*))
 *crtend.o(.ctors)
                0x000000b4                . = ALIGN (0x4)
 *(.fini)
 .fini          0x000000b4        0x4 c:/program files (x86)/microchip/xc32/v2.30/bin/bin/../../lib/gcc/pic32c/6.2.1/crti.o
                0x000000b4                _fini
 .fini          0x000000b8        0x8 c:/program files (x86)/microchip/xc32/v2.30/bin/bin/../../lib/gcc/pic32c/6.2.1/crtn.o
                0x000000c0                . = ALIGN (0x4)
                0x000000c0                __fini_array_start = .
 *(.fini_array)
 .fini_array    0x000000c0        0x4 c:/program files (x86)/microchip/xc32/v2.30/bin/bin/../../lib/gcc/pic32c/6.2.1/crtbegin.o
 *(SORT(.fini_array.*))
                0x000000c4                __fini_array_end = .
 *crtbegin.o(.dtors)
 *(EXCLUDE_FILE(*crtend.o) .dtors)
 *(SORT(.dtors.*))
 *crtend.o(.dtors)
                0x000000c4                . = ALIGN (0x4)
                0x000000c4                _efixed = .
                [!provide]                PROVIDE (__exidx_start, .)

.ARM.exidx
 *(.ARM.exidx* .gnu.linkonce.armexidx.*)
                [!provide]                PROVIDE (__exidx_end, .)
                0x000000c4                . = ALIGN (0x4)
                0x000000c4                _etext = .

.bss            0x20000000      0x614
                0x20000000                . = ALIGN (0x4)
                0x20000000                __bss_start__ = .
                0x20000000                _sbss = .
                0x20000000                _szero = .
 *(COMMON)
 COMMON         0x20000000       0xc0 build/default/production/_ext/60167341/plib_eic.o
                0x20000000                eicCallbackObject
 COMMON         0x200000c0        0x8 build/default/production/_ext/829342655/plib_tc0.o
                0x200000c0                TC0_CallbackObject
 COMMON         0x200000c8      0x1c0 build/default/production/_ext/840851172/cfg_globals.o
                0x200000c8                gasCfgStatusData
 COMMON         0x20000288      0x38c build/default/production/_ext/840851172/int_globals.o
                0x20000288                gasPRLRecvBuff
                0x200002d0                gasPBIntPortParam
                0x200002f0                gasChunkSM
                0x20000308                gasTypeCcontrol
                0x20000328                gsPBIntSysParam
                0x20000334                gasPolicy_Engine
                0x2000035c                gasPRL
                0x20000374                gu8PBTimerID
                0x20000378                gasDPM
                0x200003a8                gasExtendedMsgBuff
                0x200005c0                gu8AttachSeq
                0x200005c4                gasPDTimers
                0x20000614                . = ALIGN (0x4)
                0x20000614                __bss_end__ = .
                0x20000614                _ebss = .
                0x20000614                _ezero = .
                0x20000614                . = ALIGN (0x4)
                0x20000614                _end = .
                0x20001fff                _ram_end_ = ((ORIGIN (ram) + LENGTH (ram)) - 0x1)
OUTPUT(dist/default/production/PSF_EVB_Source.X.production.elf elf32-littlearm)
LOAD stack
LOAD data_init

.ARM.attributes
                0x00000000       0x2a
 .ARM.attributes
                0x00000000       0x1e c:/program files (x86)/microchip/xc32/v2.30/bin/bin/../../lib/gcc/pic32c/6.2.1/crti.o
 .ARM.attributes
                0x0000001e       0x2c c:/program files (x86)/microchip/xc32/v2.30/bin/bin/../../lib/gcc/pic32c/6.2.1/crtbegin.o
 .ARM.attributes
                0x0000004a       0x32 build/default/production/_ext/1984496892/plib_clock.o
 .ARM.attributes
                0x0000007c       0x32 build/default/production/_ext/60167341/plib_eic.o
 .ARM.attributes
                0x000000ae       0x32 build/default/production/_ext/1865468468/plib_nvic.o
 .ARM.attributes
                0x000000e0       0x32 build/default/production/_ext/1593096446/plib_nvmctrl.o
 .ARM.attributes
                0x00000112       0x32 build/default/production/_ext/1865521619/plib_port.o
 .ARM.attributes
                0x00000144       0x32 build/default/production/_ext/1955509679/plib_sercom3_i2c.o
 .ARM.attributes
                0x00000176       0x32 build/default/production/_ext/1955867357/plib_sercom0_spi.o
 .ARM.attributes
                0x000001a8       0x32 build/default/production/_ext/829342655/plib_tc0.o
 .ARM.attributes
                0x000001da       0x32 build/default/production/_ext/1171490990/initialization.o
 .ARM.attributes
                0x0000020c       0x32 build/default/production/_ext/1171490990/interrupts.o
 .ARM.attributes
                0x0000023e       0x32 build/default/production/_ext/1171490990/exceptions.o
 .ARM.attributes
                0x00000270       0x32 build/default/production/_ext/1171490990/startup_xc32.o
 .ARM.attributes
                0x000002a2       0x32 build/default/production/_ext/318156199/PDSource_App.o
 .ARM.attributes
                0x000002d4       0x32 build/default/production/_ext/1671623073/Drivers.o
 .ARM.attributes
                0x00000306       0x32 build/default/production/_ext/1671623073/mpq_dc_dc_control.o
 .ARM.attributes
                0x00000338       0x32 build/default/production/_ext/1936174342/PB_Mngr.o
 .ARM.attributes
                0x0000036a       0x32 build/default/production/_ext/1936174342/PB_Helper.o
 .ARM.attributes
                0x0000039c       0x32 build/default/production/_ext/840851172/cfg_globals.o
 .ARM.attributes
                0x000003ce       0x32 build/default/production/_ext/840851172/int_globals.o
 .ARM.attributes
                0x00000400       0x32 build/default/production/_ext/840851172/pd_main.o
 .ARM.attributes
                0x00000432       0x32 build/default/production/_ext/840851172/pd_timer.o
 .ARM.attributes
                0x00000464       0x32 build/default/production/_ext/840851172/policy_engine.o
 .ARM.attributes
                0x00000496       0x32 build/default/production/_ext/840851172/policy_engine_snk.o
 .ARM.attributes
                0x000004c8       0x32 build/default/production/_ext/840851172/policy_engine_src.o
 .ARM.attributes
                0x000004fa       0x32 build/default/production/_ext/840851172/policy_manager.o
 .ARM.attributes
                0x0000052c       0x32 build/default/production/_ext/840851172/portpower_control.o
 .ARM.attributes
                0x0000055e       0x32 build/default/production/_ext/840851172/protocol_layer.o
 .ARM.attributes
                0x00000590       0x32 build/default/production/_ext/840851172/typeC_control.o
 .ARM.attributes
                0x000005c2       0x32 build/default/production/_ext/840851172/upd_hw.o
 .ARM.attributes
                0x000005f4       0x32 build/default/production/_ext/840851172/upd_interrupts.o
 .ARM.attributes
                0x00000626       0x32 build/default/production/_ext/1360937237/main.o
 .ARM.attributes
                0x00000658       0x2c c:/program files (x86)/microchip/xc32/v2.30/bin/bin/../../lib/gcc/pic32c/6.2.1/../../../../pic32c/lib\libpic32c.a(data_init.o)
 .ARM.attributes
                0x00000684       0x1e c:/program files (x86)/microchip/xc32/v2.30/bin/bin/../../lib/gcc/pic32c/6.2.1\libgcc.a(_thumb1_case_uqi.o)
 .ARM.attributes
                0x000006a2       0x1e c:/program files (x86)/microchip/xc32/v2.30/bin/bin/../../lib/gcc/pic32c/6.2.1\libgcc.a(_thumb1_case_shi.o)
 .ARM.attributes
                0x000006c0       0x1e c:/program files (x86)/microchip/xc32/v2.30/bin/bin/../../lib/gcc/pic32c/6.2.1\libgcc.a(_thumb1_case_uhi.o)
 .ARM.attributes
                0x000006de       0x1e c:/program files (x86)/microchip/xc32/v2.30/bin/bin/../../lib/gcc/pic32c/6.2.1\libgcc.a(_udivsi3.o)
 .ARM.attributes
                0x000006fc       0x1e c:/program files (x86)/microchip/xc32/v2.30/bin/bin/../../lib/gcc/pic32c/6.2.1\libgcc.a(_divsi3.o)
 .ARM.attributes
                0x0000071a       0x1e c:/program files (x86)/microchip/xc32/v2.30/bin/bin/../../lib/gcc/pic32c/6.2.1\libgcc.a(_dvmd_tls.o)
 .ARM.attributes
                0x00000738       0x2c c:/program files (x86)/microchip/xc32/v2.30/bin/bin/../../lib/gcc/pic32c/6.2.1\libgcc.a(_fixunssfsi.o)
 .ARM.attributes
                0x00000764       0x2c c:/program files (x86)/microchip/xc32/v2.30/bin/bin/../../lib/gcc/pic32c/6.2.1\libgcc.a(_fixunsdfsi.o)
 .ARM.attributes
                0x00000790       0x2c c:/program files (x86)/microchip/xc32/v2.30/bin/bin/../../lib/gcc/pic32c/6.2.1\libgcc.a(divsf3.o)
 .ARM.attributes
                0x000007bc       0x2c c:/program files (x86)/microchip/xc32/v2.30/bin/bin/../../lib/gcc/pic32c/6.2.1\libgcc.a(mulsf3.o)
 .ARM.attributes
                0x000007e8       0x2c c:/program files (x86)/microchip/xc32/v2.30/bin/bin/../../lib/gcc/pic32c/6.2.1\libgcc.a(subsf3.o)
 .ARM.attributes
                0x00000814       0x2c c:/program files (x86)/microchip/xc32/v2.30/bin/bin/../../lib/gcc/pic32c/6.2.1\libgcc.a(fixsfsi.o)
 .ARM.attributes
                0x00000840       0x2c c:/program files (x86)/microchip/xc32/v2.30/bin/bin/../../lib/gcc/pic32c/6.2.1\libgcc.a(floatsisf.o)
 .ARM.attributes
                0x0000086c       0x2c c:/program files (x86)/microchip/xc32/v2.30/bin/bin/../../lib/gcc/pic32c/6.2.1\libgcc.a(floatunsisf.o)
 .ARM.attributes
                0x00000898       0x2c c:/program files (x86)/microchip/xc32/v2.30/bin/bin/../../lib/gcc/pic32c/6.2.1\libgcc.a(divdf3.o)
 .ARM.attributes
                0x000008c4       0x2c c:/program files (x86)/microchip/xc32/v2.30/bin/bin/../../lib/gcc/pic32c/6.2.1\libgcc.a(muldf3.o)
 .ARM.attributes
                0x000008f0       0x2c c:/program files (x86)/microchip/xc32/v2.30/bin/bin/../../lib/gcc/pic32c/6.2.1\libgcc.a(subdf3.o)
 .ARM.attributes
                0x0000091c       0x2c c:/program files (x86)/microchip/xc32/v2.30/bin/bin/../../lib/gcc/pic32c/6.2.1\libgcc.a(fixdfsi.o)
 .ARM.attributes
                0x00000948       0x2c c:/program files (x86)/microchip/xc32/v2.30/bin/bin/../../lib/gcc/pic32c/6.2.1\libgcc.a(floatsidf.o)
 .ARM.attributes
                0x00000974       0x2c c:/program files (x86)/microchip/xc32/v2.30/bin/bin/../../lib/gcc/pic32c/6.2.1\libgcc.a(extendsfdf2.o)
 .ARM.attributes
                0x000009a0       0x2c c:/program files (x86)/microchip/xc32/v2.30/bin/bin/../../lib/gcc/pic32c/6.2.1\libgcc.a(truncdfsf2.o)
 .ARM.attributes
                0x000009cc       0x1e c:/program files (x86)/microchip/xc32/v2.30/bin/bin/../../lib/gcc/pic32c/6.2.1\libgcc.a(_arm_cmpdf2.o)
 .ARM.attributes
                0x000009ea       0x1e c:/program files (x86)/microchip/xc32/v2.30/bin/bin/../../lib/gcc/pic32c/6.2.1\libgcc.a(_arm_cmpsf2.o)
 .ARM.attributes
                0x00000a08       0x1e c:/program files (x86)/microchip/xc32/v2.30/bin/bin/../../lib/gcc/pic32c/6.2.1\libgcc.a(_clzsi2.o)
 .ARM.attributes
                0x00000a26       0x2c c:/program files (x86)/microchip/xc32/v2.30/bin/bin/../../lib/gcc/pic32c/6.2.1\libgcc.a(eqsf2.o)
 .ARM.attributes
                0x00000a52       0x2c c:/program files (x86)/microchip/xc32/v2.30/bin/bin/../../lib/gcc/pic32c/6.2.1\libgcc.a(gesf2.o)
 .ARM.attributes
                0x00000a7e       0x2c c:/program files (x86)/microchip/xc32/v2.30/bin/bin/../../lib/gcc/pic32c/6.2.1\libgcc.a(lesf2.o)
 .ARM.attributes
                0x00000aaa       0x2c c:/program files (x86)/microchip/xc32/v2.30/bin/bin/../../lib/gcc/pic32c/6.2.1\libgcc.a(eqdf2.o)
 .ARM.attributes
                0x00000ad6       0x2c c:/program files (x86)/microchip/xc32/v2.30/bin/bin/../../lib/gcc/pic32c/6.2.1\libgcc.a(gedf2.o)
 .ARM.attributes
                0x00000b02       0x2c c:/program files (x86)/microchip/xc32/v2.30/bin/bin/../../lib/gcc/pic32c/6.2.1\libgcc.a(ledf2.o)
 .ARM.attributes
                0x00000b2e       0x2c c:/program files (x86)/microchip/xc32/v2.30/bin/bin/../../lib/gcc/pic32c/6.2.1/../../../../pic32c/lib\libc.a(lib_a-init.o)
 .ARM.attributes
                0x00000b5a       0x2c c:/program files (x86)/microchip/xc32/v2.30/bin/bin/../../lib/gcc/pic32c/6.2.1/../../../../pic32c/lib\libc.a(lib_a-memset.o)
 .ARM.attributes
                0x00000b86       0x1e c:/program files (x86)/microchip/xc32/v2.30/bin/bin/../../lib/gcc/pic32c/6.2.1/crtn.o

.comment        0x00000000       0x3c
 .comment       0x00000000       0x3c c:/program files (x86)/microchip/xc32/v2.30/bin/bin/../../lib/gcc/pic32c/6.2.1/crtbegin.o
                                 0x3d (size before relaxing)
 .comment       0x0000003c       0x3d build/default/production/_ext/1984496892/plib_clock.o
 .comment       0x0000003c       0x3d build/default/production/_ext/60167341/plib_eic.o
 .comment       0x0000003c       0x3d build/default/production/_ext/1865468468/plib_nvic.o
 .comment       0x0000003c       0x3d build/default/production/_ext/1593096446/plib_nvmctrl.o
 .comment       0x0000003c       0x3d build/default/production/_ext/1865521619/plib_port.o
 .comment       0x0000003c       0x3d build/default/production/_ext/1955509679/plib_sercom3_i2c.o
 .comment       0x0000003c       0x3d build/default/production/_ext/1955867357/plib_sercom0_spi.o
 .comment       0x0000003c       0x3d build/default/production/_ext/829342655/plib_tc0.o
 .comment       0x0000003c       0x3d build/default/production/_ext/1171490990/initialization.o
 .comment       0x0000003c       0x3d build/default/production/_ext/1171490990/interrupts.o
 .comment       0x0000003c       0x3d build/default/production/_ext/1171490990/exceptions.o
 .comment       0x0000003c       0x3d build/default/production/_ext/1171490990/startup_xc32.o
 .comment       0x0000003c       0x3d build/default/production/_ext/318156199/PDSource_App.o
 .comment       0x0000003c       0x3d build/default/production/_ext/1671623073/Drivers.o
 .comment       0x0000003c       0x3d build/default/production/_ext/1671623073/mpq_dc_dc_control.o
 .comment       0x0000003c       0x3d build/default/production/_ext/1936174342/PB_Mngr.o
 .comment       0x0000003c       0x3d build/default/production/_ext/1936174342/PB_Helper.o
 .comment       0x0000003c       0x3d build/default/production/_ext/840851172/cfg_globals.o
 .comment       0x0000003c       0x3d build/default/production/_ext/840851172/int_globals.o
 .comment       0x0000003c       0x3d build/default/production/_ext/840851172/pd_main.o
 .comment       0x0000003c       0x3d build/default/production/_ext/840851172/pd_timer.o
 .comment       0x0000003c       0x3d build/default/production/_ext/840851172/policy_engine.o
 .comment       0x0000003c       0x3d build/default/production/_ext/840851172/policy_engine_snk.o
 .comment       0x0000003c       0x3d build/default/production/_ext/840851172/policy_engine_src.o
 .comment       0x0000003c       0x3d build/default/production/_ext/840851172/policy_manager.o
 .comment       0x0000003c       0x3d build/default/production/_ext/840851172/portpower_control.o
 .comment       0x0000003c       0x3d build/default/production/_ext/840851172/protocol_layer.o
 .comment       0x0000003c       0x3d build/default/production/_ext/840851172/typeC_control.o
 .comment       0x0000003c       0x3d build/default/production/_ext/840851172/upd_hw.o
 .comment       0x0000003c       0x3d build/default/production/_ext/840851172/upd_interrupts.o
 .comment       0x0000003c       0x3d build/default/production/_ext/1360937237/main.o
 .comment       0x0000003c       0x3d c:/program files (x86)/microchip/xc32/v2.30/bin/bin/../../lib/gcc/pic32c/6.2.1/../../../../pic32c/lib\libpic32c.a(data_init.o)
 .comment       0x0000003c       0x3d c:/program files (x86)/microchip/xc32/v2.30/bin/bin/../../lib/gcc/pic32c/6.2.1\libgcc.a(_fixunssfsi.o)
 .comment       0x0000003c       0x3d c:/program files (x86)/microchip/xc32/v2.30/bin/bin/../../lib/gcc/pic32c/6.2.1\libgcc.a(_fixunsdfsi.o)
 .comment       0x0000003c       0x3d c:/program files (x86)/microchip/xc32/v2.30/bin/bin/../../lib/gcc/pic32c/6.2.1\libgcc.a(divsf3.o)
 .comment       0x0000003c       0x3d c:/program files (x86)/microchip/xc32/v2.30/bin/bin/../../lib/gcc/pic32c/6.2.1\libgcc.a(mulsf3.o)
 .comment       0x0000003c       0x3d c:/program files (x86)/microchip/xc32/v2.30/bin/bin/../../lib/gcc/pic32c/6.2.1\libgcc.a(subsf3.o)
 .comment       0x0000003c       0x3d c:/program files (x86)/microchip/xc32/v2.30/bin/bin/../../lib/gcc/pic32c/6.2.1\libgcc.a(fixsfsi.o)
 .comment       0x0000003c       0x3d c:/program files (x86)/microchip/xc32/v2.30/bin/bin/../../lib/gcc/pic32c/6.2.1\libgcc.a(floatsisf.o)
 .comment       0x0000003c       0x3d c:/program files (x86)/microchip/xc32/v2.30/bin/bin/../../lib/gcc/pic32c/6.2.1\libgcc.a(floatunsisf.o)
 .comment       0x0000003c       0x3d c:/program files (x86)/microchip/xc32/v2.30/bin/bin/../../lib/gcc/pic32c/6.2.1\libgcc.a(divdf3.o)
 .comment       0x0000003c       0x3d c:/program files (x86)/microchip/xc32/v2.30/bin/bin/../../lib/gcc/pic32c/6.2.1\libgcc.a(muldf3.o)
 .comment       0x0000003c       0x3d c:/program files (x86)/microchip/xc32/v2.30/bin/bin/../../lib/gcc/pic32c/6.2.1\libgcc.a(subdf3.o)
 .comment       0x0000003c       0x3d c:/program files (x86)/microchip/xc32/v2.30/bin/bin/../../lib/gcc/pic32c/6.2.1\libgcc.a(fixdfsi.o)
 .comment       0x0000003c       0x3d c:/program files (x86)/microchip/xc32/v2.30/bin/bin/../../lib/gcc/pic32c/6.2.1\libgcc.a(floatsidf.o)
 .comment       0x0000003c       0x3d c:/program files (x86)/microchip/xc32/v2.30/bin/bin/../../lib/gcc/pic32c/6.2.1\libgcc.a(extendsfdf2.o)
 .comment       0x0000003c       0x3d c:/program files (x86)/microchip/xc32/v2.30/bin/bin/../../lib/gcc/pic32c/6.2.1\libgcc.a(truncdfsf2.o)
 .comment       0x0000003c       0x3d c:/program files (x86)/microchip/xc32/v2.30/bin/bin/../../lib/gcc/pic32c/6.2.1\libgcc.a(eqsf2.o)
 .comment       0x0000003c       0x3d c:/program files (x86)/microchip/xc32/v2.30/bin/bin/../../lib/gcc/pic32c/6.2.1\libgcc.a(gesf2.o)
 .comment       0x0000003c       0x3d c:/program files (x86)/microchip/xc32/v2.30/bin/bin/../../lib/gcc/pic32c/6.2.1\libgcc.a(lesf2.o)
 .comment       0x0000003c       0x3d c:/program files (x86)/microchip/xc32/v2.30/bin/bin/../../lib/gcc/pic32c/6.2.1\libgcc.a(eqdf2.o)
 .comment       0x0000003c       0x3d c:/program files (x86)/microchip/xc32/v2.30/bin/bin/../../lib/gcc/pic32c/6.2.1\libgcc.a(gedf2.o)
 .comment       0x0000003c       0x3d c:/program files (x86)/microchip/xc32/v2.30/bin/bin/../../lib/gcc/pic32c/6.2.1\libgcc.a(ledf2.o)
 .comment       0x0000003c       0x3d c:/program files (x86)/microchip/xc32/v2.30/bin/bin/../../lib/gcc/pic32c/6.2.1/../../../../pic32c/lib\libc.a(lib_a-init.o)
 .comment       0x0000003c       0x3d c:/program files (x86)/microchip/xc32/v2.30/bin/bin/../../lib/gcc/pic32c/6.2.1/../../../../pic32c/lib\libc.a(lib_a-memset.o)

.debug_info     0x00000000    0x565b4
 .debug_info    0x00000000      0x958 build/default/production/_ext/1984496892/plib_clock.o
 .debug_info    0x00000958      0x67d build/default/production/_ext/60167341/plib_eic.o
 .debug_info    0x00000fd5      0x830 build/default/production/_ext/1865468468/plib_nvic.o
 .debug_info    0x00001805     0x12bc build/default/production/_ext/1593096446/plib_nvmctrl.o
 .debug_info    0x00002ac1      0x769 build/default/production/_ext/1865521619/plib_port.o
 .debug_info    0x0000322a     0x110f build/default/production/_ext/1955509679/plib_sercom3_i2c.o
 .debug_info    0x00004339      0xe82 build/default/production/_ext/1955867357/plib_sercom0_spi.o
 .debug_info    0x000051bb      0xaf4 build/default/production/_ext/829342655/plib_tc0.o
 .debug_info    0x00005caf      0x348 build/default/production/_ext/1171490990/initialization.o
 .debug_info    0x00005ff7      0x761 build/default/production/_ext/1171490990/interrupts.o
 .debug_info    0x00006758      0x2e8 build/default/production/_ext/1171490990/exceptions.o
 .debug_info    0x00006a40      0x477 build/default/production/_ext/1171490990/startup_xc32.o
 .debug_info    0x00006eb7     0x321f build/default/production/_ext/318156199/PDSource_App.o
 .debug_info    0x0000a0d6     0x407c build/default/production/_ext/1671623073/Drivers.o
 .debug_info    0x0000e152     0x345d build/default/production/_ext/1671623073/mpq_dc_dc_control.o
 .debug_info    0x000115af     0x3359 build/default/production/_ext/1936174342/PB_Mngr.o
 .debug_info    0x00014908     0x3bce build/default/production/_ext/1936174342/PB_Helper.o
 .debug_info    0x000184d6     0x3c42 build/default/production/_ext/840851172/cfg_globals.o
 .debug_info    0x0001c118     0x2f97 build/default/production/_ext/840851172/int_globals.o
 .debug_info    0x0001f0af     0x318e build/default/production/_ext/840851172/pd_main.o
 .debug_info    0x0002223d     0x3049 build/default/production/_ext/840851172/pd_timer.o
 .debug_info    0x00025286     0x3c2b build/default/production/_ext/840851172/policy_engine.o
 .debug_info    0x00028eb1     0x34fb build/default/production/_ext/840851172/policy_engine_snk.o
 .debug_info    0x0002c3ac     0x3998 build/default/production/_ext/840851172/policy_engine_src.o
 .debug_info    0x0002fd44     0x4525 build/default/production/_ext/840851172/policy_manager.o
 .debug_info    0x00034269     0x32c0 build/default/production/_ext/840851172/portpower_control.o
 .debug_info    0x00037529     0x4b45 build/default/production/_ext/840851172/protocol_layer.o
 .debug_info    0x0003c06e     0x500b build/default/production/_ext/840851172/typeC_control.o
 .debug_info    0x00041079     0x40d6 build/default/production/_ext/840851172/upd_hw.o
 .debug_info    0x0004514f     0x2fb7 build/default/production/_ext/840851172/upd_interrupts.o
 .debug_info    0x00048106     0x39a5 build/default/production/_ext/1360937237/main.o
 .debug_info    0x0004baab      0x1f0 c:/program files (x86)/microchip/xc32/v2.30/bin/bin/../../lib/gcc/pic32c/6.2.1/../../../../pic32c/lib\libpic32c.a(data_init.o)
 .debug_info    0x0004bc9b       0xee c:/program files (x86)/microchip/xc32/v2.30/bin/bin/../../lib/gcc/pic32c/6.2.1\libgcc.a(_thumb1_case_uqi.o)
 .debug_info    0x0004bd89       0xee c:/program files (x86)/microchip/xc32/v2.30/bin/bin/../../lib/gcc/pic32c/6.2.1\libgcc.a(_thumb1_case_shi.o)
 .debug_info    0x0004be77       0xee c:/program files (x86)/microchip/xc32/v2.30/bin/bin/../../lib/gcc/pic32c/6.2.1\libgcc.a(_thumb1_case_uhi.o)
 .debug_info    0x0004bf65       0xee c:/program files (x86)/microchip/xc32/v2.30/bin/bin/../../lib/gcc/pic32c/6.2.1\libgcc.a(_udivsi3.o)
 .debug_info    0x0004c053       0xee c:/program files (x86)/microchip/xc32/v2.30/bin/bin/../../lib/gcc/pic32c/6.2.1\libgcc.a(_divsi3.o)
 .debug_info    0x0004c141       0xee c:/program files (x86)/microchip/xc32/v2.30/bin/bin/../../lib/gcc/pic32c/6.2.1\libgcc.a(_dvmd_tls.o)
 .debug_info    0x0004c22f     0x12a0 c:/program files (x86)/microchip/xc32/v2.30/bin/bin/../../lib/gcc/pic32c/6.2.1\libgcc.a(_fixunssfsi.o)
 .debug_info    0x0004d4cf     0x12a0 c:/program files (x86)/microchip/xc32/v2.30/bin/bin/../../lib/gcc/pic32c/6.2.1\libgcc.a(_fixunsdfsi.o)
 .debug_info    0x0004e76f      0x58b c:/program files (x86)/microchip/xc32/v2.30/bin/bin/../../lib/gcc/pic32c/6.2.1\libgcc.a(divsf3.o)
 .debug_info    0x0004ecfa      0x5d5 c:/program files (x86)/microchip/xc32/v2.30/bin/bin/../../lib/gcc/pic32c/6.2.1\libgcc.a(mulsf3.o)
 .debug_info    0x0004f2cf      0x556 c:/program files (x86)/microchip/xc32/v2.30/bin/bin/../../lib/gcc/pic32c/6.2.1\libgcc.a(subsf3.o)
 .debug_info    0x0004f825      0x39d c:/program files (x86)/microchip/xc32/v2.30/bin/bin/../../lib/gcc/pic32c/6.2.1\libgcc.a(fixsfsi.o)
 .debug_info    0x0004fbc2      0x477 c:/program files (x86)/microchip/xc32/v2.30/bin/bin/../../lib/gcc/pic32c/6.2.1\libgcc.a(floatsisf.o)
 .debug_info    0x00050039      0x465 c:/program files (x86)/microchip/xc32/v2.30/bin/bin/../../lib/gcc/pic32c/6.2.1\libgcc.a(floatunsisf.o)
 .debug_info    0x0005049e      0x9c6 c:/program files (x86)/microchip/xc32/v2.30/bin/bin/../../lib/gcc/pic32c/6.2.1\libgcc.a(divdf3.o)
 .debug_info    0x00050e64      0xa41 c:/program files (x86)/microchip/xc32/v2.30/bin/bin/../../lib/gcc/pic32c/6.2.1\libgcc.a(muldf3.o)
 .debug_info    0x000518a5      0x7b0 c:/program files (x86)/microchip/xc32/v2.30/bin/bin/../../lib/gcc/pic32c/6.2.1\libgcc.a(subdf3.o)
 .debug_info    0x00052055      0x3bc c:/program files (x86)/microchip/xc32/v2.30/bin/bin/../../lib/gcc/pic32c/6.2.1\libgcc.a(fixdfsi.o)
 .debug_info    0x00052411      0x4fc c:/program files (x86)/microchip/xc32/v2.30/bin/bin/../../lib/gcc/pic32c/6.2.1\libgcc.a(floatsidf.o)
 .debug_info    0x0005290d      0x47d c:/program files (x86)/microchip/xc32/v2.30/bin/bin/../../lib/gcc/pic32c/6.2.1\libgcc.a(extendsfdf2.o)
 .debug_info    0x00052d8a      0x4ee c:/program files (x86)/microchip/xc32/v2.30/bin/bin/../../lib/gcc/pic32c/6.2.1\libgcc.a(truncdfsf2.o)
 .debug_info    0x00053278       0xee c:/program files (x86)/microchip/xc32/v2.30/bin/bin/../../lib/gcc/pic32c/6.2.1\libgcc.a(_arm_cmpdf2.o)
 .debug_info    0x00053366       0xee c:/program files (x86)/microchip/xc32/v2.30/bin/bin/../../lib/gcc/pic32c/6.2.1\libgcc.a(_arm_cmpsf2.o)
 .debug_info    0x00053454       0xee c:/program files (x86)/microchip/xc32/v2.30/bin/bin/../../lib/gcc/pic32c/6.2.1\libgcc.a(_clzsi2.o)
 .debug_info    0x00053542      0x3e0 c:/program files (x86)/microchip/xc32/v2.30/bin/bin/../../lib/gcc/pic32c/6.2.1\libgcc.a(eqsf2.o)
 .debug_info    0x00053922      0x404 c:/program files (x86)/microchip/xc32/v2.30/bin/bin/../../lib/gcc/pic32c/6.2.1\libgcc.a(gesf2.o)
 .debug_info    0x00053d26      0x408 c:/program files (x86)/microchip/xc32/v2.30/bin/bin/../../lib/gcc/pic32c/6.2.1\libgcc.a(lesf2.o)
 .debug_info    0x0005412e      0x413 c:/program files (x86)/microchip/xc32/v2.30/bin/bin/../../lib/gcc/pic32c/6.2.1\libgcc.a(eqdf2.o)
 .debug_info    0x00054541      0x43f c:/program files (x86)/microchip/xc32/v2.30/bin/bin/../../lib/gcc/pic32c/6.2.1\libgcc.a(gedf2.o)
 .debug_info    0x00054980      0x437 c:/program files (x86)/microchip/xc32/v2.30/bin/bin/../../lib/gcc/pic32c/6.2.1\libgcc.a(ledf2.o)
 .debug_info    0x00054db7      0x354 c:/program files (x86)/microchip/xc32/v2.30/bin/bin/../../lib/gcc/pic32c/6.2.1/../../../../pic32c/lib\libc.a(lib_a-init.o)
 .debug_info    0x0005510b     0x14a9 c:/program files (x86)/microchip/xc32/v2.30/bin/bin/../../lib/gcc/pic32c/6.2.1/../../../../pic32c/lib\libc.a(lib_a-memset.o)

.debug_abbrev   0x00000000     0x619d
 .debug_abbrev  0x00000000      0x12a build/default/production/_ext/1984496892/plib_clock.o
 .debug_abbrev  0x0000012a      0x177 build/default/production/_ext/60167341/plib_eic.o
 .debug_abbrev  0x000002a1      0x155 build/default/production/_ext/1865468468/plib_nvic.o
 .debug_abbrev  0x000003f6      0x26a build/default/production/_ext/1593096446/plib_nvmctrl.o
 .debug_abbrev  0x00000660      0x14f build/default/production/_ext/1865521619/plib_port.o
 .debug_abbrev  0x000007af      0x28d build/default/production/_ext/1955509679/plib_sercom3_i2c.o
 .debug_abbrev  0x00000a3c      0x1d9 build/default/production/_ext/1955867357/plib_sercom0_spi.o
 .debug_abbrev  0x00000c15      0x1a9 build/default/production/_ext/829342655/plib_tc0.o
 .debug_abbrev  0x00000dbe       0x80 build/default/production/_ext/1171490990/initialization.o
 .debug_abbrev  0x00000e3e       0x94 build/default/production/_ext/1171490990/interrupts.o
 .debug_abbrev  0x00000ed2       0x39 build/default/production/_ext/1171490990/exceptions.o
 .debug_abbrev  0x00000f0b       0xe7 build/default/production/_ext/1171490990/startup_xc32.o
 .debug_abbrev  0x00000ff2      0x20e build/default/production/_ext/318156199/PDSource_App.o
 .debug_abbrev  0x00001200      0x421 build/default/production/_ext/1671623073/Drivers.o
 .debug_abbrev  0x00001621      0x288 build/default/production/_ext/1671623073/mpq_dc_dc_control.o
 .debug_abbrev  0x000018a9      0x20a build/default/production/_ext/1936174342/PB_Mngr.o
 .debug_abbrev  0x00001ab3      0x37c build/default/production/_ext/1936174342/PB_Helper.o
 .debug_abbrev  0x00001e2f      0x299 build/default/production/_ext/840851172/cfg_globals.o
 .debug_abbrev  0x000020c8      0x202 build/default/production/_ext/840851172/int_globals.o
 .debug_abbrev  0x000022ca      0x238 build/default/production/_ext/840851172/pd_main.o
 .debug_abbrev  0x00002502      0x22e build/default/production/_ext/840851172/pd_timer.o
 .debug_abbrev  0x00002730      0x3b4 build/default/production/_ext/840851172/policy_engine.o
 .debug_abbrev  0x00002ae4      0x272 build/default/production/_ext/840851172/policy_engine_snk.o
 .debug_abbrev  0x00002d56      0x254 build/default/production/_ext/840851172/policy_engine_src.o
 .debug_abbrev  0x00002faa      0x466 build/default/production/_ext/840851172/policy_manager.o
 .debug_abbrev  0x00003410      0x266 build/default/production/_ext/840851172/portpower_control.o
 .debug_abbrev  0x00003676      0x3e9 build/default/production/_ext/840851172/protocol_layer.o
 .debug_abbrev  0x00003a5f      0x3bb build/default/production/_ext/840851172/typeC_control.o
 .debug_abbrev  0x00003e1a      0x345 build/default/production/_ext/840851172/upd_hw.o
 .debug_abbrev  0x0000415f      0x1e3 build/default/production/_ext/840851172/upd_interrupts.o
 .debug_abbrev  0x00004342      0x25c build/default/production/_ext/1360937237/main.o
 .debug_abbrev  0x0000459e       0x2a c:/program files (x86)/microchip/xc32/v2.30/bin/bin/../../lib/gcc/pic32c/6.2.1/../../../../pic32c/lib\libpic32c.a(data_init.o)
 .debug_abbrev  0x000045c8       0x14 c:/program files (x86)/microchip/xc32/v2.30/bin/bin/../../lib/gcc/pic32c/6.2.1\libgcc.a(_thumb1_case_uqi.o)
 .debug_abbrev  0x000045dc       0x14 c:/program files (x86)/microchip/xc32/v2.30/bin/bin/../../lib/gcc/pic32c/6.2.1\libgcc.a(_thumb1_case_shi.o)
 .debug_abbrev  0x000045f0       0x14 c:/program files (x86)/microchip/xc32/v2.30/bin/bin/../../lib/gcc/pic32c/6.2.1\libgcc.a(_thumb1_case_uhi.o)
 .debug_abbrev  0x00004604       0x14 c:/program files (x86)/microchip/xc32/v2.30/bin/bin/../../lib/gcc/pic32c/6.2.1\libgcc.a(_udivsi3.o)
 .debug_abbrev  0x00004618       0x14 c:/program files (x86)/microchip/xc32/v2.30/bin/bin/../../lib/gcc/pic32c/6.2.1\libgcc.a(_divsi3.o)
 .debug_abbrev  0x0000462c       0x14 c:/program files (x86)/microchip/xc32/v2.30/bin/bin/../../lib/gcc/pic32c/6.2.1\libgcc.a(_dvmd_tls.o)
 .debug_abbrev  0x00004640      0x11b c:/program files (x86)/microchip/xc32/v2.30/bin/bin/../../lib/gcc/pic32c/6.2.1\libgcc.a(_fixunssfsi.o)
 .debug_abbrev  0x0000475b      0x11b c:/program files (x86)/microchip/xc32/v2.30/bin/bin/../../lib/gcc/pic32c/6.2.1\libgcc.a(_fixunsdfsi.o)
 .debug_abbrev  0x00004876      0x135 c:/program files (x86)/microchip/xc32/v2.30/bin/bin/../../lib/gcc/pic32c/6.2.1\libgcc.a(divsf3.o)
 .debug_abbrev  0x000049ab      0x13c c:/program files (x86)/microchip/xc32/v2.30/bin/bin/../../lib/gcc/pic32c/6.2.1\libgcc.a(mulsf3.o)
 .debug_abbrev  0x00004ae7      0x149 c:/program files (x86)/microchip/xc32/v2.30/bin/bin/../../lib/gcc/pic32c/6.2.1\libgcc.a(subsf3.o)
 .debug_abbrev  0x00004c30      0x12e c:/program files (x86)/microchip/xc32/v2.30/bin/bin/../../lib/gcc/pic32c/6.2.1\libgcc.a(fixsfsi.o)
 .debug_abbrev  0x00004d5e      0x12d c:/program files (x86)/microchip/xc32/v2.30/bin/bin/../../lib/gcc/pic32c/6.2.1\libgcc.a(floatsisf.o)
 .debug_abbrev  0x00004e8b      0x12d c:/program files (x86)/microchip/xc32/v2.30/bin/bin/../../lib/gcc/pic32c/6.2.1\libgcc.a(floatunsisf.o)
 .debug_abbrev  0x00004fb8      0x143 c:/program files (x86)/microchip/xc32/v2.30/bin/bin/../../lib/gcc/pic32c/6.2.1\libgcc.a(divdf3.o)
 .debug_abbrev  0x000050fb      0x14a c:/program files (x86)/microchip/xc32/v2.30/bin/bin/../../lib/gcc/pic32c/6.2.1\libgcc.a(muldf3.o)
 .debug_abbrev  0x00005245      0x150 c:/program files (x86)/microchip/xc32/v2.30/bin/bin/../../lib/gcc/pic32c/6.2.1\libgcc.a(subdf3.o)
 .debug_abbrev  0x00005395      0x12c c:/program files (x86)/microchip/xc32/v2.30/bin/bin/../../lib/gcc/pic32c/6.2.1\libgcc.a(fixdfsi.o)
 .debug_abbrev  0x000054c1      0x118 c:/program files (x86)/microchip/xc32/v2.30/bin/bin/../../lib/gcc/pic32c/6.2.1\libgcc.a(floatsidf.o)
 .debug_abbrev  0x000055d9      0x114 c:/program files (x86)/microchip/xc32/v2.30/bin/bin/../../lib/gcc/pic32c/6.2.1\libgcc.a(extendsfdf2.o)
 .debug_abbrev  0x000056ed      0x10e c:/program files (x86)/microchip/xc32/v2.30/bin/bin/../../lib/gcc/pic32c/6.2.1\libgcc.a(truncdfsf2.o)
 .debug_abbrev  0x000057fb       0x14 c:/program files (x86)/microchip/xc32/v2.30/bin/bin/../../lib/gcc/pic32c/6.2.1\libgcc.a(_arm_cmpdf2.o)
 .debug_abbrev  0x0000580f       0x14 c:/program files (x86)/microchip/xc32/v2.30/bin/bin/../../lib/gcc/pic32c/6.2.1\libgcc.a(_arm_cmpsf2.o)
 .debug_abbrev  0x00005823       0x14 c:/program files (x86)/microchip/xc32/v2.30/bin/bin/../../lib/gcc/pic32c/6.2.1\libgcc.a(_clzsi2.o)
 .debug_abbrev  0x00005837      0x128 c:/program files (x86)/microchip/xc32/v2.30/bin/bin/../../lib/gcc/pic32c/6.2.1\libgcc.a(eqsf2.o)
 .debug_abbrev  0x0000595f      0x12a c:/program files (x86)/microchip/xc32/v2.30/bin/bin/../../lib/gcc/pic32c/6.2.1\libgcc.a(gesf2.o)
 .debug_abbrev  0x00005a89      0x135 c:/program files (x86)/microchip/xc32/v2.30/bin/bin/../../lib/gcc/pic32c/6.2.1\libgcc.a(lesf2.o)
 .debug_abbrev  0x00005bbe      0x128 c:/program files (x86)/microchip/xc32/v2.30/bin/bin/../../lib/gcc/pic32c/6.2.1\libgcc.a(eqdf2.o)
 .debug_abbrev  0x00005ce6      0x135 c:/program files (x86)/microchip/xc32/v2.30/bin/bin/../../lib/gcc/pic32c/6.2.1\libgcc.a(gedf2.o)
 .debug_abbrev  0x00005e1b      0x12a c:/program files (x86)/microchip/xc32/v2.30/bin/bin/../../lib/gcc/pic32c/6.2.1\libgcc.a(ledf2.o)
 .debug_abbrev  0x00005f45       0xa3 c:/program files (x86)/microchip/xc32/v2.30/bin/bin/../../lib/gcc/pic32c/6.2.1/../../../../pic32c/lib\libc.a(lib_a-init.o)
 .debug_abbrev  0x00005fe8      0x1b5 c:/program files (x86)/microchip/xc32/v2.30/bin/bin/../../lib/gcc/pic32c/6.2.1/../../../../pic32c/lib\libc.a(lib_a-memset.o)

.debug_loc      0x00000000     0xfa36
 .debug_loc     0x00000000       0x5a build/default/production/_ext/1984496892/plib_clock.o
 .debug_loc     0x0000005a       0xb0 build/default/production/_ext/60167341/plib_eic.o
 .debug_loc     0x0000010a       0xf0 build/default/production/_ext/1865468468/plib_nvic.o
 .debug_loc     0x000001fa      0x19d build/default/production/_ext/1593096446/plib_nvmctrl.o
 .debug_loc     0x00000397       0xa4 build/default/production/_ext/1865521619/plib_port.o
 .debug_loc     0x0000043b      0x320 build/default/production/_ext/1955509679/plib_sercom3_i2c.o
 .debug_loc     0x0000075b      0x46d build/default/production/_ext/1955867357/plib_sercom0_spi.o
 .debug_loc     0x00000bc8       0x33 build/default/production/_ext/829342655/plib_tc0.o
 .debug_loc     0x00000bfb       0x41 build/default/production/_ext/1171490990/initialization.o
 .debug_loc     0x00000c3c       0x20 build/default/production/_ext/1171490990/startup_xc32.o
 .debug_loc     0x00000c5c       0xf8 build/default/production/_ext/318156199/PDSource_App.o
 .debug_loc     0x00000d54      0x84e build/default/production/_ext/1671623073/Drivers.o
 .debug_loc     0x000015a2      0x3ed build/default/production/_ext/1671623073/mpq_dc_dc_control.o
 .debug_loc     0x0000198f      0x3f4 build/default/production/_ext/1936174342/PB_Mngr.o
 .debug_loc     0x00001d83      0xe2b build/default/production/_ext/1936174342/PB_Helper.o
 .debug_loc     0x00002bae       0x34 build/default/production/_ext/840851172/cfg_globals.o
 .debug_loc     0x00002be2       0x4c build/default/production/_ext/840851172/int_globals.o
 .debug_loc     0x00002c2e      0x17e build/default/production/_ext/840851172/pd_main.o
 .debug_loc     0x00002dac      0x2b9 build/default/production/_ext/840851172/pd_timer.o
 .debug_loc     0x00003065      0xd60 build/default/production/_ext/840851172/policy_engine.o
 .debug_loc     0x00003dc5      0x29c build/default/production/_ext/840851172/policy_engine_snk.o
 .debug_loc     0x00004061      0x5c7 build/default/production/_ext/840851172/policy_engine_src.o
 .debug_loc     0x00004628     0x12a2 build/default/production/_ext/840851172/policy_manager.o
 .debug_loc     0x000058ca      0x360 build/default/production/_ext/840851172/portpower_control.o
 .debug_loc     0x00005c2a     0x16a5 build/default/production/_ext/840851172/protocol_layer.o
 .debug_loc     0x000072cf     0x102d build/default/production/_ext/840851172/typeC_control.o
 .debug_loc     0x000082fc      0xe64 build/default/production/_ext/840851172/upd_hw.o
 .debug_loc     0x00009160       0x41 build/default/production/_ext/840851172/upd_interrupts.o
 .debug_loc     0x000091a1       0x20 build/default/production/_ext/1360937237/main.o
 .debug_loc     0x000091c1       0x14 c:/program files (x86)/microchip/xc32/v2.30/bin/bin/../../lib/gcc/pic32c/6.2.1/../../../../pic32c/lib\libpic32c.a(data_init.o)
 .debug_loc     0x000091d5       0x5a c:/program files (x86)/microchip/xc32/v2.30/bin/bin/../../lib/gcc/pic32c/6.2.1\libgcc.a(_fixunssfsi.o)
 .debug_loc     0x0000922f       0x49 c:/program files (x86)/microchip/xc32/v2.30/bin/bin/../../lib/gcc/pic32c/6.2.1\libgcc.a(_fixunsdfsi.o)
 .debug_loc     0x00009278      0x6a6 c:/program files (x86)/microchip/xc32/v2.30/bin/bin/../../lib/gcc/pic32c/6.2.1\libgcc.a(divsf3.o)
 .debug_loc     0x0000991e      0x791 c:/program files (x86)/microchip/xc32/v2.30/bin/bin/../../lib/gcc/pic32c/6.2.1\libgcc.a(mulsf3.o)
 .debug_loc     0x0000a0af      0xb1b c:/program files (x86)/microchip/xc32/v2.30/bin/bin/../../lib/gcc/pic32c/6.2.1\libgcc.a(subsf3.o)
 .debug_loc     0x0000abca       0xe7 c:/program files (x86)/microchip/xc32/v2.30/bin/bin/../../lib/gcc/pic32c/6.2.1\libgcc.a(fixsfsi.o)
 .debug_loc     0x0000acb1      0x180 c:/program files (x86)/microchip/xc32/v2.30/bin/bin/../../lib/gcc/pic32c/6.2.1\libgcc.a(floatsisf.o)
 .debug_loc     0x0000ae31      0x150 c:/program files (x86)/microchip/xc32/v2.30/bin/bin/../../lib/gcc/pic32c/6.2.1\libgcc.a(floatunsisf.o)
 .debug_loc     0x0000af81     0x1513 c:/program files (x86)/microchip/xc32/v2.30/bin/bin/../../lib/gcc/pic32c/6.2.1\libgcc.a(divdf3.o)
 .debug_loc     0x0000c494      0xfde c:/program files (x86)/microchip/xc32/v2.30/bin/bin/../../lib/gcc/pic32c/6.2.1\libgcc.a(muldf3.o)
 .debug_loc     0x0000d472     0x1362 c:/program files (x86)/microchip/xc32/v2.30/bin/bin/../../lib/gcc/pic32c/6.2.1\libgcc.a(subdf3.o)
 .debug_loc     0x0000e7d4      0x131 c:/program files (x86)/microchip/xc32/v2.30/bin/bin/../../lib/gcc/pic32c/6.2.1\libgcc.a(fixdfsi.o)
 .debug_loc     0x0000e905      0x1c1 c:/program files (x86)/microchip/xc32/v2.30/bin/bin/../../lib/gcc/pic32c/6.2.1\libgcc.a(floatsidf.o)
 .debug_loc     0x0000eac6      0x260 c:/program files (x86)/microchip/xc32/v2.30/bin/bin/../../lib/gcc/pic32c/6.2.1\libgcc.a(extendsfdf2.o)
 .debug_loc     0x0000ed26      0x2e6 c:/program files (x86)/microchip/xc32/v2.30/bin/bin/../../lib/gcc/pic32c/6.2.1\libgcc.a(truncdfsf2.o)
 .debug_loc     0x0000f00c       0xb8 c:/program files (x86)/microchip/xc32/v2.30/bin/bin/../../lib/gcc/pic32c/6.2.1\libgcc.a(eqsf2.o)
 .debug_loc     0x0000f0c4      0x1ca c:/program files (x86)/microchip/xc32/v2.30/bin/bin/../../lib/gcc/pic32c/6.2.1\libgcc.a(gesf2.o)
 .debug_loc     0x0000f28e      0x163 c:/program files (x86)/microchip/xc32/v2.30/bin/bin/../../lib/gcc/pic32c/6.2.1\libgcc.a(lesf2.o)
 .debug_loc     0x0000f3f1      0x120 c:/program files (x86)/microchip/xc32/v2.30/bin/bin/../../lib/gcc/pic32c/6.2.1\libgcc.a(eqdf2.o)
 .debug_loc     0x0000f511      0x26c c:/program files (x86)/microchip/xc32/v2.30/bin/bin/../../lib/gcc/pic32c/6.2.1\libgcc.a(gedf2.o)
 .debug_loc     0x0000f77d      0x1d5 c:/program files (x86)/microchip/xc32/v2.30/bin/bin/../../lib/gcc/pic32c/6.2.1\libgcc.a(ledf2.o)
 .debug_loc     0x0000f952       0x72 c:/program files (x86)/microchip/xc32/v2.30/bin/bin/../../lib/gcc/pic32c/6.2.1/../../../../pic32c/lib\libc.a(lib_a-init.o)
 .debug_loc     0x0000f9c4       0x72 c:/program files (x86)/microchip/xc32/v2.30/bin/bin/../../lib/gcc/pic32c/6.2.1/../../../../pic32c/lib\libc.a(lib_a-memset.o)

.debug_aranges  0x00000000      0xf68
 .debug_aranges
                0x00000000       0x20 build/default/production/_ext/1984496892/plib_clock.o
 .debug_aranges
                0x00000020       0x40 build/default/production/_ext/60167341/plib_eic.o
 .debug_aranges
                0x00000060       0x20 build/default/production/_ext/1865468468/plib_nvic.o
 .debug_aranges
                0x00000080       0x60 build/default/production/_ext/1593096446/plib_nvmctrl.o
 .debug_aranges
                0x000000e0       0x60 build/default/production/_ext/1865521619/plib_port.o
 .debug_aranges
                0x00000140       0x68 build/default/production/_ext/1955509679/plib_sercom3_i2c.o
 .debug_aranges
                0x000001a8       0x40 build/default/production/_ext/1955867357/plib_sercom0_spi.o
 .debug_aranges
                0x000001e8       0x68 build/default/production/_ext/829342655/plib_tc0.o
 .debug_aranges
                0x00000250       0x20 build/default/production/_ext/1171490990/initialization.o
 .debug_aranges
                0x00000270       0x20 build/default/production/_ext/1171490990/interrupts.o
 .debug_aranges
                0x00000290       0x28 build/default/production/_ext/1171490990/exceptions.o
 .debug_aranges
                0x000002b8       0x20 build/default/production/_ext/1171490990/startup_xc32.o
 .debug_aranges
                0x000002d8       0x28 build/default/production/_ext/318156199/PDSource_App.o
 .debug_aranges
                0x00000300       0xc0 build/default/production/_ext/1671623073/Drivers.o
 .debug_aranges
                0x000003c0       0x48 build/default/production/_ext/1671623073/mpq_dc_dc_control.o
 .debug_aranges
                0x00000408       0x20 build/default/production/_ext/1936174342/PB_Mngr.o
 .debug_aranges
                0x00000428       0xc8 build/default/production/_ext/1936174342/PB_Helper.o
 .debug_aranges
                0x000004f0       0x20 build/default/production/_ext/840851172/cfg_globals.o
 .debug_aranges
                0x00000510       0x20 build/default/production/_ext/840851172/int_globals.o
 .debug_aranges
                0x00000530       0x38 build/default/production/_ext/840851172/pd_main.o
 .debug_aranges
                0x00000568       0x48 build/default/production/_ext/840851172/pd_timer.o
 .debug_aranges
                0x000005b0       0xb8 build/default/production/_ext/840851172/policy_engine.o
 .debug_aranges
                0x00000668       0x20 build/default/production/_ext/840851172/policy_engine_snk.o
 .debug_aranges
                0x00000688       0x20 build/default/production/_ext/840851172/policy_engine_src.o
 .debug_aranges
                0x000006a8      0x128 build/default/production/_ext/840851172/policy_manager.o
 .debug_aranges
                0x000007d0       0x40 build/default/production/_ext/840851172/portpower_control.o
 .debug_aranges
                0x00000810      0x130 build/default/production/_ext/840851172/protocol_layer.o
 .debug_aranges
                0x00000940       0xe8 build/default/production/_ext/840851172/typeC_control.o
 .debug_aranges
                0x00000a28       0xe0 build/default/production/_ext/840851172/upd_hw.o
 .debug_aranges
                0x00000b08       0x20 build/default/production/_ext/840851172/upd_interrupts.o
 .debug_aranges
                0x00000b28       0x20 build/default/production/_ext/1360937237/main.o
 .debug_aranges
                0x00000b48       0x20 c:/program files (x86)/microchip/xc32/v2.30/bin/bin/../../lib/gcc/pic32c/6.2.1/../../../../pic32c/lib\libpic32c.a(data_init.o)
 .debug_aranges
                0x00000b68       0x20 c:/program files (x86)/microchip/xc32/v2.30/bin/bin/../../lib/gcc/pic32c/6.2.1\libgcc.a(_thumb1_case_uqi.o)
 .debug_aranges
                0x00000b88       0x20 c:/program files (x86)/microchip/xc32/v2.30/bin/bin/../../lib/gcc/pic32c/6.2.1\libgcc.a(_thumb1_case_shi.o)
 .debug_aranges
                0x00000ba8       0x20 c:/program files (x86)/microchip/xc32/v2.30/bin/bin/../../lib/gcc/pic32c/6.2.1\libgcc.a(_thumb1_case_uhi.o)
 .debug_aranges
                0x00000bc8       0x20 c:/program files (x86)/microchip/xc32/v2.30/bin/bin/../../lib/gcc/pic32c/6.2.1\libgcc.a(_udivsi3.o)
 .debug_aranges
                0x00000be8       0x20 c:/program files (x86)/microchip/xc32/v2.30/bin/bin/../../lib/gcc/pic32c/6.2.1\libgcc.a(_divsi3.o)
 .debug_aranges
                0x00000c08       0x20 c:/program files (x86)/microchip/xc32/v2.30/bin/bin/../../lib/gcc/pic32c/6.2.1\libgcc.a(_dvmd_tls.o)
 .debug_aranges
                0x00000c28       0x20 c:/program files (x86)/microchip/xc32/v2.30/bin/bin/../../lib/gcc/pic32c/6.2.1\libgcc.a(_fixunssfsi.o)
 .debug_aranges
                0x00000c48       0x20 c:/program files (x86)/microchip/xc32/v2.30/bin/bin/../../lib/gcc/pic32c/6.2.1\libgcc.a(_fixunsdfsi.o)
 .debug_aranges
                0x00000c68       0x20 c:/program files (x86)/microchip/xc32/v2.30/bin/bin/../../lib/gcc/pic32c/6.2.1\libgcc.a(divsf3.o)
 .debug_aranges
                0x00000c88       0x20 c:/program files (x86)/microchip/xc32/v2.30/bin/bin/../../lib/gcc/pic32c/6.2.1\libgcc.a(mulsf3.o)
 .debug_aranges
                0x00000ca8       0x20 c:/program files (x86)/microchip/xc32/v2.30/bin/bin/../../lib/gcc/pic32c/6.2.1\libgcc.a(subsf3.o)
 .debug_aranges
                0x00000cc8       0x20 c:/program files (x86)/microchip/xc32/v2.30/bin/bin/../../lib/gcc/pic32c/6.2.1\libgcc.a(fixsfsi.o)
 .debug_aranges
                0x00000ce8       0x20 c:/program files (x86)/microchip/xc32/v2.30/bin/bin/../../lib/gcc/pic32c/6.2.1\libgcc.a(floatsisf.o)
 .debug_aranges
                0x00000d08       0x20 c:/program files (x86)/microchip/xc32/v2.30/bin/bin/../../lib/gcc/pic32c/6.2.1\libgcc.a(floatunsisf.o)
 .debug_aranges
                0x00000d28       0x20 c:/program files (x86)/microchip/xc32/v2.30/bin/bin/../../lib/gcc/pic32c/6.2.1\libgcc.a(divdf3.o)
 .debug_aranges
                0x00000d48       0x20 c:/program files (x86)/microchip/xc32/v2.30/bin/bin/../../lib/gcc/pic32c/6.2.1\libgcc.a(muldf3.o)
 .debug_aranges
                0x00000d68       0x20 c:/program files (x86)/microchip/xc32/v2.30/bin/bin/../../lib/gcc/pic32c/6.2.1\libgcc.a(subdf3.o)
 .debug_aranges
                0x00000d88       0x20 c:/program files (x86)/microchip/xc32/v2.30/bin/bin/../../lib/gcc/pic32c/6.2.1\libgcc.a(fixdfsi.o)
 .debug_aranges
                0x00000da8       0x20 c:/program files (x86)/microchip/xc32/v2.30/bin/bin/../../lib/gcc/pic32c/6.2.1\libgcc.a(floatsidf.o)
 .debug_aranges
                0x00000dc8       0x20 c:/program files (x86)/microchip/xc32/v2.30/bin/bin/../../lib/gcc/pic32c/6.2.1\libgcc.a(extendsfdf2.o)
 .debug_aranges
                0x00000de8       0x20 c:/program files (x86)/microchip/xc32/v2.30/bin/bin/../../lib/gcc/pic32c/6.2.1\libgcc.a(truncdfsf2.o)
 .debug_aranges
                0x00000e08       0x20 c:/program files (x86)/microchip/xc32/v2.30/bin/bin/../../lib/gcc/pic32c/6.2.1\libgcc.a(_arm_cmpdf2.o)
 .debug_aranges
                0x00000e28       0x20 c:/program files (x86)/microchip/xc32/v2.30/bin/bin/../../lib/gcc/pic32c/6.2.1\libgcc.a(_arm_cmpsf2.o)
 .debug_aranges
                0x00000e48       0x20 c:/program files (x86)/microchip/xc32/v2.30/bin/bin/../../lib/gcc/pic32c/6.2.1\libgcc.a(_clzsi2.o)
 .debug_aranges
                0x00000e68       0x20 c:/program files (x86)/microchip/xc32/v2.30/bin/bin/../../lib/gcc/pic32c/6.2.1\libgcc.a(eqsf2.o)
 .debug_aranges
                0x00000e88       0x20 c:/program files (x86)/microchip/xc32/v2.30/bin/bin/../../lib/gcc/pic32c/6.2.1\libgcc.a(gesf2.o)
 .debug_aranges
                0x00000ea8       0x20 c:/program files (x86)/microchip/xc32/v2.30/bin/bin/../../lib/gcc/pic32c/6.2.1\libgcc.a(lesf2.o)
 .debug_aranges
                0x00000ec8       0x20 c:/program files (x86)/microchip/xc32/v2.30/bin/bin/../../lib/gcc/pic32c/6.2.1\libgcc.a(eqdf2.o)
 .debug_aranges
                0x00000ee8       0x20 c:/program files (x86)/microchip/xc32/v2.30/bin/bin/../../lib/gcc/pic32c/6.2.1\libgcc.a(gedf2.o)
 .debug_aranges
                0x00000f08       0x20 c:/program files (x86)/microchip/xc32/v2.30/bin/bin/../../lib/gcc/pic32c/6.2.1\libgcc.a(ledf2.o)
 .debug_aranges
                0x00000f28       0x20 c:/program files (x86)/microchip/xc32/v2.30/bin/bin/../../lib/gcc/pic32c/6.2.1/../../../../pic32c/lib\libc.a(lib_a-init.o)
 .debug_aranges
                0x00000f48       0x20 c:/program files (x86)/microchip/xc32/v2.30/bin/bin/../../lib/gcc/pic32c/6.2.1/../../../../pic32c/lib\libc.a(lib_a-memset.o)

.debug_ranges   0x00000000     0x15c0
 .debug_ranges  0x00000000       0x40 build/default/production/_ext/1984496892/plib_clock.o
 .debug_ranges  0x00000040       0x30 build/default/production/_ext/60167341/plib_eic.o
 .debug_ranges  0x00000070       0x90 build/default/production/_ext/1865468468/plib_nvic.o
 .debug_ranges  0x00000100       0x50 build/default/production/_ext/1593096446/plib_nvmctrl.o
 .debug_ranges  0x00000150       0x50 build/default/production/_ext/1865521619/plib_port.o
 .debug_ranges  0x000001a0       0x70 build/default/production/_ext/1955509679/plib_sercom3_i2c.o
 .debug_ranges  0x00000210       0x30 build/default/production/_ext/1955867357/plib_sercom0_spi.o
 .debug_ranges  0x00000240       0x58 build/default/production/_ext/829342655/plib_tc0.o
 .debug_ranges  0x00000298       0x10 build/default/production/_ext/1171490990/initialization.o
 .debug_ranges  0x000002a8       0x10 build/default/production/_ext/1171490990/interrupts.o
 .debug_ranges  0x000002b8       0x18 build/default/production/_ext/1171490990/exceptions.o
 .debug_ranges  0x000002d0       0x10 build/default/production/_ext/1171490990/startup_xc32.o
 .debug_ranges  0x000002e0       0x18 build/default/production/_ext/318156199/PDSource_App.o
 .debug_ranges  0x000002f8       0xe8 build/default/production/_ext/1671623073/Drivers.o
 .debug_ranges  0x000003e0       0x38 build/default/production/_ext/1671623073/mpq_dc_dc_control.o
 .debug_ranges  0x00000418       0x10 build/default/production/_ext/1936174342/PB_Mngr.o
 .debug_ranges  0x00000428       0xe8 build/default/production/_ext/1936174342/PB_Helper.o
 .debug_ranges  0x00000510       0x10 build/default/production/_ext/840851172/cfg_globals.o
 .debug_ranges  0x00000520       0x10 build/default/production/_ext/840851172/int_globals.o
 .debug_ranges  0x00000530       0x28 build/default/production/_ext/840851172/pd_main.o
 .debug_ranges  0x00000558       0x68 build/default/production/_ext/840851172/pd_timer.o
 .debug_ranges  0x000005c0      0x118 build/default/production/_ext/840851172/policy_engine.o
 .debug_ranges  0x000006d8       0x10 build/default/production/_ext/840851172/policy_engine_snk.o
 .debug_ranges  0x000006e8       0x10 build/default/production/_ext/840851172/policy_engine_src.o
 .debug_ranges  0x000006f8      0x168 build/default/production/_ext/840851172/policy_manager.o
 .debug_ranges  0x00000860       0x78 build/default/production/_ext/840851172/portpower_control.o
 .debug_ranges  0x000008d8      0x158 build/default/production/_ext/840851172/protocol_layer.o
 .debug_ranges  0x00000a30       0xf0 build/default/production/_ext/840851172/typeC_control.o
 .debug_ranges  0x00000b20       0xf0 build/default/production/_ext/840851172/upd_hw.o
 .debug_ranges  0x00000c10       0x30 build/default/production/_ext/840851172/upd_interrupts.o
 .debug_ranges  0x00000c40       0x10 build/default/production/_ext/1360937237/main.o
 .debug_ranges  0x00000c50       0x10 c:/program files (x86)/microchip/xc32/v2.30/bin/bin/../../lib/gcc/pic32c/6.2.1/../../../../pic32c/lib\libpic32c.a(data_init.o)
 .debug_ranges  0x00000c60       0x50 c:/program files (x86)/microchip/xc32/v2.30/bin/bin/../../lib/gcc/pic32c/6.2.1\libgcc.a(divsf3.o)
 .debug_ranges  0x00000cb0       0x50 c:/program files (x86)/microchip/xc32/v2.30/bin/bin/../../lib/gcc/pic32c/6.2.1\libgcc.a(mulsf3.o)
 .debug_ranges  0x00000d00       0xf0 c:/program files (x86)/microchip/xc32/v2.30/bin/bin/../../lib/gcc/pic32c/6.2.1\libgcc.a(subsf3.o)
 .debug_ranges  0x00000df0       0x38 c:/program files (x86)/microchip/xc32/v2.30/bin/bin/../../lib/gcc/pic32c/6.2.1\libgcc.a(floatsisf.o)
 .debug_ranges  0x00000e28       0x38 c:/program files (x86)/microchip/xc32/v2.30/bin/bin/../../lib/gcc/pic32c/6.2.1\libgcc.a(floatunsisf.o)
 .debug_ranges  0x00000e60      0x178 c:/program files (x86)/microchip/xc32/v2.30/bin/bin/../../lib/gcc/pic32c/6.2.1\libgcc.a(divdf3.o)
 .debug_ranges  0x00000fd8      0x1d0 c:/program files (x86)/microchip/xc32/v2.30/bin/bin/../../lib/gcc/pic32c/6.2.1\libgcc.a(muldf3.o)
 .debug_ranges  0x000011a8      0x1b8 c:/program files (x86)/microchip/xc32/v2.30/bin/bin/../../lib/gcc/pic32c/6.2.1\libgcc.a(subdf3.o)
 .debug_ranges  0x00001360       0x18 c:/program files (x86)/microchip/xc32/v2.30/bin/bin/../../lib/gcc/pic32c/6.2.1\libgcc.a(fixdfsi.o)
 .debug_ranges  0x00001378       0x50 c:/program files (x86)/microchip/xc32/v2.30/bin/bin/../../lib/gcc/pic32c/6.2.1\libgcc.a(floatsidf.o)
 .debug_ranges  0x000013c8       0x20 c:/program files (x86)/microchip/xc32/v2.30/bin/bin/../../lib/gcc/pic32c/6.2.1\libgcc.a(extendsfdf2.o)
 .debug_ranges  0x000013e8       0x38 c:/program files (x86)/microchip/xc32/v2.30/bin/bin/../../lib/gcc/pic32c/6.2.1\libgcc.a(truncdfsf2.o)
 .debug_ranges  0x00001420       0x30 c:/program files (x86)/microchip/xc32/v2.30/bin/bin/../../lib/gcc/pic32c/6.2.1\libgcc.a(eqsf2.o)
 .debug_ranges  0x00001450       0x58 c:/program files (x86)/microchip/xc32/v2.30/bin/bin/../../lib/gcc/pic32c/6.2.1\libgcc.a(gesf2.o)
 .debug_ranges  0x000014a8       0x30 c:/program files (x86)/microchip/xc32/v2.30/bin/bin/../../lib/gcc/pic32c/6.2.1\libgcc.a(lesf2.o)
 .debug_ranges  0x000014d8       0x50 c:/program files (x86)/microchip/xc32/v2.30/bin/bin/../../lib/gcc/pic32c/6.2.1\libgcc.a(eqdf2.o)
 .debug_ranges  0x00001528       0x30 c:/program files (x86)/microchip/xc32/v2.30/bin/bin/../../lib/gcc/pic32c/6.2.1\libgcc.a(gedf2.o)
 .debug_ranges  0x00001558       0x48 c:/program files (x86)/microchip/xc32/v2.30/bin/bin/../../lib/gcc/pic32c/6.2.1\libgcc.a(ledf2.o)
 .debug_ranges  0x000015a0       0x10 c:/program files (x86)/microchip/xc32/v2.30/bin/bin/../../lib/gcc/pic32c/6.2.1/../../../../pic32c/lib\libc.a(lib_a-init.o)
 .debug_ranges  0x000015b0       0x10 c:/program files (x86)/microchip/xc32/v2.30/bin/bin/../../lib/gcc/pic32c/6.2.1/../../../../pic32c/lib\libc.a(lib_a-memset.o)

.debug_line     0x00000000     0x82e1
 .debug_line    0x00000000      0x181 build/default/production/_ext/1984496892/plib_clock.o
 .debug_line    0x00000181      0x1cd build/default/production/_ext/60167341/plib_eic.o
 .debug_line    0x0000034e      0x1c7 build/default/production/_ext/1865468468/plib_nvic.o
 .debug_line    0x00000515      0x282 build/default/production/_ext/1593096446/plib_nvmctrl.o
 .debug_line    0x00000797      0x1f7 build/default/production/_ext/1865521619/plib_port.o
 .debug_line    0x0000098e      0x2ff build/default/production/_ext/1955509679/plib_sercom3_i2c.o
 .debug_line    0x00000c8d      0x279 build/default/production/_ext/1955867357/plib_sercom0_spi.o
 .debug_line    0x00000f06      0x209 build/default/production/_ext/829342655/plib_tc0.o
 .debug_line    0x0000110f      0x171 build/default/production/_ext/1171490990/initialization.o
 .debug_line    0x00001280      0x123 build/default/production/_ext/1171490990/interrupts.o
 .debug_line    0x000013a3       0x62 build/default/production/_ext/1171490990/exceptions.o
 .debug_line    0x00001405      0x186 build/default/production/_ext/1171490990/startup_xc32.o
 .debug_line    0x0000158b      0x1bf build/default/production/_ext/318156199/PDSource_App.o
 .debug_line    0x0000174a      0x608 build/default/production/_ext/1671623073/Drivers.o
 .debug_line    0x00001d52      0x215 build/default/production/_ext/1671623073/mpq_dc_dc_control.o
 .debug_line    0x00001f67      0x205 build/default/production/_ext/1936174342/PB_Mngr.o
 .debug_line    0x0000216c      0x45e build/default/production/_ext/1936174342/PB_Helper.o
 .debug_line    0x000025ca      0x2d0 build/default/production/_ext/840851172/cfg_globals.o
 .debug_line    0x0000289a      0x16b build/default/production/_ext/840851172/int_globals.o
 .debug_line    0x00002a05      0x20d build/default/production/_ext/840851172/pd_main.o
 .debug_line    0x00002c12      0x233 build/default/production/_ext/840851172/pd_timer.o
 .debug_line    0x00002e45      0x533 build/default/production/_ext/840851172/policy_engine.o
 .debug_line    0x00003378      0x26b build/default/production/_ext/840851172/policy_engine_snk.o
 .debug_line    0x000035e3      0x3a6 build/default/production/_ext/840851172/policy_engine_src.o
 .debug_line    0x00003989      0x680 build/default/production/_ext/840851172/policy_manager.o
 .debug_line    0x00004009      0x1f5 build/default/production/_ext/840851172/portpower_control.o
 .debug_line    0x000041fe      0x755 build/default/production/_ext/840851172/protocol_layer.o
 .debug_line    0x00004953      0x80f build/default/production/_ext/840851172/typeC_control.o
 .debug_line    0x00005162      0x415 build/default/production/_ext/840851172/upd_hw.o
 .debug_line    0x00005577      0x19d build/default/production/_ext/840851172/upd_interrupts.o
 .debug_line    0x00005714      0x271 build/default/production/_ext/1360937237/main.o
 .debug_line    0x00005985       0xe3 c:/program files (x86)/microchip/xc32/v2.30/bin/bin/../../lib/gcc/pic32c/6.2.1/../../../../pic32c/lib\libpic32c.a(data_init.o)
 .debug_line    0x00005a68       0xa4 c:/program files (x86)/microchip/xc32/v2.30/bin/bin/../../lib/gcc/pic32c/6.2.1\libgcc.a(_thumb1_case_uqi.o)
 .debug_line    0x00005b0c       0xa5 c:/program files (x86)/microchip/xc32/v2.30/bin/bin/../../lib/gcc/pic32c/6.2.1\libgcc.a(_thumb1_case_shi.o)
 .debug_line    0x00005bb1       0xa5 c:/program files (x86)/microchip/xc32/v2.30/bin/bin/../../lib/gcc/pic32c/6.2.1\libgcc.a(_thumb1_case_uhi.o)
 .debug_line    0x00005c56       0xb3 c:/program files (x86)/microchip/xc32/v2.30/bin/bin/../../lib/gcc/pic32c/6.2.1\libgcc.a(_udivsi3.o)
 .debug_line    0x00005d09       0xc1 c:/program files (x86)/microchip/xc32/v2.30/bin/bin/../../lib/gcc/pic32c/6.2.1\libgcc.a(_divsi3.o)
 .debug_line    0x00005dca       0x9c c:/program files (x86)/microchip/xc32/v2.30/bin/bin/../../lib/gcc/pic32c/6.2.1\libgcc.a(_dvmd_tls.o)
 .debug_line    0x00005e66      0x28e c:/program files (x86)/microchip/xc32/v2.30/bin/bin/../../lib/gcc/pic32c/6.2.1\libgcc.a(_fixunssfsi.o)
 .debug_line    0x000060f4      0x28c c:/program files (x86)/microchip/xc32/v2.30/bin/bin/../../lib/gcc/pic32c/6.2.1\libgcc.a(_fixunsdfsi.o)
 .debug_line    0x00006380      0x161 c:/program files (x86)/microchip/xc32/v2.30/bin/bin/../../lib/gcc/pic32c/6.2.1\libgcc.a(divsf3.o)
 .debug_line    0x000064e1      0x15f c:/program files (x86)/microchip/xc32/v2.30/bin/bin/../../lib/gcc/pic32c/6.2.1\libgcc.a(mulsf3.o)
 .debug_line    0x00006640      0x19a c:/program files (x86)/microchip/xc32/v2.30/bin/bin/../../lib/gcc/pic32c/6.2.1\libgcc.a(subsf3.o)
 .debug_line    0x000067da      0x12a c:/program files (x86)/microchip/xc32/v2.30/bin/bin/../../lib/gcc/pic32c/6.2.1\libgcc.a(fixsfsi.o)
 .debug_line    0x00006904      0x132 c:/program files (x86)/microchip/xc32/v2.30/bin/bin/../../lib/gcc/pic32c/6.2.1\libgcc.a(floatsisf.o)
 .debug_line    0x00006a36      0x137 c:/program files (x86)/microchip/xc32/v2.30/bin/bin/../../lib/gcc/pic32c/6.2.1\libgcc.a(floatunsisf.o)
 .debug_line    0x00006b6d      0x1a4 c:/program files (x86)/microchip/xc32/v2.30/bin/bin/../../lib/gcc/pic32c/6.2.1\libgcc.a(divdf3.o)
 .debug_line    0x00006d11      0x182 c:/program files (x86)/microchip/xc32/v2.30/bin/bin/../../lib/gcc/pic32c/6.2.1\libgcc.a(muldf3.o)
 .debug_line    0x00006e93      0x1cd c:/program files (x86)/microchip/xc32/v2.30/bin/bin/../../lib/gcc/pic32c/6.2.1\libgcc.a(subdf3.o)
 .debug_line    0x00007060      0x12f c:/program files (x86)/microchip/xc32/v2.30/bin/bin/../../lib/gcc/pic32c/6.2.1\libgcc.a(fixdfsi.o)
 .debug_line    0x0000718f      0x12a c:/program files (x86)/microchip/xc32/v2.30/bin/bin/../../lib/gcc/pic32c/6.2.1\libgcc.a(floatsidf.o)
 .debug_line    0x000072b9      0x145 c:/program files (x86)/microchip/xc32/v2.30/bin/bin/../../lib/gcc/pic32c/6.2.1\libgcc.a(extendsfdf2.o)
 .debug_line    0x000073fe      0x154 c:/program files (x86)/microchip/xc32/v2.30/bin/bin/../../lib/gcc/pic32c/6.2.1\libgcc.a(truncdfsf2.o)
 .debug_line    0x00007552       0xb4 c:/program files (x86)/microchip/xc32/v2.30/bin/bin/../../lib/gcc/pic32c/6.2.1\libgcc.a(_arm_cmpdf2.o)
 .debug_line    0x00007606       0xb1 c:/program files (x86)/microchip/xc32/v2.30/bin/bin/../../lib/gcc/pic32c/6.2.1\libgcc.a(_arm_cmpsf2.o)
 .debug_line    0x000076b7       0xb0 c:/program files (x86)/microchip/xc32/v2.30/bin/bin/../../lib/gcc/pic32c/6.2.1\libgcc.a(_clzsi2.o)
 .debug_line    0x00007767      0x13e c:/program files (x86)/microchip/xc32/v2.30/bin/bin/../../lib/gcc/pic32c/6.2.1\libgcc.a(eqsf2.o)
 .debug_line    0x000078a5      0x149 c:/program files (x86)/microchip/xc32/v2.30/bin/bin/../../lib/gcc/pic32c/6.2.1\libgcc.a(gesf2.o)
 .debug_line    0x000079ee      0x147 c:/program files (x86)/microchip/xc32/v2.30/bin/bin/../../lib/gcc/pic32c/6.2.1\libgcc.a(lesf2.o)
 .debug_line    0x00007b35      0x14c c:/program files (x86)/microchip/xc32/v2.30/bin/bin/../../lib/gcc/pic32c/6.2.1\libgcc.a(eqdf2.o)
 .debug_line    0x00007c81      0x14c c:/program files (x86)/microchip/xc32/v2.30/bin/bin/../../lib/gcc/pic32c/6.2.1\libgcc.a(gedf2.o)
 .debug_line    0x00007dcd      0x14f c:/program files (x86)/microchip/xc32/v2.30/bin/bin/../../lib/gcc/pic32c/6.2.1\libgcc.a(ledf2.o)
 .debug_line    0x00007f1c      0x118 c:/program files (x86)/microchip/xc32/v2.30/bin/bin/../../lib/gcc/pic32c/6.2.1/../../../../pic32c/lib\libc.a(lib_a-init.o)
 .debug_line    0x00008034      0x2ad c:/program files (x86)/microchip/xc32/v2.30/bin/bin/../../lib/gcc/pic32c/6.2.1/../../../../pic32c/lib\libc.a(lib_a-memset.o)

.debug_str      0x00000000     0x20e2
 .debug_str     0x00000000       0x28 build/default/production/_ext/1984496892/plib_clock.o
 .debug_str     0x00000028        0x9 build/default/production/_ext/60167341/plib_eic.o
 .debug_str     0x00000031        0xa build/default/production/_ext/1865468468/plib_nvic.o
 .debug_str     0x0000003b       0x16 build/default/production/_ext/1593096446/plib_nvmctrl.o
 .debug_str     0x00000051        0xb build/default/production/_ext/1865521619/plib_port.o
 .debug_str     0x0000005c       0xc3 build/default/production/_ext/1955509679/plib_sercom3_i2c.o
 .debug_str     0x0000011f       0xd6 build/default/production/_ext/1955867357/plib_sercom0_spi.o
 .debug_str     0x000001f5       0xa7 build/default/production/_ext/829342655/plib_tc0.o
 .debug_str     0x0000029c       0x53 build/default/production/_ext/1171490990/initialization.o
 .debug_str     0x000002ef        0x0 build/default/production/_ext/1171490990/interrupts.o
 .debug_str     0x000002ef        0x0 build/default/production/_ext/1171490990/exceptions.o
 .debug_str     0x000002ef       0x6b build/default/production/_ext/1171490990/startup_xc32.o
 .debug_str     0x0000035a       0x8d build/default/production/_ext/318156199/PDSource_App.o
 .debug_str     0x000003e7      0x1e9 build/default/production/_ext/1671623073/Drivers.o
 .debug_str     0x000005d0       0xe2 build/default/production/_ext/1671623073/mpq_dc_dc_control.o
 .debug_str     0x000006b2      0x198 build/default/production/_ext/1936174342/PB_Mngr.o
 .debug_str     0x0000084a      0x10b build/default/production/_ext/1936174342/PB_Helper.o
 .debug_str     0x00000955       0x48 build/default/production/_ext/840851172/cfg_globals.o
 .debug_str     0x0000099d       0x37 build/default/production/_ext/840851172/int_globals.o
 .debug_str     0x000009d4      0x1d4 build/default/production/_ext/840851172/pd_main.o
 .debug_str     0x00000ba8       0xac build/default/production/_ext/840851172/pd_timer.o
 .debug_str     0x00000c54      0x1c9 build/default/production/_ext/840851172/policy_engine.o
 .debug_str     0x00000e1d      0x1d9 build/default/production/_ext/840851172/policy_engine_snk.o
 .debug_str     0x00000ff6      0x30f build/default/production/_ext/840851172/policy_engine_src.o
 .debug_str     0x00001305      0x29e build/default/production/_ext/840851172/policy_manager.o
 .debug_str     0x000015a3       0x67 build/default/production/_ext/840851172/portpower_control.o
 .debug_str     0x0000160a      0x25c build/default/production/_ext/840851172/protocol_layer.o
 .debug_str     0x00001866      0x2af build/default/production/_ext/840851172/typeC_control.o
 .debug_str     0x00001b15      0x14e build/default/production/_ext/840851172/upd_hw.o
 .debug_str     0x00001c63       0xb1 build/default/production/_ext/840851172/upd_interrupts.o
 .debug_str     0x00001d14       0x6d build/default/production/_ext/1360937237/main.o
 .debug_str     0x00001d81        0x0 c:/program files (x86)/microchip/xc32/v2.30/bin/bin/../../lib/gcc/pic32c/6.2.1/../../../../pic32c/lib\libpic32c.a(data_init.o)
 .debug_str     0x00001d81        0x0 c:/program files (x86)/microchip/xc32/v2.30/bin/bin/../../lib/gcc/pic32c/6.2.1\libgcc.a(_fixunssfsi.o)
 .debug_str     0x00001d81        0x0 c:/program files (x86)/microchip/xc32/v2.30/bin/bin/../../lib/gcc/pic32c/6.2.1\libgcc.a(_fixunsdfsi.o)
 .debug_str     0x00001d81       0x30 c:/program files (x86)/microchip/xc32/v2.30/bin/bin/../../lib/gcc/pic32c/6.2.1\libgcc.a(divsf3.o)
 .debug_str     0x00001db1       0x30 c:/program files (x86)/microchip/xc32/v2.30/bin/bin/../../lib/gcc/pic32c/6.2.1\libgcc.a(mulsf3.o)
 .debug_str     0x00001de1       0x2c c:/program files (x86)/microchip/xc32/v2.30/bin/bin/../../lib/gcc/pic32c/6.2.1\libgcc.a(subsf3.o)
 .debug_str     0x00001e0d       0x13 c:/program files (x86)/microchip/xc32/v2.30/bin/bin/../../lib/gcc/pic32c/6.2.1\libgcc.a(fixsfsi.o)
 .debug_str     0x00001e20        0x0 c:/program files (x86)/microchip/xc32/v2.30/bin/bin/../../lib/gcc/pic32c/6.2.1\libgcc.a(floatsisf.o)
 .debug_str     0x00001e20        0x0 c:/program files (x86)/microchip/xc32/v2.30/bin/bin/../../lib/gcc/pic32c/6.2.1\libgcc.a(floatunsisf.o)
 .debug_str     0x00001e20       0x30 c:/program files (x86)/microchip/xc32/v2.30/bin/bin/../../lib/gcc/pic32c/6.2.1\libgcc.a(divdf3.o)
 .debug_str     0x00001e50       0x56 c:/program files (x86)/microchip/xc32/v2.30/bin/bin/../../lib/gcc/pic32c/6.2.1\libgcc.a(muldf3.o)
 .debug_str     0x00001ea6       0x2c c:/program files (x86)/microchip/xc32/v2.30/bin/bin/../../lib/gcc/pic32c/6.2.1\libgcc.a(subdf3.o)
 .debug_str     0x00001ed2       0x13 c:/program files (x86)/microchip/xc32/v2.30/bin/bin/../../lib/gcc/pic32c/6.2.1\libgcc.a(fixdfsi.o)
 .debug_str     0x00001ee5        0x0 c:/program files (x86)/microchip/xc32/v2.30/bin/bin/../../lib/gcc/pic32c/6.2.1\libgcc.a(floatsidf.o)
 .debug_str     0x00001ee5        0x0 c:/program files (x86)/microchip/xc32/v2.30/bin/bin/../../lib/gcc/pic32c/6.2.1\libgcc.a(extendsfdf2.o)
 .debug_str     0x00001ee5        0x0 c:/program files (x86)/microchip/xc32/v2.30/bin/bin/../../lib/gcc/pic32c/6.2.1\libgcc.a(truncdfsf2.o)
 .debug_str     0x00001ee5       0x26 c:/program files (x86)/microchip/xc32/v2.30/bin/bin/../../lib/gcc/pic32c/6.2.1\libgcc.a(eqsf2.o)
 .debug_str     0x00001f0b       0x26 c:/program files (x86)/microchip/xc32/v2.30/bin/bin/../../lib/gcc/pic32c/6.2.1\libgcc.a(gesf2.o)
 .debug_str     0x00001f31       0x26 c:/program files (x86)/microchip/xc32/v2.30/bin/bin/../../lib/gcc/pic32c/6.2.1\libgcc.a(lesf2.o)
 .debug_str     0x00001f57       0x26 c:/program files (x86)/microchip/xc32/v2.30/bin/bin/../../lib/gcc/pic32c/6.2.1\libgcc.a(eqdf2.o)
 .debug_str     0x00001f7d       0x26 c:/program files (x86)/microchip/xc32/v2.30/bin/bin/../../lib/gcc/pic32c/6.2.1\libgcc.a(gedf2.o)
 .debug_str     0x00001fa3       0x26 c:/program files (x86)/microchip/xc32/v2.30/bin/bin/../../lib/gcc/pic32c/6.2.1\libgcc.a(ledf2.o)
 .debug_str     0x00001fc9        0x0 c:/program files (x86)/microchip/xc32/v2.30/bin/bin/../../lib/gcc/pic32c/6.2.1/../../../../pic32c/lib\libc.a(lib_a-init.o)
 .debug_str     0x00001fc9      0x119 c:/program files (x86)/microchip/xc32/v2.30/bin/bin/../../lib/gcc/pic32c/6.2.1/../../../../pic32c/lib\libc.a(lib_a-memset.o)

.debug_frame    0x00000000     0x20f0
 .debug_frame   0x00000000       0x20 build/default/production/_ext/1984496892/plib_clock.o
 .debug_frame   0x00000020       0x84 build/default/production/_ext/60167341/plib_eic.o
 .debug_frame   0x000000a4       0x20 build/default/production/_ext/1865468468/plib_nvic.o
 .debug_frame   0x000000c4       0xb0 build/default/production/_ext/1593096446/plib_nvmctrl.o
 .debug_frame   0x00000174       0xac build/default/production/_ext/1865521619/plib_port.o
 .debug_frame   0x00000220       0xfc build/default/production/_ext/1955509679/plib_sercom3_i2c.o
 .debug_frame   0x0000031c       0x8c build/default/production/_ext/1955867357/plib_sercom0_spi.o
 .debug_frame   0x000003a8       0xb8 build/default/production/_ext/829342655/plib_tc0.o
 .debug_frame   0x00000460       0x28 build/default/production/_ext/1171490990/initialization.o
 .debug_frame   0x00000488       0x20 build/default/production/_ext/1171490990/interrupts.o
 .debug_frame   0x000004a8       0x30 build/default/production/_ext/1171490990/exceptions.o
 .debug_frame   0x000004d8       0x28 build/default/production/_ext/1171490990/startup_xc32.o
 .debug_frame   0x00000500       0x38 build/default/production/_ext/318156199/PDSource_App.o
 .debug_frame   0x00000538      0x1f0 build/default/production/_ext/1671623073/Drivers.o
 .debug_frame   0x00000728       0xbc build/default/production/_ext/1671623073/mpq_dc_dc_control.o
 .debug_frame   0x000007e4       0x34 build/default/production/_ext/1936174342/PB_Mngr.o
 .debug_frame   0x00000818      0x278 build/default/production/_ext/1936174342/PB_Helper.o
 .debug_frame   0x00000a90       0x34 build/default/production/_ext/840851172/cfg_globals.o
 .debug_frame   0x00000ac4       0x28 build/default/production/_ext/840851172/int_globals.o
 .debug_frame   0x00000aec       0x74 build/default/production/_ext/840851172/pd_main.o
 .debug_frame   0x00000b60       0xb8 build/default/production/_ext/840851172/pd_timer.o
 .debug_frame   0x00000c18      0x1f4 build/default/production/_ext/840851172/policy_engine.o
 .debug_frame   0x00000e0c       0x30 build/default/production/_ext/840851172/policy_engine_snk.o
 .debug_frame   0x00000e3c       0x30 build/default/production/_ext/840851172/policy_engine_src.o
 .debug_frame   0x00000e6c      0x348 build/default/production/_ext/840851172/policy_manager.o
 .debug_frame   0x000011b4       0x90 build/default/production/_ext/840851172/portpower_control.o
 .debug_frame   0x00001244      0x3dc build/default/production/_ext/840851172/protocol_layer.o
 .debug_frame   0x00001620      0x304 build/default/production/_ext/840851172/typeC_control.o
 .debug_frame   0x00001924      0x2f0 build/default/production/_ext/840851172/upd_hw.o
 .debug_frame   0x00001c14       0x30 build/default/production/_ext/840851172/upd_interrupts.o
 .debug_frame   0x00001c44       0x28 build/default/production/_ext/1360937237/main.o
 .debug_frame   0x00001c6c       0x2c c:/program files (x86)/microchip/xc32/v2.30/bin/bin/../../lib/gcc/pic32c/6.2.1/../../../../pic32c/lib\libpic32c.a(data_init.o)
 .debug_frame   0x00001c98       0x20 c:/program files (x86)/microchip/xc32/v2.30/bin/bin/../../lib/gcc/pic32c/6.2.1\libgcc.a(_udivsi3.o)
 .debug_frame   0x00001cb8       0x20 c:/program files (x86)/microchip/xc32/v2.30/bin/bin/../../lib/gcc/pic32c/6.2.1\libgcc.a(_divsi3.o)
 .debug_frame   0x00001cd8       0x28 c:/program files (x86)/microchip/xc32/v2.30/bin/bin/../../lib/gcc/pic32c/6.2.1\libgcc.a(_fixunssfsi.o)
 .debug_frame   0x00001d00       0x2c c:/program files (x86)/microchip/xc32/v2.30/bin/bin/../../lib/gcc/pic32c/6.2.1\libgcc.a(_fixunsdfsi.o)
 .debug_frame   0x00001d2c       0x30 c:/program files (x86)/microchip/xc32/v2.30/bin/bin/../../lib/gcc/pic32c/6.2.1\libgcc.a(divsf3.o)
 .debug_frame   0x00001d5c       0x30 c:/program files (x86)/microchip/xc32/v2.30/bin/bin/../../lib/gcc/pic32c/6.2.1\libgcc.a(mulsf3.o)
 .debug_frame   0x00001d8c       0x34 c:/program files (x86)/microchip/xc32/v2.30/bin/bin/../../lib/gcc/pic32c/6.2.1\libgcc.a(subsf3.o)
 .debug_frame   0x00001dc0       0x20 c:/program files (x86)/microchip/xc32/v2.30/bin/bin/../../lib/gcc/pic32c/6.2.1\libgcc.a(fixsfsi.o)
 .debug_frame   0x00001de0       0x2c c:/program files (x86)/microchip/xc32/v2.30/bin/bin/../../lib/gcc/pic32c/6.2.1\libgcc.a(floatsisf.o)
 .debug_frame   0x00001e0c       0x2c c:/program files (x86)/microchip/xc32/v2.30/bin/bin/../../lib/gcc/pic32c/6.2.1\libgcc.a(floatunsisf.o)
 .debug_frame   0x00001e38       0x30 c:/program files (x86)/microchip/xc32/v2.30/bin/bin/../../lib/gcc/pic32c/6.2.1\libgcc.a(divdf3.o)
 .debug_frame   0x00001e68       0x30 c:/program files (x86)/microchip/xc32/v2.30/bin/bin/../../lib/gcc/pic32c/6.2.1\libgcc.a(muldf3.o)
 .debug_frame   0x00001e98       0x34 c:/program files (x86)/microchip/xc32/v2.30/bin/bin/../../lib/gcc/pic32c/6.2.1\libgcc.a(subdf3.o)
 .debug_frame   0x00001ecc       0x2c c:/program files (x86)/microchip/xc32/v2.30/bin/bin/../../lib/gcc/pic32c/6.2.1\libgcc.a(fixdfsi.o)
 .debug_frame   0x00001ef8       0x30 c:/program files (x86)/microchip/xc32/v2.30/bin/bin/../../lib/gcc/pic32c/6.2.1\libgcc.a(floatsidf.o)
 .debug_frame   0x00001f28       0x2c c:/program files (x86)/microchip/xc32/v2.30/bin/bin/../../lib/gcc/pic32c/6.2.1\libgcc.a(extendsfdf2.o)
 .debug_frame   0x00001f54       0x30 c:/program files (x86)/microchip/xc32/v2.30/bin/bin/../../lib/gcc/pic32c/6.2.1\libgcc.a(truncdfsf2.o)
 .debug_frame   0x00001f84       0x2c c:/program files (x86)/microchip/xc32/v2.30/bin/bin/../../lib/gcc/pic32c/6.2.1\libgcc.a(eqsf2.o)
 .debug_frame   0x00001fb0       0x30 c:/program files (x86)/microchip/xc32/v2.30/bin/bin/../../lib/gcc/pic32c/6.2.1\libgcc.a(gesf2.o)
 .debug_frame   0x00001fe0       0x30 c:/program files (x86)/microchip/xc32/v2.30/bin/bin/../../lib/gcc/pic32c/6.2.1\libgcc.a(lesf2.o)
 .debug_frame   0x00002010       0x30 c:/program files (x86)/microchip/xc32/v2.30/bin/bin/../../lib/gcc/pic32c/6.2.1\libgcc.a(eqdf2.o)
 .debug_frame   0x00002040       0x34 c:/program files (x86)/microchip/xc32/v2.30/bin/bin/../../lib/gcc/pic32c/6.2.1\libgcc.a(gedf2.o)
 .debug_frame   0x00002074       0x30 c:/program files (x86)/microchip/xc32/v2.30/bin/bin/../../lib/gcc/pic32c/6.2.1\libgcc.a(ledf2.o)
 .debug_frame   0x000020a4       0x2c c:/program files (x86)/microchip/xc32/v2.30/bin/bin/../../lib/gcc/pic32c/6.2.1/../../../../pic32c/lib\libc.a(lib_a-init.o)
 .debug_frame   0x000020d0       0x20 c:/program files (x86)/microchip/xc32/v2.30/bin/bin/../../lib/gcc/pic32c/6.2.1/../../../../pic32c/lib\libc.a(lib_a-memset.o)

.stack          0x20000878      0x100
 .stack         0x20000878      0x100 stack

.bss.sercom3I2CObj%1
                0x20000614       0x28
 .bss.sercom3I2CObj
                0x20000614       0x28 build/default/production/_ext/1955509679/plib_sercom3_i2c.o

.bss%2          0x2000063c       0x1c
 .bss           0x2000063c       0x1c c:/program files (x86)/microchip/xc32/v2.30/bin/bin/../../lib/gcc/pic32c/6.2.1/crtbegin.o

.bss.gu32CriticalSectionCnt%3
                0x20000658        0x4
 .bss.gu32CriticalSectionCnt
                0x20000658        0x4 build/default/production/_ext/1671623073/Drivers.o

.bss.gu8MPQAlertPortMsk%4
                0x2000065c        0x1
 .bss.gu8MPQAlertPortMsk
                0x2000065c        0x1 build/default/production/_ext/1671623073/mpq_dc_dc_control.o
                0x2000065c                gu8MPQAlertPortMsk

.eh_frame%z1    0x00000000        0x0
 .eh_frame      0x00000000        0x0 c:/program files (x86)/microchip/xc32/v2.30/bin/bin/../../lib/gcc/pic32c/6.2.1/crtbegin.o

.text.PE_SrcRunStateMachine%5
                0x000000c4      0x8e4
 .text.PE_SrcRunStateMachine
                0x000000c4      0x8e4 build/default/production/_ext/840851172/policy_engine_src.o
                0x000000c4                PE_SrcRunStateMachine

.text.TypeC_RunStateMachine%6
                0x000009a8      0x5ec
 .text.TypeC_RunStateMachine
                0x000009a8      0x5ec build/default/production/_ext/840851172/typeC_control.o
                0x000009a8                TypeC_RunStateMachine

.text%7         0x00000f94      0xf18
 .text          0x00000f94      0x5b0 c:/program files (x86)/microchip/xc32/v2.30/bin/bin/../../lib/gcc/pic32c/6.2.1\libgcc.a(subdf3.o)
                0x00000f94                __aeabi_dsub
 .text          0x00001544      0x544 c:/program files (x86)/microchip/xc32/v2.30/bin/bin/../../lib/gcc/pic32c/6.2.1\libgcc.a(divdf3.o)
                0x00001544                __aeabi_ddiv
 .text          0x00001a88      0x424 c:/program files (x86)/microchip/xc32/v2.30/bin/bin/../../lib/gcc/pic32c/6.2.1\libgcc.a(muldf3.o)
                0x00001a88                __aeabi_dmul

.text.PE_SnkRunStateMachine%10
                0x00001eac      0x3a8
 .text.PE_SnkRunStateMachine
                0x00001eac      0x3a8 build/default/production/_ext/840851172/policy_engine_snk.o
                0x00001eac                PE_SnkRunStateMachine

.text.PB_HandlePPMEvents%11
                0x00002254      0x328
 .text.PB_HandlePPMEvents
                0x00002254      0x328 build/default/production/_ext/1936174342/PB_Mngr.o
                0x00002254                PB_HandlePPMEvents

.text.TypeC_HandleISR%12
                0x0000257c      0x31c
 .text.TypeC_HandleISR
                0x0000257c      0x31c build/default/production/_ext/840851172/typeC_control.o
                0x0000257c                TypeC_HandleISR

.text.PE_RunCommonStateMachine%13
                0x00002898      0x310
 .text.PE_RunCommonStateMachine
                0x00002898      0x310 build/default/production/_ext/840851172/policy_engine.o
                0x00002898                PE_RunCommonStateMachine

.text%14        0x00002ba8      0x2f4
 .text          0x00002ba8      0x2f4 c:/program files (x86)/microchip/xc32/v2.30/bin/bin/../../lib/gcc/pic32c/6.2.1\libgcc.a(subsf3.o)
                0x00002ba8                __aeabi_fsub

.text.TypeC_ConfigureVBUSThr%15
                0x00002e9c      0x2d0
 .text.TypeC_ConfigureVBUSThr
                0x00002e9c      0x2d0 build/default/production/_ext/840851172/typeC_control.o
                0x00002e9c                TypeC_ConfigureVBUSThr

.text.PE_ReceiveMsgHandler%16
                0x0000316c      0x294
 .text.PE_ReceiveMsgHandler
                0x0000316c      0x294 build/default/production/_ext/840851172/policy_engine.o
                0x0000316c                PE_ReceiveMsgHandler

.text.TypeC_InitPort%17
                0x00003400      0x26c
 .text.TypeC_InitPort
                0x00003400      0x26c build/default/production/_ext/840851172/typeC_control.o
                0x00003400                TypeC_InitPort

.text.PRL_ProcessRecvdMsg%18
                0x0000366c      0x24c
 .text.PRL_ProcessRecvdMsg
                0x0000366c      0x24c build/default/production/_ext/840851172/protocol_layer.o
                0x0000366c                PRL_ProcessRecvdMsg

.text.DPM_PowerFaultHandler%19
                0x000038b8      0x240
 .text.DPM_PowerFaultHandler
                0x000038b8      0x240 build/default/production/_ext/840851172/policy_manager.o
                0x000038b8                DPM_PowerFaultHandler

.text.PRL_TransmitMsg%20
                0x00003af8      0x1e4
 .text.PRL_TransmitMsg
                0x00003af8      0x1e4 build/default/production/_ext/840851172/protocol_layer.o
                0x00003af8                PRL_TransmitMsg

.text%21        0x00003cdc      0x1d8
 .text          0x00003cdc      0x1d8 c:/program files (x86)/microchip/xc32/v2.30/bin/bin/../../lib/gcc/pic32c/6.2.1\libgcc.a(mulsf3.o)
                0x00003cdc                __aeabi_fmul

.text.PRL_Init%22
                0x00003eb4      0x1c0
 .text.PRL_Init
                0x00003eb4      0x1c0 build/default/production/_ext/840851172/protocol_layer.o
                0x00003eb4                PRL_Init

.text%23        0x00004074      0x1c0
 .text          0x00004074      0x1c0 c:/program files (x86)/microchip/xc32/v2.30/bin/bin/../../lib/gcc/pic32c/6.2.1\libgcc.a(divsf3.o)
                0x00004074                __aeabi_fdiv

.text.TypeC_EnabDisVCONN%24
                0x00004234      0x1b8
 .text.TypeC_EnabDisVCONN
                0x00004234      0x1b8 build/default/production/_ext/840851172/typeC_control.o
                0x00004234                TypeC_EnabDisVCONN

.text.DPM_Evaluate_Received_Src_caps%25
                0x000043ec      0x180
 .text.DPM_Evaluate_Received_Src_caps
                0x000043ec      0x180 build/default/production/_ext/840851172/policy_manager.o
                0x000043ec                DPM_Evaluate_Received_Src_caps

.text.PRL_RunChunkStateMachine%26
                0x0000456c      0x168
 .text.PRL_RunChunkStateMachine
                0x0000456c      0x168 build/default/production/_ext/840851172/protocol_layer.o
                0x0000456c                PRL_RunChunkStateMachine

.text.PRL_HandleISR%27
                0x000046d4      0x15c
 .text.PRL_HandleISR
                0x000046d4      0x15c build/default/production/_ext/840851172/protocol_layer.o
                0x000046d4                PRL_HandleISR

.text.PDStack_Events%28
                0x00004830      0x148
 .text.PDStack_Events
                0x00004830      0x148 build/default/production/_ext/318156199/PDSource_App.o
                0x00004830                PDStack_Events

.text.CFG_LoadDefaults%29
                0x00004978      0x138
 .text.CFG_LoadDefaults
                0x00004978      0x138 build/default/production/_ext/840851172/cfg_globals.o
                0x00004978                CFG_LoadDefaults

.text.SERCOM3_I2C_InterruptHandler%30
                0x00004ab0      0x124
 .text.SERCOM3_I2C_InterruptHandler
                0x00004ab0      0x124 build/default/production/_ext/1955509679/plib_sercom3_i2c.o
                0x00004ab0                SERCOM3_I2C_InterruptHandler

.text.PE_RunStateMachine%31
                0x00004bd4      0x120
 .text.PE_RunStateMachine
                0x00004bd4      0x120 build/default/production/_ext/840851172/policy_engine.o
                0x00004bd4                PE_RunStateMachine

.text.SERCOM0_SPI_WriteRead%32
                0x00004cf4      0x108
 .text.SERCOM0_SPI_WriteRead
                0x00004cf4      0x108 build/default/production/_ext/1955867357/plib_sercom0_spi.o
                0x00004cf4                SERCOM0_SPI_WriteRead

.text%33        0x00004dfc      0x100
 .text          0x00004dfc      0x100 c:/program files (x86)/microchip/xc32/v2.30/bin/bin/../../lib/gcc/pic32c/6.2.1\libgcc.a(truncdfsf2.o)
                0x00004dfc                __aeabi_d2f

.text.DPM_ValidateRequest%34
                0x00004efc       0xf8
 .text.DPM_ValidateRequest
                0x00004efc       0xf8 build/default/production/_ext/840851172/policy_manager.o
                0x00004efc                DPM_ValidateRequest

.text.PRL_BuildTxPacket%35
                0x00004ff4       0xd4
 .text.PRL_BuildTxPacket
                0x00004ff4       0xd4 build/default/production/_ext/840851172/protocol_layer.o
                0x00004ff4                PRL_BuildTxPacket

.text.PRL_ReceiveMsg%36
                0x000050c8       0xd4
 .text.PRL_ReceiveMsg
                0x000050c8       0xd4 build/default/production/_ext/840851172/protocol_layer.o
                0x000050c8                PRL_ReceiveMsg

.text.CLOCK_Initialize%37
                0x0000519c       0xd0
 .text.CLOCK_Initialize
                0x0000519c       0xd0 build/default/production/_ext/1984496892/plib_clock.o
                0x0000519c                CLOCK_Initialize

.text.UPD_CheckAndDisablePorts%38
                0x0000526c       0xc4
 .text.UPD_CheckAndDisablePorts
                0x0000526c       0xc4 build/default/production/_ext/840851172/upd_hw.o
                0x0000526c                UPD_CheckAndDisablePorts

.text.MchpPSF_Init%39
                0x00005330       0xb4
 .text.MchpPSF_Init
                0x00005330       0xb4 build/default/production/_ext/840851172/pd_main.o
                0x00005330                MchpPSF_Init

.text.TypeC_SrcIntrHandler%40
                0x000053e4       0xb4
 .text.TypeC_SrcIntrHandler
                0x000053e4       0xb4 build/default/production/_ext/840851172/typeC_control.o
                0x000053e4                TypeC_SrcIntrHandler

.text%41        0x00005498      0x158
 .text          0x00005498       0xb0 c:/program files (x86)/microchip/xc32/v2.30/bin/bin/../../lib/gcc/pic32c/6.2.1\libgcc.a(ledf2.o)
                0x00005498                __ledf2
                0x00005498                __ltdf2
 .text          0x00005548       0xa8 c:/program files (x86)/microchip/xc32/v2.30/bin/bin/../../lib/gcc/pic32c/6.2.1\libgcc.a(_divsi3.o)
                0x00005548                __divsi3
                0x00005548                __aeabi_idiv
                0x000055dc                __aeabi_idivmod

.text.EIC_Initialize%43
                0x000055f0       0xa4
 .text.EIC_Initialize
                0x000055f0       0xa4 build/default/production/_ext/60167341/plib_eic.o
                0x000055f0                EIC_Initialize

.text.MPQDCDC_Initialize%44
                0x00005694       0xa0
 .text.MPQDCDC_Initialize
                0x00005694       0xa0 build/default/production/_ext/1671623073/mpq_dc_dc_control.o
                0x00005694                MPQDCDC_Initialize

.text%45        0x00005734       0xa0
 .text          0x00005734       0xa0 c:/program files (x86)/microchip/xc32/v2.30/bin/bin/../../lib/gcc/pic32c/6.2.1\libgcc.a(gedf2.o)
                0x00005734                __gedf2
                0x00005734                __gtdf2

.text.PB_CalculateNegotiatedPower%46
                0x000057d4       0x9c
 .text.PB_CalculateNegotiatedPower
                0x000057d4       0x9c build/default/production/_ext/1936174342/PB_Helper.o
                0x000057d4                PB_CalculateNegotiatedPower

.text.TypeC_CCVBUSIntrHandler%47
                0x00005870       0x9c
 .text.TypeC_CCVBUSIntrHandler
                0x00005870       0x9c build/default/production/_ext/840851172/typeC_control.o
                0x00005870                TypeC_CCVBUSIntrHandler

.text.DPM_CalculateAndSortPower%48
                0x0000590c       0x98
 .text.DPM_CalculateAndSortPower
                0x0000590c       0x98 build/default/production/_ext/840851172/policy_manager.o
                0x0000590c                DPM_CalculateAndSortPower

.text%49        0x000059a4       0x98
 .text          0x000059a4       0x98 c:/program files (x86)/microchip/xc32/v2.30/bin/bin/../../lib/gcc/pic32c/6.2.1\libgcc.a(extendsfdf2.o)
                0x000059a4                __aeabi_f2d

.text.TypeC_VCONN_ON_IntrHandler%50
                0x00005a3c       0x94
 .text.TypeC_VCONN_ON_IntrHandler
                0x00005a3c       0x94 build/default/production/_ext/840851172/typeC_control.o
                0x00005a3c                TypeC_VCONN_ON_IntrHandler

.text.PB_Init%51
                0x00005ad0       0x90
 .text.PB_Init  0x00005ad0       0x90 build/default/production/_ext/1936174342/PB_Helper.o
                0x00005ad0                PB_Init

.text.PB_ReturnHigherPriorityPort%52
                0x00005b60       0x90
 .text.PB_ReturnHigherPriorityPort
                0x00005b60       0x90 build/default/production/_ext/1936174342/PB_Helper.o
                0x00005b60                PB_ReturnHigherPriorityPort

.text.__pic32c_data_initialization%53
                0x00005bf0       0x90
 .text.__pic32c_data_initialization
                0x00005bf0       0x90 c:/program files (x86)/microchip/xc32/v2.30/bin/bin/../../lib/gcc/pic32c/6.2.1/../../../../pic32c/lib\libpic32c.a(data_init.o)
                0x00005bf0                __pic32c_data_initialization

.text.PRL_IncrementMsgID%54
                0x00005c80       0x8c
 .text.PRL_IncrementMsgID
                0x00005c80       0x8c build/default/production/_ext/840851172/protocol_layer.o
                0x00005c80                PRL_IncrementMsgID

.text.TypeC_SetRpCollAvoidance%55
                0x00005d0c       0x8c
 .text.TypeC_SetRpCollAvoidance
                0x00005d0c       0x8c build/default/production/_ext/840851172/typeC_control.o
                0x00005d0c                TypeC_SetRpCollAvoidance

.text.UPDIntr_AlertHandler%56
                0x00005d98       0x8c
 .text.UPDIntr_AlertHandler
                0x00005d98       0x8c build/default/production/_ext/840851172/upd_interrupts.o
                0x00005d98                UPDIntr_AlertHandler

.text%57        0x00005e24       0x8c
 .text          0x00005e24       0x8c c:/program files (x86)/microchip/xc32/v2.30/bin/bin/../../lib/gcc/pic32c/6.2.1\libgcc.a(_udivsi3.o)
                0x00005e24                __aeabi_uidiv