Archive member included to satisfy reference by file (symbol)

c:/program files (x86)/microchip/xc32/v2.30/bin/bin/../../lib/gcc/pic32c/6.2.1/../../../../pic32c/lib\libpic32c.a(data_init.o)
                              build/default/production/_ext/1171490990/startup_xc32.o (__pic32c_data_initialization)
c:/program files (x86)/microchip/xc32/v2.30/bin/bin/../../lib/gcc/pic32c/6.2.1\libgcc.a(_thumb1_case_uqi.o)
                              build/default/production/_ext/318156199/PDSource_App.o (__gnu_thumb1_case_uqi)
c:/program files (x86)/microchip/xc32/v2.30/bin/bin/../../lib/gcc/pic32c/6.2.1\libgcc.a(_thumb1_case_shi.o)
                              build/default/production/_ext/840851172/policy_engine.o (__gnu_thumb1_case_shi)
c:/program files (x86)/microchip/xc32/v2.30/bin/bin/../../lib/gcc/pic32c/6.2.1\libgcc.a(_thumb1_case_uhi.o)
                              build/default/production/_ext/840851172/policy_engine.o (__gnu_thumb1_case_uhi)
c:/program files (x86)/microchip/xc32/v2.30/bin/bin/../../lib/gcc/pic32c/6.2.1\libgcc.a(_udivsi3.o)
                              build/default/production/_ext/1955867357/plib_sercom0_spi.o (__aeabi_uidiv)
c:/program files (x86)/microchip/xc32/v2.30/bin/bin/../../lib/gcc/pic32c/6.2.1\libgcc.a(_divsi3.o)
                              build/default/production/_ext/840851172/policy_manager.o (__aeabi_idiv)
c:/program files (x86)/microchip/xc32/v2.30/bin/bin/../../lib/gcc/pic32c/6.2.1\libgcc.a(_dvmd_tls.o)
                              c:/program files (x86)/microchip/xc32/v2.30/bin/bin/../../lib/gcc/pic32c/6.2.1\libgcc.a(_udivsi3.o) (__aeabi_idiv0)
c:/program files (x86)/microchip/xc32/v2.30/bin/bin/../../lib/gcc/pic32c/6.2.1\libgcc.a(_fixunssfsi.o)
                              build/default/production/_ext/840851172/policy_manager.o (__aeabi_f2uiz)
c:/program files (x86)/microchip/xc32/v2.30/bin/bin/../../lib/gcc/pic32c/6.2.1\libgcc.a(_fixunsdfsi.o)
                              build/default/production/_ext/1955509679/plib_sercom3_i2c.o (__aeabi_d2uiz)
c:/program files (x86)/microchip/xc32/v2.30/bin/bin/../../lib/gcc/pic32c/6.2.1\libgcc.a(divsf3.o)
                              build/default/production/_ext/1955509679/plib_sercom3_i2c.o (__aeabi_fdiv)
c:/program files (x86)/microchip/xc32/v2.30/bin/bin/../../lib/gcc/pic32c/6.2.1\libgcc.a(mulsf3.o)
                              build/default/production/_ext/840851172/policy_manager.o (__aeabi_fmul)
c:/program files (x86)/microchip/xc32/v2.30/bin/bin/../../lib/gcc/pic32c/6.2.1\libgcc.a(subsf3.o)
                              c:/program files (x86)/microchip/xc32/v2.30/bin/bin/../../lib/gcc/pic32c/6.2.1\libgcc.a(_fixunssfsi.o) (__aeabi_fsub)
c:/program files (x86)/microchip/xc32/v2.30/bin/bin/../../lib/gcc/pic32c/6.2.1\libgcc.a(fixsfsi.o)
                              c:/program files (x86)/microchip/xc32/v2.30/bin/bin/../../lib/gcc/pic32c/6.2.1\libgcc.a(_fixunssfsi.o) (__aeabi_f2iz)
c:/program files (x86)/microchip/xc32/v2.30/bin/bin/../../lib/gcc/pic32c/6.2.1\libgcc.a(floatsisf.o)
                              build/default/production/_ext/840851172/typeC_control.o (__aeabi_i2f)
c:/program files (x86)/microchip/xc32/v2.30/bin/bin/../../lib/gcc/pic32c/6.2.1\libgcc.a(floatunsisf.o)
                              build/default/production/_ext/1955509679/plib_sercom3_i2c.o (__aeabi_ui2f)
c:/program files (x86)/microchip/xc32/v2.30/bin/bin/../../lib/gcc/pic32c/6.2.1\libgcc.a(adddf3.o)
                              build/default/production/_ext/1955509679/plib_sercom3_i2c.o (__aeabi_dadd)
c:/program files (x86)/microchip/xc32/v2.30/bin/bin/../../lib/gcc/pic32c/6.2.1\libgcc.a(divdf3.o)
                              build/default/production/_ext/840851172/typeC_control.o (__aeabi_ddiv)
c:/program files (x86)/microchip/xc32/v2.30/bin/bin/../../lib/gcc/pic32c/6.2.1\libgcc.a(muldf3.o)
                              build/default/production/_ext/1955509679/plib_sercom3_i2c.o (__aeabi_dmul)
c:/program files (x86)/microchip/xc32/v2.30/bin/bin/../../lib/gcc/pic32c/6.2.1\libgcc.a(subdf3.o)
                              build/default/production/_ext/1955509679/plib_sercom3_i2c.o (__aeabi_dsub)
c:/program files (x86)/microchip/xc32/v2.30/bin/bin/../../lib/gcc/pic32c/6.2.1\libgcc.a(fixdfsi.o)
                              c:/program files (x86)/microchip/xc32/v2.30/bin/bin/../../lib/gcc/pic32c/6.2.1\libgcc.a(_fixunsdfsi.o) (__aeabi_d2iz)
c:/program files (x86)/microchip/xc32/v2.30/bin/bin/../../lib/gcc/pic32c/6.2.1\libgcc.a(floatsidf.o)
                              build/default/production/_ext/840851172/typeC_control.o (__aeabi_i2d)
c:/program files (x86)/microchip/xc32/v2.30/bin/bin/../../lib/gcc/pic32c/6.2.1\libgcc.a(extendsfdf2.o)
                              build/default/production/_ext/1955509679/plib_sercom3_i2c.o (__aeabi_f2d)
c:/program files (x86)/microchip/xc32/v2.30/bin/bin/../../lib/gcc/pic32c/6.2.1\libgcc.a(truncdfsf2.o)
                              build/default/production/_ext/840851172/typeC_control.o (__aeabi_d2f)
[...]
Memory Configuration

Name             Origin             Length             Attributes
rom              0x00000000         0x00010000         xrl
ram              0x20000000         0x00002000         xw !r
config_00804000  0x00804000         0x00000004
config_00804004  0x00804004         0x00000004
*default*        0x00000000         0xffffffff

Linker script and memory map

LOAD c:/program files (x86)/microchip/xc32/v2.30/bin/bin/../../lib/gcc/pic32c/6.2.1/crti.o
LOAD c:/program files (x86)/microchip/xc32/v2.30/bin/bin/../../lib/gcc/pic32c/6.2.1/crtbegin.o
LOAD build/default/production/_ext/1984496892/plib_clock.o
LOAD build/default/production/_ext/60167341/plib_eic.o
LOAD build/default/production/_ext/1865468468/plib_nvic.o
LOAD build/default/production/_ext/1593096446/plib_nvmctrl.o
LOAD build/default/production/_ext/1865521619/plib_port.o
LOAD build/default/production/_ext/1955509679/plib_sercom3_i2c.o
LOAD build/default/production/_ext/1955867357/plib_sercom0_spi.o
LOAD build/default/production/_ext/504274921/plib_sercom3_usart.o
LOAD build/default/production/_ext/829342655/plib_tc0.o
LOAD build/default/production/_ext/163028504/xc32_monitor.o
LOAD build/default/production/_ext/1171490990/initialization.o
LOAD build/default/production/_ext/1171490990/interrupts.o
LOAD build/default/production/_ext/1171490990/exceptions.o
LOAD build/default/production/_ext/1171490990/startup_xc32.o
LOAD build/default/production/_ext/1171490990/libc_syscalls.o
LOAD build/default/production/_ext/318156199/PDSource_App.o
LOAD build/default/production/_ext/1671623073/Drivers.o
LOAD build/default/production/_ext/1671623073/mpq_dc_dc_control.o
LOAD build/default/production/_ext/1936174342/PB_Mngr.o
LOAD build/default/production/_ext/1936174342/PB_Helper.o
LOAD build/default/production/_ext/840851172/cfg_globals.o
LOAD build/default/production/_ext/840851172/debug.o
LOAD build/default/production/_ext/840851172/int_globals.o
LOAD build/default/production/_ext/840851172/pd_main.o
LOAD build/default/production/_ext/840851172/pd_timer.o
LOAD build/default/production/_ext/840851172/policy_engine.o
LOAD build/default/production/_ext/840851172/policy_engine_fwup.o
LOAD build/default/production/_ext/840851172/policy_engine_snk.o
LOAD build/default/production/_ext/840851172/policy_engine_src.o
LOAD build/default/production/_ext/840851172/policy_manager.o
LOAD build/default/production/_ext/840851172/portpower_control.o
LOAD build/default/production/_ext/840851172/protocol_layer.o
LOAD build/default/production/_ext/840851172/typeC_control.o
LOAD build/default/production/_ext/840851172/upd_hw.o
LOAD build/default/production/_ext/840851172/upd_interrupts.o
LOAD build/default/production/_ext/1360937237/main.o
                0x00000001                __MPLAB_BUILD = 0x1
                0x00000200                _min_heap_size = 0x200
START GROUP
LOAD c:/program files (x86)/microchip/xc32/v2.30/bin/bin/../../lib/gcc/pic32c/6.2.1/../../../../pic32c/lib\libpic32c.a
LOAD c:/program files (x86)/microchip/xc32/v2.30/bin/bin/../../lib/gcc/pic32c/6.2.1\libgcc.a
LOAD c:/program files (x86)/microchip/xc32/v2.30/bin/bin/../../lib/gcc/pic32c/6.2.1/../../../../pic32c/lib\libc.a
LOAD c:/program files (x86)/microchip/xc32/v2.30/bin/bin/../../lib/gcc/pic32c/6.2.1/../../../../pic32c/lib\libm.a
END GROUP
LOAD c:/program files (x86)/microchip/xc32/v2.30/bin/bin/../../lib/gcc/pic32c/6.2.1/crtend.o
LOAD c:/program files (x86)/microchip/xc32/v2.30/bin/bin/../../lib/gcc/pic32c/6.2.1/crtn.o
                0x00010000                __rom_end = (ORIGIN (rom) + LENGTH (rom))
                0x20002000                __ram_end = (ORIGIN (ram) + LENGTH (ram))

.config_00804000
                0x00804000        0x4
 *(.config_00804000)
 .config_00804000
                0x00804000        0x4 build/default/production/_ext/1171490990/initialization.o

.config_00804004
                0x00804004        0x4
 *(.config_00804004)
 .config_00804004
                0x00804004        0x4 build/default/production/_ext/1171490990/initialization.o

.vectors        0x00000000       0xa4
                0x00000000                . = ALIGN (0x4)
                0x00000000                _sfixed = .
 *(.vectors .vectors.* .vectors_default .vectors_default.*)
 .vectors       0x00000000       0xa4 build/default/production/_ext/1171490990/interrupts.o
                0x00000000                exception_table
 *(.isr_vector)
 *(.reset*)
 *(.after_vectors)

.text           0x000000a4       0x20
                0x000000a4                . = ALIGN (0x4)
 *(.glue_7t)
 .glue_7t       0x000000a4        0x0 linker stubs
 *(.glue_7)
 .glue_7        0x000000a4        0x0 linker stubs
 *(.gnu.linkonce.r.*)
 *(.ARM.extab* .gnu.linkonce.armextab.*)
                0x000000a4                . = ALIGN (0x4)
 *(.init)
 .init          0x000000a4        0x4 c:/program files (x86)/microchip/xc32/v2.30/bin/bin/../../lib/gcc/pic32c/6.2.1/crti.o
                0x000000a4                _init
 .init          0x000000a8        0x8 c:/program files (x86)/microchip/xc32/v2.30/bin/bin/../../lib/gcc/pic32c/6.2.1/crtn.o
                0x000000b0                . = ALIGN (0x4)
                0x000000b0                __preinit_array_start = .
 *(.preinit_array)
                0x000000b0                __preinit_array_end = .
                0x000000b0                . = ALIGN (0x4)
                0x000000b0                __init_array_start = .
 *(SORT(.init_array.*))
 *(.init_array)
 .init_array    0x000000b0        0x4 c:/program files (x86)/microchip/xc32/v2.30/bin/bin/../../lib/gcc/pic32c/6.2.1/crtbegin.o
                0x000000b4                __init_array_end = .
                0x000000b4                . = ALIGN (0x4)
 *crtbegin.o(.ctors)
 *(EXCLUDE_FILE(*crtend.o) .ctors)
 *(SORT(.ctors.*))
 *crtend.o(.ctors)
                0x000000b4                . = ALIGN (0x4)
 *(.fini)
 .fini          0x000000b4        0x4 c:/program files (x86)/microchip/xc32/v2.30/bin/bin/../../lib/gcc/pic32c/6.2.1/crti.o
                0x000000b4                _fini
 .fini          0x000000b8        0x8 c:/program files (x86)/microchip/xc32/v2.30/bin/bin/../../lib/gcc/pic32c/6.2.1/crtn.o
                0x000000c0                . = ALIGN (0x4)
                0x000000c0                __fini_array_start = .
 *(.fini_array)
 .fini_array    0x000000c0        0x4 c:/program files (x86)/microchip/xc32/v2.30/bin/bin/../../lib/gcc/pic32c/6.2.1/crtbegin.o
 *(SORT(.fini_array.*))
                0x000000c4                __fini_array_end = .
 *crtbegin.o(.dtors)
 *(EXCLUDE_FILE(*crtend.o) .dtors)
 *(SORT(.dtors.*))
 *crtend.o(.dtors)
                0x000000c4                . = ALIGN (0x4)
                0x000000c4                _efixed = .
                [!provide]                PROVIDE (__exidx_start, .)

.ARM.exidx
 *(.ARM.exidx* .gnu.linkonce.armexidx.*)
                [!provide]                PROVIDE (__exidx_end, .)
                0x000000c4                . = ALIGN (0x4)
                0x000000c4                _etext = .

.bss            0x20000000      0x5e0
                0x20000000                . = ALIGN (0x4)
                0x20000000                __bss_start__ = .
                0x20000000                _sbss = .
                0x20000000                _szero = .
 *(COMMON)
 COMMON         0x20000000       0xc0 build/default/production/_ext/60167341/plib_eic.o
                0x20000000                eicCallbackObject
 COMMON         0x200000c0        0x8 build/default/production/_ext/829342655/plib_tc0.o
                0x200000c0                TC0_CallbackObject
 COMMON         0x200000c8      0x1c0 build/default/production/_ext/840851172/cfg_globals.o
                0x200000c8                gasCfgStatusData
 COMMON         0x20000288      0x358 build/default/production/_ext/840851172/int_globals.o
                0x20000288                gasPRLRecvBuff
                0x200002d0                gasChunkSM
                0x200002e8                gasTypeCcontrol
                0x20000308                gasPolicy_Engine
                0x20000330                gasPRL
                0x20000348                gasDPM
                0x20000378                gasExtendedMsgBuff
                0x20000590                gasPDTimers
                0x200005e0                . = ALIGN (0x4)
                0x200005e0                __bss_end__ = .
                0x200005e0                _ebss = .
                0x200005e0                _ezero = .
                0x200005e0                . = ALIGN (0x4)
                0x200005e0                _end = .
                0x20001fff                _ram_end_ = ((ORIGIN (ram) + LENGTH (ram)) - 0x1)
OUTPUT(dist/default/production/PSF_EVB_Source.X.production.elf elf32-littlearm)
LOAD stack
LOAD data_init

.ARM.attributes
                0x00000000       0x2a
 .ARM.attributes
                0x00000000       0x1e c:/program files (x86)/microchip/xc32/v2.30/bin/bin/../../lib/gcc/pic32c/6.2.1/crti.o
 .ARM.attributes
                0x0000001e       0x2c c:/program files (x86)/microchip/xc32/v2.30/bin/bin/../../lib/gcc/pic32c/6.2.1/crtbegin.o
 .ARM.attributes
                0x0000004a       0x32 build/default/production/_ext/1984496892/plib_clock.o
 .ARM.attributes
                0x0000007c       0x32 build/default/production/_ext/60167341/plib_eic.o
 .ARM.attributes
                0x000000ae       0x32 build/default/production/_ext/1865468468/plib_nvic.o
 .ARM.attributes
                0x000000e0       0x32 build/default/production/_ext/1593096446/plib_nvmctrl.o
 .ARM.attributes
                0x00000112       0x32 build/default/production/_ext/1865521619/plib_port.o
 .ARM.attributes
                0x00000144       0x32 build/default/production/_ext/1955509679/plib_sercom3_i2c.o
 .ARM.attributes
                0x00000176       0x32 build/default/production/_ext/1955867357/plib_sercom0_spi.o
 .ARM.attributes
                0x000001a8       0x32 build/default/production/_ext/829342655/plib_tc0.o
 .ARM.attributes
                0x000001da       0x32 build/default/production/_ext/1171490990/initialization.o
 .ARM.attributes
                0x0000020c       0x32 build/default/production/_ext/1171490990/interrupts.o
 .ARM.attributes
                0x0000023e       0x32 build/default/production/_ext/1171490990/exceptions.o
 .ARM.attributes
                0x00000270       0x32 build/default/production/_ext/1171490990/startup_xc32.o
 .ARM.attributes
                0x000002a2       0x32 build/default/production/_ext/318156199/PDSource_App.o
 .ARM.attributes
                0x000002d4       0x32 build/default/production/_ext/1671623073/Drivers.o
 .ARM.attributes
                0x00000306       0x32 build/default/production/_ext/1671623073/mpq_dc_dc_control.o
 .ARM.attributes
                0x00000338       0x32 build/default/production/_ext/840851172/cfg_globals.o
 .ARM.attributes
                0x0000036a       0x32 build/default/production/_ext/840851172/int_globals.o
 .ARM.attributes
                0x0000039c       0x32 build/default/production/_ext/840851172/pd_main.o
 .ARM.attributes
                0x000003ce       0x32 build/default/production/_ext/840851172/pd_timer.o
 .ARM.attributes
                0x00000400       0x32 build/default/production/_ext/840851172/policy_engine.o
 .ARM.attributes
                0x00000432       0x32 build/default/production/_ext/840851172/policy_engine_snk.o
 .ARM.attributes
                0x00000464       0x32 build/default/production/_ext/840851172/policy_engine_src.o
 .ARM.attributes
                0x00000496       0x32 build/default/production/_ext/840851172/policy_manager.o
 .ARM.attributes
                0x000004c8       0x32 build/default/production/_ext/840851172/portpower_control.o
 .ARM.attributes
                0x000004fa       0x32 build/default/production/_ext/840851172/protocol_layer.o
 .ARM.attributes
                0x0000052c       0x32 build/default/production/_ext/840851172/typeC_control.o
 .ARM.attributes
                0x0000055e       0x32 build/default/production/_ext/840851172/upd_hw.o
 .ARM.attributes
                0x00000590       0x32 build/default/production/_ext/840851172/upd_interrupts.o
 .ARM.attributes
                0x000005c2       0x32 build/default/production/_ext/1360937237/main.o
 .ARM.attributes
                0x000005f4       0x2c c:/program files (x86)/microchip/xc32/v2.30/bin/bin/../../lib/gcc/pic32c/6.2.1/../../../../pic32c/lib\libpic32c.a(data_init.o)
 .ARM.attributes
                0x00000620       0x1e c:/program files (x86)/microchip/xc32/v2.30/bin/bin/../../lib/gcc/pic32c/6.2.1\libgcc.a(_thumb1_case_uqi.o)
 .ARM.attributes
                0x0000063e       0x1e c:/program files (x86)/microchip/xc32/v2.30/bin/bin/../../lib/gcc/pic32c/6.2.1\libgcc.a(_thumb1_case_shi.o)
 .ARM.attributes
                0x0000065c       0x1e c:/program files (x86)/microchip/xc32/v2.30/bin/bin/../../lib/gcc/pic32c/6.2.1\libgcc.a(_thumb1_case_uhi.o)
 .ARM.attributes
                0x0000067a       0x1e c:/program files (x86)/microchip/xc32/v2.30/bin/bin/../../lib/gcc/pic32c/6.2.1\libgcc.a(_udivsi3.o)
 .ARM.attributes
                0x00000698       0x1e c:/program files (x86)/microchip/xc32/v2.30/bin/bin/../../lib/gcc/pic32c/6.2.1\libgcc.a(_divsi3.o)
 .ARM.attributes
                0x000006b6       0x1e c:/program files (x86)/microchip/xc32/v2.30/bin/bin/../../lib/gcc/pic32c/6.2.1\libgcc.a(_dvmd_tls.o)
 .ARM.attributes
                0x000006d4       0x2c c:/program files (x86)/microchip/xc32/v2.30/bin/bin/../../lib/gcc/pic32c/6.2.1\libgcc.a(_fixunssfsi.o)
 .ARM.attributes
                0x00000700       0x2c c:/program files (x86)/microchip/xc32/v2.30/bin/bin/../../lib/gcc/pic32c/6.2.1\libgcc.a(_fixunsdfsi.o)
 .ARM.attributes
                0x0000072c       0x2c c:/program files (x86)/microchip/xc32/v2.30/bin/bin/../../lib/gcc/pic32c/6.2.1\libgcc.a(divsf3.o)
 .ARM.attributes
                0x00000758       0x2c c:/program files (x86)/microchip/xc32/v2.30/bin/bin/../../lib/gcc/pic32c/6.2.1\libgcc.a(mulsf3.o)
 .ARM.attributes
                0x00000784       0x2c c:/program files (x86)/microchip/xc32/v2.30/bin/bin/../../lib/gcc/pic32c/6.2.1\libgcc.a(subsf3.o)
 .ARM.attributes
                0x000007b0       0x2c c:/program files (x86)/microchip/xc32/v2.30/bin/bin/../../lib/gcc/pic32c/6.2.1\libgcc.a(fixsfsi.o)
 .ARM.attributes
                0x000007dc       0x2c c:/program files (x86)/microchip/xc32/v2.30/bin/bin/../../lib/gcc/pic32c/6.2.1\libgcc.a(floatsisf.o)
 .ARM.attributes
                0x00000808       0x2c c:/program files (x86)/microchip/xc32/v2.30/bin/bin/../../lib/gcc/pic32c/6.2.1\libgcc.a(floatunsisf.o)
 .ARM.attributes
                0x00000834       0x2c c:/program files (x86)/microchip/xc32/v2.30/bin/bin/../../lib/gcc/pic32c/6.2.1\libgcc.a(divdf3.o)
 .ARM.attributes
                0x00000860       0x2c c:/program files (x86)/microchip/xc32/v2.30/bin/bin/../../lib/gcc/pic32c/6.2.1\libgcc.a(muldf3.o)
 .ARM.attributes
                0x0000088c       0x2c c:/program files (x86)/microchip/xc32/v2.30/bin/bin/../../lib/gcc/pic32c/6.2.1\libgcc.a(subdf3.o)
 .ARM.attributes
                0x000008b8       0x2c c:/program files (x86)/microchip/xc32/v2.30/bin/bin/../../lib/gcc/pic32c/6.2.1\libgcc.a(fixdfsi.o)
 .ARM.attributes
                0x000008e4       0x2c c:/program files (x86)/microchip/xc32/v2.30/bin/bin/../../lib/gcc/pic32c/6.2.1\libgcc.a(floatsidf.o)
 .ARM.attributes
                0x00000910       0x2c c:/program files (x86)/microchip/xc32/v2.30/bin/bin/../../lib/gcc/pic32c/6.2.1\libgcc.a(extendsfdf2.o)
 .ARM.attributes
                0x0000093c       0x2c c:/program files (x86)/microchip/xc32/v2.30/bin/bin/../../lib/gcc/pic32c/6.2.1\libgcc.a(truncdfsf2.o)
 .ARM.attributes
                0x00000968       0x1e c:/program files (x86)/microchip/xc32/v2.30/bin/bin/../../lib/gcc/pic32c/6.2.1\libgcc.a(_arm_cmpdf2.o)
 .ARM.attributes
                0x00000986       0x1e c:/program files (x86)/microchip/xc32/v2.30/bin/bin/../../lib/gcc/pic32c/6.2.1\libgcc.a(_arm_cmpsf2.o)
 .ARM.attributes
                0x000009a4       0x1e c:/program files (x86)/microchip/xc32/v2.30/bin/bin/../../lib/gcc/pic32c/6.2.1\libgcc.a(_clzsi2.o)
 .ARM.attributes
                0x000009c2       0x2c c:/program files (x86)/microchip/xc32/v2.30/bin/bin/../../lib/gcc/pic32c/6.2.1\libgcc.a(eqsf2.o)
 .ARM.attributes
                0x000009ee       0x2c c:/program files (x86)/microchip/xc32/v2.30/bin/bin/../../lib/gcc/pic32c/6.2.1\libgcc.a(gesf2.o)
 .ARM.attributes
                0x00000a1a       0x2c c:/program files (x86)/microchip/xc32/v2.30/bin/bin/../../lib/gcc/pic32c/6.2.1\libgcc.a(lesf2.o)
 .ARM.attributes
                0x00000a46       0x2c c:/program files (x86)/microchip/xc32/v2.30/bin/bin/../../lib/gcc/pic32c/6.2.1\libgcc.a(eqdf2.o)
 .ARM.attributes
                0x00000a72       0x2c c:/program files (x86)/microchip/xc32/v2.30/bin/bin/../../lib/gcc/pic32c/6.2.1\libgcc.a(gedf2.o)
 .ARM.attributes
                0x00000a9e       0x2c c:/program files (x86)/microchip/xc32/v2.30/bin/bin/../../lib/gcc/pic32c/6.2.1\libgcc.a(ledf2.o)
 .ARM.attributes
                0x00000aca       0x2c c:/program files (x86)/microchip/xc32/v2.30/bin/bin/../../lib/gcc/pic32c/6.2.1/../../../../pic32c/lib\libc.a(lib_a-init.o)
 .ARM.attributes
                0x00000af6       0x2c c:/program files (x86)/microchip/xc32/v2.30/bin/bin/../../lib/gcc/pic32c/6.2.1/../../../../pic32c/lib\libc.a(lib_a-memset.o)
 .ARM.attributes
                0x00000b22       0x1e c:/program files (x86)/microchip/xc32/v2.30/bin/bin/../../lib/gcc/pic32c/6.2.1/crtn.o

.comment        0x00000000       0x3c
 .comment       0x00000000       0x3c c:/program files (x86)/microchip/xc32/v2.30/bin/bin/../../lib/gcc/pic32c/6.2.1/crtbegin.o
                                 0x3d (size before relaxing)
 .comment       0x0000003c       0x3d build/default/production/_ext/1984496892/plib_clock.o
 .comment       0x0000003c       0x3d build/default/production/_ext/60167341/plib_eic.o
 .comment       0x0000003c       0x3d build/default/production/_ext/1865468468/plib_nvic.o
 .comment       0x0000003c       0x3d build/default/production/_ext/1593096446/plib_nvmctrl.o
 .comment       0x0000003c       0x3d build/default/production/_ext/1865521619/plib_port.o
 .comment       0x0000003c       0x3d build/default/production/_ext/1955509679/plib_sercom3_i2c.o
 .comment       0x0000003c       0x3d build/default/production/_ext/1955867357/plib_sercom0_spi.o
 .comment       0x0000003c       0x3d build/default/production/_ext/829342655/plib_tc0.o
 .comment       0x0000003c       0x3d build/default/production/_ext/1171490990/initialization.o
 .comment       0x0000003c       0x3d build/default/production/_ext/1171490990/interrupts.o
 .comment       0x0000003c       0x3d build/default/production/_ext/1171490990/exceptions.o
 .comment       0x0000003c       0x3d build/default/production/_ext/1171490990/startup_xc32.o
 .comment       0x0000003c       0x3d build/default/production/_ext/318156199/PDSource_App.o
 .comment       0x0000003c       0x3d build/default/production/_ext/1671623073/Drivers.o
 .comment       0x0000003c       0x3d build/default/production/_ext/1671623073/mpq_dc_dc_control.o
 .comment       0x0000003c       0x3d build/default/production/_ext/840851172/cfg_globals.o
 .comment       0x0000003c       0x3d build/default/production/_ext/840851172/int_globals.o
 .comment       0x0000003c       0x3d build/default/production/_ext/840851172/pd_main.o
 .comment       0x0000003c       0x3d build/default/production/_ext/840851172/pd_timer.o
 .comment       0x0000003c       0x3d build/default/production/_ext/840851172/policy_engine.o
 .comment       0x0000003c       0x3d build/default/production/_ext/840851172/policy_engine_snk.o
 .comment       0x0000003c       0x3d build/default/production/_ext/840851172/policy_engine_src.o
 .comment       0x0000003c       0x3d build/default/production/_ext/840851172/policy_manager.o
 .comment       0x0000003c       0x3d build/default/production/_ext/840851172/portpower_control.o
 .comment       0x0000003c       0x3d build/default/production/_ext/840851172/protocol_layer.o
 .comment       0x0000003c       0x3d build/default/production/_ext/840851172/typeC_control.o
 .comment       0x0000003c       0x3d build/default/production/_ext/840851172/upd_hw.o
 .comment       0x0000003c       0x3d build/default/production/_ext/840851172/upd_interrupts.o
 .comment       0x0000003c       0x3d build/default/production/_ext/1360937237/main.o
 .comment       0x0000003c       0x3d c:/program files (x86)/microchip/xc32/v2.30/bin/bin/../../lib/gcc/pic32c/6.2.1/../../../../pic32c/lib\libpic32c.a(data_init.o)
 .comment       0x0000003c       0x3d c:/program files (x86)/microchip/xc32/v2.30/bin/bin/../../lib/gcc/pic32c/6.2.1\libgcc.a(_fixunssfsi.o)
 .comment       0x0000003c       0x3d c:/program files (x86)/microchip/xc32/v2.30/bin/bin/../../lib/gcc/pic32c/6.2.1\libgcc.a(_fixunsdfsi.o)
 .comment       0x0000003c       0x3d c:/program files (x86)/microchip/xc32/v2.30/bin/bin/../../lib/gcc/pic32c/6.2.1\libgcc.a(divsf3.o)
 .comment       0x0000003c       0x3d c:/program files (x86)/microchip/xc32/v2.30/bin/bin/../../lib/gcc/pic32c/6.2.1\libgcc.a(mulsf3.o)
 .comment       0x0000003c       0x3d c:/program files (x86)/microchip/xc32/v2.30/bin/bin/../../lib/gcc/pic32c/6.2.1\libgcc.a(subsf3.o)
 .comment       0x0000003c       0x3d c:/program files (x86)/microchip/xc32/v2.30/bin/bin/../../lib/gcc/pic32c/6.2.1\libgcc.a(fixsfsi.o)
 .comment       0x0000003c       0x3d c:/program files (x86)/microchip/xc32/v2.30/bin/bin/../../lib/gcc/pic32c/6.2.1\libgcc.a(floatsisf.o)
 .comment       0x0000003c       0x3d c:/program files (x86)/microchip/xc32/v2.30/bin/bin/../../lib/gcc/pic32c/6.2.1\libgcc.a(floatunsisf.o)
 .comment       0x0000003c       0x3d c:/program files (x86)/microchip/xc32/v2.30/bin/bin/../../lib/gcc/pic32c/6.2.1\libgcc.a(divdf3.o)
 .comment       0x0000003c       0x3d c:/program files (x86)/microchip/xc32/v2.30/bin/bin/../../lib/gcc/pic32c/6.2.1\libgcc.a(muldf3.o)
 .comment       0x0000003c       0x3d c:/program files (x86)/microchip/xc32/v2.30/bin/bin/../../lib/gcc/pic32c/6.2.1\libgcc.a(subdf3.o)
 .comment       0x0000003c       0x3d c:/program files (x86)/microchip/xc32/v2.30/bin/bin/../../lib/gcc/pic32c/6.2.1\libgcc.a(fixdfsi.o)
 .comment       0x0000003c       0x3d c:/program files (x86)/microchip/xc32/v2.30/bin/bin/../../lib/gcc/pic32c/6.2.1\libgcc.a(floatsidf.o)
 .comment       0x0000003c       0x3d c:/program files (x86)/microchip/xc32/v2.30/bin/bin/../../lib/gcc/pic32c/6.2.1\libgcc.a(extendsfdf2.o)
 .comment       0x0000003c       0x3d c:/program files (x86)/microchip/xc32/v2.30/bin/bin/../../lib/gcc/pic32c/6.2.1\libgcc.a(truncdfsf2.o)
 .comment       0x0000003c       0x3d c:/program files (x86)/microchip/xc32/v2.30/bin/bin/../../lib/gcc/pic32c/6.2.1\libgcc.a(eqsf2.o)
 .comment       0x0000003c       0x3d c:/program files (x86)/microchip/xc32/v2.30/bin/bin/../../lib/gcc/pic32c/6.2.1\libgcc.a(gesf2.o)
 .comment       0x0000003c       0x3d c:/program files (x86)/microchip/xc32/v2.30/bin/bin/../../lib/gcc/pic32c/6.2.1\libgcc.a(lesf2.o)
 .comment       0x0000003c       0x3d c:/program files (x86)/microchip/xc32/v2.30/bin/bin/../../lib/gcc/pic32c/6.2.1\libgcc.a(eqdf2.o)
 .comment       0x0000003c       0x3d c:/program files (x86)/microchip/xc32/v2.30/bin/bin/../../lib/gcc/pic32c/6.2.1\libgcc.a(gedf2.o)
 .comment       0x0000003c       0x3d c:/program files (x86)/microchip/xc32/v2.30/bin/bin/../../lib/gcc/pic32c/6.2.1\libgcc.a(ledf2.o)
 .comment       0x0000003c       0x3d c:/program files (x86)/microchip/xc32/v2.30/bin/bin/../../lib/gcc/pic32c/6.2.1/../../../../pic32c/lib\libc.a(lib_a-init.o)
 .comment       0x0000003c       0x3d c:/program files (x86)/microchip/xc32/v2.30/bin/bin/../../lib/gcc/pic32c/6.2.1/../../../../pic32c/lib\libc.a(lib_a-memset.o)

.debug_info     0x00000000    0x4a4fc
 .debug_info    0x00000000      0x958 build/default/production/_ext/1984496892/plib_clock.o
 .debug_info    0x00000958      0x67d build/default/production/_ext/60167341/plib_eic.o
 .debug_info    0x00000fd5      0x830 build/default/production/_ext/1865468468/plib_nvic.o
 .debug_info    0x00001805     0x12bc build/default/production/_ext/1593096446/plib_nvmctrl.o
 .debug_info    0x00002ac1      0x769 build/default/production/_ext/1865521619/plib_port.o
 .debug_info    0x0000322a     0x110f build/default/production/_ext/1955509679/plib_sercom3_i2c.o
 .debug_info    0x00004339      0xe82 build/default/production/_ext/1955867357/plib_sercom0_spi.o
 .debug_info    0x000051bb      0xaf4 build/default/production/_ext/829342655/plib_tc0.o
 .debug_info    0x00005caf      0x348 build/default/production/_ext/1171490990/initialization.o
 .debug_info    0x00005ff7      0x761 build/default/production/_ext/1171490990/interrupts.o
 .debug_info    0x00006758      0x2e8 build/default/production/_ext/1171490990/exceptions.o
 .debug_info    0x00006a40      0x477 build/default/production/_ext/1171490990/startup_xc32.o
 .debug_info    0x00006eb7     0x2d19 build/default/production/_ext/318156199/PDSource_App.o
 .debug_info    0x00009bd0     0x3bb9 build/default/production/_ext/1671623073/Drivers.o
 .debug_info    0x0000d789     0x2f9a build/default/production/_ext/1671623073/mpq_dc_dc_control.o
 .debug_info    0x00010723     0x377f build/default/production/_ext/840851172/cfg_globals.o
 .debug_info    0x00013ea2     0x2a7d build/default/production/_ext/840851172/int_globals.o
 .debug_info    0x0001691f     0x2ccb build/default/production/_ext/840851172/pd_main.o
 .debug_info    0x000195ea     0x2b86 build/default/production/_ext/840851172/pd_timer.o
 .debug_info    0x0001c170     0x3768 build/default/production/_ext/840851172/policy_engine.o
 .debug_info    0x0001f8d8     0x3037 build/default/production/_ext/840851172/policy_engine_snk.o
 .debug_info    0x0002290f     0x34d4 build/default/production/_ext/840851172/policy_engine_src.o
 .debug_info    0x00025de3     0x4061 build/default/production/_ext/840851172/policy_manager.o
 .debug_info    0x00029e44     0x2dfd build/default/production/_ext/840851172/portpower_control.o
 .debug_info    0x0002cc41     0x4682 build/default/production/_ext/840851172/protocol_layer.o
 .debug_info    0x000312c3     0x4b47 build/default/production/_ext/840851172/typeC_control.o
 .debug_info    0x00035e0a     0x3c13 build/default/production/_ext/840851172/upd_hw.o
 .debug_info    0x00039a1d     0x2af4 build/default/production/_ext/840851172/upd_interrupts.o
 .debug_info    0x0003c511     0x34e2 build/default/production/_ext/1360937237/main.o
 .debug_info    0x0003f9f3      0x1f0 c:/program files (x86)/microchip/xc32/v2.30/bin/bin/../../lib/gcc/pic32c/6.2.1/../../../../pic32c/lib\libpic32c.a(data_init.o)
 .debug_info    0x0003fbe3       0xee c:/program files (x86)/microchip/xc32/v2.30/bin/bin/../../lib/gcc/pic32c/6.2.1\libgcc.a(_thumb1_case_uqi.o)
 .debug_info    0x0003fcd1       0xee c:/program files (x86)/microchip/xc32/v2.30/bin/bin/../../lib/gcc/pic32c/6.2.1\libgcc.a(_thumb1_case_shi.o)
 .debug_info    0x0003fdbf       0xee c:/program files (x86)/microchip/xc32/v2.30/bin/bin/../../lib/gcc/pic32c/6.2.1\libgcc.a(_thumb1_case_uhi.o)
 .debug_info    0x0003fead       0xee c:/program files (x86)/microchip/xc32/v2.30/bin/bin/../../lib/gcc/pic32c/6.2.1\libgcc.a(_udivsi3.o)
 .debug_info    0x0003ff9b       0xee c:/program files (x86)/microchip/xc32/v2.30/bin/bin/../../lib/gcc/pic32c/6.2.1\libgcc.a(_divsi3.o)
 .debug_info    0x00040089       0xee c:/program files (x86)/microchip/xc32/v2.30/bin/bin/../../lib/gcc/pic32c/6.2.1\libgcc.a(_dvmd_tls.o)
 .debug_info    0x00040177     0x12a0 c:/program files (x86)/microchip/xc32/v2.30/bin/bin/../../lib/gcc/pic32c/6.2.1\libgcc.a(_fixunssfsi.o)
 .debug_info    0x00041417     0x12a0 c:/program files (x86)/microchip/xc32/v2.30/bin/bin/../../lib/gcc/pic32c/6.2.1\libgcc.a(_fixunsdfsi.o)
 .debug_info    0x000426b7      0x58b c:/program files (x86)/microchip/xc32/v2.30/bin/bin/../../lib/gcc/pic32c/6.2.1\libgcc.a(divsf3.o)
 .debug_info    0x00042c42      0x5d5 c:/program files (x86)/microchip/xc32/v2.30/bin/bin/../../lib/gcc/pic32c/6.2.1\libgcc.a(mulsf3.o)
 .debug_info    0x00043217      0x556 c:/program files (x86)/microchip/xc32/v2.30/bin/bin/../../lib/gcc/pic32c/6.2.1\libgcc.a(subsf3.o)
 .debug_info    0x0004376d      0x39d c:/program files (x86)/microchip/xc32/v2.30/bin/bin/../../lib/gcc/pic32c/6.2.1\libgcc.a(fixsfsi.o)
 .debug_info    0x00043b0a      0x477 c:/program files (x86)/microchip/xc32/v2.30/bin/bin/../../lib/gcc/pic32c/6.2.1\libgcc.a(floatsisf.o)
 .debug_info    0x00043f81      0x465 c:/program files (x86)/microchip/xc32/v2.30/bin/bin/../../lib/gcc/pic32c/6.2.1\libgcc.a(floatunsisf.o)
 .debug_info    0x000443e6      0x9c6 c:/program files (x86)/microchip/xc32/v2.30/bin/bin/../../lib/gcc/pic32c/6.2.1\libgcc.a(divdf3.o)
 .debug_info    0x00044dac      0xa41 c:/program files (x86)/microchip/xc32/v2.30/bin/bin/../../lib/gcc/pic32c/6.2.1\libgcc.a(muldf3.o)
 .debug_info    0x000457ed      0x7b0 c:/program files (x86)/microchip/xc32/v2.30/bin/bin/../../lib/gcc/pic32c/6.2.1\libgcc.a(subdf3.o)
 .debug_info    0x00045f9d      0x3bc c:/program files (x86)/microchip/xc32/v2.30/bin/bin/../../lib/gcc/pic32c/6.2.1\libgcc.a(fixdfsi.o)
 .debug_info    0x00046359      0x4fc c:/program files (x86)/microchip/xc32/v2.30/bin/bin/../../lib/gcc/pic32c/6.2.1\libgcc.a(floatsidf.o)
 .debug_info    0x00046855      0x47d c:/program files (x86)/microchip/xc32/v2.30/bin/bin/../../lib/gcc/pic32c/6.2.1\libgcc.a(extendsfdf2.o)
 .debug_info    0x00046cd2      0x4ee c:/program files (x86)/microchip/xc32/v2.30/bin/bin/../../lib/gcc/pic32c/6.2.1\libgcc.a(truncdfsf2.o)
 .debug_info    0x000471c0       0xee c:/program files (x86)/microchip/xc32/v2.30/bin/bin/../../lib/gcc/pic32c/6.2.1\libgcc.a(_arm_cmpdf2.o)
 .debug_info    0x000472ae       0xee c:/program files (x86)/microchip/xc32/v2.30/bin/bin/../../lib/gcc/pic32c/6.2.1\libgcc.a(_arm_cmpsf2.o)
 .debug_info    0x0004739c       0xee c:/program files (x86)/microchip/xc32/v2.30/bin/bin/../../lib/gcc/pic32c/6.2.1\libgcc.a(_clzsi2.o)
 .debug_info    0x0004748a      0x3e0 c:/program files (x86)/microchip/xc32/v2.30/bin/bin/../../lib/gcc/pic32c/6.2.1\libgcc.a(eqsf2.o)
 .debug_info    0x0004786a      0x404 c:/program files (x86)/microchip/xc32/v2.30/bin/bin/../../lib/gcc/pic32c/6.2.1\libgcc.a(gesf2.o)
 .debug_info    0x00047c6e      0x408 c:/program files (x86)/microchip/xc32/v2.30/bin/bin/../../lib/gcc/pic32c/6.2.1\libgcc.a(lesf2.o)
 .debug_info    0x00048076      0x413 c:/program files (x86)/microchip/xc32/v2.30/bin/bin/../../lib/gcc/pic32c/6.2.1\libgcc.a(eqdf2.o)
 .debug_info    0x00048489      0x43f c:/program files (x86)/microchip/xc32/v2.30/bin/bin/../../lib/gcc/pic32c/6.2.1\libgcc.a(gedf2.o)
 .debug_info    0x000488c8      0x437 c:/program files (x86)/microchip/xc32/v2.30/bin/bin/../../lib/gcc/pic32c/6.2.1\libgcc.a(ledf2.o)
 .debug_info    0x00048cff      0x354 c:/program files (x86)/microchip/xc32/v2.30/bin/bin/../../lib/gcc/pic32c/6.2.1/../../../../pic32c/lib\libc.a(lib_a-init.o)
 .debug_info    0x00049053     0x14a9 c:/program files (x86)/microchip/xc32/v2.30/bin/bin/../../lib/gcc/pic32c/6.2.1/../../../../pic32c/lib\libc.a(lib_a-memset.o)

.debug_abbrev   0x00000000     0x5af9
 .debug_abbrev  0x00000000      0x12a build/default/production/_ext/1984496892/plib_clock.o
 .debug_abbrev  0x0000012a      0x177 build/default/production/_ext/60167341/plib_eic.o
 .debug_abbrev  0x000002a1      0x155 build/default/production/_ext/1865468468/plib_nvic.o
 .debug_abbrev  0x000003f6      0x26a build/default/production/_ext/1593096446/plib_nvmctrl.o
 .debug_abbrev  0x00000660      0x14f build/default/production/_ext/1865521619/plib_port.o
 .debug_abbrev  0x000007af      0x28d build/default/production/_ext/1955509679/plib_sercom3_i2c.o
 .debug_abbrev  0x00000a3c      0x1d9 build/default/production/_ext/1955867357/plib_sercom0_spi.o
 .debug_abbrev  0x00000c15      0x1a9 build/default/production/_ext/829342655/plib_tc0.o
 .debug_abbrev  0x00000dbe       0x80 build/default/production/_ext/1171490990/initialization.o
 .debug_abbrev  0x00000e3e       0x94 build/default/production/_ext/1171490990/interrupts.o
 .debug_abbrev  0x00000ed2       0x39 build/default/production/_ext/1171490990/exceptions.o
 .debug_abbrev  0x00000f0b       0xe7 build/default/production/_ext/1171490990/startup_xc32.o
 .debug_abbrev  0x00000ff2      0x1fd build/default/production/_ext/318156199/PDSource_App.o
 .debug_abbrev  0x000011ef      0x410 build/default/production/_ext/1671623073/Drivers.o
 .debug_abbrev  0x000015ff      0x288 build/default/production/_ext/1671623073/mpq_dc_dc_control.o
 .debug_abbrev  0x00001887      0x288 build/default/production/_ext/840851172/cfg_globals.o
 .debug_abbrev  0x00001b0f      0x1d2 build/default/production/_ext/840851172/int_globals.o
 .debug_abbrev  0x00001ce1      0x227 build/default/production/_ext/840851172/pd_main.o
 .debug_abbrev  0x00001f08      0x21d build/default/production/_ext/840851172/pd_timer.o
 .debug_abbrev  0x00002125      0x3a3 build/default/production/_ext/840851172/policy_engine.o
 .debug_abbrev  0x000024c8      0x261 build/default/production/_ext/840851172/policy_engine_snk.o
 .debug_abbrev  0x00002729      0x243 build/default/production/_ext/840851172/policy_engine_src.o
 .debug_abbrev  0x0000296c      0x466 build/default/production/_ext/840851172/policy_manager.o
 .debug_abbrev  0x00002dd2      0x255 build/default/production/_ext/840851172/portpower_control.o
 .debug_abbrev  0x00003027      0x3d8 build/default/production/_ext/840851172/protocol_layer.o
 .debug_abbrev  0x000033ff      0x3aa build/default/production/_ext/840851172/typeC_control.o
 .debug_abbrev  0x000037a9      0x334 build/default/production/_ext/840851172/upd_hw.o
 .debug_abbrev  0x00003add      0x1d2 build/default/production/_ext/840851172/upd_interrupts.o
 .debug_abbrev  0x00003caf      0x24b build/default/production/_ext/1360937237/main.o
 .debug_abbrev  0x00003efa       0x2a c:/program files (x86)/microchip/xc32/v2.30/bin/bin/../../lib/gcc/pic32c/6.2.1/../../../../pic32c/lib\libpic32c.a(data_init.o)
 .debug_abbrev  0x00003f24       0x14 c:/program files (x86)/microchip/xc32/v2.30/bin/bin/../../lib/gcc/pic32c/6.2.1\libgcc.a(_thumb1_case_uqi.o)
 .debug_abbrev  0x00003f38       0x14 c:/program files (x86)/microchip/xc32/v2.30/bin/bin/../../lib/gcc/pic32c/6.2.1\libgcc.a(_thumb1_case_shi.o)
 .debug_abbrev  0x00003f4c       0x14 c:/program files (x86)/microchip/xc32/v2.30/bin/bin/../../lib/gcc/pic32c/6.2.1\libgcc.a(_thumb1_case_uhi.o)
 .debug_abbrev  0x00003f60       0x14 c:/program files (x86)/microchip/xc32/v2.30/bin/bin/../../lib/gcc/pic32c/6.2.1\libgcc.a(_udivsi3.o)
 .debug_abbrev  0x00003f74       0x14 c:/program files (x86)/microchip/xc32/v2.30/bin/bin/../../lib/gcc/pic32c/6.2.1\libgcc.a(_divsi3.o)
 .debug_abbrev  0x00003f88       0x14 c:/program files (x86)/microchip/xc32/v2.30/bin/bin/../../lib/gcc/pic32c/6.2.1\libgcc.a(_dvmd_tls.o)
 .debug_abbrev  0x00003f9c      0x11b c:/program files (x86)/microchip/xc32/v2.30/bin/bin/../../lib/gcc/pic32c/6.2.1\libgcc.a(_fixunssfsi.o)
 .debug_abbrev  0x000040b7      0x11b c:/program files (x86)/microchip/xc32/v2.30/bin/bin/../../lib/gcc/pic32c/6.2.1\libgcc.a(_fixunsdfsi.o)
 .debug_abbrev  0x000041d2      0x135 c:/program files (x86)/microchip/xc32/v2.30/bin/bin/../../lib/gcc/pic32c/6.2.1\libgcc.a(divsf3.o)
 .debug_abbrev  0x00004307      0x13c c:/program files (x86)/microchip/xc32/v2.30/bin/bin/../../lib/gcc/pic32c/6.2.1\libgcc.a(mulsf3.o)
 .debug_abbrev  0x00004443      0x149 c:/program files (x86)/microchip/xc32/v2.30/bin/bin/../../lib/gcc/pic32c/6.2.1\libgcc.a(subsf3.o)
 .debug_abbrev  0x0000458c      0x12e c:/program files (x86)/microchip/xc32/v2.30/bin/bin/../../lib/gcc/pic32c/6.2.1\libgcc.a(fixsfsi.o)
 .debug_abbrev  0x000046ba      0x12d c:/program files (x86)/microchip/xc32/v2.30/bin/bin/../../lib/gcc/pic32c/6.2.1\libgcc.a(floatsisf.o)
 .debug_abbrev  0x000047e7      0x12d c:/program files (x86)/microchip/xc32/v2.30/bin/bin/../../lib/gcc/pic32c/6.2.1\libgcc.a(floatunsisf.o)
 .debug_abbrev  0x00004914      0x143 c:/program files (x86)/microchip/xc32/v2.30/bin/bin/../../lib/gcc/pic32c/6.2.1\libgcc.a(divdf3.o)
 .debug_abbrev  0x00004a57      0x14a c:/program files (x86)/microchip/xc32/v2.30/bin/bin/../../lib/gcc/pic32c/6.2.1\libgcc.a(muldf3.o)
 .debug_abbrev  0x00004ba1      0x150 c:/program files (x86)/microchip/xc32/v2.30/bin/bin/../../lib/gcc/pic32c/6.2.1\libgcc.a(subdf3.o)
 .debug_abbrev  0x00004cf1      0x12c c:/program files (x86)/microchip/xc32/v2.30/bin/bin/../../lib/gcc/pic32c/6.2.1\libgcc.a(fixdfsi.o)
 .debug_abbrev  0x00004e1d      0x118 c:/program files (x86)/microchip/xc32/v2.30/bin/bin/../../lib/gcc/pic32c/6.2.1\libgcc.a(floatsidf.o)
 .debug_abbrev  0x00004f35      0x114 c:/program files (x86)/microchip/xc32/v2.30/bin/bin/../../lib/gcc/pic32c/6.2.1\libgcc.a(extendsfdf2.o)
 .debug_abbrev  0x00005049      0x10e c:/program files (x86)/microchip/xc32/v2.30/bin/bin/../../lib/gcc/pic32c/6.2.1\libgcc.a(truncdfsf2.o)
 .debug_abbrev  0x00005157       0x14 c:/program files (x86)/microchip/xc32/v2.30/bin/bin/../../lib/gcc/pic32c/6.2.1\libgcc.a(_arm_cmpdf2.o)
 .debug_abbrev  0x0000516b       0x14 c:/program files (x86)/microchip/xc32/v2.30/bin/bin/../../lib/gcc/pic32c/6.2.1\libgcc.a(_arm_cmpsf2.o)
 .debug_abbrev  0x0000517f       0x14 c:/program files (x86)/microchip/xc32/v2.30/bin/bin/../../lib/gcc/pic32c/6.2.1\libgcc.a(_clzsi2.o)
 .debug_abbrev  0x00005193      0x128 c:/program files (x86)/microchip/xc32/v2.30/bin/bin/../../lib/gcc/pic32c/6.2.1\libgcc.a(eqsf2.o)
 .debug_abbrev  0x000052bb      0x12a c:/program files (x86)/microchip/xc32/v2.30/bin/bin/../../lib/gcc/pic32c/6.2.1\libgcc.a(gesf2.o)
 .debug_abbrev  0x000053e5      0x135 c:/program files (x86)/microchip/xc32/v2.30/bin/bin/../../lib/gcc/pic32c/6.2.1\libgcc.a(lesf2.o)
 .debug_abbrev  0x0000551a      0x128 c:/program files (x86)/microchip/xc32/v2.30/bin/bin/../../lib/gcc/pic32c/6.2.1\libgcc.a(eqdf2.o)
 .debug_abbrev  0x00005642      0x135 c:/program files (x86)/microchip/xc32/v2.30/bin/bin/../../lib/gcc/pic32c/6.2.1\libgcc.a(gedf2.o)
 .debug_abbrev  0x00005777      0x12a c:/program files (x86)/microchip/xc32/v2.30/bin/bin/../../lib/gcc/pic32c/6.2.1\libgcc.a(ledf2.o)
 .debug_abbrev  0x000058a1       0xa3 c:/program files (x86)/microchip/xc32/v2.30/bin/bin/../../lib/gcc/pic32c/6.2.1/../../../../pic32c/lib\libc.a(lib_a-init.o)
 .debug_abbrev  0x00005944      0x1b5 c:/program files (x86)/microchip/xc32/v2.30/bin/bin/../../lib/gcc/pic32c/6.2.1/../../../../pic32c/lib\libc.a(lib_a-memset.o)

.debug_loc      0x00000000     0xe7f7
 .debug_loc     0x00000000       0x5a build/default/production/_ext/1984496892/plib_clock.o
 .debug_loc     0x0000005a       0xb0 build/default/production/_ext/60167341/plib_eic.o
 .debug_loc     0x0000010a       0xf0 build/default/production/_ext/1865468468/plib_nvic.o
 .debug_loc     0x000001fa      0x19d build/default/production/_ext/1593096446/plib_nvmctrl.o
 .debug_loc     0x00000397       0xa4 build/default/production/_ext/1865521619/plib_port.o
 .debug_loc     0x0000043b      0x320 build/default/production/_ext/1955509679/plib_sercom3_i2c.o
 .debug_loc     0x0000075b      0x46d build/default/production/_ext/1955867357/plib_sercom0_spi.o
 .debug_loc     0x00000bc8       0x33 build/default/production/_ext/829342655/plib_tc0.o
 .debug_loc     0x00000bfb       0x41 build/default/production/_ext/1171490990/initialization.o
 .debug_loc     0x00000c3c       0x20 build/default/production/_ext/1171490990/startup_xc32.o
 .debug_loc     0x00000c5c       0xd8 build/default/production/_ext/318156199/PDSource_App.o
 .debug_loc     0x00000d34      0x84e build/default/production/_ext/1671623073/Drivers.o
 .debug_loc     0x00001582      0x3ed build/default/production/_ext/1671623073/mpq_dc_dc_control.o
 .debug_loc     0x0000196f       0x34 build/default/production/_ext/840851172/cfg_globals.o
 .debug_loc     0x000019a3       0x4c build/default/production/_ext/840851172/int_globals.o
 .debug_loc     0x000019ef      0x17e build/default/production/_ext/840851172/pd_main.o
 .debug_loc     0x00001b6d      0x2b9 build/default/production/_ext/840851172/pd_timer.o
 .debug_loc     0x00001e26      0xd60 build/default/production/_ext/840851172/policy_engine.o
 .debug_loc     0x00002b86      0x29c build/default/production/_ext/840851172/policy_engine_snk.o
 .debug_loc     0x00002e22      0x5c7 build/default/production/_ext/840851172/policy_engine_src.o
 .debug_loc     0x000033e9     0x12a2 build/default/production/_ext/840851172/policy_manager.o
 .debug_loc     0x0000468b      0x360 build/default/production/_ext/840851172/portpower_control.o
 .debug_loc     0x000049eb     0x16a5 build/default/production/_ext/840851172/protocol_layer.o
 .debug_loc     0x00006090     0x102d build/default/production/_ext/840851172/typeC_control.o
 .debug_loc     0x000070bd      0xe64 build/default/production/_ext/840851172/upd_hw.o
 .debug_loc     0x00007f21       0x41 build/default/production/_ext/840851172/upd_interrupts.o
 .debug_loc     0x00007f62       0x20 build/default/production/_ext/1360937237/main.o
 .debug_loc     0x00007f82       0x14 c:/program files (x86)/microchip/xc32/v2.30/bin/bin/../../lib/gcc/pic32c/6.2.1/../../../../pic32c/lib\libpic32c.a(data_init.o)
 .debug_loc     0x00007f96       0x5a c:/program files (x86)/microchip/xc32/v2.30/bin/bin/../../lib/gcc/pic32c/6.2.1\libgcc.a(_fixunssfsi.o)
 .debug_loc     0x00007ff0       0x49 c:/program files (x86)/microchip/xc32/v2.30/bin/bin/../../lib/gcc/pic32c/6.2.1\libgcc.a(_fixunsdfsi.o)
 .debug_loc     0x00008039      0x6a6 c:/program files (x86)/microchip/xc32/v2.30/bin/bin/../../lib/gcc/pic32c/6.2.1\libgcc.a(divsf3.o)
 .debug_loc     0x000086df      0x791 c:/program files (x86)/microchip/xc32/v2.30/bin/bin/../../lib/gcc/pic32c/6.2.1\libgcc.a(mulsf3.o)
 .debug_loc     0x00008e70      0xb1b c:/program files (x86)/microchip/xc32/v2.30/bin/bin/../../lib/gcc/pic32c/6.2.1\libgcc.a(subsf3.o)
 .debug_loc     0x0000998b       0xe7 c:/program files (x86)/microchip/xc32/v2.30/bin/bin/../../lib/gcc/pic32c/6.2.1\libgcc.a(fixsfsi.o)
 .debug_loc     0x00009a72      0x180 c:/program files (x86)/microchip/xc32/v2.30/bin/bin/../../lib/gcc/pic32c/6.2.1\libgcc.a(floatsisf.o)
 .debug_loc     0x00009bf2      0x150 c:/program files (x86)/microchip/xc32/v2.30/bin/bin/../../lib/gcc/pic32c/6.2.1\libgcc.a(floatunsisf.o)
 .debug_loc     0x00009d42     0x1513 c:/program files (x86)/microchip/xc32/v2.30/bin/bin/../../lib/gcc/pic32c/6.2.1\libgcc.a(divdf3.o)
 .debug_loc     0x0000b255      0xfde c:/program files (x86)/microchip/xc32/v2.30/bin/bin/../../lib/gcc/pic32c/6.2.1\libgcc.a(muldf3.o)
 .debug_loc     0x0000c233     0x1362 c:/program files (x86)/microchip/xc32/v2.30/bin/bin/../../lib/gcc/pic32c/6.2.1\libgcc.a(subdf3.o)
 .debug_loc     0x0000d595      0x131 c:/program files (x86)/microchip/xc32/v2.30/bin/bin/../../lib/gcc/pic32c/6.2.1\libgcc.a(fixdfsi.o)
 .debug_loc     0x0000d6c6      0x1c1 c:/program files (x86)/microchip/xc32/v2.30/bin/bin/../../lib/gcc/pic32c/6.2.1\libgcc.a(floatsidf.o)
 .debug_loc     0x0000d887      0x260 c:/program files (x86)/microchip/xc32/v2.30/bin/bin/../../lib/gcc/pic32c/6.2.1\libgcc.a(extendsfdf2.o)
 .debug_loc     0x0000dae7      0x2e6 c:/program files (x86)/microchip/xc32/v2.30/bin/bin/../../lib/gcc/pic32c/6.2.1\libgcc.a(truncdfsf2.o)
 .debug_loc     0x0000ddcd       0xb8 c:/program files (x86)/microchip/xc32/v2.30/bin/bin/../../lib/gcc/pic32c/6.2.1\libgcc.a(eqsf2.o)
 .debug_loc     0x0000de85      0x1ca c:/program files (x86)/microchip/xc32/v2.30/bin/bin/../../lib/gcc/pic32c/6.2.1\libgcc.a(gesf2.o)
 .debug_loc     0x0000e04f      0x163 c:/program files (x86)/microchip/xc32/v2.30/bin/bin/../../lib/gcc/pic32c/6.2.1\libgcc.a(lesf2.o)
 .debug_loc     0x0000e1b2      0x120 c:/program files (x86)/microchip/xc32/v2.30/bin/bin/../../lib/gcc/pic32c/6.2.1\libgcc.a(eqdf2.o)
 .debug_loc     0x0000e2d2      0x26c c:/program files (x86)/microchip/xc32/v2.30/bin/bin/../../lib/gcc/pic32c/6.2.1\libgcc.a(gedf2.o)
 .debug_loc     0x0000e53e      0x1d5 c:/program files (x86)/microchip/xc32/v2.30/bin/bin/../../lib/gcc/pic32c/6.2.1\libgcc.a(ledf2.o)
 .debug_loc     0x0000e713       0x72 c:/program files (x86)/microchip/xc32/v2.30/bin/bin/../../lib/gcc/pic32c/6.2.1/../../../../pic32c/lib\libc.a(lib_a-init.o)
 .debug_loc     0x0000e785       0x72 c:/program files (x86)/microchip/xc32/v2.30/bin/bin/../../lib/gcc/pic32c/6.2.1/../../../../pic32c/lib\libc.a(lib_a-memset.o)

.debug_aranges  0x00000000      0xe80
 .debug_aranges
                0x00000000       0x20 build/default/production/_ext/1984496892/plib_clock.o
 .debug_aranges
                0x00000020       0x40 build/default/production/_ext/60167341/plib_eic.o
 .debug_aranges
                0x00000060       0x20 build/default/production/_ext/1865468468/plib_nvic.o
 .debug_aranges
                0x00000080       0x60 build/default/production/_ext/1593096446/plib_nvmctrl.o
 .debug_aranges
                0x000000e0       0x60 build/default/production/_ext/1865521619/plib_port.o
 .debug_aranges
                0x00000140       0x68 build/default/production/_ext/1955509679/plib_sercom3_i2c.o
 .debug_aranges
                0x000001a8       0x40 build/default/production/_ext/1955867357/plib_sercom0_spi.o
 .debug_aranges
                0x000001e8       0x68 build/default/production/_ext/829342655/plib_tc0.o
 .debug_aranges
                0x00000250       0x20 build/default/production/_ext/1171490990/initialization.o
 .debug_aranges
                0x00000270       0x20 build/default/production/_ext/1171490990/interrupts.o
 .debug_aranges
                0x00000290       0x28 build/default/production/_ext/1171490990/exceptions.o
 .debug_aranges
                0x000002b8       0x20 build/default/production/_ext/1171490990/startup_xc32.o
 .debug_aranges
                0x000002d8       0x28 build/default/production/_ext/318156199/PDSource_App.o
 .debug_aranges
                0x00000300       0xc0 build/default/production/_ext/1671623073/Drivers.o
 .debug_aranges
                0x000003c0       0x48 build/default/production/_ext/1671623073/mpq_dc_dc_control.o
 .debug_aranges
                0x00000408       0x20 build/default/production/_ext/840851172/cfg_globals.o
 .debug_aranges
                0x00000428       0x20 build/default/production/_ext/840851172/int_globals.o
 .debug_aranges
                0x00000448       0x38 build/default/production/_ext/840851172/pd_main.o
 .debug_aranges
                0x00000480       0x48 build/default/production/_ext/840851172/pd_timer.o
 .debug_aranges
                0x000004c8       0xb8 build/default/production/_ext/840851172/policy_engine.o
 .debug_aranges
                0x00000580       0x20 build/default/production/_ext/840851172/policy_engine_snk.o
 .debug_aranges
                0x000005a0       0x20 build/default/production/_ext/840851172/policy_engine_src.o
 .debug_aranges
                0x000005c0      0x128 build/default/production/_ext/840851172/policy_manager.o
 .debug_aranges
                0x000006e8       0x40 build/default/production/_ext/840851172/portpower_control.o
 .debug_aranges
                0x00000728      0x130 build/default/production/_ext/840851172/protocol_layer.o
 .debug_aranges
                0x00000858       0xe8 build/default/production/_ext/840851172/typeC_control.o
 .debug_aranges
                0x00000940       0xe0 build/default/production/_ext/840851172/upd_hw.o
 .debug_aranges
                0x00000a20       0x20 build/default/production/_ext/840851172/upd_interrupts.o
 .debug_aranges
                0x00000a40       0x20 build/default/production/_ext/1360937237/main.o
 .debug_aranges
                0x00000a60       0x20 c:/program files (x86)/microchip/xc32/v2.30/bin/bin/../../lib/gcc/pic32c/6.2.1/../../../../pic32c/lib\libpic32c.a(data_init.o)
 .debug_aranges
                0x00000a80       0x20 c:/program files (x86)/microchip/xc32/v2.30/bin/bin/../../lib/gcc/pic32c/6.2.1\libgcc.a(_thumb1_case_uqi.o)
 .debug_aranges
                0x00000aa0       0x20 c:/program files (x86)/microchip/xc32/v2.30/bin/bin/../../lib/gcc/pic32c/6.2.1\libgcc.a(_thumb1_case_shi.o)
 .debug_aranges
                0x00000ac0       0x20 c:/program files (x86)/microchip/xc32/v2.30/bin/bin/../../lib/gcc/pic32c/6.2.1\libgcc.a(_thumb1_case_uhi.o)
 .debug_aranges
                0x00000ae0       0x20 c:/program files (x86)/microchip/xc32/v2.30/bin/bin/../../lib/gcc/pic32c/6.2.1\libgcc.a(_udivsi3.o)
 .debug_aranges
                0x00000b00       0x20 c:/program files (x86)/microchip/xc32/v2.30/bin/bin/../../lib/gcc/pic32c/6.2.1\libgcc.a(_divsi3.o)
 .debug_aranges
                0x00000b20       0x20 c:/program files (x86)/microchip/xc32/v2.30/bin/bin/../../lib/gcc/pic32c/6.2.1\libgcc.a(_dvmd_tls.o)
 .debug_aranges
                0x00000b40       0x20 c:/program files (x86)/microchip/xc32/v2.30/bin/bin/../../lib/gcc/pic32c/6.2.1\libgcc.a(_fixunssfsi.o)
 .debug_aranges
                0x00000b60       0x20 c:/program files (x86)/microchip/xc32/v2.30/bin/bin/../../lib/gcc/pic32c/6.2.1\libgcc.a(_fixunsdfsi.o)
 .debug_aranges
                0x00000b80       0x20 c:/program files (x86)/microchip/xc32/v2.30/bin/bin/../../lib/gcc/pic32c/6.2.1\libgcc.a(divsf3.o)
 .debug_aranges
                0x00000ba0       0x20 c:/program files (x86)/microchip/xc32/v2.30/bin/bin/../../lib/gcc/pic32c/6.2.1\libgcc.a(mulsf3.o)
 .debug_aranges
                0x00000bc0       0x20 c:/program files (x86)/microchip/xc32/v2.30/bin/bin/../../lib/gcc/pic32c/6.2.1\libgcc.a(subsf3.o)
 .debug_aranges
                0x00000be0       0x20 c:/program files (x86)/microchip/xc32/v2.30/bin/bin/../../lib/gcc/pic32c/6.2.1\libgcc.a(fixsfsi.o)
 .debug_aranges
                0x00000c00       0x20 c:/program files (x86)/microchip/xc32/v2.30/bin/bin/../../lib/gcc/pic32c/6.2.1\libgcc.a(floatsisf.o)
 .debug_aranges
                0x00000c20       0x20 c:/program files (x86)/microchip/xc32/v2.30/bin/bin/../../lib/gcc/pic32c/6.2.1\libgcc.a(floatunsisf.o)
 .debug_aranges
                0x00000c40       0x20 c:/program files (x86)/microchip/xc32/v2.30/bin/bin/../../lib/gcc/pic32c/6.2.1\libgcc.a(divdf3.o)
 .debug_aranges
                0x00000c60       0x20 c:/program files (x86)/microchip/xc32/v2.30/bin/bin/../../lib/gcc/pic32c/6.2.1\libgcc.a(muldf3.o)
 .debug_aranges
                0x00000c80       0x20 c:/program files (x86)/microchip/xc32/v2.30/bin/bin/../../lib/gcc/pic32c/6.2.1\libgcc.a(subdf3.o)
 .debug_aranges
                0x00000ca0       0x20 c:/program files (x86)/microchip/xc32/v2.30/bin/bin/../../lib/gcc/pic32c/6.2.1\libgcc.a(fixdfsi.o)
 .debug_aranges
                0x00000cc0       0x20 c:/program files (x86)/microchip/xc32/v2.30/bin/bin/../../lib/gcc/pic32c/6.2.1\libgcc.a(floatsidf.o)
 .debug_aranges
                0x00000ce0       0x20 c:/program files (x86)/microchip/xc32/v2.30/bin/bin/../../lib/gcc/pic32c/6.2.1\libgcc.a(extendsfdf2.o)
 .debug_aranges
                0x00000d00       0x20 c:/program files (x86)/microchip/xc32/v2.30/bin/bin/../../lib/gcc/pic32c/6.2.1\libgcc.a(truncdfsf2.o)
 .debug_aranges
                0x00000d20       0x20 c:/program files (x86)/microchip/xc32/v2.30/bin/bin/../../lib/gcc/pic32c/6.2.1\libgcc.a(_arm_cmpdf2.o)
 .debug_aranges
                0x00000d40       0x20 c:/program files (x86)/microchip/xc32/v2.30/bin/bin/../../lib/gcc/pic32c/6.2.1\libgcc.a(_arm_cmpsf2.o)
 .debug_aranges
                0x00000d60       0x20 c:/program files (x86)/microchip/xc32/v2.30/bin/bin/../../lib/gcc/pic32c/6.2.1\libgcc.a(_clzsi2.o)
 .debug_aranges
                0x00000d80       0x20 c:/program files (x86)/microchip/xc32/v2.30/bin/bin/../../lib/gcc/pic32c/6.2.1\libgcc.a(eqsf2.o)
 .debug_aranges
                0x00000da0       0x20 c:/program files (x86)/microchip/xc32/v2.30/bin/bin/../../lib/gcc/pic32c/6.2.1\libgcc.a(gesf2.o)
 .debug_aranges
                0x00000dc0       0x20 c:/program files (x86)/microchip/xc32/v2.30/bin/bin/../../lib/gcc/pic32c/6.2.1\libgcc.a(lesf2.o)
 .debug_aranges
                0x00000de0       0x20 c:/program files (x86)/microchip/xc32/v2.30/bin/bin/../../lib/gcc/pic32c/6.2.1\libgcc.a(eqdf2.o)
 .debug_aranges
                0x00000e00       0x20 c:/program files (x86)/microchip/xc32/v2.30/bin/bin/../../lib/gcc/pic32c/6.2.1\libgcc.a(gedf2.o)
 .debug_aranges
                0x00000e20       0x20 c:/program files (x86)/microchip/xc32/v2.30/bin/bin/../../lib/gcc/pic32c/6.2.1\libgcc.a(ledf2.o)
 .debug_aranges
                0x00000e40       0x20 c:/program files (x86)/microchip/xc32/v2.30/bin/bin/../../lib/gcc/pic32c/6.2.1/../../../../pic32c/lib\libc.a(lib_a-init.o)
 .debug_aranges
                0x00000e60       0x20 c:/program files (x86)/microchip/xc32/v2.30/bin/bin/../../lib/gcc/pic32c/6.2.1/../../../../pic32c/lib\libc.a(lib_a-memset.o)

.debug_ranges   0x00000000     0x14c8
 .debug_ranges  0x00000000       0x40 build/default/production/_ext/1984496892/plib_clock.o
 .debug_ranges  0x00000040       0x30 build/default/production/_ext/60167341/plib_eic.o
 .debug_ranges  0x00000070       0x90 build/default/production/_ext/1865468468/plib_nvic.o
 .debug_ranges  0x00000100       0x50 build/default/production/_ext/1593096446/plib_nvmctrl.o
 .debug_ranges  0x00000150       0x50 build/default/production/_ext/1865521619/plib_port.o
 .debug_ranges  0x000001a0       0x70 build/default/production/_ext/1955509679/plib_sercom3_i2c.o
 .debug_ranges  0x00000210       0x30 build/default/production/_ext/1955867357/plib_sercom0_spi.o
 .debug_ranges  0x00000240       0x58 build/default/production/_ext/829342655/plib_tc0.o
 .debug_ranges  0x00000298       0x10 build/default/production/_ext/1171490990/initialization.o
 .debug_ranges  0x000002a8       0x10 build/default/production/_ext/1171490990/interrupts.o
 .debug_ranges  0x000002b8       0x18 build/default/production/_ext/1171490990/exceptions.o
 .debug_ranges  0x000002d0       0x10 build/default/production/_ext/1171490990/startup_xc32.o
 .debug_ranges  0x000002e0       0x18 build/default/production/_ext/318156199/PDSource_App.o
 .debug_ranges  0x000002f8       0xe8 build/default/production/_ext/1671623073/Drivers.o
 .debug_ranges  0x000003e0       0x38 build/default/production/_ext/1671623073/mpq_dc_dc_control.o
 .debug_ranges  0x00000418       0x10 build/default/production/_ext/840851172/cfg_globals.o
 .debug_ranges  0x00000428       0x10 build/default/production/_ext/840851172/int_globals.o
 .debug_ranges  0x00000438       0x28 build/default/production/_ext/840851172/pd_main.o
 .debug_ranges  0x00000460       0x68 build/default/production/_ext/840851172/pd_timer.o
 .debug_ranges  0x000004c8      0x118 build/default/production/_ext/840851172/policy_engine.o
 .debug_ranges  0x000005e0       0x10 build/default/production/_ext/840851172/policy_engine_snk.o
 .debug_ranges  0x000005f0       0x10 build/default/production/_ext/840851172/policy_engine_src.o
 .debug_ranges  0x00000600      0x168 build/default/production/_ext/840851172/policy_manager.o
 .debug_ranges  0x00000768       0x78 build/default/production/_ext/840851172/portpower_control.o
 .debug_ranges  0x000007e0      0x158 build/default/production/_ext/840851172/protocol_layer.o
 .debug_ranges  0x00000938       0xf0 build/default/production/_ext/840851172/typeC_control.o
 .debug_ranges  0x00000a28       0xf0 build/default/production/_ext/840851172/upd_hw.o
 .debug_ranges  0x00000b18       0x30 build/default/production/_ext/840851172/upd_interrupts.o
 .debug_ranges  0x00000b48       0x10 build/default/production/_ext/1360937237/main.o
 .debug_ranges  0x00000b58       0x10 c:/program files (x86)/microchip/xc32/v2.30/bin/bin/../../lib/gcc/pic32c/6.2.1/../../../../pic32c/lib\libpic32c.a(data_init.o)
 .debug_ranges  0x00000b68       0x50 c:/program files (x86)/microchip/xc32/v2.30/bin/bin/../../lib/gcc/pic32c/6.2.1\libgcc.a(divsf3.o)
 .debug_ranges  0x00000bb8       0x50 c:/program files (x86)/microchip/xc32/v2.30/bin/bin/../../lib/gcc/pic32c/6.2.1\libgcc.a(mulsf3.o)
 .debug_ranges  0x00000c08       0xf0 c:/program files (x86)/microchip/xc32/v2.30/bin/bin/../../lib/gcc/pic32c/6.2.1\libgcc.a(subsf3.o)
 .debug_ranges  0x00000cf8       0x38 c:/program files (x86)/microchip/xc32/v2.30/bin/bin/../../lib/gcc/pic32c/6.2.1\libgcc.a(floatsisf.o)
 .debug_ranges  0x00000d30       0x38 c:/program files (x86)/microchip/xc32/v2.30/bin/bin/../../lib/gcc/pic32c/6.2.1\libgcc.a(floatunsisf.o)
 .debug_ranges  0x00000d68      0x178 c:/program files (x86)/microchip/xc32/v2.30/bin/bin/../../lib/gcc/pic32c/6.2.1\libgcc.a(divdf3.o)
 .debug_ranges  0x00000ee0      0x1d0 c:/program files (x86)/microchip/xc32/v2.30/bin/bin/../../lib/gcc/pic32c/6.2.1\libgcc.a(muldf3.o)
 .debug_ranges  0x000010b0      0x1b8 c:/program files (x86)/microchip/xc32/v2.30/bin/bin/../../lib/gcc/pic32c/6.2.1\libgcc.a(subdf3.o)
 .debug_ranges  0x00001268       0x18 c:/program files (x86)/microchip/xc32/v2.30/bin/bin/../../lib/gcc/pic32c/6.2.1\libgcc.a(fixdfsi.o)
 .debug_ranges  0x00001280       0x50 c:/program files (x86)/microchip/xc32/v2.30/bin/bin/../../lib/gcc/pic32c/6.2.1\libgcc.a(floatsidf.o)
 .debug_ranges  0x000012d0       0x20 c:/program files (x86)/microchip/xc32/v2.30/bin/bin/../../lib/gcc/pic32c/6.2.1\libgcc.a(extendsfdf2.o)
 .debug_ranges  0x000012f0       0x38 c:/program files (x86)/microchip/xc32/v2.30/bin/bin/../../lib/gcc/pic32c/6.2.1\libgcc.a(truncdfsf2.o)
 .debug_ranges  0x00001328       0x30 c:/program files (x86)/microchip/xc32/v2.30/bin/bin/../../lib/gcc/pic32c/6.2.1\libgcc.a(eqsf2.o)
 .debug_ranges  0x00001358       0x58 c:/program files (x86)/microchip/xc32/v2.30/bin/bin/../../lib/gcc/pic32c/6.2.1\libgcc.a(gesf2.o)
 .debug_ranges  0x000013b0       0x30 c:/program files (x86)/microchip/xc32/v2.30/bin/bin/../../lib/gcc/pic32c/6.2.1\libgcc.a(lesf2.o)
 .debug_ranges  0x000013e0       0x50 c:/program files (x86)/microchip/xc32/v2.30/bin/bin/../../lib/gcc/pic32c/6.2.1\libgcc.a(eqdf2.o)
 .debug_ranges  0x00001430       0x30 c:/program files (x86)/microchip/xc32/v2.30/bin/bin/../../lib/gcc/pic32c/6.2.1\libgcc.a(gedf2.o)
 .debug_ranges  0x00001460       0x48 c:/program files (x86)/microchip/xc32/v2.30/bin/bin/../../lib/gcc/pic32c/6.2.1\libgcc.a(ledf2.o)
 .debug_ranges  0x000014a8       0x10 c:/program files (x86)/microchip/xc32/v2.30/bin/bin/../../lib/gcc/pic32c/6.2.1/../../../../pic32c/lib\libc.a(lib_a-init.o)
 .debug_ranges  0x000014b8       0x10 c:/program files (x86)/microchip/xc32/v2.30/bin/bin/../../lib/gcc/pic32c/6.2.1/../../../../pic32c/lib\libc.a(lib_a-memset.o)

.debug_line     0x00000000     0x7a02
 .debug_line    0x00000000      0x181 build/default/production/_ext/1984496892/plib_clock.o
 .debug_line    0x00000181      0x1cd build/default/production/_ext/60167341/plib_eic.o
 .debug_line    0x0000034e      0x1c7 build/default/production/_ext/1865468468/plib_nvic.o
 .debug_line    0x00000515      0x282 build/default/production/_ext/1593096446/plib_nvmctrl.o
 .debug_line    0x00000797      0x1f7 build/default/production/_ext/1865521619/plib_port.o
 .debug_line    0x0000098e      0x2ff build/default/production/_ext/1955509679/plib_sercom3_i2c.o
 .debug_line    0x00000c8d      0x279 build/default/production/_ext/1955867357/plib_sercom0_spi.o
 .debug_line    0x00000f06      0x209 build/default/production/_ext/829342655/plib_tc0.o
 .debug_line    0x0000110f      0x171 build/default/production/_ext/1171490990/initialization.o
 .debug_line    0x00001280      0x123 build/default/production/_ext/1171490990/interrupts.o
 .debug_line    0x000013a3       0x62 build/default/production/_ext/1171490990/exceptions.o
 .debug_line    0x00001405      0x186 build/default/production/_ext/1171490990/startup_xc32.o
 .debug_line    0x0000158b      0x175 build/default/production/_ext/318156199/PDSource_App.o
 .debug_line    0x00001700      0x5e5 build/default/production/_ext/1671623073/Drivers.o
 .debug_line    0x00001ce5      0x1f2 build/default/production/_ext/1671623073/mpq_dc_dc_control.o
 .debug_line    0x00001ed7      0x2ad build/default/production/_ext/840851172/cfg_globals.o
 .debug_line    0x00002184      0x146 build/default/production/_ext/840851172/int_globals.o
 .debug_line    0x000022ca      0x1ea build/default/production/_ext/840851172/pd_main.o
 .debug_line    0x000024b4      0x210 build/default/production/_ext/840851172/pd_timer.o
 .debug_line    0x000026c4      0x510 build/default/production/_ext/840851172/policy_engine.o
 .debug_line    0x00002bd4      0x248 build/default/production/_ext/840851172/policy_engine_snk.o
 .debug_line    0x00002e1c      0x383 build/default/production/_ext/840851172/policy_engine_src.o
 .debug_line    0x0000319f      0x65d build/default/production/_ext/840851172/policy_manager.o
 .debug_line    0x000037fc      0x1d2 build/default/production/_ext/840851172/portpower_control.o
 .debug_line    0x000039ce      0x732 build/default/production/_ext/840851172/protocol_layer.o
 .debug_line    0x00004100      0x7ec build/default/production/_ext/840851172/typeC_control.o
 .debug_line    0x000048ec      0x3f2 build/default/production/_ext/840851172/upd_hw.o
 .debug_line    0x00004cde      0x17a build/default/production/_ext/840851172/upd_interrupts.o
 .debug_line    0x00004e58      0x24e build/default/production/_ext/1360937237/main.o
 .debug_line    0x000050a6       0xe3 c:/program files (x86)/microchip/xc32/v2.30/bin/bin/../../lib/gcc/pic32c/6.2.1/../../../../pic32c/lib\libpic32c.a(data_init.o)
 .debug_line    0x00005189       0xa4 c:/program files (x86)/microchip/xc32/v2.30/bin/bin/../../lib/gcc/pic32c/6.2.1\libgcc.a(_thumb1_case_uqi.o)
 .debug_line    0x0000522d       0xa5 c:/program files (x86)/microchip/xc32/v2.30/bin/bin/../../lib/gcc/pic32c/6.2.1\libgcc.a(_thumb1_case_shi.o)
 .debug_line    0x000052d2       0xa5 c:/program files (x86)/microchip/xc32/v2.30/bin/bin/../../lib/gcc/pic32c/6.2.1\libgcc.a(_thumb1_case_uhi.o)
 .debug_line    0x00005377       0xb3 c:/program files (x86)/microchip/xc32/v2.30/bin/bin/../../lib/gcc/pic32c/6.2.1\libgcc.a(_udivsi3.o)
 .debug_line    0x0000542a       0xc1 c:/program files (x86)/microchip/xc32/v2.30/bin/bin/../../lib/gcc/pic32c/6.2.1\libgcc.a(_divsi3.o)
 .debug_line    0x000054eb       0x9c c:/program files (x86)/microchip/xc32/v2.30/bin/bin/../../lib/gcc/pic32c/6.2.1\libgcc.a(_dvmd_tls.o)
 .debug_line    0x00005587      0x28e c:/program files (x86)/microchip/xc32/v2.30/bin/bin/../../lib/gcc/pic32c/6.2.1\libgcc.a(_fixunssfsi.o)
 .debug_line    0x00005815      0x28c c:/program files (x86)/microchip/xc32/v2.30/bin/bin/../../lib/gcc/pic32c/6.2.1\libgcc.a(_fixunsdfsi.o)
 .debug_line    0x00005aa1      0x161 c:/program files (x86)/microchip/xc32/v2.30/bin/bin/../../lib/gcc/pic32c/6.2.1\libgcc.a(divsf3.o)
 .debug_line    0x00005c02      0x15f c:/program files (x86)/microchip/xc32/v2.30/bin/bin/../../lib/gcc/pic32c/6.2.1\libgcc.a(mulsf3.o)
 .debug_line    0x00005d61      0x19a c:/program files (x86)/microchip/xc32/v2.30/bin/bin/../../lib/gcc/pic32c/6.2.1\libgcc.a(subsf3.o)
 .debug_line    0x00005efb      0x12a c:/program files (x86)/microchip/xc32/v2.30/bin/bin/../../lib/gcc/pic32c/6.2.1\libgcc.a(fixsfsi.o)
 .debug_line    0x00006025      0x132 c:/program files (x86)/microchip/xc32/v2.30/bin/bin/../../lib/gcc/pic32c/6.2.1\libgcc.a(floatsisf.o)
 .debug_line    0x00006157      0x137 c:/program files (x86)/microchip/xc32/v2.30/bin/bin/../../lib/gcc/pic32c/6.2.1\libgcc.a(floatunsisf.o)
 .debug_line    0x0000628e      0x1a4 c:/program files (x86)/microchip/xc32/v2.30/bin/bin/../../lib/gcc/pic32c/6.2.1\libgcc.a(divdf3.o)
 .debug_line    0x00006432      0x182 c:/program files (x86)/microchip/xc32/v2.30/bin/bin/../../lib/gcc/pic32c/6.2.1\libgcc.a(muldf3.o)
 .debug_line    0x000065b4      0x1cd c:/program files (x86)/microchip/xc32/v2.30/bin/bin/../../lib/gcc/pic32c/6.2.1\libgcc.a(subdf3.o)
 .debug_line    0x00006781      0x12f c:/program files (x86)/microchip/xc32/v2.30/bin/bin/../../lib/gcc/pic32c/6.2.1\libgcc.a(fixdfsi.o)
 .debug_line    0x000068b0      0x12a c:/program files (x86)/microchip/xc32/v2.30/bin/bin/../../lib/gcc/pic32c/6.2.1\libgcc.a(floatsidf.o)
 .debug_line    0x000069da      0x145 c:/program files (x86)/microchip/xc32/v2.30/bin/bin/../../lib/gcc/pic32c/6.2.1\libgcc.a(extendsfdf2.o)
 .debug_line    0x00006b1f      0x154 c:/program files (x86)/microchip/xc32/v2.30/bin/bin/../../lib/gcc/pic32c/6.2.1\libgcc.a(truncdfsf2.o)
 .debug_line    0x00006c73       0xb4 c:/program files (x86)/microchip/xc32/v2.30/bin/bin/../../lib/gcc/pic32c/6.2.1\libgcc.a(_arm_cmpdf2.o)
 .debug_line    0x00006d27       0xb1 c:/program files (x86)/microchip/xc32/v2.30/bin/bin/../../lib/gcc/pic32c/6.2.1\libgcc.a(_arm_cmpsf2.o)
 .debug_line    0x00006dd8       0xb0 c:/program files (x86)/microchip/xc32/v2.30/bin/bin/../../lib/gcc/pic32c/6.2.1\libgcc.a(_clzsi2.o)
 .debug_line    0x00006e88      0x13e c:/program files (x86)/microchip/xc32/v2.30/bin/bin/../../lib/gcc/pic32c/6.2.1\libgcc.a(eqsf2.o)
 .debug_line    0x00006fc6      0x149 c:/program files (x86)/microchip/xc32/v2.30/bin/bin/../../lib/gcc/pic32c/6.2.1\libgcc.a(gesf2.o)
 .debug_line    0x0000710f      0x147 c:/program files (x86)/microchip/xc32/v2.30/bin/bin/../../lib/gcc/pic32c/6.2.1\libgcc.a(lesf2.o)
 .debug_line    0x00007256      0x14c c:/program files (x86)/microchip/xc32/v2.30/bin/bin/../../lib/gcc/pic32c/6.2.1\libgcc.a(eqdf2.o)
 .debug_line    0x000073a2      0x14c c:/program files (x86)/microchip/xc32/v2.30/bin/bin/../../lib/gcc/pic32c/6.2.1\libgcc.a(gedf2.o)
 .debug_line    0x000074ee      0x14f c:/program files (x86)/microchip/xc32/v2.30/bin/bin/../../lib/gcc/pic32c/6.2.1\libgcc.a(ledf2.o)
 .debug_line    0x0000763d      0x118 c:/program files (x86)/microchip/xc32/v2.30/bin/bin/../../lib/gcc/pic32c/6.2.1/../../../../pic32c/lib\libc.a(lib_a-init.o)
 .debug_line    0x00007755      0x2ad c:/program files (x86)/microchip/xc32/v2.30/bin/bin/../../lib/gcc/pic32c/6.2.1/../../../../pic32c/lib\libc.a(lib_a-memset.o)

.debug_str      0x00000000     0x1e2c
 .debug_str     0x00000000       0x28 build/default/production/_ext/1984496892/plib_clock.o
 .debug_str     0x00000028        0x9 build/default/production/_ext/60167341/plib_eic.o
 .debug_str     0x00000031        0xa build/default/production/_ext/1865468468/plib_nvic.o
 .debug_str     0x0000003b       0x16 build/default/production/_ext/1593096446/plib_nvmctrl.o
 .debug_str     0x00000051        0xb build/default/production/_ext/1865521619/plib_port.o
 .debug_str     0x0000005c       0xc3 build/default/production/_ext/1955509679/plib_sercom3_i2c.o
 .debug_str     0x0000011f       0xd6 build/default/production/_ext/1955867357/plib_sercom0_spi.o
 .debug_str     0x000001f5       0xa7 build/default/production/_ext/829342655/plib_tc0.o
 .debug_str     0x0000029c       0x53 build/default/production/_ext/1171490990/initialization.o
 .debug_str     0x000002ef        0x0 build/default/production/_ext/1171490990/interrupts.o
 .debug_str     0x000002ef        0x0 build/default/production/_ext/1171490990/exceptions.o
 .debug_str     0x000002ef       0x6b build/default/production/_ext/1171490990/startup_xc32.o
 .debug_str     0x0000035a       0x7a build/default/production/_ext/318156199/PDSource_App.o
 .debug_str     0x000003d4      0x1e9 build/default/production/_ext/1671623073/Drivers.o
 .debug_str     0x000005bd       0xe2 build/default/production/_ext/1671623073/mpq_dc_dc_control.o
 .debug_str     0x0000069f       0x48 build/default/production/_ext/840851172/cfg_globals.o
 .debug_str     0x000006e7       0x37 build/default/production/_ext/840851172/int_globals.o
 .debug_str     0x0000071e      0x1d4 build/default/production/_ext/840851172/pd_main.o
 .debug_str     0x000008f2       0xac build/default/production/_ext/840851172/pd_timer.o
 .debug_str     0x0000099e      0x1c9 build/default/production/_ext/840851172/policy_engine.o
 .debug_str     0x00000b67      0x1d9 build/default/production/_ext/840851172/policy_engine_snk.o
 .debug_str     0x00000d40      0x30f build/default/production/_ext/840851172/policy_engine_src.o
 .debug_str     0x0000104f      0x29e build/default/production/_ext/840851172/policy_manager.o
 .debug_str     0x000012ed       0x67 build/default/production/_ext/840851172/portpower_control.o
 .debug_str     0x00001354      0x25c build/default/production/_ext/840851172/protocol_layer.o
 .debug_str     0x000015b0      0x2af build/default/production/_ext/840851172/typeC_control.o
 .debug_str     0x0000185f      0x14e build/default/production/_ext/840851172/upd_hw.o
 .debug_str     0x000019ad       0xb1 build/default/production/_ext/840851172/upd_interrupts.o
 .debug_str     0x00001a5e       0x6d build/default/production/_ext/1360937237/main.o
 .debug_str     0x00001acb        0x0 c:/program files (x86)/microchip/xc32/v2.30/bin/bin/../../lib/gcc/pic32c/6.2.1/../../../../pic32c/lib\libpic32c.a(data_init.o)
 .debug_str     0x00001acb        0x0 c:/program files (x86)/microchip/xc32/v2.30/bin/bin/../../lib/gcc/pic32c/6.2.1\libgcc.a(_fixunssfsi.o)
 .debug_str     0x00001acb        0x0 c:/program files (x86)/microchip/xc32/v2.30/bin/bin/../../lib/gcc/pic32c/6.2.1\libgcc.a(_fixunsdfsi.o)
 .debug_str     0x00001acb       0x30 c:/program files (x86)/microchip/xc32/v2.30/bin/bin/../../lib/gcc/pic32c/6.2.1\libgcc.a(divsf3.o)
 .debug_str     0x00001afb       0x30 c:/program files (x86)/microchip/xc32/v2.30/bin/bin/../../lib/gcc/pic32c/6.2.1\libgcc.a(mulsf3.o)
 .debug_str     0x00001b2b       0x2c c:/program files (x86)/microchip/xc32/v2.30/bin/bin/../../lib/gcc/pic32c/6.2.1\libgcc.a(subsf3.o)
 .debug_str     0x00001b57       0x13 c:/program files (x86)/microchip/xc32/v2.30/bin/bin/../../lib/gcc/pic32c/6.2.1\libgcc.a(fixsfsi.o)
 .debug_str     0x00001b6a        0x0 c:/program files (x86)/microchip/xc32/v2.30/bin/bin/../../lib/gcc/pic32c/6.2.1\libgcc.a(floatsisf.o)
 .debug_str     0x00001b6a        0x0 c:/program files (x86)/microchip/xc32/v2.30/bin/bin/../../lib/gcc/pic32c/6.2.1\libgcc.a(floatunsisf.o)
 .debug_str     0x00001b6a       0x30 c:/program files (x86)/microchip/xc32/v2.30/bin/bin/../../lib/gcc/pic32c/6.2.1\libgcc.a(divdf3.o)
 .debug_str     0x00001b9a       0x56 c:/program files (x86)/microchip/xc32/v2.30/bin/bin/../../lib/gcc/pic32c/6.2.1\libgcc.a(muldf3.o)
 .debug_str     0x00001bf0       0x2c c:/program files (x86)/microchip/xc32/v2.30/bin/bin/../../lib/gcc/pic32c/6.2.1\libgcc.a(subdf3.o)
 .debug_str     0x00001c1c       0x13 c:/program files (x86)/microchip/xc32/v2.30/bin/bin/../../lib/gcc/pic32c/6.2.1\libgcc.a(fixdfsi.o)
 .debug_str     0x00001c2f        0x0 c:/program files (x86)/microchip/xc32/v2.30/bin/bin/../../lib/gcc/pic32c/6.2.1\libgcc.a(floatsidf.o)
 .debug_str     0x00001c2f        0x0 c:/program files (x86)/microchip/xc32/v2.30/bin/bin/../../lib/gcc/pic32c/6.2.1\libgcc.a(extendsfdf2.o)
 .debug_str     0x00001c2f        0x0 c:/program files (x86)/microchip/xc32/v2.30/bin/bin/../../lib/gcc/pic32c/6.2.1\libgcc.a(truncdfsf2.o)
 .debug_str     0x00001c2f       0x26 c:/program files (x86)/microchip/xc32/v2.30/bin/bin/../../lib/gcc/pic32c/6.2.1\libgcc.a(eqsf2.o)
 .debug_str     0x00001c55       0x26 c:/program files (x86)/microchip/xc32/v2.30/bin/bin/../../lib/gcc/pic32c/6.2.1\libgcc.a(gesf2.o)
 .debug_str     0x00001c7b       0x26 c:/program files (x86)/microchip/xc32/v2.30/bin/bin/../../lib/gcc/pic32c/6.2.1\libgcc.a(lesf2.o)
 .debug_str     0x00001ca1       0x26 c:/program files (x86)/microchip/xc32/v2.30/bin/bin/../../lib/gcc/pic32c/6.2.1\libgcc.a(eqdf2.o)
 .debug_str     0x00001cc7       0x26 c:/program files (x86)/microchip/xc32/v2.30/bin/bin/../../lib/gcc/pic32c/6.2.1\libgcc.a(gedf2.o)
 .debug_str     0x00001ced       0x26 c:/program files (x86)/microchip/xc32/v2.30/bin/bin/../../lib/gcc/pic32c/6.2.1\libgcc.a(ledf2.o)
 .debug_str     0x00001d13        0x0 c:/program files (x86)/microchip/xc32/v2.30/bin/bin/../../lib/gcc/pic32c/6.2.1/../../../../pic32c/lib\libc.a(lib_a-init.o)
 .debug_str     0x00001d13      0x119 c:/program files (x86)/microchip/xc32/v2.30/bin/bin/../../lib/gcc/pic32c/6.2.1/../../../../pic32c/lib\libc.a(lib_a-memset.o)

.debug_frame    0x00000000     0x1e44
 .debug_frame   0x00000000       0x20 build/default/production/_ext/1984496892/plib_clock.o
 .debug_frame   0x00000020       0x84 build/default/production/_ext/60167341/plib_eic.o
 .debug_frame   0x000000a4       0x20 build/default/production/_ext/1865468468/plib_nvic.o
 .debug_frame   0x000000c4       0xb0 build/default/production/_ext/1593096446/plib_nvmctrl.o
 .debug_frame   0x00000174       0xac build/default/production/_ext/1865521619/plib_port.o
 .debug_frame   0x00000220       0xfc build/default/production/_ext/1955509679/plib_sercom3_i2c.o
 .debug_frame   0x0000031c       0x8c build/default/production/_ext/1955867357/plib_sercom0_spi.o
 .debug_frame   0x000003a8       0xb8 build/default/production/_ext/829342655/plib_tc0.o
 .debug_frame   0x00000460       0x28 build/default/production/_ext/1171490990/initialization.o
 .debug_frame   0x00000488       0x20 build/default/production/_ext/1171490990/interrupts.o
 .debug_frame   0x000004a8       0x30 build/default/production/_ext/1171490990/exceptions.o
 .debug_frame   0x000004d8       0x28 build/default/production/_ext/1171490990/startup_xc32.o
 .debug_frame   0x00000500       0x38 build/default/production/_ext/318156199/PDSource_App.o
 .debug_frame   0x00000538      0x1f0 build/default/production/_ext/1671623073/Drivers.o
 .debug_frame   0x00000728       0xbc build/default/production/_ext/1671623073/mpq_dc_dc_control.o
 .debug_frame   0x000007e4       0x34 build/default/production/_ext/840851172/cfg_globals.o
 .debug_frame   0x00000818       0x28 build/default/production/_ext/840851172/int_globals.o
 .debug_frame   0x00000840       0x74 build/default/production/_ext/840851172/pd_main.o
 .debug_frame   0x000008b4       0xb8 build/default/production/_ext/840851172/pd_timer.o
 .debug_frame   0x0000096c      0x1f4 build/default/production/_ext/840851172/policy_engine.o
 .debug_frame   0x00000b60       0x30 build/default/production/_ext/840851172/policy_engine_snk.o
 .debug_frame   0x00000b90       0x30 build/default/production/_ext/840851172/policy_engine_src.o
 .debug_frame   0x00000bc0      0x348 build/default/production/_ext/840851172/policy_manager.o
 .debug_frame   0x00000f08       0x90 build/default/production/_ext/840851172/portpower_control.o
 .debug_frame   0x00000f98      0x3dc build/default/production/_ext/840851172/protocol_layer.o
 .debug_frame   0x00001374      0x304 build/default/production/_ext/840851172/typeC_control.o
 .debug_frame   0x00001678      0x2f0 build/default/production/_ext/840851172/upd_hw.o
 .debug_frame   0x00001968       0x30 build/default/production/_ext/840851172/upd_interrupts.o
 .debug_frame   0x00001998       0x28 build/default/production/_ext/1360937237/main.o
 .debug_frame   0x000019c0       0x2c c:/program files (x86)/microchip/xc32/v2.30/bin/bin/../../lib/gcc/pic32c/6.2.1/../../../../pic32c/lib\libpic32c.a(data_init.o)
 .debug_frame   0x000019ec       0x20 c:/program files (x86)/microchip/xc32/v2.30/bin/bin/../../lib/gcc/pic32c/6.2.1\libgcc.a(_udivsi3.o)
 .debug_frame   0x00001a0c       0x20 c:/program files (x86)/microchip/xc32/v2.30/bin/bin/../../lib/gcc/pic32c/6.2.1\libgcc.a(_divsi3.o)
 .debug_frame   0x00001a2c       0x28 c:/program files (x86)/microchip/xc32/v2.30/bin/bin/../../lib/gcc/pic32c/6.2.1\libgcc.a(_fixunssfsi.o)
 .debug_frame   0x00001a54       0x2c c:/program files (x86)/microchip/xc32/v2.30/bin/bin/../../lib/gcc/pic32c/6.2.1\libgcc.a(_fixunsdfsi.o)
 .debug_frame   0x00001a80       0x30 c:/program files (x86)/microchip/xc32/v2.30/bin/bin/../../lib/gcc/pic32c/6.2.1\libgcc.a(divsf3.o)
 .debug_frame   0x00001ab0       0x30 c:/program files (x86)/microchip/xc32/v2.30/bin/bin/../../lib/gcc/pic32c/6.2.1\libgcc.a(mulsf3.o)
 .debug_frame   0x00001ae0       0x34 c:/program files (x86)/microchip/xc32/v2.30/bin/bin/../../lib/gcc/pic32c/6.2.1\libgcc.a(subsf3.o)
 .debug_frame   0x00001b14       0x20 c:/program files (x86)/microchip/xc32/v2.30/bin/bin/../../lib/gcc/pic32c/6.2.1\libgcc.a(fixsfsi.o)
 .debug_frame   0x00001b34       0x2c c:/program files (x86)/microchip/xc32/v2.30/bin/bin/../../lib/gcc/pic32c/6.2.1\libgcc.a(floatsisf.o)
 .debug_frame   0x00001b60       0x2c c:/program files (x86)/microchip/xc32/v2.30/bin/bin/../../lib/gcc/pic32c/6.2.1\libgcc.a(floatunsisf.o)
 .debug_frame   0x00001b8c       0x30 c:/program files (x86)/microchip/xc32/v2.30/bin/bin/../../lib/gcc/pic32c/6.2.1\libgcc.a(divdf3.o)
 .debug_frame   0x00001bbc       0x30 c:/program files (x86)/microchip/xc32/v2.30/bin/bin/../../lib/gcc/pic32c/6.2.1\libgcc.a(muldf3.o)
 .debug_frame   0x00001bec       0x34 c:/program files (x86)/microchip/xc32/v2.30/bin/bin/../../lib/gcc/pic32c/6.2.1\libgcc.a(subdf3.o)
 .debug_frame   0x00001c20       0x2c c:/program files (x86)/microchip/xc32/v2.30/bin/bin/../../lib/gcc/pic32c/6.2.1\libgcc.a(fixdfsi.o)
 .debug_frame   0x00001c4c       0x30 c:/program files (x86)/microchip/xc32/v2.30/bin/bin/../../lib/gcc/pic32c/6.2.1\libgcc.a(floatsidf.o)
 .debug_frame   0x00001c7c       0x2c c:/program files (x86)/microchip/xc32/v2.30/bin/bin/../../lib/gcc/pic32c/6.2.1\libgcc.a(extendsfdf2.o)
 .debug_frame   0x00001ca8       0x30 c:/program files (x86)/microchip/xc32/v2.30/bin/bin/../../lib/gcc/pic32c/6.2.1\libgcc.a(truncdfsf2.o)
 .debug_frame   0x00001cd8       0x2c c:/program files (x86)/microchip/xc32/v2.30/bin/bin/../../lib/gcc/pic32c/6.2.1\libgcc.a(eqsf2.o)
 .debug_frame   0x00001d04       0x30 c:/program files (x86)/microchip/xc32/v2.30/bin/bin/../../lib/gcc/pic32c/6.2.1\libgcc.a(gesf2.o)
 .debug_frame   0x00001d34       0x30 c:/program files (x86)/microchip/xc32/v2.30/bin/bin/../../lib/gcc/pic32c/6.2.1\libgcc.a(lesf2.o)
 .debug_frame   0x00001d64       0x30 c:/program files (x86)/microchip/xc32/v2.30/bin/bin/../../lib/gcc/pic32c/6.2.1\libgcc.a(eqdf2.o)
 .debug_frame   0x00001d94       0x34 c:/program files (x86)/microchip/xc32/v2.30/bin/bin/../../lib/gcc/pic32c/6.2.1\libgcc.a(gedf2.o)
 .debug_frame   0x00001dc8       0x30 c:/program files (x86)/microchip/xc32/v2.30/bin/bin/../../lib/gcc/pic32c/6.2.1\libgcc.a(ledf2.o)
 .debug_frame   0x00001df8       0x2c c:/program files (x86)/microchip/xc32/v2.30/bin/bin/../../lib/gcc/pic32c/6.2.1/../../../../pic32c/lib\libc.a(lib_a-init.o)
 .debug_frame   0x00001e24       0x20 c:/program files (x86)/microchip/xc32/v2.30/bin/bin/../../lib/gcc/pic32c/6.2.1/../../../../pic32c/lib\libc.a(lib_a-memset.o)

.stack          0x20000848      0x100
 .stack         0x20000848      0x100 stack

.bss.sercom3I2CObj%1
                0x200005e0       0x28
 .bss.sercom3I2CObj
                0x200005e0       0x28 build/default/production/_ext/1955509679/plib_sercom3_i2c.o

.bss%2          0x20000608       0x1c
 .bss           0x20000608       0x1c c:/program files (x86)/microchip/xc32/v2.30/bin/bin/../../lib/gcc/pic32c/6.2.1/crtbegin.o

.bss.gu32CriticalSectionCnt%3
                0x20000624        0x4
 .bss.gu32CriticalSectionCnt
                0x20000624        0x4 build/default/production/_ext/1671623073/Drivers.o

.bss.gu8MPQAlertPortMsk%4
                0x20000628        0x1
 .bss.gu8MPQAlertPortMsk
                0x20000628        0x1 build/default/production/_ext/1671623073/mpq_dc_dc_control.o
                0x20000628                gu8MPQAlertPortMsk

.eh_frame%z1    0x00000000        0x0
 .eh_frame      0x00000000        0x0 c:/program files (x86)/microchip/xc32/v2.30/bin/bin/../../lib/gcc/pic32c/6.2.1/crtbegin.o

.text.PE_SrcRunStateMachine%5
                0x000000c4      0x8e4
 .text.PE_SrcRunStateMachine
                0x000000c4      0x8e4 build/default/production/_ext/840851172/policy_engine_src.o
                0x000000c4                PE_SrcRunStateMachine

.text.TypeC_RunStateMachine%6
                0x000009a8      0x5ec
 .text.TypeC_RunStateMachine
                0x000009a8      0x5ec build/default/production/_ext/840851172/typeC_control.o
                0x000009a8                TypeC_RunStateMachine

.text%7         0x00000f94      0xf18
 .text          0x00000f94      0x5b0 c:/program files (x86)/microchip/xc32/v2.30/bin/bin/../../lib/gcc/pic32c/6.2.1\libgcc.a(subdf3.o)
                0x00000f94                __aeabi_dsub
 .text          0x00001544      0x544 c:/program files (x86)/microchip/xc32/v2.30/bin/bin/../../lib/gcc/pic32c/6.2.1\libgcc.a(divdf3.o)
                0x00001544                __aeabi_ddiv
 .text          0x00001a88      0x424 c:/program files (x86)/microchip/xc32/v2.30/bin/bin/../../lib/gcc/pic32c/6.2.1\libgcc.a(muldf3.o)
                0x00001a88                __aeabi_dmul

.text.PE_SnkRunStateMachine%10
                0x00001eac      0x3a8
 .text.PE_SnkRunStateMachine
                0x00001eac      0x3a8 build/default/production/_ext/840851172/policy_engine_snk.o
                0x00001eac                PE_SnkRunStateMachine

.text.TypeC_HandleISR%11
                0x00002254      0x31c
 .text.TypeC_HandleISR
                0x00002254      0x31c build/default/production/_ext/840851172/typeC_control.o
                0x00002254                TypeC_HandleISR

.text.PE_RunCommonStateMachine%12
                0x00002570      0x310
 .text.PE_RunCommonStateMachine
                0x00002570      0x310 build/default/production/_ext/840851172/policy_engine.o
                0x00002570                PE_RunCommonStateMachine

.text%13        0x00002880      0x2f4
 .text          0x00002880      0x2f4 c:/program files (x86)/microchip/xc32/v2.30/bin/bin/../../lib/gcc/pic32c/6.2.1\libgcc.a(subsf3.o)
                0x00002880                __aeabi_fsub

.text.TypeC_ConfigureVBUSThr%14
                0x00002b74      0x2d0
 .text.TypeC_ConfigureVBUSThr
                0x00002b74      0x2d0 build/default/production/_ext/840851172/typeC_control.o
                0x00002b74                TypeC_ConfigureVBUSThr

.text.PE_ReceiveMsgHandler%15
                0x00002e44      0x294
 .text.PE_ReceiveMsgHandler
                0x00002e44      0x294 build/default/production/_ext/840851172/policy_engine.o
                0x00002e44                PE_ReceiveMsgHandler

.text.TypeC_InitPort%16
                0x000030d8      0x26c
 .text.TypeC_InitPort
                0x000030d8      0x26c build/default/production/_ext/840851172/typeC_control.o
                0x000030d8                TypeC_InitPort

.text.PRL_ProcessRecvdMsg%17
                0x00003344      0x24c
 .text.PRL_ProcessRecvdMsg
                0x00003344      0x24c build/default/production/_ext/840851172/protocol_layer.o
                0x00003344                PRL_ProcessRecvdMsg

.text.DPM_PowerFaultHandler%18
                0x00003590      0x240
 .text.DPM_PowerFaultHandler
                0x00003590      0x240 build/default/production/_ext/840851172/policy_manager.o
                0x00003590                DPM_PowerFaultHandler

.text.PRL_TransmitMsg%19
                0x000037d0      0x1e4
 .text.PRL_TransmitMsg
                0x000037d0      0x1e4 build/default/production/_ext/840851172/protocol_layer.o
                0x000037d0                PRL_TransmitMsg

.text%20        0x000039b4      0x1d8
 .text          0x000039b4      0x1d8 c:/program files (x86)/microchip/xc32/v2.30/bin/bin/../../lib/gcc/pic32c/6.2.1\libgcc.a(mulsf3.o)
                0x000039b4                __aeabi_fmul

.text.PRL_Init%21
                0x00003b8c      0x1c0
 .text.PRL_Init
                0x00003b8c      0x1c0 build/default/production/_ext/840851172/protocol_layer.o
                0x00003b8c                PRL_Init

.text%22        0x00003d4c      0x1c0
 .text          0x00003d4c      0x1c0 c:/program files (x86)/microchip/xc32/v2.30/bin/bin/../../lib/gcc/pic32c/6.2.1\libgcc.a(divsf3.o)
                0x00003d4c                __aeabi_fdiv

.text.TypeC_EnabDisVCONN%23
                0x00003f0c      0x1b8
 .text.TypeC_EnabDisVCONN
                0x00003f0c      0x1b8 build/default/production/_ext/840851172/typeC_control.o
                0x00003f0c                TypeC_EnabDisVCONN

.text.DPM_Evaluate_Received_Src_caps%24
                0x000040c4      0x180
 .text.DPM_Evaluate_Received_Src_caps
                0x000040c4      0x180 build/default/production/_ext/840851172/policy_manager.o
                0x000040c4                DPM_Evaluate_Received_Src_caps

.text.PRL_RunChunkStateMachine%25
                0x00004244      0x168
 .text.PRL_RunChunkStateMachine
                0x00004244      0x168 build/default/production/_ext/840851172/protocol_layer.o
                0x00004244                PRL_RunChunkStateMachine

.text.PRL_HandleISR%26
                0x000043ac      0x15c
 .text.PRL_HandleISR
                0x000043ac      0x15c build/default/production/_ext/840851172/protocol_layer.o
                0x000043ac                PRL_HandleISR

.text.CFG_LoadDefaults%27
                0x00004508      0x138
 .text.CFG_LoadDefaults
                0x00004508      0x138 build/default/production/_ext/840851172/cfg_globals.o
                0x00004508                CFG_LoadDefaults

.text.SERCOM3_I2C_InterruptHandler%28
                0x00004640      0x124
 .text.SERCOM3_I2C_InterruptHandler
                0x00004640      0x124 build/default/production/_ext/1955509679/plib_sercom3_i2c.o
                0x00004640                SERCOM3_I2C_InterruptHandler

.text.PE_RunStateMachine%29
                0x00004764      0x120
 .text.PE_RunStateMachine
                0x00004764      0x120 build/default/production/_ext/840851172/policy_engine.o
                0x00004764                PE_RunStateMachine

.text.SERCOM0_SPI_WriteRead%30
                0x00004884      0x108
 .text.SERCOM0_SPI_WriteRead
                0x00004884      0x108 build/default/production/_ext/1955867357/plib_sercom0_spi.o
                0x00004884                SERCOM0_SPI_WriteRead

.text%31        0x0000498c      0x100
 .text          0x0000498c      0x100 c:/program files (x86)/microchip/xc32/v2.30/bin/bin/../../lib/gcc/pic32c/6.2.1\libgcc.a(truncdfsf2.o)
                0x0000498c                __aeabi_d2f

.text.DPM_ValidateRequest%32
                0x00004a8c       0xf8
 .text.DPM_ValidateRequest
                0x00004a8c       0xf8 build/default/production/_ext/840851172/policy_manager.o
                0x00004a8c                DPM_ValidateRequest

.text.PRL_BuildTxPacket%33
                0x00004b84       0xd4
 .text.PRL_BuildTxPacket
                0x00004b84       0xd4 build/default/production/_ext/840851172/protocol_layer.o
                0x00004b84                PRL_BuildTxPacket

.text.PRL_ReceiveMsg%34
                0x00004c58       0xd4
 .text.PRL_ReceiveMsg
                0x00004c58       0xd4 build/default/production/_ext/840851172/protocol_layer.o
                0x00004c58                PRL_ReceiveMsg

.text.CLOCK_Initialize%35
                0x00004d2c       0xd0
 .text.CLOCK_Initialize
                0x00004d2c       0xd0 build/default/production/_ext/1984496892/plib_clock.o
                0x00004d2c                CLOCK_Initialize

.text.UPD_CheckAndDisablePorts%36
                0x00004dfc       0xc4
 .text.UPD_CheckAndDisablePorts
                0x00004dfc       0xc4 build/default/production/_ext/840851172/upd_hw.o
                0x00004dfc                UPD_CheckAndDisablePorts

.text.MchpPSF_Init%37
                0x00004ec0       0xb4
 .text.MchpPSF_Init
                0x00004ec0       0xb4 build/default/production/_ext/840851172/pd_main.o
                0x00004ec0                MchpPSF_Init

.text.TypeC_SrcIntrHandler%38
                0x00004f74       0xb4
 .text.TypeC_SrcIntrHandler
                0x00004f74       0xb4 build/default/production/_ext/840851172/typeC_control.o
                0x00004f74                TypeC_SrcIntrHandler

.text%39        0x00005028      0x158
 .text          0x00005028       0xb0 c:/program files (x86)/microchip/xc32/v2.30/bin/bin/../../lib/gcc/pic32c/6.2.1\libgcc.a(ledf2.o)
                0x00005028                __ledf2
                0x00005028                __ltdf2
 .text          0x000050d8       0xa8 c:/program files (x86)/microchip/xc32/v2.30/bin/bin/../../lib/gcc/pic32c/6.2.1\libgcc.a(_divsi3.o)
                0x000050d8                __divsi3
                0x000050d8                __aeabi_idiv
                0x0000516c                __aeabi_idivmod

.text.EIC_Initialize%41
                0x00005180       0xa4
 .text.EIC_Initialize
                0x00005180       0xa4 build/default/production/_ext/60167341/plib_eic.o
                0x00005180                EIC_Initialize

.text.MPQDCDC_Initialize%42
                0x00005224       0xa0
 .text.MPQDCDC_Initialize
                0x00005224       0xa0 build/default/production/_ext/1671623073/mpq_dc_dc_control.o
                0x00005224                MPQDCDC_Initialize

.text%43        0x000052c4       0xa0
 .text          0x000052c4       0xa0 c:/program files (x86)/microchip/xc32/v2.30/bin/bin/../../lib/gcc/pic32c/6.2.1\libgcc.a(gedf2.o)
                0x000052c4                __gedf2
                0x000052c4                __gtdf2

.text.TypeC_CCVBUSIntrHandler%44
                0x00005364       0x9c
 .text.TypeC_CCVBUSIntrHandler
                0x00005364       0x9c build/default/production/_ext/840851172/typeC_control.o
                0x00005364                TypeC_CCVBUSIntrHandler

.text.DPM_CalculateAndSortPower%45
                0x00005400       0x98
 .text.DPM_CalculateAndSortPower
                0x00005400       0x98 build/default/production/_ext/840851172/policy_manager.o
                0x00005400                DPM_CalculateAndSortPower

.text%46        0x00005498       0x98
 .text          0x00005498       0x98 c:/program files (x86)/microchip/xc32/v2.30/bin/bin/../../lib/gcc/pic32c/6.2.1\libgcc.a(extendsfdf2.o)
                0x00005498                __aeabi_f2d

.text.TypeC_VCONN_ON_IntrHandler%47
                0x00005530       0x94
 .text.TypeC_VCONN_ON_IntrHandler
                0x00005530       0x94 build/default/production/_ext/840851172/typeC_control.o
                0x00005530                TypeC_VCONN_ON_IntrHandler

.text.__pic32c_data_initialization%48
                0x000055c4       0x90
 .text.__pic32c_data_initialization
                0x000055c4       0x90 c:/program files (x86)/microchip/xc32/v2.30/bin/bin/../../lib/gcc/pic32c/6.2.1/../../../../pic32c/lib\libpic32c.a(data_init.o)
                0x000055c4                __pic32c_data_initialization

.text.PRL_IncrementMsgID%49
                0x00005654       0x8c
 .text.PRL_IncrementMsgID
                0x00005654       0x8c build/default/production/_ext/840851172/protocol_layer.o
                0x00005654                PRL_IncrementMsgID

.text.TypeC_SetRpCollAvoidance%50
                0x000056e0       0x8c
 .text.TypeC_SetRpCollAvoidance
                0x000056e0       0x8c build/default/production/_ext/840851172/typeC_control.o
                0x000056e0                TypeC_SetRpCollAvoidance

.text.UPDIntr_AlertHandler%51
                0x0000576c       0x8c
 .text.UPDIntr_AlertHandler
                0x0000576c       0x8c build/default/production/_ext/840851172/upd_interrupts.o
                0x0000576c                UPDIntr_AlertHandler

.text%52        0x000057f8       0x8c
 .text          0x000057f8       0x8c c:/program files (x86)/microchip/xc32/v2.30/bin/bin/../../lib/gcc/pic32c/6.2.1\libgcc.a(_udivsi3.o)
                0x000057f8                __aeabi_uidiv
                0x000057f8                __udivsi3
                0x00005870                __aeabi_uidivmod

.text.DPM_VCONNONTimerErrorCB%53
                0x00005884       0x88
 .text.DPM_VCONNONTimerErrorCB
                0x00005884       0x88 build/default/production/_ext/840851172/policy_manager.o
                0x00005884                DPM_VCONNONTimerErrorCB

.text.DPM_HandleClientRequest%54
                0x0000590c       0x88
 .text.DPM_HandleClientRequest
                0x0000590c       0x88 build/default/production/_ext/840851172/policy_manager.o
                0x0000590c                DPM_HandleClientRequest

.text.PRL_TCHChunkSMStateChange_TCHCB%55
                0x00005994       0x88
 .text.PRL_TCHChunkSMStateChange_TCHCB
                0x00005994       0x88 build/default/production/_ext/840851172/protocol_layer.o
                0x00005994                PRL_TCHChunkSMStateChange_TCHCB

.text.DPM_Get_Source_Capabilities%56
                0x00005a1c       0x84
 .text.DPM_Get_Source_Capabilities
                0x00005a1c       0x84 build/default/production/_ext/840851172/policy_manager.o
                0x00005a1c                DPM_Get_Source_Capabilities

.text.TypeC_SetCCSampleEnable%57
                0x00005aa0       0x84
 .text.TypeC_SetCCSampleEnable
                0x00005aa0       0x84 build/default/production/_ext/840851172/typeC_control.o
                0x00005aa0                TypeC_SetCCSampleEnable

.text.UPD_PIOHandleISR%58
                0x00005b24       0x84
 .text.UPD_PIOHandleISR
                0x00005b24       0x84 build/default/production/_ext/840851172/upd_hw.o
                0x00005b24                UPD_PIOHandleISR

.text.UPD_ConfigPwrFaultPIOOvverride%59
                0x00005ba8       0x84
 .text.UPD_ConfigPwrFaultPIOOvverride
                0x00005ba8       0x84 build/default/production/_ext/840851172/upd_hw.o
                0x00005ba8                UPD_ConfigPwrFaultPIOOvverride

.text%60        0x00005c2c       0x84
 .text          0x00005c2c       0x84 c:/program files (x86)/microchip/xc32/v2.30/bin/bin/../../lib/gcc/pic32c/6.2.1\libgcc.a(floatsisf.o)
                0x00005c2c                __aeabi_i2f

.text.TypeC_VCONNONErrorTimerCB%61
                0x00005cb0       0x80
 .text.TypeC_VCONNONErrorTimerCB
                0x00005cb0       0x80 build/default/production/_ext/840851172/typeC_control.o
                0x00005cb0                TypeC_VCONNONErrorTimerCB

.text.PDTimer_KillPortTimers%62
                0x00005d30       0x7c
 .text.PDTimer_KillPortTimers
                0x00005d30       0x7c build/default/production/_ext/840851172/pd_timer.o
                0x00005d30                PDTimer_KillPortTimers

.text.PE_IsMsgUnsupported%63
                0x00005dac       0x7c
 .text.PE_IsMsgUnsupported
                0x00005dac       0x7c build/default/production/_ext/840851172/policy_engine.o
                0x00005dac                PE_IsMsgUnsupported

.text.TypeC_SnkIntrHandler%64
                0x00005e28       0x7c
 .text.TypeC_SnkIntrHandler
                0x00005e28       0x7c build/default/production/_ext/840851172/typeC_control.o
                0x00005e28                TypeC_SnkIntrHandler

.text%65        0x00005ea4      0x16a